{
  "case": "syn4_bump",
  "mode": "thermal",
  "base_seed": 1,
  "status": "completed",
  "error": null,
  "legal_found": false,
  "num_legal": 0,
  "num_illegal": 1,
  "attempts": 1,
  "best_hpwl": 69641412.41843939,
  "twl_m": 69.64141241843939,
  "best_seed": 1,
  "best_legal": false,
  "best_overlaps": 3,
  "best_legalize_method": "milp",
  "best_legalize_s": 0.8348150253295898,
  "total_legalize_s": 0.8348150253295898,
  "runtime_s": 2187.318170785904,
  "attempt_log": [
    {
      "seed": 1,
      "iterations": 100,
      "overlaps": 3,
      "overlaps_raw": 0,
      "hpwl": 69641412.41843939,
      "hpwl_raw": 69641440.0,
      "run_s": 2179.3208117485046,
      "legal": false,
      "legalize_method": "milp",
      "legalize_s": 0.8348150253295898,
      "layout_dir": "/root/placement/flow_tap/baseline/ATPlace_pub/result_wlsweep/syn4_bump/wl17/seed1"
    }
  ],
  "layout_json": "/root/placement/flow_tap/baseline/ATPlace_pub/result_wlsweep/syn4_bump/wl17/layout.json",
  "layout_png": "/root/placement/flow_tap/baseline/ATPlace_pub/result_wlsweep/syn4_bump/wl17/layout.png",
  "layout_chiplets": 13,
  "visualized": true
}
