{
  "case": "hp11_m_bump",
  "mode": "thermal",
  "base_seed": 4,
  "status": "completed",
  "error": null,
  "legal_found": true,
  "num_legal": 1,
  "num_illegal": 0,
  "attempts": 1,
  "best_hpwl": 98154410.56439936,
  "twl_m": 98.15441056439936,
  "best_seed": 4,
  "best_legal": true,
  "best_overlaps": 0,
  "best_legalize_method": "milp",
  "best_legalize_s": 0.01851630210876465,
  "total_legalize_s": 0.01851630210876465,
  "runtime_s": 376.97257685661316,
  "attempt_log": [
    {
      "seed": 4,
      "iterations": 100,
      "overlaps": 0,
      "overlaps_raw": 0,
      "hpwl": 98154410.56439936,
      "hpwl_raw": 98154096.0,
      "run_s": 376.20409774780273,
      "legal": true,
      "legalize_method": "milp",
      "legalize_s": 0.01851630210876465,
      "layout_dir": "/root/placement/flow_tap/baseline/ATPlace_pub/result_0wl/hp11_m_bump/seed4"
    }
  ],
  "layout_json": "/root/placement/flow_tap/baseline/ATPlace_pub/result_0wl/hp11_m_bump/layout.json",
  "layout_png": "/root/placement/flow_tap/baseline/ATPlace_pub/result_0wl/hp11_m_bump/layout.png",
  "layout_chiplets": 11,
  "visualized": true
}
