{
  "case": "hp11_m_bump",
  "mode": "thermal",
  "base_seed": 2,
  "status": "completed",
  "error": null,
  "legal_found": true,
  "num_legal": 1,
  "num_illegal": 0,
  "attempts": 1,
  "best_hpwl": 79902714.6281172,
  "twl_m": 79.90271462811721,
  "best_seed": 2,
  "best_legal": true,
  "best_overlaps": 0,
  "best_legalize_method": "milp",
  "best_legalize_s": 0.018839359283447266,
  "total_legalize_s": 0.018839359283447266,
  "runtime_s": 383.9955666065216,
  "attempt_log": [
    {
      "seed": 2,
      "iterations": 100,
      "overlaps": 0,
      "overlaps_raw": 0,
      "hpwl": 79902714.6281172,
      "hpwl_raw": 79902648.0,
      "run_s": 383.20743060112,
      "legal": true,
      "legalize_method": "milp",
      "legalize_s": 0.018839359283447266,
      "layout_dir": "/root/placement/flow_tap/baseline/ATPlace_pub/result_0wl/hp11_m_bump/seed2"
    }
  ],
  "layout_json": "/root/placement/flow_tap/baseline/ATPlace_pub/result_0wl/hp11_m_bump/layout.json",
  "layout_png": "/root/placement/flow_tap/baseline/ATPlace_pub/result_0wl/hp11_m_bump/layout.png",
  "layout_chiplets": 11,
  "visualized": true
}
