{
  "case": "hp11_m_bump",
  "mode": "thermal",
  "base_seed": 5,
  "status": "completed",
  "error": null,
  "legal_found": true,
  "num_legal": 1,
  "num_illegal": 0,
  "attempts": 1,
  "best_hpwl": 74732214.74392664,
  "twl_m": 74.73221474392665,
  "best_seed": 5,
  "best_legal": true,
  "best_overlaps": 0,
  "best_legalize_method": "milp",
  "best_legalize_s": 0.01897120475769043,
  "total_legalize_s": 0.01897120475769043,
  "runtime_s": 394.79293608665466,
  "attempt_log": [
    {
      "seed": 5,
      "iterations": 100,
      "overlaps": 0,
      "overlaps_raw": 0,
      "hpwl": 74732214.74392664,
      "hpwl_raw": 74732088.0,
      "run_s": 394.0327112674713,
      "legal": true,
      "legalize_method": "milp",
      "legalize_s": 0.01897120475769043,
      "layout_dir": "/root/placement/flow_tap/baseline/ATPlace_pub/result_0wl/hp11_m_bump/seed5"
    }
  ],
  "layout_json": "/root/placement/flow_tap/baseline/ATPlace_pub/result_0wl/hp11_m_bump/layout.json",
  "layout_png": "/root/placement/flow_tap/baseline/ATPlace_pub/result_0wl/hp11_m_bump/layout.png",
  "layout_chiplets": 11,
  "visualized": true
}
