command: /root/anaconda3/envs/chipdiffusion/bin/python /root/placement/flow_tap/baseline/RL/train.py --json /root/placement/flow_tap/baseline/RL/examples/Case8.json --name Case8_seed5 --runs-dir /root/placement/flow_tap/baseline/RL/runs/shard1 --seed 5 --time_limit_seconds 3600.0 --max_width 23.677382 --max_height 23.677382 --thermal_intp_size 23.677382 --footprint_mode json_first --save_checkpoint --log_interval 1 --force_thermal_tables
started_at: 2026-09-12T13:54:16

使用设备: cuda
Run name: Case8_seed5
Run directory: /root/placement/flow_tap/baseline/RL/runs/shard1/Case8_seed5
Training log: /root/placement/flow_tap/baseline/RL/runs/shard1/Case8_seed5/train.log

生成/检查 fastTM 热阻表...
  热阻表阶段状态: ok
  热阻表阶段耗时: 75.632s
  热阻表日志: /root/placement/flow_tap/baseline/RL/runs/shard1/Case8_seed5/thermal_tables.log
======================================================================
PPO训练 - 芯片布局优化
======================================================================

环境信息:
  芯片数量: 36
  放置顺序: ['CPU1_6', 'CPU1_7', 'CPU1_0', 'CPU1_1', 'CPU1_2', 'CPU1_3', 'CPU1_4', 'CPU1_5', 'CPU1_8', 'CPU1_9', 'CPU1_10', 'CPU1_11', 'Analog_0', 'Analog_1', 'Analog_2', 'Analog_3', 'Analog_4', 'Analog_5', 'Analog_6', 'Analog_7', 'Analog_8', 'Analog_9', 'Analog_10', 'Analog_11', 'Analog_12', 'Analog_13', 'Analog_14', 'Analog_15', 'Analog_16', 'Analog_17', 'Analog_18', 'Analog_19', 'Analog_20', 'Analog_21', 'Analog_22', 'Analog_23']
  观察维度: 10
  动作维度: 70000
  rollout batch: 480 transitions
  minibatches: 4
  PPO update epochs: 4
  随机种子: 5
  剩余总时间预算: 3524.4s

开始训练...
----------------------------------------------------------------------
BEST_COST_LAYOUT
  epoch: 1/600, rollout: 1
  rlplanner_cost: 14.5264
  reward: 50.3202
  温度: 81.1030
  CPLEX平均线长: 13.6735
BEST_LAYOUT
  epoch: 1/600, rollout: 1
  reward: 50.3202
  温度: 81.1030
  CPLEX平均线长: 13.6735
BEST_COST_LAYOUT
  epoch: 1/600, rollout: 2
  rlplanner_cost: 12.8330
  reward: 51.6009
  温度: 81.2732
  CPLEX平均线长: 11.7635
BEST_LAYOUT
  epoch: 1/600, rollout: 2
  reward: 51.6009
  温度: 81.2732
  CPLEX平均线长: 11.7635
BEST_LAYOUT
  epoch: 1/600, rollout: 4
  reward: 52.0348
  温度: 80.1619
  CPLEX平均线长: 12.8612
Epoch 1/600
  rollouts: 14, samples: 504
  平均奖励: 50.3026, 成功率: 100.0%
  optimizer steps: 16, KL: 0.000433
  累计RL时间: 242.99s
BEST_LAYOUT
  epoch: 2/600, rollout: 16
  reward: 52.2415
  温度: 80.1613
  CPLEX平均线长: 13.3230
BEST_COST_LAYOUT
  epoch: 2/600, rollout: 17
  rlplanner_cost: 12.2928
  reward: 52.9209
  温度: 79.7922
  CPLEX平均线长: 12.2928
BEST_LAYOUT
  epoch: 2/600, rollout: 17
  reward: 52.9209
  温度: 79.7922
  CPLEX平均线长: 12.2928
BEST_COST_LAYOUT
  epoch: 2/600, rollout: 23
  rlplanner_cost: 11.4348
  reward: 53.2005
  温度: 79.4276
  CPLEX平均线长: 11.4348
BEST_LAYOUT
  epoch: 2/600, rollout: 23
  reward: 53.2005
  温度: 79.4276
  CPLEX平均线长: 11.4348
Epoch 2/600
  rollouts: 14, samples: 504
  平均奖励: 50.3759, 成功率: 100.0%
  optimizer steps: 16, KL: 0.001397
  累计RL时间: 488.73s
Epoch 3/600
  rollouts: 14, samples: 504
  平均奖励: 50.3555, 成功率: 100.0%
  optimizer steps: 16, KL: 0.003568
  累计RL时间: 728.99s
Epoch 4/600
  rollouts: 14, samples: 504
  平均奖励: 49.8187, 成功率: 100.0%
  optimizer steps: 16, KL: 0.005493
  累计RL时间: 967.22s
Epoch 5/600
  rollouts: 14, samples: 504
  平均奖励: 50.2812, 成功率: 100.0%
  optimizer steps: 14, KL: 0.005052
  累计RL时间: 1202.60s
Epoch 6/600
  rollouts: 14, samples: 504
  平均奖励: 50.3464, 成功率: 100.0%
  optimizer steps: 11, KL: 0.005043
  累计RL时间: 1433.47s
Epoch 7/600
  rollouts: 14, samples: 504
  平均奖励: 49.8062, 成功率: 100.0%
  optimizer steps: 12, KL: 0.006643
  累计RL时间: 1665.93s
Epoch 8/600
  rollouts: 14, samples: 504
  平均奖励: 50.2281, 成功率: 100.0%
  optimizer steps: 11, KL: 0.005716
  累计RL时间: 1900.65s
Epoch 9/600
  rollouts: 14, samples: 504
  平均奖励: 49.6351, 成功率: 100.0%
  optimizer steps: 10, KL: 0.005025
  累计RL时间: 2135.10s
Epoch 10/600
  rollouts: 14, samples: 504
  平均奖励: 49.4463, 成功率: 100.0%
  optimizer steps: 10, KL: 0.004877
  累计RL时间: 2371.48s
Epoch 11/600
  rollouts: 14, samples: 504
  平均奖励: 50.7993, 成功率: 100.0%
  optimizer steps: 11, KL: 0.005838
  累计RL时间: 2606.18s
Epoch 12/600
  rollouts: 14, samples: 504
  平均奖励: 50.8964, 成功率: 100.0%
  optimizer steps: 11, KL: 0.005719
  累计RL时间: 2837.71s
BEST_COST_LAYOUT
  epoch: 13/600, rollout: 172
  rlplanner_cost: 10.6362
  reward: 54.3493
  温度: 79.9661
  CPLEX平均线长: 10.6362
BEST_LAYOUT
  epoch: 13/600, rollout: 172
  reward: 54.3493
  温度: 79.9661
  CPLEX平均线长: 10.6362
Epoch 13/600
  rollouts: 14, samples: 504
  平均奖励: 50.2072, 成功率: 100.0%
  optimizer steps: 10, KL: 0.004924
  累计RL时间: 3073.29s
Epoch 14/600
  rollouts: 14, samples: 504
  平均奖励: 50.2185, 成功率: 100.0%
  optimizer steps: 10, KL: 0.005959
  累计RL时间: 3309.18s
Epoch 15/600
  rollouts: 12, samples: 432
  平均奖励: 50.1564, 成功率: 100.0%
  optimizer steps: 10, KL: 0.005227
  累计RL时间: 3508.85s
模型已保存到 /root/placement/flow_tap/baseline/RL/runs/shard1/Case8_seed5/checkpoints/ppo_best.pt
模型已保存到 /root/placement/flow_tap/baseline/RL/runs/shard1/Case8_seed5/checkpoints/ppo_best_cost.pt

======================================================================
训练完成！
  请求epochs: 600
  完整epochs: 14
  已执行epoch轮次: 15
  总rollouts: 208
  总transitions: 7488
  最终成功率: 100.0%
  最近平均奖励: 50.1916
  optimizer steps: 184
  终止原因: time_limit
======================================================================

运行时间统计:
  热阻表: 75.632s
  RL求解: 3509.166s
  总时间: 3584.798s
  best layout发现时间: 2026-09-12T14:46:19
  best layout累计RL时间: 2903.730s
  best layout累计总时间: 2979.362s

Model saved to /root/placement/flow_tap/baseline/RL/runs/shard1/Case8_seed5/checkpoints/ppo_best.pt
