command: /root/anaconda3/envs/chipdiffusion/bin/python /root/placement/flow_tap/baseline/RL/train.py --json /root/placement/flow_tap/baseline/RL/examples/Case7.json --name Case7_seed1 --runs-dir /root/placement/flow_tap/baseline/RL/runs/shard1 --seed 1 --time_limit_seconds 3600.0 --max_width 27.549672 --max_height 27.549672 --thermal_intp_size 27.549672 --footprint_mode json_first --save_checkpoint --log_interval 1 --force_thermal_tables
started_at: 2026-09-12T04:37:19

使用设备: cuda
Run name: Case7_seed1
Run directory: /root/placement/flow_tap/baseline/RL/runs/shard1/Case7_seed1
Training log: /root/placement/flow_tap/baseline/RL/runs/shard1/Case7_seed1/train.log

生成/检查 fastTM 热阻表...
  热阻表阶段状态: ok
  热阻表阶段耗时: 167.548s
  热阻表日志: /root/placement/flow_tap/baseline/RL/runs/shard1/Case7_seed1/thermal_tables.log
======================================================================
PPO训练 - 芯片布局优化
======================================================================

环境信息:
  芯片数量: 28
  放置顺序: ['CPU2_0', 'CPU2_1', 'DRAM_0', 'DRAM_1', 'CPU1_0', 'CPU1_1', 'CPU1_2', 'CPU1_3', 'CPU1_4', 'CPU1_5', 'CPU1_6', 'CPU1_7', 'Analog_0', 'Analog_1', 'Analog_2', 'Analog_3', 'Analog_4', 'Analog_5', 'Analog_6', 'Analog_7', 'MEMS_0', 'MEMS_1', 'MEMS_2', 'MEMS_3', 'MEMS_4', 'MEMS_5', 'MEMS_6', 'MEMS_7']
  观察维度: 10
  动作维度: 70000
  rollout batch: 480 transitions
  minibatches: 4
  PPO update epochs: 4
  随机种子: 1
  剩余总时间预算: 3432.5s

开始训练...
----------------------------------------------------------------------
BEST_COST_LAYOUT
  epoch: 1/600, rollout: 1
  rlplanner_cost: 16.0330
  reward: 41.6312
  温度: 77.7976
  CPLEX平均线长: 16.0330
BEST_LAYOUT
  epoch: 1/600, rollout: 1
  reward: 41.6312
  温度: 77.7976
  CPLEX平均线长: 16.0330
BEST_COST_LAYOUT
  epoch: 1/600, rollout: 2
  rlplanner_cost: 13.1622
  reward: 43.2080
  温度: 79.2310
  CPLEX平均线长: 13.1622
BEST_LAYOUT
  epoch: 1/600, rollout: 2
  reward: 43.2080
  温度: 79.2310
  CPLEX平均线长: 13.1622
BEST_COST_LAYOUT
  epoch: 1/600, rollout: 3
  rlplanner_cost: 13.0685
  reward: 42.9183
  温度: 80.3405
  CPLEX平均线长: 12.9245
Epoch 1/600
  rollouts: 18, samples: 504
  平均奖励: 40.2510, 成功率: 100.0%
  optimizer steps: 16, KL: 0.000336
  累计RL时间: 161.46s
BEST_COST_LAYOUT
  epoch: 2/600, rollout: 19
  rlplanner_cost: 10.8384
  reward: 44.9075
  温度: 79.9213
  CPLEX平均线长: 10.8384
BEST_LAYOUT
  epoch: 2/600, rollout: 19
  reward: 44.9075
  温度: 79.9213
  CPLEX平均线长: 10.8384
Epoch 2/600
  rollouts: 18, samples: 504
  平均奖励: 40.6760, 成功率: 100.0%
  optimizer steps: 16, KL: 0.001344
  累计RL时间: 321.51s
Epoch 3/600
  rollouts: 18, samples: 504
  平均奖励: 40.4426, 成功率: 100.0%
  optimizer steps: 16, KL: 0.003185
  累计RL时间: 481.52s
Epoch 4/600
  rollouts: 18, samples: 504
  平均奖励: 40.0557, 成功率: 100.0%
  optimizer steps: 15, KL: 0.005374
  累计RL时间: 641.19s
Epoch 5/600
  rollouts: 18, samples: 504
  平均奖励: 39.5315, 成功率: 100.0%
  optimizer steps: 13, KL: 0.006314
  累计RL时间: 800.39s
Epoch 6/600
  rollouts: 18, samples: 504
  平均奖励: 39.6841, 成功率: 100.0%
  optimizer steps: 11, KL: 0.005309
  累计RL时间: 960.78s
Epoch 7/600
  rollouts: 18, samples: 504
  平均奖励: 40.1924, 成功率: 100.0%
  optimizer steps: 11, KL: 0.006584
  累计RL时间: 1120.78s
BEST_LAYOUT
  epoch: 8/600, rollout: 144
  reward: 45.1011
  温度: 78.8905
  CPLEX平均线长: 11.1229
Epoch 8/600
  rollouts: 18, samples: 504
  平均奖励: 40.4955, 成功率: 100.0%
  optimizer steps: 11, KL: 0.005871
  累计RL时间: 1280.88s
Epoch 9/600
  rollouts: 18, samples: 504
  平均奖励: 40.0619, 成功率: 100.0%
  optimizer steps: 11, KL: 0.006637
  累计RL时间: 1441.58s
Epoch 10/600
  rollouts: 18, samples: 504
  平均奖励: 39.5886, 成功率: 100.0%
  optimizer steps: 9, KL: 0.005173
  累计RL时间: 1601.08s
Epoch 11/600
  rollouts: 18, samples: 504
  平均奖励: 40.1863, 成功率: 100.0%
  optimizer steps: 8, KL: 0.004571
  累计RL时间: 1762.25s
Epoch 12/600
  rollouts: 18, samples: 504
  平均奖励: 39.6823, 成功率: 100.0%
  optimizer steps: 11, KL: 0.006403
  累计RL时间: 1920.90s
Epoch 13/600
  rollouts: 18, samples: 504
  平均奖励: 40.0321, 成功率: 100.0%
  optimizer steps: 10, KL: 0.005531
  累计RL时间: 2080.19s
Epoch 14/600
  rollouts: 18, samples: 504
  平均奖励: 40.1018, 成功率: 100.0%
  optimizer steps: 11, KL: 0.007372
  累计RL时间: 2238.90s
Epoch 15/600
  rollouts: 18, samples: 504
  平均奖励: 39.3018, 成功率: 100.0%
  optimizer steps: 10, KL: 0.004692
  累计RL时间: 2397.52s
Epoch 16/600
  rollouts: 18, samples: 504
  平均奖励: 39.9931, 成功率: 100.0%
  optimizer steps: 11, KL: 0.006022
  累计RL时间: 2558.19s
Epoch 17/600
  rollouts: 18, samples: 504
  平均奖励: 39.8147, 成功率: 100.0%
  optimizer steps: 11, KL: 0.006698
  累计RL时间: 2718.94s
Epoch 18/600
  rollouts: 18, samples: 504
  平均奖励: 40.0589, 成功率: 100.0%
  optimizer steps: 11, KL: 0.006791
  累计RL时间: 2878.40s
Epoch 19/600
  rollouts: 18, samples: 504
  平均奖励: 40.1997, 成功率: 100.0%
  optimizer steps: 11, KL: 0.005409
  累计RL时间: 3038.46s
Epoch 20/600
  rollouts: 18, samples: 504
  平均奖励: 40.2608, 成功率: 100.0%
  optimizer steps: 11, KL: 0.005742
  累计RL时间: 3197.69s
Epoch 21/600
  rollouts: 18, samples: 504
  平均奖励: 39.5892, 成功率: 100.0%
  optimizer steps: 11, KL: 0.005231
  累计RL时间: 3357.22s
Epoch 22/600
  rollouts: 6, samples: 168
  平均奖励: 40.4262, 成功率: 100.0%
  optimizer steps: 8, KL: 0.004187
  累计RL时间: 3410.42s
模型已保存到 /root/placement/flow_tap/baseline/RL/runs/shard1/Case7_seed1/checkpoints/ppo_best.pt
模型已保存到 /root/placement/flow_tap/baseline/RL/runs/shard1/Case7_seed1/checkpoints/ppo_best_cost.pt

======================================================================
训练完成！
  请求epochs: 600
  完整epochs: 21
  已执行epoch轮次: 22
  总rollouts: 384
  总transitions: 10752
  最终成功率: 100.0%
  最近平均奖励: 40.0285
  optimizer steps: 253
  终止原因: time_limit
======================================================================

运行时间统计:
  热阻表: 167.548s
  RL求解: 3410.740s
  总时间: 3578.288s
  best layout发现时间: 2026-09-12T05:02:05
  best layout累计RL时间: 1280.144s
  best layout累计总时间: 1447.693s

Model saved to /root/placement/flow_tap/baseline/RL/runs/shard1/Case7_seed1/checkpoints/ppo_best.pt
