{
  "case": "syn4_bump",
  "mode": "thermal",
  "base_seed": 1,
  "status": "completed",
  "error": null,
  "legal_found": true,
  "num_legal": 1,
  "num_illegal": 0,
  "attempts": 1,
  "best_hpwl": 66202636.607126,
  "twl_m": 66.202636607126,
  "best_seed": 1,
  "best_legal": true,
  "best_overlaps": 0,
  "best_legalize_method": "milp",
  "best_legalize_s": 0.04454374313354492,
  "total_legalize_s": 0.04454374313354492,
  "runtime_s": 502.1602120399475,
  "attempt_log": [
    {
      "seed": 1,
      "iterations": 100,
      "overlaps": 0,
      "overlaps_raw": 0,
      "hpwl": 66202636.607126,
      "hpwl_raw": 66202588.0,
      "run_s": 501.31693959236145,
      "legal": true,
      "legalize_method": "milp",
      "legalize_s": 0.04454374313354492,
      "layout_dir": "/root/placement/ATPlace_pub/result/syn4_bump/seed1"
    }
  ],
  "layout_json": "/root/placement/ATPlace_pub/result/syn4_bump/layout.json",
  "layout_png": "/root/placement/ATPlace_pub/result/syn4_bump/layout.png",
  "layout_chiplets": 13,
  "visualized": true
}
