{
  "case": "syn4_bump",
  "mode": "thermal",
  "base_seed": 2,
  "status": "completed",
  "error": null,
  "legal_found": true,
  "num_legal": 1,
  "num_illegal": 0,
  "attempts": 1,
  "best_hpwl": 72794443.85617805,
  "twl_m": 72.79444385617805,
  "best_seed": 2,
  "best_legal": true,
  "best_overlaps": 0,
  "best_legalize_method": "milp",
  "best_legalize_s": 0.017968416213989258,
  "total_legalize_s": 0.017968416213989258,
  "runtime_s": 631.7256236076355,
  "attempt_log": [
    {
      "seed": 2,
      "iterations": 100,
      "overlaps": 0,
      "overlaps_raw": 0,
      "hpwl": 72794443.85617805,
      "hpwl_raw": 72794344.0,
      "run_s": 630.9008092880249,
      "legal": true,
      "legalize_method": "milp",
      "legalize_s": 0.017968416213989258,
      "layout_dir": "/root/placement/ATPlace_pub/result/syn4_bump/seed2"
    }
  ],
  "layout_json": "/root/placement/ATPlace_pub/result/syn4_bump/layout.json",
  "layout_png": "/root/placement/ATPlace_pub/result/syn4_bump/layout.png",
  "layout_chiplets": 13,
  "visualized": true
}
