{
  "case": "syn4_bump",
  "mode": "thermal",
  "base_seed": 4,
  "status": "completed",
  "error": null,
  "legal_found": true,
  "num_legal": 1,
  "num_illegal": 0,
  "attempts": 1,
  "best_hpwl": 83816273.09050584,
  "twl_m": 83.81627309050585,
  "best_seed": 4,
  "best_legal": true,
  "best_overlaps": 0,
  "best_legalize_method": "milp",
  "best_legalize_s": 0.012640237808227539,
  "total_legalize_s": 0.012640237808227539,
  "runtime_s": 555.5578162670135,
  "attempt_log": [
    {
      "seed": 4,
      "iterations": 100,
      "overlaps": 0,
      "overlaps_raw": 0,
      "hpwl": 83816273.09050584,
      "hpwl_raw": 83816360.0,
      "run_s": 554.691605091095,
      "legal": true,
      "legalize_method": "milp",
      "legalize_s": 0.012640237808227539,
      "layout_dir": "/root/placement/ATPlace_pub/result/syn4_bump/seed4"
    }
  ],
  "layout_json": "/root/placement/ATPlace_pub/result/syn4_bump/layout.json",
  "layout_png": "/root/placement/ATPlace_pub/result/syn4_bump/layout.png",
  "layout_chiplets": 13,
  "visualized": true
}
