{
  "case": "acend910_bump",
  "mode": "thermal",
  "base_seed": 1,
  "status": "completed",
  "error": null,
  "legal_found": true,
  "num_legal": 1,
  "num_illegal": 0,
  "attempts": 1,
  "best_hpwl": 35471913.897527695,
  "twl_m": 35.47191389752769,
  "best_seed": 1,
  "best_legal": true,
  "best_overlaps": 0,
  "best_legalize_method": "milp",
  "best_legalize_s": 0.017750263214111328,
  "total_legalize_s": 0.017750263214111328,
  "runtime_s": 525.0561201572418,
  "attempt_log": [
    {
      "seed": 1,
      "iterations": 100,
      "overlaps": 0,
      "overlaps_raw": 0,
      "hpwl": 35471913.897527695,
      "hpwl_raw": 35471920.0,
      "run_s": 524.2949674129486,
      "legal": true,
      "legalize_method": "milp",
      "legalize_s": 0.017750263214111328,
      "layout_dir": "/root/placement/flow_tap/baseline/ATPlace_pub/result_wlsweep/acend910_bump/wl22/seed1"
    }
  ],
  "layout_json": "/root/placement/flow_tap/baseline/ATPlace_pub/result_wlsweep/acend910_bump/wl22/layout.json",
  "layout_png": "/root/placement/flow_tap/baseline/ATPlace_pub/result_wlsweep/acend910_bump/wl22/layout.png",
  "layout_chiplets": 6,
  "visualized": true
}
