{
  "case": "multigpu_bump",
  "mode": "thermal",
  "base_seed": 1,
  "status": "completed",
  "error": null,
  "legal_found": true,
  "num_legal": 1,
  "num_illegal": 0,
  "attempts": 1,
  "best_hpwl": 72521647.78907013,
  "twl_m": 72.52164778907013,
  "best_seed": 1,
  "best_legal": true,
  "best_overlaps": 0,
  "best_legalize_method": "milp",
  "best_legalize_s": 0.01079249382019043,
  "total_legalize_s": 0.01079249382019043,
  "runtime_s": 488.0533707141876,
  "attempt_log": [
    {
      "seed": 1,
      "iterations": 100,
      "overlaps": 0,
      "overlaps_raw": 0,
      "hpwl": 72521647.78907013,
      "hpwl_raw": 72521328.0,
      "run_s": 487.1592240333557,
      "legal": true,
      "legalize_method": "milp",
      "legalize_s": 0.01079249382019043,
      "layout_dir": "/root/placement/flow_tap/baseline/ATPlace_pub/result_wlsweep/multigpu_bump/wl12/seed1"
    }
  ],
  "layout_json": "/root/placement/flow_tap/baseline/ATPlace_pub/result_wlsweep/multigpu_bump/wl12/layout.json",
  "layout_png": "/root/placement/flow_tap/baseline/ATPlace_pub/result_wlsweep/multigpu_bump/wl12/layout.png",
  "layout_chiplets": 6,
  "visualized": true
}
