{
  "case": "hp11_m_bump",
  "mode": "thermal",
  "base_seed": 1,
  "status": "completed",
  "error": null,
  "legal_found": false,
  "num_legal": 0,
  "num_illegal": 1,
  "attempts": 1,
  "best_hpwl": 83629779.68793344,
  "twl_m": 83.62977968793345,
  "best_seed": 1,
  "best_legal": false,
  "best_overlaps": 1,
  "best_legalize_method": "milp",
  "best_legalize_s": 0.2098240852355957,
  "total_legalize_s": 0.2098240852355957,
  "runtime_s": 1138.814472913742,
  "attempt_log": [
    {
      "seed": 1,
      "iterations": 100,
      "overlaps": 1,
      "overlaps_raw": 0,
      "hpwl": 83629779.68793344,
      "hpwl_raw": 83629784.0,
      "run_s": 1133.0600357055664,
      "legal": false,
      "legalize_method": "milp",
      "legalize_s": 0.2098240852355957,
      "layout_dir": "/root/placement/flow_tap/baseline/ATPlace_pub/result_wlsweep/hp11_m_bump/wl38/seed1"
    }
  ],
  "layout_json": "/root/placement/flow_tap/baseline/ATPlace_pub/result_wlsweep/hp11_m_bump/wl38/layout.json",
  "layout_png": "/root/placement/flow_tap/baseline/ATPlace_pub/result_wlsweep/hp11_m_bump/wl38/layout.png",
  "layout_chiplets": 11,
  "visualized": true
}
