{
  "case": "acend910_bump",
  "mode": "thermal",
  "base_seed": 1,
  "status": "completed",
  "error": null,
  "legal_found": true,
  "num_legal": 1,
  "num_illegal": 0,
  "attempts": 1,
  "best_hpwl": 35074802.79525185,
  "twl_m": 35.07480279525185,
  "best_seed": 1,
  "best_legal": true,
  "best_overlaps": 0,
  "best_legalize_method": "milp",
  "best_legalize_s": 0.0075206756591796875,
  "total_legalize_s": 0.0075206756591796875,
  "runtime_s": 551.5436215400696,
  "attempt_log": [
    {
      "seed": 1,
      "iterations": 100,
      "overlaps": 0,
      "overlaps_raw": 0,
      "hpwl": 35074802.79525185,
      "hpwl_raw": 35074832.0,
      "run_s": 550.7224495410919,
      "legal": true,
      "legalize_method": "milp",
      "legalize_s": 0.0075206756591796875,
      "layout_dir": "/root/placement/flow_tap/baseline/ATPlace_pub/result_wlsweep/acend910_bump/wl28/seed1"
    }
  ],
  "layout_json": "/root/placement/flow_tap/baseline/ATPlace_pub/result_wlsweep/acend910_bump/wl28/layout.json",
  "layout_png": "/root/placement/flow_tap/baseline/ATPlace_pub/result_wlsweep/acend910_bump/wl28/layout.png",
  "layout_chiplets": 6,
  "visualized": true
}
