{
  "case": "syn4_bump",
  "mode": "thermal",
  "base_seed": 1,
  "status": "completed",
  "error": null,
  "legal_found": true,
  "num_legal": 1,
  "num_illegal": 0,
  "attempts": 1,
  "best_hpwl": 84669263.57070875,
  "twl_m": 84.66926357070875,
  "best_seed": 1,
  "best_legal": true,
  "best_overlaps": 0,
  "best_legalize_method": "milp",
  "best_legalize_s": 0.4672079086303711,
  "total_legalize_s": 0.4672079086303711,
  "runtime_s": 2716.696754693985,
  "attempt_log": [
    {
      "seed": 1,
      "iterations": 100,
      "overlaps": 0,
      "overlaps_raw": 0,
      "hpwl": 84669263.57070875,
      "hpwl_raw": 84669208.0,
      "run_s": 2703.2790088653564,
      "legal": true,
      "legalize_method": "milp",
      "legalize_s": 0.4672079086303711,
      "layout_dir": "/root/placement/flow_tap/baseline/ATPlace_pub/result_wlsweep/syn4_bump/wl24/seed1"
    }
  ],
  "layout_json": "/root/placement/flow_tap/baseline/ATPlace_pub/result_wlsweep/syn4_bump/wl24/layout.json",
  "layout_png": "/root/placement/flow_tap/baseline/ATPlace_pub/result_wlsweep/syn4_bump/wl24/layout.png",
  "layout_chiplets": 13,
  "visualized": true
}
