{
  "case": "Case7_bump",
  "mode": "thermal",
  "base_seed": 1,
  "status": "completed",
  "error": null,
  "legal_found": false,
  "num_legal": 0,
  "num_illegal": 1,
  "attempts": 1,
  "best_hpwl": 25992920.415950775,
  "twl_m": 25.992920415950774,
  "best_seed": 1,
  "best_legal": false,
  "best_overlaps": 1,
  "best_legalize_method": "milp",
  "best_legalize_s": 0.11688661575317383,
  "total_legalize_s": 0.11688661575317383,
  "runtime_s": 2164.1400611400604,
  "attempt_log": [
    {
      "seed": 1,
      "iterations": 100,
      "overlaps": 1,
      "overlaps_raw": 0,
      "hpwl": 25992920.415950775,
      "hpwl_raw": 25992914.0,
      "run_s": 2162.1867196559906,
      "legal": false,
      "legalize_method": "milp",
      "legalize_s": 0.11688661575317383,
      "layout_dir": "/root/placement/flow_tap/baseline/ATPlace_pub/result_wlsweep_c7/Case7_bump/wl19/seed1"
    }
  ],
  "layout_json": "/root/placement/flow_tap/baseline/ATPlace_pub/result_wlsweep_c7/Case7_bump/wl19/layout.json",
  "layout_png": "/root/placement/flow_tap/baseline/ATPlace_pub/result_wlsweep_c7/Case7_bump/wl19/layout.png",
  "layout_chiplets": 28,
  "visualized": true
}
