{
  "case": "xerox6_m_bump",
  "mode": "thermal",
  "base_seed": 1,
  "status": "completed",
  "error": null,
  "legal_found": true,
  "num_legal": 1,
  "num_illegal": 0,
  "attempts": 1,
  "best_hpwl": 57521311.08782387,
  "twl_m": 57.52131108782387,
  "best_seed": 1,
  "best_legal": true,
  "best_overlaps": 0,
  "best_legalize_method": "milp",
  "best_legalize_s": 0.4504704475402832,
  "total_legalize_s": 0.4504704475402832,
  "runtime_s": 600.6326956748962,
  "attempt_log": [
    {
      "seed": 1,
      "iterations": 100,
      "overlaps": 0,
      "overlaps_raw": 0,
      "hpwl": 57521311.08782387,
      "hpwl_raw": 57521148.0,
      "run_s": 593.9921200275421,
      "legal": true,
      "legalize_method": "milp",
      "legalize_s": 0.4504704475402832,
      "layout_dir": "/root/placement/flow_tap/baseline/ATPlace_pub/result_wlsweep/xerox6_m_bump/wl13/seed1"
    }
  ],
  "layout_json": "/root/placement/flow_tap/baseline/ATPlace_pub/result_wlsweep/xerox6_m_bump/wl13/layout.json",
  "layout_png": "/root/placement/flow_tap/baseline/ATPlace_pub/result_wlsweep/xerox6_m_bump/wl13/layout.png",
  "layout_chiplets": 6,
  "visualized": true
}
