{
  "case": "syn1_bump",
  "mode": "thermal",
  "base_seed": 1,
  "status": "completed",
  "error": null,
  "legal_found": false,
  "num_legal": 0,
  "num_illegal": 1,
  "attempts": 1,
  "best_hpwl": 38848182.89845276,
  "twl_m": 38.848182898452755,
  "best_seed": 1,
  "best_legal": false,
  "best_overlaps": 1,
  "best_legalize_method": "milp",
  "best_legalize_s": 0.06682801246643066,
  "total_legalize_s": 0.06682801246643066,
  "runtime_s": 973.5418829917908,
  "attempt_log": [
    {
      "seed": 1,
      "iterations": 100,
      "overlaps": 1,
      "overlaps_raw": 0,
      "hpwl": 38848182.89845276,
      "hpwl_raw": 38848124.0,
      "run_s": 970.2440073490143,
      "legal": false,
      "legalize_method": "milp",
      "legalize_s": 0.06682801246643066,
      "layout_dir": "/root/placement/flow_tap/baseline/ATPlace_pub/result_wlsweep/syn1_bump/wl25/seed1"
    }
  ],
  "layout_json": "/root/placement/flow_tap/baseline/ATPlace_pub/result_wlsweep/syn1_bump/wl25/layout.json",
  "layout_png": "/root/placement/flow_tap/baseline/ATPlace_pub/result_wlsweep/syn1_bump/wl25/layout.png",
  "layout_chiplets": 10,
  "visualized": true
}
