{
  "case": "Case7_bump",
  "mode": "thermal",
  "base_seed": 1,
  "status": "completed",
  "error": null,
  "legal_found": true,
  "num_legal": 1,
  "num_illegal": 0,
  "attempts": 1,
  "best_hpwl": 17604339.884628296,
  "twl_m": 17.604339884628295,
  "best_seed": 1,
  "best_legal": true,
  "best_overlaps": 0,
  "best_legalize_method": "milp",
  "best_legalize_s": 0.8747415542602539,
  "total_legalize_s": 0.8747415542602539,
  "runtime_s": 3395.1586503982544,
  "attempt_log": [
    {
      "seed": 1,
      "iterations": 100,
      "overlaps": 0,
      "overlaps_raw": 0,
      "hpwl": 17604339.884628296,
      "hpwl_raw": 17604358.0,
      "run_s": 3382.6865317821503,
      "legal": true,
      "legalize_method": "milp",
      "legalize_s": 0.8747415542602539,
      "layout_dir": "/root/placement/flow_tap/baseline/ATPlace_pub/result_wlsweep_c7/Case7_bump/wl47/seed1"
    }
  ],
  "layout_json": "/root/placement/flow_tap/baseline/ATPlace_pub/result_wlsweep_c7/Case7_bump/wl47/layout.json",
  "layout_png": "/root/placement/flow_tap/baseline/ATPlace_pub/result_wlsweep_c7/Case7_bump/wl47/layout.png",
  "layout_chiplets": 28,
  "visualized": true
}
