{
  "case": "xerox6_m_bump",
  "mode": "thermal",
  "base_seed": 1,
  "status": "completed",
  "error": null,
  "legal_found": true,
  "num_legal": 1,
  "num_illegal": 0,
  "attempts": 1,
  "best_hpwl": 52538064.19158363,
  "twl_m": 52.538064191583636,
  "best_seed": 1,
  "best_legal": true,
  "best_overlaps": 0,
  "best_legalize_method": "milp",
  "best_legalize_s": 0.022923707962036133,
  "total_legalize_s": 0.022923707962036133,
  "runtime_s": 539.084490776062,
  "attempt_log": [
    {
      "seed": 1,
      "iterations": 100,
      "overlaps": 0,
      "overlaps_raw": 0,
      "hpwl": 52538064.19158363,
      "hpwl_raw": 52537912.0,
      "run_s": 538.1372618675232,
      "legal": true,
      "legalize_method": "milp",
      "legalize_s": 0.022923707962036133,
      "layout_dir": "/root/placement/flow_tap/baseline/ATPlace_pub/result_wlsweep/xerox6_m_bump/wl24/seed1"
    }
  ],
  "layout_json": "/root/placement/flow_tap/baseline/ATPlace_pub/result_wlsweep/xerox6_m_bump/wl24/layout.json",
  "layout_png": "/root/placement/flow_tap/baseline/ATPlace_pub/result_wlsweep/xerox6_m_bump/wl24/layout.png",
  "layout_chiplets": 6,
  "visualized": true
}
