{
  "case": "xerox6_m_bump",
  "mode": "thermal",
  "base_seed": 1,
  "status": "completed",
  "error": null,
  "legal_found": true,
  "num_legal": 1,
  "num_illegal": 0,
  "attempts": 1,
  "best_hpwl": 57147652.017502785,
  "twl_m": 57.147652017502786,
  "best_seed": 1,
  "best_legal": true,
  "best_overlaps": 0,
  "best_legalize_method": "milp",
  "best_legalize_s": 0.06163644790649414,
  "total_legalize_s": 0.06163644790649414,
  "runtime_s": 613.5892181396484,
  "attempt_log": [
    {
      "seed": 1,
      "iterations": 100,
      "overlaps": 0,
      "overlaps_raw": 0,
      "hpwl": 57147652.017502785,
      "hpwl_raw": 57147496.0,
      "run_s": 606.331111907959,
      "legal": true,
      "legalize_method": "milp",
      "legalize_s": 0.06163644790649414,
      "layout_dir": "/root/placement/flow_tap/baseline/ATPlace_pub/result_wlsweep/xerox6_m_bump/wl12/seed1"
    }
  ],
  "layout_json": "/root/placement/flow_tap/baseline/ATPlace_pub/result_wlsweep/xerox6_m_bump/wl12/layout.json",
  "layout_png": "/root/placement/flow_tap/baseline/ATPlace_pub/result_wlsweep/xerox6_m_bump/wl12/layout.png",
  "layout_chiplets": 6,
  "visualized": true
}
