Run name: syn1_seed3
Run directory: /root/placement/flow_tap/baseline/RL/runs/shard4/syn1_seed3
Training log: /root/placement/flow_tap/baseline/RL/runs/shard4/syn1_seed3/train.log

生成/检查 fastTM 热阻表...
  热阻表阶段状态: ok
  热阻表阶段耗时: 231.107s
  热阻表日志: /root/placement/flow_tap/baseline/RL/runs/shard4/syn1_seed3/thermal_tables.log
======================================================================
PPO训练 - 芯片布局优化
======================================================================

环境信息:
  芯片数量: 10
  放置顺序: ['B', 'E', 'G', 'J', 'C', 'I', 'H', 'A', 'F', 'D']
  观察维度: 10
  动作维度: 70000
  rollout batch: 480 transitions
  minibatches: 4
  PPO update epochs: 4
  随机种子: 3
  剩余总时间预算: 3368.9s

开始训练...
----------------------------------------------------------------------
BEST_COST_LAYOUT
  epoch: 1/600, rollout: 1
  rlplanner_cost: 39.4395
  reward: -1.0639
  温度: 90.1426
  CPLEX平均线长: 19.1171
BEST_LAYOUT
  epoch: 1/600, rollout: 1
  reward: -1.0639
  温度: 90.1426
  CPLEX平均线长: 19.1171
BEST_COST_LAYOUT
  epoch: 1/600, rollout: 4
  rlplanner_cost: 38.9073
  reward: -0.3135
  温度: 88.0072
  CPLEX平均线长: 23.9664
BEST_LAYOUT
  epoch: 1/600, rollout: 4
  reward: -0.3135
  温度: 88.0072
  CPLEX平均线长: 23.9664
BEST_COST_LAYOUT
  epoch: 1/600, rollout: 5
  rlplanner_cost: 35.6988
  reward: 1.5199
  温度: 89.3997
  CPLEX平均线长: 17.2905
BEST_LAYOUT
  epoch: 1/600, rollout: 5
  reward: 1.5199
  温度: 89.3997
  CPLEX平均线长: 17.2905
BEST_LAYOUT
  epoch: 1/600, rollout: 6
  reward: 1.9338
  温度: 89.3150
  CPLEX平均线长: 19.3999
BEST_COST_LAYOUT
  epoch: 1/600, rollout: 8
  rlplanner_cost: 32.1171
  reward: 6.1427
  温度: 85.5431
  CPLEX平均线长: 22.8875
BEST_LAYOUT
  epoch: 1/600, rollout: 8
  reward: 6.1427
  温度: 85.5431
  CPLEX平均线长: 22.8875
Epoch 1/600
  rollouts: 50, samples: 488
  平均奖励: -1.2762, 成功率: 90.0%
  optimizer steps: 16, KL: 0.000290
  累计RL时间: 31.50s
BEST_COST_LAYOUT
  epoch: 2/600, rollout: 92
  rlplanner_cost: 30.5236
  reward: 8.6726
  温度: 87.0473
  CPLEX平均线长: 17.8748
BEST_LAYOUT
  epoch: 2/600, rollout: 92
  reward: 8.6726
  温度: 87.0473
  CPLEX平均线长: 17.8748
BEST_COST_LAYOUT
  epoch: 2/600, rollout: 94
  rlplanner_cost: 29.4907
  reward: 8.8500
  温度: 86.0620
  CPLEX平均线长: 19.1061
BEST_LAYOUT
  epoch: 2/600, rollout: 94
  reward: 8.8500
  温度: 86.0620
  CPLEX平均线长: 19.1061
Epoch 2/600
  rollouts: 50, samples: 488
  平均奖励: -0.9913, 成功率: 88.0%
  optimizer steps: 16, KL: 0.000931
  累计RL时间: 59.64s
Epoch 3/600
  rollouts: 49, samples: 487
  平均奖励: -4.1975, 成功率: 98.0%
  optimizer steps: 16, KL: 0.002443
  累计RL时间: 88.30s
BEST_LAYOUT
  epoch: 4/600, rollout: 189
  reward: 9.4823
  温度: 86.7997
  CPLEX平均线长: 19.9242
Epoch 4/600
  rollouts: 50, samples: 489
  平均奖励: -2.4834, 成功率: 90.0%
  optimizer steps: 16, KL: 0.004516
  累计RL时间: 115.95s
BEST_COST_LAYOUT
  epoch: 5/600, rollout: 236
  rlplanner_cost: 27.8974
  reward: 10.0140
  温度: 87.8200
  CPLEX平均线长: 13.4100
BEST_LAYOUT
  epoch: 5/600, rollout: 236
  reward: 10.0140
  温度: 87.8200
  CPLEX平均线长: 13.4100
Epoch 5/600
  rollouts: 49, samples: 484
  平均奖励: -2.6894, 成功率: 93.9%
  optimizer steps: 14, KL: 0.005116
  累计RL时间: 144.50s
BEST_COST_LAYOUT
  epoch: 6/600, rollout: 265
  rlplanner_cost: 24.4087
  reward: 13.6301
  温度: 84.5485
  CPLEX平均线长: 17.3185
BEST_LAYOUT
  epoch: 6/600, rollout: 265
  reward: 13.6301
  温度: 84.5485
  CPLEX平均线长: 17.3185
Epoch 6/600
  rollouts: 49, samples: 482
  平均奖励: -1.2748, 成功率: 91.8%
  optimizer steps: 11, KL: 0.004962
  累计RL时间: 173.79s
Epoch 7/600
  rollouts: 49, samples: 487
  平均奖励: -2.5294, 成功率: 98.0%
  optimizer steps: 10, KL: 0.004783
  累计RL时间: 202.35s
Epoch 8/600
  rollouts: 49, samples: 486
  平均奖励: -1.0187, 成功率: 95.9%
  optimizer steps: 11, KL: 0.005302
  累计RL时间: 230.25s
Epoch 9/600
  rollouts: 49, samples: 485
  平均奖励: -2.4501, 成功率: 91.8%
  optimizer steps: 13, KL: 0.005600
  累计RL时间: 257.40s
Epoch 10/600
  rollouts: 49, samples: 484
  平均奖励: -0.9382, 成功率: 93.9%
  optimizer steps: 12, KL: 0.005970
  累计RL时间: 284.80s
Epoch 11/600
  rollouts: 49, samples: 485
  平均奖励: -2.7028, 成功率: 95.9%
  optimizer steps: 11, KL: 0.004954
  累计RL时间: 313.66s
Epoch 12/600
  rollouts: 49, samples: 483
  平均奖励: -3.5497, 成功率: 93.9%
  optimizer steps: 10, KL: 0.004662
  累计RL时间: 341.37s
Epoch 13/600
  rollouts: 49, samples: 489
  平均奖励: -2.7425, 成功率: 98.0%
  optimizer steps: 12, KL: 0.005820
  累计RL时间: 370.44s
Epoch 14/600
  rollouts: 49, samples: 487
  平均奖励: -1.5429, 成功率: 95.9%
  optimizer steps: 10, KL: 0.005368
  累计RL时间: 398.47s
Epoch 15/600
  rollouts: 49, samples: 481
  平均奖励: -0.0454, 成功率: 89.8%
  optimizer steps: 11, KL: 0.006173
  累计RL时间: 425.04s
Epoch 16/600
  rollouts: 49, samples: 484
  平均奖励: -2.7008, 成功率: 95.9%
  optimizer steps: 12, KL: 0.005452
  累计RL时间: 453.04s
Epoch 17/600
  rollouts: 49, samples: 483
  平均奖励: -1.1251, 成功率: 93.9%
  optimizer steps: 13, KL: 0.006675
  累计RL时间: 481.87s
Epoch 18/600
  rollouts: 49, samples: 489
  平均奖励: -2.6965, 成功率: 98.0%
  optimizer steps: 11, KL: 0.005637
  累计RL时间: 510.24s
Epoch 19/600
  rollouts: 49, samples: 489
  平均奖励: -4.1330, 成功率: 98.0%
  optimizer steps: 10, KL: 0.005959
  累计RL时间: 538.58s
Epoch 20/600
  rollouts: 49, samples: 484
  平均奖励: -2.5504, 成功率: 91.8%
  optimizer steps: 11, KL: 0.005406
  累计RL时间: 565.33s
Epoch 21/600
  rollouts: 49, samples: 481
  平均奖励: -2.3937, 成功率: 93.9%
  optimizer steps: 10, KL: 0.004697
  累计RL时间: 592.53s
Epoch 22/600
  rollouts: 49, samples: 483
  平均奖励: -0.9506, 成功率: 89.8%
  optimizer steps: 8, KL: 0.005201
  累计RL时间: 619.20s
Epoch 23/600
  rollouts: 49, samples: 484
  平均奖励: -2.5467, 成功率: 95.9%
  optimizer steps: 12, KL: 0.005958
  累计RL时间: 647.06s
BEST_COST_LAYOUT
  epoch: 24/600, rollout: 1132
  rlplanner_cost: 24.1392
  reward: 15.0175
  温度: 83.4324
  CPLEX平均线长: 19.3256
BEST_LAYOUT
  epoch: 24/600, rollout: 1132
  reward: 15.0175
  温度: 83.4324
  CPLEX平均线长: 19.3256
Epoch 24/600
  rollouts: 49, samples: 488
  平均奖励: -0.4226, 成功率: 95.9%
  optimizer steps: 13, KL: 0.005585
  累计RL时间: 675.62s
Epoch 25/600
  rollouts: 49, samples: 480
  平均奖励: -0.9206, 成功率: 89.8%
  optimizer steps: 10, KL: 0.004464
  累计RL时间: 701.83s
Epoch 26/600
  rollouts: 49, samples: 484
  平均奖励: -0.6884, 成功率: 95.9%
  optimizer steps: 8, KL: 0.005869
  累计RL时间: 729.73s
Epoch 27/600
  rollouts: 49, samples: 485
  平均奖励: -3.4312, 成功率: 93.9%
  optimizer steps: 11, KL: 0.005961
  累计RL时间: 757.60s
Epoch 28/600
  rollouts: 49, samples: 487
  平均奖励: -1.6340, 成功率: 98.0%
  optimizer steps: 13, KL: 0.006001
  累计RL时间: 786.15s
Epoch 29/600
  rollouts: 49, samples: 488
  平均奖励: -1.8736, 成功率: 95.9%
  optimizer steps: 9, KL: 0.004813
  累计RL时间: 814.38s
Epoch 30/600
  rollouts: 49, samples: 488
  平均奖励: -1.9283, 成功率: 95.9%
  optimizer steps: 9, KL: 0.005191
  累计RL时间: 842.27s
Epoch 31/600
  rollouts: 49, samples: 489
  平均奖励: -2.5089, 成功率: 98.0%
  optimizer steps: 9, KL: 0.006263
  累计RL时间: 871.51s
Epoch 32/600
  rollouts: 48, samples: 480
  平均奖励: -2.8337, 成功率: 100.0%
  optimizer steps: 9, KL: 0.005607
  累计RL时间: 899.89s
Epoch 33/600
  rollouts: 48, samples: 480
  平均奖励: -3.5758, 成功率: 100.0%
  optimizer steps: 9, KL: 0.005094
  累计RL时间: 929.78s
Epoch 34/600
  rollouts: 48, samples: 480
  平均奖励: -3.5952, 成功率: 100.0%
  optimizer steps: 8, KL: 0.006427
  累计RL时间: 959.61s
Epoch 35/600
  rollouts: 49, samples: 485
  平均奖励: -1.0561, 成功率: 95.9%
  optimizer steps: 11, KL: 0.004403
  累计RL时间: 987.85s
Epoch 36/600
  rollouts: 49, samples: 482
  平均奖励: -0.9986, 成功率: 91.8%
  optimizer steps: 10, KL: 0.005165
  累计RL时间: 1014.45s
Epoch 37/600
  rollouts: 49, samples: 481
  平均奖励: -0.8444, 成功率: 93.9%
  optimizer steps: 9, KL: 0.004547
  累计RL时间: 1041.43s
Epoch 38/600
  rollouts: 49, samples: 487
  平均奖励: -1.7685, 成功率: 98.0%
  optimizer steps: 9, KL: 0.005005
  累计RL时间: 1069.52s
Epoch 39/600
  rollouts: 50, samples: 489
  平均奖励: -0.9735, 成功率: 90.0%
  optimizer steps: 9, KL: 0.006215
  累计RL时间: 1096.67s
Epoch 40/600
  rollouts: 49, samples: 488
  平均奖励: -1.3376, 成功率: 95.9%
  optimizer steps: 9, KL: 0.005600
  累计RL时间: 1124.18s
BEST_COST_LAYOUT
  epoch: 41/600, rollout: 1986
  rlplanner_cost: 21.6260
  reward: 16.5300
  温度: 83.9170
  CPLEX平均线长: 15.8413
BEST_LAYOUT
  epoch: 41/600, rollout: 1986
  reward: 16.5300
  温度: 83.9170
  CPLEX平均线长: 15.8413
Epoch 41/600
  rollouts: 49, samples: 489
  平均奖励: -2.5352, 成功率: 98.0%
  optimizer steps: 9, KL: 0.006681
  累计RL时间: 1153.27s
Epoch 42/600
  rollouts: 49, samples: 489
  平均奖励: -3.7565, 成功率: 98.0%
  optimizer steps: 9, KL: 0.005311
  累计RL时间: 1181.60s
Epoch 43/600
  rollouts: 49, samples: 485
  平均奖励: -2.3264, 成功率: 93.9%
  optimizer steps: 10, KL: 0.005477
  累计RL时间: 1208.75s
Epoch 44/600
  rollouts: 49, samples: 486
  平均奖励: -3.6701, 成功率: 95.9%
  optimizer steps: 10, KL: 0.005169
  累计RL时间: 1237.10s
Epoch 45/600
  rollouts: 49, samples: 486
  平均奖励: -1.0869, 成功率: 95.9%
  optimizer steps: 12, KL: 0.005279
  累计RL时间: 1265.11s
Epoch 46/600
  rollouts: 49, samples: 487
  平均奖励: -4.7469, 成功率: 98.0%
  optimizer steps: 15, KL: 0.005966
  累计RL时间: 1293.75s
Epoch 47/600
  rollouts: 49, samples: 489
  平均奖励: -2.0925, 成功率: 98.0%
  optimizer steps: 12, KL: 0.005098
  累计RL时间: 1322.15s
Epoch 48/600
  rollouts: 49, samples: 487
  平均奖励: -1.9024, 成功率: 95.9%
  optimizer steps: 9, KL: 0.005825
  累计RL时间: 1350.28s
Epoch 49/600
  rollouts: 50, samples: 489
  平均奖励: -0.3785, 成功率: 90.0%
  optimizer steps: 10, KL: 0.005539
  累计RL时间: 1376.99s
Epoch 50/600
  rollouts: 49, samples: 487
  平均奖励: -1.0483, 成功率: 98.0%
  optimizer steps: 8, KL: 0.006421
  累计RL时间: 1405.43s
Epoch 51/600
  rollouts: 48, samples: 480
  平均奖励: -3.9435, 成功率: 100.0%
  optimizer steps: 10, KL: 0.004838
  累计RL时间: 1433.61s
Epoch 52/600
  rollouts: 49, samples: 485
  平均奖励: -1.8944, 成功率: 93.9%
  optimizer steps: 12, KL: 0.006254
  累计RL时间: 1461.17s
Epoch 53/600
  rollouts: 49, samples: 486
  平均奖励: -2.4362, 成功率: 95.9%
  optimizer steps: 9, KL: 0.005915
  累计RL时间: 1489.53s
Epoch 54/600
  rollouts: 49, samples: 485
  平均奖励: -0.4747, 成功率: 89.8%
  optimizer steps: 9, KL: 0.005067
  累计RL时间: 1516.31s
Epoch 55/600
  rollouts: 49, samples: 482
  平均奖励: -1.3486, 成功率: 93.9%
  optimizer steps: 9, KL: 0.004363
  累计RL时间: 1543.66s
Epoch 56/600
  rollouts: 50, samples: 489
  平均奖励: -0.0793, 成功率: 90.0%
  optimizer steps: 9, KL: 0.005614
  累计RL时间: 1570.52s
Epoch 57/600
  rollouts: 49, samples: 486
  平均奖励: -2.8395, 成功率: 95.9%
  optimizer steps: 9, KL: 0.004842
  累计RL时间: 1598.56s
Epoch 58/600
  rollouts: 50, samples: 488
  平均奖励: -0.1408, 成功率: 88.0%
  optimizer steps: 11, KL: 0.004441
  累计RL时间: 1625.13s
Epoch 59/600
  rollouts: 49, samples: 484
  平均奖励: -0.3427, 成功率: 91.8%
  optimizer steps: 12, KL: 0.006337
  累计RL时间: 1652.01s
BEST_COST_LAYOUT
  epoch: 60/600, rollout: 2935
  rlplanner_cost: 21.5029
  reward: 16.2859
  温度: 84.6789
  CPLEX平均线长: 14.1379
Epoch 60/600
  rollouts: 49, samples: 484
  平均奖励: -0.5915, 成功率: 91.8%
  optimizer steps: 9, KL: 0.004417
  累计RL时间: 1679.29s
Epoch 61/600
  rollouts: 50, samples: 487
  平均奖励: -0.1163, 成功率: 90.0%
  optimizer steps: 10, KL: 0.005574
  累计RL时间: 1706.14s
Epoch 62/600
  rollouts: 49, samples: 486
  平均奖励: -0.8513, 成功率: 95.9%
  optimizer steps: 9, KL: 0.004849
  累计RL时间: 1735.27s
Epoch 63/600
  rollouts: 49, samples: 482
  平均奖励: -1.6173, 成功率: 93.9%
  optimizer steps: 9, KL: 0.005105
  累计RL时间: 1762.44s
Epoch 64/600
  rollouts: 49, samples: 487
  平均奖励: -1.9677, 成功率: 98.0%
  optimizer steps: 9, KL: 0.005669
  累计RL时间: 1790.85s
Epoch 65/600
  rollouts: 49, samples: 489
  平均奖励: -3.6681, 成功率: 98.0%
  optimizer steps: 10, KL: 0.006114
  累计RL时间: 1819.48s
Epoch 66/600
  rollouts: 49, samples: 482
  平均奖励: -0.4367, 成功率: 91.8%
  optimizer steps: 14, KL: 0.006480
  累计RL时间: 1847.66s
Epoch 67/600
  rollouts: 49, samples: 485
  平均奖励: -1.9329, 成功率: 95.9%
  optimizer steps: 9, KL: 0.004942
  累计RL时间: 1875.54s
Epoch 68/600
  rollouts: 49, samples: 480
  平均奖励: -1.0422, 成功率: 85.7%
  optimizer steps: 9, KL: 0.004665
  累计RL时间: 1902.40s
Epoch 69/600
  rollouts: 49, samples: 483
  平均奖励: -1.2943, 成功率: 93.9%
  optimizer steps: 11, KL: 0.005118
  累计RL时间: 1929.85s
Epoch 70/600
  rollouts: 50, samples: 487
  平均奖励: -1.4346, 成功率: 90.0%
  optimizer steps: 8, KL: 0.004532
  累计RL时间: 1956.56s
Epoch 71/600
  rollouts: 49, samples: 485
  平均奖励: -1.6360, 成功率: 93.9%
  optimizer steps: 10, KL: 0.006189
  累计RL时间: 1984.11s
Epoch 72/600
  rollouts: 49, samples: 485
  平均奖励: -2.5634, 成功率: 91.8%
  optimizer steps: 11, KL: 0.005170
  累计RL时间: 2010.75s
Epoch 73/600
  rollouts: 49, samples: 481
  平均奖励: 0.0733, 成功率: 91.8%
  optimizer steps: 12, KL: 0.004562
  累计RL时间: 2037.43s
Epoch 74/600
  rollouts: 48, samples: 480
  平均奖励: -2.4505, 成功率: 100.0%
  optimizer steps: 10, KL: 0.005427
  累计RL时间: 2065.55s
Epoch 75/600
  rollouts: 50, samples: 489
  平均奖励: -0.5753, 成功率: 88.0%
  optimizer steps: 10, KL: 0.006591
  累计RL时间: 2091.84s
Epoch 76/600
  rollouts: 49, samples: 483
  平均奖励: -1.2721, 成功率: 91.8%
  optimizer steps: 10, KL: 0.005597
  累计RL时间: 2118.92s
Epoch 77/600
  rollouts: 49, samples: 483
  平均奖励: -1.8896, 成功率: 91.8%
  optimizer steps: 7, KL: 0.005440
  累计RL时间: 2146.16s
Epoch 78/600
  rollouts: 49, samples: 481
  平均奖励: -1.3426, 成功率: 93.9%
  optimizer steps: 9, KL: 0.005616
  累计RL时间: 2173.43s
Epoch 79/600
  rollouts: 49, samples: 484
  平均奖励: -2.1472, 成功率: 95.9%
  optimizer steps: 9, KL: 0.006829
  累计RL时间: 2201.25s
Epoch 80/600
  rollouts: 48, samples: 480
  平均奖励: -3.3739, 成功率: 100.0%
  optimizer steps: 9, KL: 0.005026
  累计RL时间: 2230.78s
Epoch 81/600
  rollouts: 49, samples: 480
  平均奖励: -1.8216, 成功率: 91.8%
  optimizer steps: 9, KL: 0.006336
  累计RL时间: 2257.55s
Epoch 82/600
  rollouts: 50, samples: 487
  平均奖励: -0.7806, 成功率: 88.0%
  optimizer steps: 10, KL: 0.005135
  累计RL时间: 2283.75s
Epoch 83/600
  rollouts: 49, samples: 485
  平均奖励: -1.0267, 成功率: 95.9%
  optimizer steps: 8, KL: 0.004919
  累计RL时间: 2311.92s
Epoch 84/600
  rollouts: 49, samples: 484
  平均奖励: -2.3742, 成功率: 95.9%
  optimizer steps: 11, KL: 0.006058
  累计RL时间: 2339.57s
Epoch 85/600
  rollouts: 49, samples: 482
  平均奖励: -1.7209, 成功率: 91.8%
  optimizer steps: 10, KL: 0.005665
  累计RL时间: 2366.43s
Epoch 86/600
  rollouts: 49, samples: 487
  平均奖励: -3.0418, 成功率: 95.9%
  optimizer steps: 10, KL: 0.004428
  累计RL时间: 2394.04s
Epoch 87/600
  rollouts: 49, samples: 488
  平均奖励: -3.5821, 成功率: 98.0%
  optimizer steps: 8, KL: 0.004876
  累计RL时间: 2422.12s
Epoch 88/600
  rollouts: 49, samples: 482
  平均奖励: 0.0513, 成功率: 89.8%
  optimizer steps: 14, KL: 0.005407
  累计RL时间: 2448.29s
Epoch 89/600
  rollouts: 50, samples: 488
  平均奖励: -1.7618, 成功率: 90.0%
  optimizer steps: 13, KL: 0.005825
  累计RL时间: 2474.88s
Epoch 90/600
  rollouts: 49, samples: 486
  平均奖励: -4.3676, 成功率: 95.9%
  optimizer steps: 12, KL: 0.005806
  累计RL时间: 2503.11s
Epoch 91/600
  rollouts: 49, samples: 487
  平均奖励: -1.7786, 成功率: 93.9%
  optimizer steps: 14, KL: 0.007177
  累计RL时间: 2530.35s
Epoch 92/600
  rollouts: 49, samples: 486
  平均奖励: -0.7814, 成功率: 95.9%
  optimizer steps: 12, KL: 0.005891
  累计RL时间: 2557.96s
Epoch 93/600
  rollouts: 49, samples: 483
  平均奖励: -1.5067, 成功率: 93.9%
  optimizer steps: 11, KL: 0.005468
  累计RL时间: 2584.95s
Epoch 94/600
  rollouts: 50, samples: 487
  平均奖励: -1.7471, 成功率: 90.0%
  optimizer steps: 9, KL: 0.005532
  累计RL时间: 2611.56s
Epoch 95/600
  rollouts: 49, samples: 480
  平均奖励: -0.1965, 成功率: 87.8%
  optimizer steps: 14, KL: 0.005828
  累计RL时间: 2637.24s
Epoch 96/600
  rollouts: 49, samples: 483
  平均奖励: -3.4103, 成功率: 91.8%
  optimizer steps: 16, KL: 0.005410
  累计RL时间: 2663.76s
Epoch 97/600
  rollouts: 49, samples: 486
  平均奖励: -3.5853, 成功率: 95.9%
  optimizer steps: 9, KL: 0.005014
  累计RL时间: 2691.32s
Epoch 98/600
  rollouts: 49, samples: 485
  平均奖励: -1.2073, 成功率: 95.9%
  optimizer steps: 12, KL: 0.006768
  累计RL时间: 2718.95s
Epoch 99/600
  rollouts: 49, samples: 488
  平均奖励: -1.7060, 成功率: 98.0%
  optimizer steps: 9, KL: 0.005745
  累计RL时间: 2747.62s
Epoch 100/600
  rollouts: 49, samples: 481
  平均奖励: -2.4712, 成功率: 93.9%
  optimizer steps: 11, KL: 0.004950
  累计RL时间: 2775.00s
Epoch 101/600
  rollouts: 49, samples: 487
  平均奖励: -1.4679, 成功率: 98.0%
  optimizer steps: 14, KL: 0.005803
  累计RL时间: 2803.22s
Epoch 102/600
  rollouts: 49, samples: 487
  平均奖励: -0.1529, 成功率: 93.9%
  optimizer steps: 11, KL: 0.006753
  累计RL时间: 2830.60s
Epoch 103/600
  rollouts: 49, samples: 486
  平均奖励: -2.5420, 成功率: 95.9%
  optimizer steps: 12, KL: 0.004305
  累计RL时间: 2858.44s
Epoch 104/600
  rollouts: 49, samples: 481
  平均奖励: -1.4431, 成功率: 89.8%
  optimizer steps: 9, KL: 0.005005
  累计RL时间: 2884.70s
Epoch 105/600
  rollouts: 49, samples: 484
  平均奖励: -1.8886, 成功率: 93.9%
  optimizer steps: 9, KL: 0.006345
  累计RL时间: 2913.61s
Epoch 106/600
  rollouts: 49, samples: 482
  平均奖励: -0.9387, 成功率: 91.8%
  optimizer steps: 10, KL: 0.005909
  累计RL时间: 2940.62s
Epoch 107/600
  rollouts: 49, samples: 487
  平均奖励: -4.0129, 成功率: 98.0%
  optimizer steps: 12, KL: 0.005119
  累计RL时间: 2968.91s
Epoch 108/600
  rollouts: 49, samples: 483
  平均奖励: -1.6507, 成功率: 93.9%
  optimizer steps: 13, KL: 0.005989
  累计RL时间: 2996.33s
Epoch 109/600
  rollouts: 49, samples: 483
  平均奖励: -2.9706, 成功率: 93.9%
  optimizer steps: 13, KL: 0.006906
  累计RL时间: 3024.81s
Epoch 110/600
  rollouts: 49, samples: 486
  平均奖励: -1.4681, 成功率: 95.9%
  optimizer steps: 14, KL: 0.005243
  累计RL时间: 3053.19s
Epoch 111/600
  rollouts: 50, samples: 489
  平均奖励: -0.9053, 成功率: 90.0%
  optimizer steps: 10, KL: 0.005196
  累计RL时间: 3080.18s
Epoch 112/600
  rollouts: 50, samples: 489
  平均奖励: -1.4291, 成功率: 88.0%
  optimizer steps: 12, KL: 0.005703
  累计RL时间: 3106.45s
Epoch 113/600
  rollouts: 49, samples: 489
  平均奖励: -2.3913, 成功率: 98.0%
  optimizer steps: 10, KL: 0.005086
  累计RL时间: 3134.90s
Epoch 114/600
  rollouts: 50, samples: 488
  平均奖励: -0.6504, 成功率: 90.0%
  optimizer steps: 11, KL: 0.005938
  累计RL时间: 3161.72s
Epoch 115/600
  rollouts: 49, samples: 487
  平均奖励: -3.3751, 成功率: 95.9%
  optimizer steps: 12, KL: 0.005691
  累计RL时间: 3189.25s
Epoch 116/600
  rollouts: 49, samples: 488
  平均奖励: -2.0266, 成功率: 98.0%
  optimizer steps: 12, KL: 0.004209
  累计RL时间: 3219.53s
Epoch 117/600
  rollouts: 49, samples: 487
  平均奖励: -2.7576, 成功率: 98.0%
  optimizer steps: 10, KL: 0.004869
  累计RL时间: 3247.65s
Epoch 118/600
  rollouts: 48, samples: 480
  平均奖励: -4.3320, 成功率: 100.0%
  optimizer steps: 11, KL: 0.005678
  累计RL时间: 3275.73s
Epoch 119/600
  rollouts: 49, samples: 484
  平均奖励: -4.5512, 成功率: 95.9%
  optimizer steps: 11, KL: 0.006278
  累计RL时间: 3303.41s
Epoch 120/600
  rollouts: 49, samples: 481
  平均奖励: 0.7519, 成功率: 89.8%
  optimizer steps: 14, KL: 0.005279
  累计RL时间: 3329.50s
Epoch 121/600
  rollouts: 19, samples: 188
  平均奖励: 0.9313, 成功率: 89.5%
  optimizer steps: 9, KL: 0.005177
  累计RL时间: 3339.78s
模型已保存到 /root/placement/flow_tap/baseline/RL/runs/shard4/syn1_seed3/checkpoints/ppo_best.pt
模型已保存到 /root/placement/flow_tap/baseline/RL/runs/shard4/syn1_seed3/checkpoints/ppo_best_cost.pt

======================================================================
训练完成！
  请求epochs: 600
  完整epochs: 120
  已执行epoch轮次: 121
  总rollouts: 5908
  总transitions: 58396
  最终成功率: 94.2%
  最近平均奖励: -1.8115
  optimizer steps: 1300
  终止原因: time_limit
======================================================================

运行时间统计:
  热阻表: 231.107s
  RL求解: 3340.140s
  总时间: 3571.248s
  best layout发现时间: 2026-09-12T01:58:16
  best layout累计RL时间: 1138.794s
  best layout累计总时间: 1369.902s
