{
  "case": "xerox6_m_bump",
  "mode": "thermal",
  "base_seed": 1,
  "status": "completed",
  "error": null,
  "legal_found": true,
  "num_legal": 1,
  "num_illegal": 0,
  "attempts": 1,
  "best_hpwl": 50170958.82078838,
  "twl_m": 50.170958820788385,
  "best_seed": 1,
  "best_legal": true,
  "best_overlaps": 0,
  "best_legalize_method": "milp",
  "best_legalize_s": 0.03900551795959473,
  "total_legalize_s": 0.03900551795959473,
  "runtime_s": 536.6189951896667,
  "attempt_log": [
    {
      "seed": 1,
      "iterations": 100,
      "overlaps": 0,
      "overlaps_raw": 0,
      "hpwl": 50170958.82078838,
      "hpwl_raw": 50170748.0,
      "run_s": 535.6180291175842,
      "legal": true,
      "legalize_method": "milp",
      "legalize_s": 0.03900551795959473,
      "layout_dir": "/root/placement/flow_tap/baseline/ATPlace_pub/result_wlsweep/xerox6_m_bump/wl47/seed1"
    }
  ],
  "layout_json": "/root/placement/flow_tap/baseline/ATPlace_pub/result_wlsweep/xerox6_m_bump/wl47/layout.json",
  "layout_png": "/root/placement/flow_tap/baseline/ATPlace_pub/result_wlsweep/xerox6_m_bump/wl47/layout.png",
  "layout_chiplets": 6,
  "visualized": true
}
