{
  "case": "xerox8_m_bump",
  "mode": "thermal",
  "base_seed": 1,
  "status": "completed",
  "error": null,
  "legal_found": true,
  "num_legal": 1,
  "num_illegal": 0,
  "attempts": 1,
  "best_hpwl": 98067288.34156334,
  "twl_m": 98.06728834156334,
  "best_seed": 1,
  "best_legal": true,
  "best_overlaps": 0,
  "best_legalize_method": "milp",
  "best_legalize_s": 0.4556999206542969,
  "total_legalize_s": 0.4556999206542969,
  "runtime_s": 860.9884791374207,
  "attempt_log": [
    {
      "seed": 1,
      "iterations": 100,
      "overlaps": 0,
      "overlaps_raw": 0,
      "hpwl": 98067288.34156334,
      "hpwl_raw": 98066624.0,
      "run_s": 853.9927468299866,
      "legal": true,
      "legalize_method": "milp",
      "legalize_s": 0.4556999206542969,
      "layout_dir": "/root/placement/flow_tap/baseline/ATPlace_pub/result_wlsweep_xerox8/xerox8_m_bump/wl22/seed1"
    }
  ],
  "layout_json": "/root/placement/flow_tap/baseline/ATPlace_pub/result_wlsweep_xerox8/xerox8_m_bump/wl22/layout.json",
  "layout_png": "/root/placement/flow_tap/baseline/ATPlace_pub/result_wlsweep_xerox8/xerox8_m_bump/wl22/layout.png",
  "layout_chiplets": 8,
  "visualized": true
}
