command: /root/anaconda3/envs/chipdiffusion/bin/python /root/placement/flow_tap/baseline/RL/train.py --json /root/placement/flow_tap/baseline/RL/examples/syn1.json --name syn1_seed2 --runs-dir /root/placement/flow_tap/baseline/RL/runs/shard4 --seed 2 --time_limit_seconds 3600.0 --max_width 40.988764 --max_height 40.988764 --thermal_intp_size 40.988764 --footprint_mode json_first --save_checkpoint --log_interval 1 --force_thermal_tables
started_at: 2026-09-12T00:35:25

使用设备: cuda
Run name: syn1_seed2
Run directory: /root/placement/flow_tap/baseline/RL/runs/shard4/syn1_seed2
Training log: /root/placement/flow_tap/baseline/RL/runs/shard4/syn1_seed2/train.log

生成/检查 fastTM 热阻表...
  热阻表阶段状态: ok
  热阻表阶段耗时: 235.027s
  热阻表日志: /root/placement/flow_tap/baseline/RL/runs/shard4/syn1_seed2/thermal_tables.log
======================================================================
PPO训练 - 芯片布局优化
======================================================================

环境信息:
  芯片数量: 10
  放置顺序: ['B', 'E', 'G', 'J', 'C', 'I', 'H', 'A', 'F', 'D']
  观察维度: 10
  动作维度: 70000
  rollout batch: 480 transitions
  minibatches: 4
  PPO update epochs: 4
  随机种子: 2
  剩余总时间预算: 3365.0s

开始训练...
----------------------------------------------------------------------
BEST_COST_LAYOUT
  epoch: 1/600, rollout: 1
  rlplanner_cost: 41.2506
  reward: -2.9075
  温度: 90.7465
  CPLEX平均线长: 19.3409
BEST_LAYOUT
  epoch: 1/600, rollout: 1
  reward: -2.9075
  温度: 90.7465
  CPLEX平均线长: 19.3409
BEST_LAYOUT
  epoch: 1/600, rollout: 3
  reward: -2.2846
  温度: 89.7980
  CPLEX平均线长: 24.5175
BEST_COST_LAYOUT
  epoch: 1/600, rollout: 6
  rlplanner_cost: 37.6903
  reward: 1.2917
  温度: 89.4184
  CPLEX平均线长: 19.2344
BEST_LAYOUT
  epoch: 1/600, rollout: 6
  reward: 1.2917
  温度: 89.4184
  CPLEX平均线长: 19.2344
BEST_COST_LAYOUT
  epoch: 1/600, rollout: 8
  rlplanner_cost: 33.9576
  reward: 4.0341
  温度: 86.4020
  CPLEX平均线长: 22.8021
BEST_LAYOUT
  epoch: 1/600, rollout: 8
  reward: 4.0341
  温度: 86.4020
  CPLEX平均线长: 22.8021
BEST_COST_LAYOUT
  epoch: 1/600, rollout: 22
  rlplanner_cost: 33.3379
  reward: 7.0605
  温度: 86.1739
  CPLEX平均线长: 22.7008
BEST_LAYOUT
  epoch: 1/600, rollout: 22
  reward: 7.0605
  温度: 86.1739
  CPLEX平均线长: 22.7008
BEST_COST_LAYOUT
  epoch: 1/600, rollout: 37
  rlplanner_cost: 31.9764
  reward: 6.5736
  温度: 86.2742
  CPLEX平均线长: 21.1119
BEST_COST_LAYOUT
  epoch: 1/600, rollout: 40
  rlplanner_cost: 30.9170
  reward: 9.4072
  温度: 86.1828
  CPLEX平均线长: 20.2598
BEST_LAYOUT
  epoch: 1/600, rollout: 40
  reward: 9.4072
  温度: 86.1828
  CPLEX平均线长: 20.2598
BEST_COST_LAYOUT
  epoch: 1/600, rollout: 48
  rlplanner_cost: 28.0716
  reward: 10.1882
  温度: 85.2051
  CPLEX平均线长: 19.5803
BEST_LAYOUT
  epoch: 1/600, rollout: 48
  reward: 10.1882
  温度: 85.2051
  CPLEX平均线长: 19.5803
Epoch 1/600
  rollouts: 49, samples: 483
  平均奖励: -3.1412, 成功率: 93.9%
  optimizer steps: 16, KL: 0.000280
  累计RL时间: 33.94s
BEST_COST_LAYOUT
  epoch: 2/600, rollout: 54
  rlplanner_cost: 27.8301
  reward: 10.1719
  温度: 86.4928
  CPLEX平均线长: 16.4668
Epoch 2/600
  rollouts: 49, samples: 488
  平均奖励: -2.8819, 成功率: 95.9%
  optimizer steps: 16, KL: 0.000984
  累计RL时间: 62.77s
BEST_LAYOUT
  epoch: 3/600, rollout: 137
  reward: 11.0818
  温度: 88.3536
  CPLEX平均线长: 14.5272
Epoch 3/600
  rollouts: 50, samples: 486
  平均奖励: 1.2907, 成功率: 88.0%
  optimizer steps: 16, KL: 0.002919
  累计RL时间: 90.13s
BEST_COST_LAYOUT
  epoch: 4/600, rollout: 152
  rlplanner_cost: 24.2516
  reward: 13.0732
  温度: 84.1317
  CPLEX平均线长: 18.0279
BEST_LAYOUT
  epoch: 4/600, rollout: 152
  reward: 13.0732
  温度: 84.1317
  CPLEX平均线长: 18.0279
Epoch 4/600
  rollouts: 49, samples: 481
  平均奖励: -0.4905, 成功率: 89.8%
  optimizer steps: 16, KL: 0.004436
  累计RL时间: 117.49s
Epoch 5/600
  rollouts: 49, samples: 487
  平均奖励: -4.1543, 成功率: 98.0%
  optimizer steps: 14, KL: 0.005768
  累计RL时间: 147.03s
Epoch 6/600
  rollouts: 50, samples: 488
  平均奖励: -1.2231, 成功率: 90.0%
  optimizer steps: 12, KL: 0.005952
  累计RL时间: 175.19s
Epoch 7/600
  rollouts: 49, samples: 484
  平均奖励: -0.6239, 成功率: 95.9%
  optimizer steps: 13, KL: 0.005937
  累计RL时间: 204.93s
Epoch 8/600
  rollouts: 49, samples: 486
  平均奖励: -2.7646, 成功率: 95.9%
  optimizer steps: 12, KL: 0.005929
  累计RL时间: 233.71s
Epoch 9/600
  rollouts: 49, samples: 483
  平均奖励: -1.8439, 成功率: 93.9%
  optimizer steps: 10, KL: 0.005287
  累计RL时间: 261.78s
Epoch 10/600
  rollouts: 49, samples: 489
  平均奖励: -2.6450, 成功率: 98.0%
  optimizer steps: 9, KL: 0.006014
  累计RL时间: 290.76s
Epoch 11/600
  rollouts: 49, samples: 487
  平均奖励: -1.3967, 成功率: 95.9%
  optimizer steps: 13, KL: 0.006379
  累计RL时间: 319.24s
BEST_COST_LAYOUT
  epoch: 12/600, rollout: 583
  rlplanner_cost: 24.2447
  reward: 13.5059
  温度: 85.5408
  CPLEX平均线长: 15.0203
BEST_LAYOUT
  epoch: 12/600, rollout: 583
  reward: 13.5059
  温度: 85.5408
  CPLEX平均线长: 15.0203
Epoch 12/600
  rollouts: 48, samples: 480
  平均奖励: -4.2414, 成功率: 100.0%
  optimizer steps: 13, KL: 0.005952
  累计RL时间: 349.39s
Epoch 13/600
  rollouts: 49, samples: 487
  平均奖励: -0.7206, 成功率: 95.9%
  optimizer steps: 13, KL: 0.005513
  累计RL时间: 378.27s
Epoch 14/600
  rollouts: 49, samples: 482
  平均奖励: -2.8353, 成功率: 93.9%
  optimizer steps: 10, KL: 0.006317
  累计RL时间: 406.06s
Epoch 15/600
  rollouts: 49, samples: 486
  平均奖励: -2.2019, 成功率: 93.9%
  optimizer steps: 11, KL: 0.005389
  累计RL时间: 434.64s
Epoch 16/600
  rollouts: 48, samples: 480
  平均奖励: -2.5722, 成功率: 100.0%
  optimizer steps: 9, KL: 0.005710
  累计RL时间: 464.16s
Epoch 17/600
  rollouts: 49, samples: 489
  平均奖励: -0.7283, 成功率: 98.0%
  optimizer steps: 12, KL: 0.004963
  累计RL时间: 493.23s
Epoch 18/600
  rollouts: 49, samples: 487
  平均奖励: -4.0470, 成功率: 98.0%
  optimizer steps: 15, KL: 0.006066
  累计RL时间: 522.53s
Epoch 19/600
  rollouts: 49, samples: 486
  平均奖励: -3.9504, 成功率: 95.9%
  optimizer steps: 11, KL: 0.006378
  累计RL时间: 552.37s
Epoch 20/600
  rollouts: 49, samples: 489
  平均奖励: -2.4465, 成功率: 98.0%
  optimizer steps: 11, KL: 0.004649
  累计RL时间: 581.22s
Epoch 21/600
  rollouts: 49, samples: 486
  平均奖励: -1.9266, 成功率: 95.9%
  optimizer steps: 10, KL: 0.005592
  累计RL时间: 609.71s
Epoch 22/600
  rollouts: 49, samples: 484
  平均奖励: -0.4712, 成功率: 91.8%
  optimizer steps: 10, KL: 0.005878
  累计RL时间: 637.05s
Epoch 23/600
  rollouts: 48, samples: 480
  平均奖励: -2.4687, 成功率: 100.0%
  optimizer steps: 9, KL: 0.004999
  累计RL时间: 665.74s
Epoch 24/600
  rollouts: 49, samples: 488
  平均奖励: -2.0900, 成功率: 98.0%
  optimizer steps: 11, KL: 0.006388
  累计RL时间: 694.61s
Epoch 25/600
  rollouts: 49, samples: 487
  平均奖励: -2.0579, 成功率: 98.0%
  optimizer steps: 8, KL: 0.006663
  累计RL时间: 723.46s
Epoch 26/600
  rollouts: 48, samples: 480
  平均奖励: -2.2619, 成功率: 100.0%
  optimizer steps: 9, KL: 0.006299
  累计RL时间: 752.14s
Epoch 27/600
  rollouts: 49, samples: 488
  平均奖励: -0.9129, 成功率: 95.9%
  optimizer steps: 11, KL: 0.006703
  累计RL时间: 780.41s
Epoch 28/600
  rollouts: 49, samples: 484
  平均奖励: -3.5361, 成功率: 95.9%
  optimizer steps: 12, KL: 0.005517
  累计RL时间: 808.83s
Epoch 29/600
  rollouts: 49, samples: 485
  平均奖励: -0.7329, 成功率: 95.9%
  optimizer steps: 12, KL: 0.005610
  累计RL时间: 837.29s
Epoch 30/600
  rollouts: 48, samples: 480
  平均奖励: -2.5386, 成功率: 100.0%
  optimizer steps: 10, KL: 0.006452
  累计RL时间: 866.13s
Epoch 31/600
  rollouts: 49, samples: 484
  平均奖励: -3.4469, 成功率: 95.9%
  optimizer steps: 10, KL: 0.005030
  累计RL时间: 894.76s
Epoch 32/600
  rollouts: 49, samples: 489
  平均奖励: -3.0195, 成功率: 98.0%
  optimizer steps: 13, KL: 0.006706
  累计RL时间: 923.56s
Epoch 33/600
  rollouts: 49, samples: 484
  平均奖励: -3.0187, 成功率: 95.9%
  optimizer steps: 9, KL: 0.005729
  累计RL时间: 952.29s
Epoch 34/600
  rollouts: 48, samples: 480
  平均奖励: -2.3152, 成功率: 100.0%
  optimizer steps: 10, KL: 0.004969
  累计RL时间: 981.43s
Epoch 35/600
  rollouts: 48, samples: 480
  平均奖励: -3.9696, 成功率: 100.0%
  optimizer steps: 12, KL: 0.005860
  累计RL时间: 1010.06s
Epoch 36/600
  rollouts: 49, samples: 482
  平均奖励: 0.0507, 成功率: 91.8%
  optimizer steps: 12, KL: 0.005558
  累计RL时间: 1037.29s
Epoch 37/600
  rollouts: 48, samples: 480
  平均奖励: -3.9469, 成功率: 100.0%
  optimizer steps: 12, KL: 0.005207
  累计RL时间: 1066.26s
Epoch 38/600
  rollouts: 49, samples: 485
  平均奖励: 0.1731, 成功率: 93.9%
  optimizer steps: 14, KL: 0.005300
  累计RL时间: 1095.26s
Epoch 39/600
  rollouts: 49, samples: 481
  平均奖励: -2.4248, 成功率: 93.9%
  optimizer steps: 13, KL: 0.005793
  累计RL时间: 1123.19s
Epoch 40/600
  rollouts: 49, samples: 483
  平均奖励: -3.3469, 成功率: 93.9%
  optimizer steps: 9, KL: 0.004578
  累计RL时间: 1150.67s
Epoch 41/600
  rollouts: 49, samples: 489
  平均奖励: -3.9819, 成功率: 98.0%
  optimizer steps: 9, KL: 0.004810
  累计RL时间: 1179.59s
Epoch 42/600
  rollouts: 49, samples: 487
  平均奖励: -1.3887, 成功率: 98.0%
  optimizer steps: 10, KL: 0.004281
  累计RL时间: 1208.37s
Epoch 43/600
  rollouts: 49, samples: 486
  平均奖励: -0.2648, 成功率: 95.9%
  optimizer steps: 10, KL: 0.006051
  累计RL时间: 1236.64s
Epoch 44/600
  rollouts: 49, samples: 487
  平均奖励: -2.2390, 成功率: 98.0%
  optimizer steps: 9, KL: 0.004663
  累计RL时间: 1265.40s
Epoch 45/600
  rollouts: 49, samples: 487
  平均奖励: -1.8084, 成功率: 95.9%
  optimizer steps: 8, KL: 0.005518
  累计RL时间: 1294.10s
Epoch 46/600
  rollouts: 49, samples: 488
  平均奖励: -3.3682, 成功率: 98.0%
  optimizer steps: 9, KL: 0.006664
  累计RL时间: 1323.13s
BEST_COST_LAYOUT
  epoch: 47/600, rollout: 2279
  rlplanner_cost: 23.2806
  reward: 14.1737
  温度: 83.7085
  CPLEX平均线长: 17.9171
BEST_LAYOUT
  epoch: 47/600, rollout: 2279
  reward: 14.1737
  温度: 83.7085
  CPLEX平均线长: 17.9171
Epoch 47/600
  rollouts: 49, samples: 485
  平均奖励: -0.4565, 成功率: 93.9%
  optimizer steps: 12, KL: 0.006132
  累计RL时间: 1351.85s
Epoch 48/600
  rollouts: 49, samples: 482
  平均奖励: -0.4554, 成功率: 91.8%
  optimizer steps: 9, KL: 0.005646
  累计RL时间: 1378.85s
Epoch 49/600
  rollouts: 49, samples: 487
  平均奖励: -2.6920, 成功率: 98.0%
  optimizer steps: 11, KL: 0.006502
  累计RL时间: 1407.74s
Epoch 50/600
  rollouts: 49, samples: 486
  平均奖励: -1.2200, 成功率: 95.9%
  optimizer steps: 10, KL: 0.005864
  累计RL时间: 1435.90s
Epoch 51/600
  rollouts: 48, samples: 480
  平均奖励: -2.3213, 成功率: 100.0%
  optimizer steps: 8, KL: 0.005574
  累计RL时间: 1464.82s
Epoch 52/600
  rollouts: 49, samples: 489
  平均奖励: -1.6895, 成功率: 98.0%
  optimizer steps: 9, KL: 0.005231
  累计RL时间: 1494.99s
Epoch 53/600
  rollouts: 49, samples: 488
  平均奖励: -3.3491, 成功率: 98.0%
  optimizer steps: 10, KL: 0.006678
  累计RL时间: 1523.88s
Epoch 54/600
  rollouts: 48, samples: 480
  平均奖励: -0.4857, 成功率: 100.0%
  optimizer steps: 12, KL: 0.006027
  累计RL时间: 1552.78s
Epoch 55/600
  rollouts: 49, samples: 484
  平均奖励: -1.4058, 成功率: 93.9%
  optimizer steps: 11, KL: 0.005900
  累计RL时间: 1580.70s
Epoch 56/600
  rollouts: 49, samples: 482
  平均奖励: 0.6318, 成功率: 91.8%
  optimizer steps: 11, KL: 0.004895
  累计RL时间: 1607.81s
Epoch 57/600
  rollouts: 49, samples: 486
  平均奖励: -2.9450, 成功率: 95.9%
  optimizer steps: 11, KL: 0.003922
  累计RL时间: 1637.42s
Epoch 58/600
  rollouts: 48, samples: 480
  平均奖励: -3.6188, 成功率: 100.0%
  optimizer steps: 9, KL: 0.006054
  累计RL时间: 1666.36s
BEST_LAYOUT
  epoch: 59/600, rollout: 2843
  reward: 14.8620
  温度: 85.0826
  CPLEX平均线长: 16.5284
Epoch 59/600
  rollouts: 48, samples: 480
  平均奖励: -1.0304, 成功率: 100.0%
  optimizer steps: 12, KL: 0.005372
  累计RL时间: 1696.04s
Epoch 60/600
  rollouts: 49, samples: 484
  平均奖励: -1.3040, 成功率: 95.9%
  optimizer steps: 9, KL: 0.005494
  累计RL时间: 1724.50s
Epoch 61/600
  rollouts: 49, samples: 487
  平均奖励: -1.1596, 成功率: 93.9%
  optimizer steps: 9, KL: 0.005253
  累计RL时间: 1752.66s
Epoch 62/600
  rollouts: 49, samples: 483
  平均奖励: -2.9623, 成功率: 93.9%
  optimizer steps: 9, KL: 0.006561
  累计RL时间: 1780.47s
Epoch 63/600
  rollouts: 49, samples: 488
  平均奖励: -2.4282, 成功率: 95.9%
  optimizer steps: 9, KL: 0.005790
  累计RL时间: 1808.96s
Epoch 64/600
  rollouts: 49, samples: 485
  平均奖励: -0.9208, 成功率: 93.9%
  optimizer steps: 10, KL: 0.005533
  累计RL时间: 1838.13s
Epoch 65/600
  rollouts: 49, samples: 487
  平均奖励: -3.6017, 成功率: 98.0%
  optimizer steps: 11, KL: 0.005102
  累计RL时间: 1866.72s
Epoch 66/600
  rollouts: 49, samples: 488
  平均奖励: -1.7711, 成功率: 95.9%
  optimizer steps: 9, KL: 0.005766
  累计RL时间: 1894.99s
Epoch 67/600
  rollouts: 49, samples: 487
  平均奖励: -1.6847, 成功率: 93.9%
  optimizer steps: 10, KL: 0.005995
  累计RL时间: 1923.00s
Epoch 68/600
  rollouts: 49, samples: 483
  平均奖励: -1.8290, 成功率: 93.9%
  optimizer steps: 9, KL: 0.006261
  累计RL时间: 1950.91s
Epoch 69/600
  rollouts: 49, samples: 483
  平均奖励: -2.2654, 成功率: 93.9%
  optimizer steps: 9, KL: 0.005741
  累计RL时间: 1978.65s
Epoch 70/600
  rollouts: 49, samples: 485
  平均奖励: -2.2423, 成功率: 95.9%
  optimizer steps: 9, KL: 0.004286
  累计RL时间: 2008.47s
Epoch 71/600
  rollouts: 48, samples: 480
  平均奖励: -3.5278, 成功率: 100.0%
  optimizer steps: 9, KL: 0.004952
  累计RL时间: 2037.09s
Epoch 72/600
  rollouts: 49, samples: 484
  平均奖励: -2.8612, 成功率: 95.9%
  optimizer steps: 8, KL: 0.005576
  累计RL时间: 2065.73s
Epoch 73/600
  rollouts: 49, samples: 483
  平均奖励: -1.6214, 成功率: 91.8%
  optimizer steps: 10, KL: 0.005534
  累计RL时间: 2092.76s
Epoch 74/600
  rollouts: 49, samples: 488
  平均奖励: -1.5214, 成功率: 95.9%
  optimizer steps: 9, KL: 0.005294
  累计RL时间: 2120.60s
Epoch 75/600
  rollouts: 49, samples: 489
  平均奖励: -5.4300, 成功率: 98.0%
  optimizer steps: 12, KL: 0.006056
  累计RL时间: 2150.22s
Epoch 76/600
  rollouts: 49, samples: 482
  平均奖励: 0.8850, 成功率: 91.8%
  optimizer steps: 16, KL: 0.005338
  累计RL时间: 2177.24s
Epoch 77/600
  rollouts: 49, samples: 489
  平均奖励: -1.5691, 成功率: 98.0%
  optimizer steps: 10, KL: 0.005876
  累计RL时间: 2205.63s
Epoch 78/600
  rollouts: 49, samples: 486
  平均奖励: -0.0595, 成功率: 93.9%
  optimizer steps: 9, KL: 0.006757
  累计RL时间: 2232.98s
Epoch 79/600
  rollouts: 49, samples: 486
  平均奖励: -0.5888, 成功率: 95.9%
  optimizer steps: 8, KL: 0.005055
  累计RL时间: 2260.88s
Epoch 80/600
  rollouts: 49, samples: 484
  平均奖励: -2.2121, 成功率: 95.9%
  optimizer steps: 10, KL: 0.005954
  累计RL时间: 2288.92s
Epoch 81/600
  rollouts: 49, samples: 489
  平均奖励: -1.2895, 成功率: 98.0%
  optimizer steps: 10, KL: 0.005016
  累计RL时间: 2317.66s
Epoch 82/600
  rollouts: 49, samples: 486
  平均奖励: -0.7189, 成功率: 95.9%
  optimizer steps: 10, KL: 0.005744
  累计RL时间: 2346.15s
Epoch 83/600
  rollouts: 48, samples: 480
  平均奖励: -3.6887, 成功率: 100.0%
  optimizer steps: 11, KL: 0.005397
  累计RL时间: 2374.69s
Epoch 84/600
  rollouts: 48, samples: 480
  平均奖励: -0.9222, 成功率: 100.0%
  optimizer steps: 11, KL: 0.005220
  累计RL时间: 2403.25s
Epoch 85/600
  rollouts: 49, samples: 487
  平均奖励: -1.9174, 成功率: 95.9%
  optimizer steps: 9, KL: 0.006869
  累计RL时间: 2431.24s
Epoch 86/600
  rollouts: 48, samples: 480
  平均奖励: -3.0535, 成功率: 100.0%
  optimizer steps: 7, KL: 0.004624
  累计RL时间: 2459.73s
Epoch 87/600
  rollouts: 49, samples: 487
  平均奖励: 0.3581, 成功率: 95.9%
  optimizer steps: 11, KL: 0.004325
  累计RL时间: 2488.12s
Epoch 88/600
  rollouts: 49, samples: 486
  平均奖励: -2.0966, 成功率: 95.9%
  optimizer steps: 12, KL: 0.005577
  累计RL时间: 2516.12s
Epoch 89/600
  rollouts: 49, samples: 487
  平均奖励: -1.6872, 成功率: 98.0%
  optimizer steps: 9, KL: 0.004686
  累计RL时间: 2544.88s
Epoch 90/600
  rollouts: 49, samples: 489
  平均奖励: -4.1478, 成功率: 98.0%
  optimizer steps: 12, KL: 0.005201
  累计RL时间: 2573.57s
Epoch 91/600
  rollouts: 49, samples: 487
  平均奖励: -1.6148, 成功率: 98.0%
  optimizer steps: 13, KL: 0.006099
  累计RL时间: 2602.57s
Epoch 92/600
  rollouts: 49, samples: 484
  平均奖励: -2.7227, 成功率: 91.8%
  optimizer steps: 11, KL: 0.005619
  累计RL时间: 2629.63s
Epoch 93/600
  rollouts: 50, samples: 487
  平均奖励: -0.7469, 成功率: 90.0%
  optimizer steps: 11, KL: 0.005317
  累计RL时间: 2656.34s
Epoch 94/600
  rollouts: 49, samples: 480
  平均奖励: 1.4690, 成功率: 91.8%
  optimizer steps: 11, KL: 0.005425
  累计RL时间: 2683.22s
Epoch 95/600
  rollouts: 49, samples: 485
  平均奖励: -0.9262, 成功率: 93.9%
  optimizer steps: 11, KL: 0.004830
  累计RL时间: 2710.77s
Epoch 96/600
  rollouts: 49, samples: 486
  平均奖励: -1.9226, 成功率: 95.9%
  optimizer steps: 9, KL: 0.005618
  累计RL时间: 2739.23s
Epoch 97/600
  rollouts: 48, samples: 480
  平均奖励: -2.3909, 成功率: 100.0%
  optimizer steps: 10, KL: 0.005396
  累计RL时间: 2768.24s
Epoch 98/600
  rollouts: 49, samples: 489
  平均奖励: -3.7542, 成功率: 98.0%
  optimizer steps: 9, KL: 0.006328
  累计RL时间: 2797.23s
Epoch 99/600
  rollouts: 49, samples: 484
  平均奖励: -1.3479, 成功率: 93.9%
  optimizer steps: 12, KL: 0.005542
  累计RL时间: 2825.25s
Epoch 100/600
  rollouts: 49, samples: 488
  平均奖励: -2.5573, 成功率: 95.9%
  optimizer steps: 11, KL: 0.004905
  累计RL时间: 2853.72s
Epoch 101/600
  rollouts: 49, samples: 485
  平均奖励: -0.4585, 成功率: 95.9%
  optimizer steps: 11, KL: 0.004697
  累计RL时间: 2882.11s
Epoch 102/600
  rollouts: 49, samples: 486
  平均奖励: -2.7844, 成功率: 95.9%
  optimizer steps: 11, KL: 0.005067
  累计RL时间: 2910.51s
Epoch 103/600
  rollouts: 49, samples: 485
  平均奖励: -2.0514, 成功率: 93.9%
  optimizer steps: 8, KL: 0.005829
  累计RL时间: 2937.89s
Epoch 104/600
  rollouts: 49, samples: 485
  平均奖励: -1.2226, 成功率: 95.9%
  optimizer steps: 12, KL: 0.006684
  累计RL时间: 2966.24s
Epoch 105/600
  rollouts: 49, samples: 489
  平均奖励: -3.5611, 成功率: 98.0%
  optimizer steps: 11, KL: 0.004198
  累计RL时间: 2994.84s
Epoch 106/600
  rollouts: 49, samples: 486
  平均奖励: -1.7832, 成功率: 95.9%
  optimizer steps: 11, KL: 0.007121
  累计RL时间: 3023.04s
Epoch 107/600
  rollouts: 49, samples: 483
  平均奖励: -0.0211, 成功率: 93.9%
  optimizer steps: 10, KL: 0.004826
  累计RL时间: 3050.54s
Epoch 108/600
  rollouts: 49, samples: 483
  平均奖励: -0.6563, 成功率: 93.9%
  optimizer steps: 10, KL: 0.004686
  累计RL时间: 3077.78s
Epoch 109/600
  rollouts: 49, samples: 487
  平均奖励: -3.7234, 成功率: 98.0%
  optimizer steps: 10, KL: 0.005844
  累计RL时间: 3106.52s
Epoch 110/600
  rollouts: 49, samples: 487
  平均奖励: -2.0973, 成功率: 98.0%
  optimizer steps: 9, KL: 0.005831
  累计RL时间: 3134.85s
Epoch 111/600
  rollouts: 49, samples: 487
  平均奖励: -2.1136, 成功率: 98.0%
  optimizer steps: 9, KL: 0.006902
  累计RL时间: 3163.58s
Epoch 112/600
  rollouts: 49, samples: 489
  平均奖励: -0.2784, 成功率: 98.0%
  optimizer steps: 10, KL: 0.007138
  累计RL时间: 3192.16s
Epoch 113/600
  rollouts: 49, samples: 486
  平均奖励: -0.7382, 成功率: 95.9%
  optimizer steps: 9, KL: 0.005298
  累计RL时间: 3219.96s
Epoch 114/600
  rollouts: 49, samples: 487
  平均奖励: -0.6239, 成功率: 95.9%
  optimizer steps: 9, KL: 0.005963
  累计RL时间: 3247.88s
Epoch 115/600
  rollouts: 49, samples: 488
  平均奖励: -0.2231, 成功率: 95.9%
  optimizer steps: 7, KL: 0.004327
  累计RL时间: 3275.38s
Epoch 116/600
  rollouts: 49, samples: 489
  平均奖励: -1.8254, 成功率: 98.0%
  optimizer steps: 9, KL: 0.004960
  累计RL时间: 3304.05s
Epoch 117/600
  rollouts: 49, samples: 486
  平均奖励: -1.0122, 成功率: 95.9%
  optimizer steps: 7, KL: 0.005996
  累计RL时间: 3331.58s
Epoch 118/600
  rollouts: 6, samples: 60
  平均奖励: -4.5635, 成功率: 100.0%
  optimizer steps: 6, KL: 0.004143
  累计RL时间: 3335.16s
模型已保存到 /root/placement/flow_tap/baseline/RL/runs/shard4/syn1_seed2/checkpoints/ppo_best.pt
模型已保存到 /root/placement/flow_tap/baseline/RL/runs/shard4/syn1_seed2/checkpoints/ppo_best_cost.pt

======================================================================
训练完成！
  请求epochs: 600
  完整epochs: 117
  已执行epoch轮次: 118
  总rollouts: 5725
  总transitions: 56811
  最终成功率: 96.1%
  最近平均奖励: -1.9084
  optimizer steps: 1241
  终止原因: time_limit
======================================================================

运行时间统计:
  热阻表: 235.027s
  RL求解: 3335.466s
  总时间: 3570.494s
  best layout发现时间: 2026-09-12T01:07:15
  best layout累计RL时间: 1672.795s
  best layout累计总时间: 1907.823s

Model saved to /root/placement/flow_tap/baseline/RL/runs/shard4/syn1_seed2/checkpoints/ppo_best.pt
