command: /root/anaconda3/envs/chipdiffusion/bin/python /root/placement/flow_tap/baseline/RL/train.py --json /root/placement/flow_tap/baseline/RL/examples/xerox8_m.json --name xerox8_m_seed3 --runs-dir /root/placement/flow_tap/baseline/RL/runs/shard4 --seed 3 --time_limit_seconds 3600.0 --max_width 51.503402 --max_height 51.503402 --thermal_intp_size 51.503402 --footprint_mode json_first --save_checkpoint --log_interval 1 --force_thermal_tables
started_at: 2026-09-12T11:48:27

使用设备: cuda
Run name: xerox8_m_seed3
Run directory: /root/placement/flow_tap/baseline/RL/runs/shard4/xerox8_m_seed3
Training log: /root/placement/flow_tap/baseline/RL/runs/shard4/xerox8_m_seed3/train.log

生成/检查 fastTM 热阻表...
  热阻表阶段状态: ok
  热阻表阶段耗时: 182.558s
  热阻表日志: /root/placement/flow_tap/baseline/RL/runs/shard4/xerox8_m_seed3/thermal_tables.log
======================================================================
PPO训练 - 芯片布局优化
======================================================================

环境信息:
  芯片数量: 8
  放置顺序: ['E', 'G', 'F', 'H', 'D', 'A', 'C', 'B']
  观察维度: 10
  动作维度: 70000
  rollout batch: 480 transitions
  minibatches: 4
  PPO update epochs: 4
  随机种子: 3
  剩余总时间预算: 3417.4s

开始训练...
----------------------------------------------------------------------
BEST_COST_LAYOUT
  epoch: 1/600, rollout: 1
  rlplanner_cost: 27.3826
  reward: 9.0260
  温度: 80.1028
  CPLEX平均线长: 27.3553
BEST_LAYOUT
  epoch: 1/600, rollout: 1
  reward: 9.0260
  温度: 80.1028
  CPLEX平均线长: 27.3553
BEST_COST_LAYOUT
  epoch: 1/600, rollout: 2
  rlplanner_cost: 21.6051
  reward: 16.4169
  温度: 81.7312
  CPLEX平均线长: 19.8711
BEST_LAYOUT
  epoch: 1/600, rollout: 2
  reward: 16.4169
  温度: 81.7312
  CPLEX平均线长: 19.8711
BEST_COST_LAYOUT
  epoch: 1/600, rollout: 10
  rlplanner_cost: 20.8363
  reward: 15.3252
  温度: 81.6018
  CPLEX平均线长: 19.3008
BEST_LAYOUT
  epoch: 1/600, rollout: 12
  reward: 18.0548
  温度: 79.9064
  CPLEX平均线长: 21.2998
BEST_COST_LAYOUT
  epoch: 1/600, rollout: 16
  rlplanner_cost: 20.1971
  reward: 18.2213
  温度: 82.2161
  CPLEX平均线长: 17.6602
BEST_LAYOUT
  epoch: 1/600, rollout: 16
  reward: 18.2213
  温度: 82.2161
  CPLEX平均线长: 17.6602
BEST_COST_LAYOUT
  epoch: 1/600, rollout: 20
  rlplanner_cost: 19.4652
  reward: 17.5155
  温度: 78.9937
  CPLEX平均线长: 19.4652
BEST_COST_LAYOUT
  epoch: 1/600, rollout: 52
  rlplanner_cost: 19.3511
  reward: 16.4800
  温度: 81.2681
  CPLEX平均线长: 18.2883
Epoch 1/600
  rollouts: 61, samples: 484
  平均奖励: 11.2672, 成功率: 98.4%
  optimizer steps: 16, KL: 0.000308
  累计RL时间: 25.90s
BEST_COST_LAYOUT
  epoch: 2/600, rollout: 63
  rlplanner_cost: 18.8110
  reward: 16.2284
  温度: 79.8897
  CPLEX平均线长: 18.8110
BEST_COST_LAYOUT
  epoch: 2/600, rollout: 81
  rlplanner_cost: 18.1264
  reward: 16.6979
  温度: 79.8108
  CPLEX平均线长: 18.1264
BEST_LAYOUT
  epoch: 2/600, rollout: 98
  reward: 19.9269
  温度: 78.3835
  CPLEX平均线长: 19.5684
BEST_COST_LAYOUT
  epoch: 2/600, rollout: 106
  rlplanner_cost: 17.4876
  reward: 17.1314
  温度: 79.5711
  CPLEX平均线长: 17.4876
BEST_COST_LAYOUT
  epoch: 2/600, rollout: 113
  rlplanner_cost: 16.9084
  reward: 19.7704
  温度: 77.7728
  CPLEX平均线长: 16.9084
Epoch 2/600
  rollouts: 60, samples: 480
  平均奖励: 11.4435, 成功率: 100.0%
  optimizer steps: 16, KL: 0.000796
  累计RL时间: 49.26s
BEST_COST_LAYOUT
  epoch: 3/600, rollout: 123
  rlplanner_cost: 15.0360
  reward: 22.9407
  温度: 78.2689
  CPLEX平均线长: 15.0360
BEST_LAYOUT
  epoch: 3/600, rollout: 123
  reward: 22.9407
  温度: 78.2689
  CPLEX平均线长: 15.0360
Epoch 3/600
  rollouts: 60, samples: 480
  平均奖励: 11.8050, 成功率: 100.0%
  optimizer steps: 16, KL: 0.001808
  累计RL时间: 71.19s
Epoch 4/600
  rollouts: 60, samples: 480
  平均奖励: 11.0922, 成功率: 100.0%
  optimizer steps: 16, KL: 0.003795
  累计RL时间: 92.74s
Epoch 5/600
  rollouts: 61, samples: 480
  平均奖励: 10.8316, 成功率: 96.7%
  optimizer steps: 16, KL: 0.005523
  累计RL时间: 113.91s
Epoch 6/600
  rollouts: 60, samples: 480
  平均奖励: 10.1655, 成功率: 100.0%
  optimizer steps: 13, KL: 0.004612
  累计RL时间: 135.31s
Epoch 7/600
  rollouts: 60, samples: 480
  平均奖励: 11.2652, 成功率: 100.0%
  optimizer steps: 13, KL: 0.004597
  累计RL时间: 156.80s
Epoch 8/600
  rollouts: 60, samples: 480
  平均奖励: 10.6866, 成功率: 100.0%
  optimizer steps: 13, KL: 0.005981
  累计RL时间: 179.13s
Epoch 9/600
  rollouts: 60, samples: 480
  平均奖励: 10.8347, 成功率: 100.0%
  optimizer steps: 14, KL: 0.005091
  累计RL时间: 200.55s
Epoch 10/600
  rollouts: 61, samples: 484
  平均奖励: 10.9852, 成功率: 98.4%
  optimizer steps: 15, KL: 0.006051
  累计RL时间: 222.10s
Epoch 11/600
  rollouts: 60, samples: 480
  平均奖励: 11.0209, 成功率: 100.0%
  optimizer steps: 13, KL: 0.005116
  累计RL时间: 243.73s
Epoch 12/600
  rollouts: 60, samples: 480
  平均奖励: 11.0060, 成功率: 100.0%
  optimizer steps: 13, KL: 0.005971
  累计RL时间: 265.17s
Epoch 13/600
  rollouts: 60, samples: 480
  平均奖励: 11.5142, 成功率: 100.0%
  optimizer steps: 12, KL: 0.005023
  累计RL时间: 286.50s
Epoch 14/600
  rollouts: 60, samples: 480
  平均奖励: 11.1661, 成功率: 100.0%
  optimizer steps: 14, KL: 0.005757
  累计RL时间: 307.82s
Epoch 15/600
  rollouts: 60, samples: 480
  平均奖励: 10.4707, 成功率: 100.0%
  optimizer steps: 13, KL: 0.004966
  累计RL时间: 330.26s
Epoch 16/600
  rollouts: 61, samples: 484
  平均奖励: 10.6553, 成功率: 98.4%
  optimizer steps: 13, KL: 0.005021
  累计RL时间: 351.81s
Epoch 17/600
  rollouts: 60, samples: 480
  平均奖励: 9.8625, 成功率: 100.0%
  optimizer steps: 14, KL: 0.005986
  累计RL时间: 372.93s
Epoch 18/600
  rollouts: 62, samples: 484
  平均奖励: 10.7274, 成功率: 95.2%
  optimizer steps: 13, KL: 0.004754
  累计RL时间: 393.76s
BEST_COST_LAYOUT
  epoch: 19/600, rollout: 1091
  rlplanner_cost: 14.3061
  reward: 23.9711
  温度: 79.5361
  CPLEX平均线长: 14.3061
BEST_LAYOUT
  epoch: 19/600, rollout: 1091
  reward: 23.9711
  温度: 79.5361
  CPLEX平均线长: 14.3061
Epoch 19/600
  rollouts: 60, samples: 480
  平均奖励: 11.5249, 成功率: 100.0%
  optimizer steps: 13, KL: 0.005194
  累计RL时间: 415.55s
Epoch 20/600
  rollouts: 60, samples: 480
  平均奖励: 12.3585, 成功率: 100.0%
  optimizer steps: 12, KL: 0.005149
  累计RL时间: 436.59s
Epoch 21/600
  rollouts: 60, samples: 480
  平均奖励: 11.3035, 成功率: 100.0%
  optimizer steps: 13, KL: 0.005172
  累计RL时间: 458.03s
Epoch 22/600
  rollouts: 61, samples: 484
  平均奖励: 11.0065, 成功率: 98.4%
  optimizer steps: 12, KL: 0.004968
  累计RL时间: 479.51s
Epoch 23/600
  rollouts: 60, samples: 480
  平均奖励: 11.6193, 成功率: 100.0%
  optimizer steps: 13, KL: 0.005720
  累计RL时间: 500.71s
Epoch 24/600
  rollouts: 60, samples: 480
  平均奖励: 11.2914, 成功率: 100.0%
  optimizer steps: 12, KL: 0.005106
  累计RL时间: 522.00s
Epoch 25/600
  rollouts: 60, samples: 480
  平均奖励: 11.0374, 成功率: 100.0%
  optimizer steps: 11, KL: 0.005853
  累计RL时间: 543.32s
Epoch 26/600
  rollouts: 61, samples: 484
  平均奖励: 11.8619, 成功率: 98.4%
  optimizer steps: 12, KL: 0.004828
  累计RL时间: 564.66s
Epoch 27/600
  rollouts: 61, samples: 484
  平均奖励: 12.5219, 成功率: 98.4%
  optimizer steps: 11, KL: 0.005015
  累计RL时间: 585.80s
Epoch 28/600
  rollouts: 60, samples: 480
  平均奖励: 11.0973, 成功率: 100.0%
  optimizer steps: 13, KL: 0.005077
  累计RL时间: 607.13s
Epoch 29/600
  rollouts: 60, samples: 480
  平均奖励: 11.5731, 成功率: 100.0%
  optimizer steps: 13, KL: 0.005166
  累计RL时间: 628.41s
Epoch 30/600
  rollouts: 60, samples: 480
  平均奖励: 11.4012, 成功率: 100.0%
  optimizer steps: 12, KL: 0.005080
  累计RL时间: 650.72s
Epoch 31/600
  rollouts: 60, samples: 480
  平均奖励: 12.0443, 成功率: 100.0%
  optimizer steps: 12, KL: 0.005508
  累计RL时间: 671.78s
Epoch 32/600
  rollouts: 60, samples: 480
  平均奖励: 11.8752, 成功率: 100.0%
  optimizer steps: 10, KL: 0.005005
  累计RL时间: 692.79s
Epoch 33/600
  rollouts: 60, samples: 480
  平均奖励: 11.5637, 成功率: 100.0%
  optimizer steps: 10, KL: 0.005225
  累计RL时间: 713.74s
Epoch 34/600
  rollouts: 60, samples: 480
  平均奖励: 10.7907, 成功率: 100.0%
  optimizer steps: 11, KL: 0.005674
  累计RL时间: 734.87s
Epoch 35/600
  rollouts: 60, samples: 480
  平均奖励: 12.2776, 成功率: 100.0%
  optimizer steps: 13, KL: 0.006039
  累计RL时间: 755.80s
Epoch 36/600
  rollouts: 60, samples: 480
  平均奖励: 11.4696, 成功率: 100.0%
  optimizer steps: 11, KL: 0.005240
  累计RL时间: 776.78s
Epoch 37/600
  rollouts: 61, samples: 480
  平均奖励: 11.4661, 成功率: 96.7%
  optimizer steps: 11, KL: 0.004887
  累计RL时间: 797.95s
Epoch 38/600
  rollouts: 60, samples: 480
  平均奖励: 11.7442, 成功率: 100.0%
  optimizer steps: 10, KL: 0.005298
  累计RL时间: 818.69s
Epoch 39/600
  rollouts: 60, samples: 480
  平均奖励: 12.1107, 成功率: 100.0%
  optimizer steps: 11, KL: 0.005330
  累计RL时间: 840.21s
Epoch 40/600
  rollouts: 60, samples: 480
  平均奖励: 10.9287, 成功率: 100.0%
  optimizer steps: 11, KL: 0.004892
  累计RL时间: 861.20s
Epoch 41/600
  rollouts: 60, samples: 480
  平均奖励: 11.8458, 成功率: 100.0%
  optimizer steps: 12, KL: 0.005105
  累计RL时间: 882.04s
Epoch 42/600
  rollouts: 60, samples: 480
  平均奖励: 10.9516, 成功率: 100.0%
  optimizer steps: 13, KL: 0.005690
  累计RL时间: 903.25s
Epoch 43/600
  rollouts: 60, samples: 480
  平均奖励: 10.6783, 成功率: 100.0%
  optimizer steps: 10, KL: 0.005184
  累计RL时间: 924.61s
Epoch 44/600
  rollouts: 60, samples: 480
  平均奖励: 10.9856, 成功率: 100.0%
  optimizer steps: 9, KL: 0.004737
  累计RL时间: 945.47s
Epoch 45/600
  rollouts: 60, samples: 480
  平均奖励: 11.7342, 成功率: 100.0%
  optimizer steps: 11, KL: 0.006003
  累计RL时间: 967.11s
Epoch 46/600
  rollouts: 60, samples: 480
  平均奖励: 11.9912, 成功率: 100.0%
  optimizer steps: 9, KL: 0.004410
  累计RL时间: 988.15s
Epoch 47/600
  rollouts: 60, samples: 480
  平均奖励: 11.2045, 成功率: 100.0%
  optimizer steps: 11, KL: 0.006218
  累计RL时间: 1009.03s
Epoch 48/600
  rollouts: 60, samples: 480
  平均奖励: 11.5811, 成功率: 100.0%
  optimizer steps: 11, KL: 0.005146
  累计RL时间: 1030.07s
Epoch 49/600
  rollouts: 60, samples: 480
  平均奖励: 13.2523, 成功率: 100.0%
  optimizer steps: 11, KL: 0.004570
  累计RL时间: 1051.19s
Epoch 50/600
  rollouts: 61, samples: 484
  平均奖励: 12.1976, 成功率: 98.4%
  optimizer steps: 11, KL: 0.004505
  累计RL时间: 1072.00s
Epoch 51/600
  rollouts: 60, samples: 480
  平均奖励: 12.7232, 成功率: 100.0%
  optimizer steps: 11, KL: 0.004703
  累计RL时间: 1092.96s
Epoch 52/600
  rollouts: 60, samples: 480
  平均奖励: 12.8202, 成功率: 100.0%
  optimizer steps: 10, KL: 0.004958
  累计RL时间: 1114.05s
Epoch 53/600
  rollouts: 60, samples: 480
  平均奖励: 11.0840, 成功率: 100.0%
  optimizer steps: 11, KL: 0.004714
  累计RL时间: 1135.05s
Epoch 54/600
  rollouts: 60, samples: 480
  平均奖励: 12.3911, 成功率: 100.0%
  optimizer steps: 11, KL: 0.004440
  累计RL时间: 1156.01s
Epoch 55/600
  rollouts: 61, samples: 484
  平均奖励: 11.6789, 成功率: 98.4%
  optimizer steps: 12, KL: 0.005738
  累计RL时间: 1177.10s
Epoch 56/600
  rollouts: 60, samples: 480
  平均奖励: 12.5142, 成功率: 100.0%
  optimizer steps: 11, KL: 0.005305
  累计RL时间: 1198.09s
Epoch 57/600
  rollouts: 60, samples: 480
  平均奖励: 11.9562, 成功率: 100.0%
  optimizer steps: 11, KL: 0.005951
  累计RL时间: 1219.11s
Epoch 58/600
  rollouts: 61, samples: 484
  平均奖励: 11.7879, 成功率: 98.4%
  optimizer steps: 9, KL: 0.005855
  累计RL时间: 1240.76s
Epoch 59/600
  rollouts: 60, samples: 480
  平均奖励: 11.9662, 成功率: 100.0%
  optimizer steps: 9, KL: 0.004790
  累计RL时间: 1261.78s
Epoch 60/600
  rollouts: 60, samples: 480
  平均奖励: 12.3065, 成功率: 100.0%
  optimizer steps: 10, KL: 0.005485
  累计RL时间: 1282.82s
Epoch 61/600
  rollouts: 60, samples: 480
  平均奖励: 11.8476, 成功率: 100.0%
  optimizer steps: 9, KL: 0.004613
  累计RL时间: 1303.65s
Epoch 62/600
  rollouts: 60, samples: 480
  平均奖励: 11.9487, 成功率: 100.0%
  optimizer steps: 10, KL: 0.006096
  累计RL时间: 1324.53s
Epoch 63/600
  rollouts: 60, samples: 480
  平均奖励: 12.2721, 成功率: 100.0%
  optimizer steps: 10, KL: 0.005524
  累计RL时间: 1345.43s
Epoch 64/600
  rollouts: 60, samples: 480
  平均奖励: 12.0958, 成功率: 100.0%
  optimizer steps: 10, KL: 0.005870
  累计RL时间: 1367.24s
Epoch 65/600
  rollouts: 61, samples: 484
  平均奖励: 12.3762, 成功率: 98.4%
  optimizer steps: 10, KL: 0.005330
  累计RL时间: 1388.29s
Epoch 66/600
  rollouts: 60, samples: 480
  平均奖励: 12.2756, 成功率: 100.0%
  optimizer steps: 11, KL: 0.005539
  累计RL时间: 1409.40s
Epoch 67/600
  rollouts: 60, samples: 480
  平均奖励: 11.8855, 成功率: 100.0%
  optimizer steps: 9, KL: 0.004784
  累计RL时间: 1430.32s
BEST_LAYOUT
  epoch: 68/600, rollout: 4056
  reward: 24.8056
  温度: 78.2891
  CPLEX平均线长: 14.7971
Epoch 68/600
  rollouts: 60, samples: 480
  平均奖励: 12.7103, 成功率: 100.0%
  optimizer steps: 10, KL: 0.004654
  累计RL时间: 1451.95s
BEST_COST_LAYOUT
  epoch: 69/600, rollout: 4144
  rlplanner_cost: 13.3914
  reward: 21.2701
  温度: 77.6287
  CPLEX平均线长: 13.3914
Epoch 69/600
  rollouts: 60, samples: 480
  平均奖励: 12.7529, 成功率: 100.0%
  optimizer steps: 11, KL: 0.005302
  累计RL时间: 1473.52s
Epoch 70/600
  rollouts: 60, samples: 480
  平均奖励: 12.2977, 成功率: 100.0%
  optimizer steps: 10, KL: 0.004756
  累计RL时间: 1494.59s
Epoch 71/600
  rollouts: 60, samples: 480
  平均奖励: 12.4308, 成功率: 100.0%
  optimizer steps: 11, KL: 0.005198
  累计RL时间: 1515.90s
Epoch 72/600
  rollouts: 61, samples: 480
  平均奖励: 11.5935, 成功率: 96.7%
  optimizer steps: 11, KL: 0.005049
  累计RL时间: 1536.88s
Epoch 73/600
  rollouts: 61, samples: 484
  平均奖励: 11.6548, 成功率: 98.4%
  optimizer steps: 11, KL: 0.006042
  累计RL时间: 1558.24s
Epoch 74/600
  rollouts: 60, samples: 480
  平均奖励: 12.7083, 成功率: 100.0%
  optimizer steps: 10, KL: 0.004895
  累计RL时间: 1579.41s
Epoch 75/600
  rollouts: 60, samples: 480
  平均奖励: 12.9328, 成功率: 100.0%
  optimizer steps: 9, KL: 0.005252
  累计RL时间: 1600.67s
Epoch 76/600
  rollouts: 60, samples: 480
  平均奖励: 12.4142, 成功率: 100.0%
  optimizer steps: 10, KL: 0.004726
  累计RL时间: 1622.03s
Epoch 77/600
  rollouts: 60, samples: 480
  平均奖励: 11.8797, 成功率: 100.0%
  optimizer steps: 11, KL: 0.005907
  累计RL时间: 1643.14s
Epoch 78/600
  rollouts: 60, samples: 480
  平均奖励: 13.7485, 成功率: 100.0%
  optimizer steps: 13, KL: 0.005455
  累计RL时间: 1664.62s
Epoch 79/600
  rollouts: 60, samples: 480
  平均奖励: 12.4217, 成功率: 100.0%
  optimizer steps: 13, KL: 0.004945
  累计RL时间: 1686.85s
Epoch 80/600
  rollouts: 61, samples: 484
  平均奖励: 13.1260, 成功率: 98.4%
  optimizer steps: 14, KL: 0.005439
  累计RL时间: 1709.36s
Epoch 81/600
  rollouts: 60, samples: 480
  平均奖励: 12.6054, 成功率: 100.0%
  optimizer steps: 12, KL: 0.004529
  累计RL时间: 1730.44s
Epoch 82/600
  rollouts: 60, samples: 480
  平均奖励: 11.7465, 成功率: 100.0%
  optimizer steps: 9, KL: 0.004785
  累计RL时间: 1751.63s
Epoch 83/600
  rollouts: 60, samples: 480
  平均奖励: 12.5520, 成功率: 100.0%
  optimizer steps: 11, KL: 0.004742
  累计RL时间: 1772.54s
Epoch 84/600
  rollouts: 60, samples: 480
  平均奖励: 12.4479, 成功率: 100.0%
  optimizer steps: 11, KL: 0.005619
  累计RL时间: 1793.73s
Epoch 85/600
  rollouts: 60, samples: 480
  平均奖励: 12.5069, 成功率: 100.0%
  optimizer steps: 10, KL: 0.004907
  累计RL时间: 1814.53s
Epoch 86/600
  rollouts: 60, samples: 480
  平均奖励: 13.5899, 成功率: 100.0%
  optimizer steps: 12, KL: 0.006073
  累计RL时间: 1835.61s
Epoch 87/600
  rollouts: 60, samples: 480
  平均奖励: 12.3308, 成功率: 100.0%
  optimizer steps: 12, KL: 0.004968
  累计RL时间: 1857.04s
Epoch 88/600
  rollouts: 60, samples: 480
  平均奖励: 12.8266, 成功率: 100.0%
  optimizer steps: 13, KL: 0.005913
  累计RL时间: 1878.23s
Epoch 89/600
  rollouts: 60, samples: 480
  平均奖励: 12.2508, 成功率: 100.0%
  optimizer steps: 11, KL: 0.004621
  累计RL时间: 1899.30s
Epoch 90/600
  rollouts: 61, samples: 484
  平均奖励: 12.0761, 成功率: 98.4%
  optimizer steps: 11, KL: 0.005913
  累计RL时间: 1920.20s
Epoch 91/600
  rollouts: 60, samples: 480
  平均奖励: 12.6179, 成功率: 100.0%
  optimizer steps: 10, KL: 0.005675
  累计RL时间: 1941.01s
Epoch 92/600
  rollouts: 61, samples: 484
  平均奖励: 12.9492, 成功率: 98.4%
  optimizer steps: 11, KL: 0.005294
  累计RL时间: 1963.19s
BEST_COST_LAYOUT
  epoch: 93/600, rollout: 5591
  rlplanner_cost: 12.9870
  reward: 21.8525
  温度: 79.9728
  CPLEX平均线长: 12.9870
Epoch 93/600
  rollouts: 60, samples: 480
  平均奖励: 12.1604, 成功率: 100.0%
  optimizer steps: 12, KL: 0.005149
  累计RL时间: 1984.97s
Epoch 94/600
  rollouts: 60, samples: 480
  平均奖励: 14.1341, 成功率: 100.0%
  optimizer steps: 15, KL: 0.004849
  累计RL时间: 2005.92s
Epoch 95/600
  rollouts: 60, samples: 480
  平均奖励: 13.1903, 成功率: 100.0%
  optimizer steps: 13, KL: 0.005827
  累计RL时间: 2026.90s
Epoch 96/600
  rollouts: 60, samples: 480
  平均奖励: 11.6056, 成功率: 100.0%
  optimizer steps: 11, KL: 0.005646
  累计RL时间: 2048.44s
Epoch 97/600
  rollouts: 60, samples: 480
  平均奖励: 12.3702, 成功率: 100.0%
  optimizer steps: 11, KL: 0.004783
  累计RL时间: 2069.25s
Epoch 98/600
  rollouts: 60, samples: 480
  平均奖励: 12.6665, 成功率: 100.0%
  optimizer steps: 11, KL: 0.006005
  累计RL时间: 2090.27s
Epoch 99/600
  rollouts: 60, samples: 480
  平均奖励: 12.2525, 成功率: 100.0%
  optimizer steps: 11, KL: 0.006068
  累计RL时间: 2112.98s
Epoch 100/600
  rollouts: 60, samples: 480
  平均奖励: 13.2130, 成功率: 100.0%
  optimizer steps: 11, KL: 0.005540
  累计RL时间: 2133.70s
Epoch 101/600
  rollouts: 60, samples: 480
  平均奖励: 12.9995, 成功率: 100.0%
  optimizer steps: 10, KL: 0.005206
  累计RL时间: 2154.60s
Epoch 102/600
  rollouts: 60, samples: 480
  平均奖励: 13.0420, 成功率: 100.0%
  optimizer steps: 9, KL: 0.005295
  累计RL时间: 2175.71s
Epoch 103/600
  rollouts: 60, samples: 480
  平均奖励: 12.9445, 成功率: 100.0%
  optimizer steps: 10, KL: 0.005636
  累计RL时间: 2196.20s
Epoch 104/600
  rollouts: 61, samples: 484
  平均奖励: 12.7286, 成功率: 98.4%
  optimizer steps: 10, KL: 0.005719
  累计RL时间: 2217.42s
Epoch 105/600
  rollouts: 60, samples: 480
  平均奖励: 12.5459, 成功率: 100.0%
  optimizer steps: 9, KL: 0.004452
  累计RL时间: 2238.56s
Epoch 106/600
  rollouts: 60, samples: 480
  平均奖励: 13.6442, 成功率: 100.0%
  optimizer steps: 12, KL: 0.005661
  累计RL时间: 2259.62s
Epoch 107/600
  rollouts: 60, samples: 480
  平均奖励: 13.2211, 成功率: 100.0%
  optimizer steps: 11, KL: 0.005543
  累计RL时间: 2281.27s
Epoch 108/600
  rollouts: 60, samples: 480
  平均奖励: 12.3790, 成功率: 100.0%
  optimizer steps: 10, KL: 0.006454
  累计RL时间: 2302.20s
Epoch 109/600
  rollouts: 60, samples: 480
  平均奖励: 12.9184, 成功率: 100.0%
  optimizer steps: 10, KL: 0.004816
  累计RL时间: 2323.97s
Epoch 110/600
  rollouts: 60, samples: 480
  平均奖励: 13.2527, 成功率: 100.0%
  optimizer steps: 9, KL: 0.005122
  累计RL时间: 2346.24s
Epoch 111/600
  rollouts: 61, samples: 484
  平均奖励: 12.7455, 成功率: 98.4%
  optimizer steps: 11, KL: 0.006047
  累计RL时间: 2367.42s
Epoch 112/600
  rollouts: 60, samples: 480
  平均奖励: 12.6440, 成功率: 100.0%
  optimizer steps: 10, KL: 0.004606
  累计RL时间: 2388.50s
Epoch 113/600
  rollouts: 61, samples: 484
  平均奖励: 12.8783, 成功率: 98.4%
  optimizer steps: 9, KL: 0.004596
  累计RL时间: 2409.81s
Epoch 114/600
  rollouts: 61, samples: 484
  平均奖励: 13.2688, 成功率: 98.4%
  optimizer steps: 10, KL: 0.005820
  累计RL时间: 2430.93s
Epoch 115/600
  rollouts: 60, samples: 480
  平均奖励: 13.7073, 成功率: 100.0%
  optimizer steps: 10, KL: 0.005183
  累计RL时间: 2452.09s
Epoch 116/600
  rollouts: 60, samples: 480
  平均奖励: 12.1291, 成功率: 100.0%
  optimizer steps: 14, KL: 0.005109
  累计RL时间: 2473.57s
Epoch 117/600
  rollouts: 61, samples: 484
  平均奖励: 13.6373, 成功率: 98.4%
  optimizer steps: 14, KL: 0.005298
  累计RL时间: 2495.50s
Epoch 118/600
  rollouts: 60, samples: 480
  平均奖励: 13.7668, 成功率: 100.0%
  optimizer steps: 9, KL: 0.004766
  累计RL时间: 2517.22s
Epoch 119/600
  rollouts: 60, samples: 480
  平均奖励: 12.2391, 成功率: 100.0%
  optimizer steps: 11, KL: 0.004880
  累计RL时间: 2538.57s
Epoch 120/600
  rollouts: 61, samples: 484
  平均奖励: 12.8564, 成功率: 98.4%
  optimizer steps: 11, KL: 0.005837
  累计RL时间: 2559.99s
Epoch 121/600
  rollouts: 61, samples: 484
  平均奖励: 13.4990, 成功率: 98.4%
  optimizer steps: 10, KL: 0.006784
  累计RL时间: 2582.14s
Epoch 122/600
  rollouts: 60, samples: 480
  平均奖励: 13.3023, 成功率: 100.0%
  optimizer steps: 9, KL: 0.004999
  累计RL时间: 2603.00s
Epoch 123/600
  rollouts: 61, samples: 484
  平均奖励: 12.5849, 成功率: 98.4%
  optimizer steps: 9, KL: 0.004949
  累计RL时间: 2625.07s
Epoch 124/600
  rollouts: 61, samples: 484
  平均奖励: 13.0633, 成功率: 98.4%
  optimizer steps: 10, KL: 0.004712
  累计RL时间: 2646.09s
Epoch 125/600
  rollouts: 60, samples: 480
  平均奖励: 13.3948, 成功率: 100.0%
  optimizer steps: 9, KL: 0.005005
  累计RL时间: 2667.16s
BEST_LAYOUT
  epoch: 126/600, rollout: 7552
  reward: 24.8119
  温度: 79.7636
  CPLEX平均线长: 14.2752
Epoch 126/600
  rollouts: 60, samples: 480
  平均奖励: 13.5390, 成功率: 100.0%
  optimizer steps: 10, KL: 0.006119
  累计RL时间: 2688.49s
Epoch 127/600
  rollouts: 60, samples: 480
  平均奖励: 13.0132, 成功率: 100.0%
  optimizer steps: 10, KL: 0.004835
  累计RL时间: 2709.31s
Epoch 128/600
  rollouts: 60, samples: 480
  平均奖励: 12.6121, 成功率: 100.0%
  optimizer steps: 10, KL: 0.005264
  累计RL时间: 2730.38s
Epoch 129/600
  rollouts: 60, samples: 480
  平均奖励: 13.2910, 成功率: 100.0%
  optimizer steps: 10, KL: 0.004705
  累计RL时间: 2751.36s
Epoch 130/600
  rollouts: 60, samples: 480
  平均奖励: 12.6818, 成功率: 100.0%
  optimizer steps: 9, KL: 0.004235
  累计RL时间: 2772.83s
BEST_LAYOUT
  epoch: 131/600, rollout: 7850
  reward: 26.3937
  温度: 80.6859
  CPLEX平均线长: 14.4130
Epoch 131/600
  rollouts: 60, samples: 480
  平均奖励: 13.7183, 成功率: 100.0%
  optimizer steps: 13, KL: 0.005355
  累计RL时间: 2794.31s
Epoch 132/600
  rollouts: 61, samples: 484
  平均奖励: 12.5578, 成功率: 98.4%
  optimizer steps: 14, KL: 0.005388
  累计RL时间: 2815.36s
Epoch 133/600
  rollouts: 60, samples: 480
  平均奖励: 13.2789, 成功率: 100.0%
  optimizer steps: 13, KL: 0.005981
  累计RL时间: 2836.50s
Epoch 134/600
  rollouts: 61, samples: 484
  平均奖励: 12.3526, 成功率: 98.4%
  optimizer steps: 11, KL: 0.004403
  累计RL时间: 2857.52s
Epoch 135/600
  rollouts: 61, samples: 484
  平均奖励: 13.6507, 成功率: 98.4%
  optimizer steps: 14, KL: 0.006026
  累计RL时间: 2879.69s
Epoch 136/600
  rollouts: 60, samples: 480
  平均奖励: 12.8102, 成功率: 100.0%
  optimizer steps: 13, KL: 0.005855
  累计RL时间: 2901.10s
Epoch 137/600
  rollouts: 60, samples: 480
  平均奖励: 13.4400, 成功率: 100.0%
  optimizer steps: 12, KL: 0.005400
  累计RL时间: 2922.12s
Epoch 138/600
  rollouts: 60, samples: 480
  平均奖励: 12.9865, 成功率: 100.0%
  optimizer steps: 11, KL: 0.004756
  累计RL时间: 2943.35s
Epoch 139/600
  rollouts: 60, samples: 480
  平均奖励: 13.7263, 成功率: 100.0%
  optimizer steps: 11, KL: 0.005460
  累计RL时间: 2964.37s
Epoch 140/600
  rollouts: 60, samples: 480
  平均奖励: 13.1650, 成功率: 100.0%
  optimizer steps: 11, KL: 0.005623
  累计RL时间: 2985.68s
Epoch 141/600
  rollouts: 61, samples: 484
  平均奖励: 12.5385, 成功率: 98.4%
  optimizer steps: 10, KL: 0.006533
  累计RL时间: 3006.62s
Epoch 142/600
  rollouts: 60, samples: 480
  平均奖励: 14.2774, 成功率: 100.0%
  optimizer steps: 12, KL: 0.004447
  累计RL时间: 3028.02s
Epoch 143/600
  rollouts: 60, samples: 480
  平均奖励: 13.7331, 成功率: 100.0%
  optimizer steps: 11, KL: 0.004635
  累计RL时间: 3049.15s
Epoch 144/600
  rollouts: 60, samples: 480
  平均奖励: 14.2508, 成功率: 100.0%
  optimizer steps: 10, KL: 0.004921
  累计RL时间: 3070.14s
Epoch 145/600
  rollouts: 60, samples: 480
  平均奖励: 12.7950, 成功率: 100.0%
  optimizer steps: 11, KL: 0.004291
  累计RL时间: 3091.80s
Epoch 146/600
  rollouts: 60, samples: 480
  平均奖励: 13.5029, 成功率: 100.0%
  optimizer steps: 10, KL: 0.004608
  累计RL时间: 3112.99s
Epoch 147/600
  rollouts: 60, samples: 480
  平均奖励: 12.9229, 成功率: 100.0%
  optimizer steps: 13, KL: 0.006874
  累计RL时间: 3135.40s
BEST_LAYOUT
  epoch: 148/600, rollout: 8877
  reward: 27.0517
  温度: 81.0534
  CPLEX平均线长: 14.2530
Epoch 148/600
  rollouts: 60, samples: 480
  平均奖励: 13.5806, 成功率: 100.0%
  optimizer steps: 13, KL: 0.006307
  累计RL时间: 3157.01s
Epoch 149/600
  rollouts: 60, samples: 480
  平均奖励: 14.1957, 成功率: 100.0%
  optimizer steps: 9, KL: 0.005786
  累计RL时间: 3178.24s
Epoch 150/600
  rollouts: 60, samples: 480
  平均奖励: 14.2762, 成功率: 100.0%
  optimizer steps: 9, KL: 0.005470
  累计RL时间: 3199.16s
Epoch 151/600
  rollouts: 60, samples: 480
  平均奖励: 14.2766, 成功率: 100.0%
  optimizer steps: 9, KL: 0.007229
  累计RL时间: 3220.77s
Epoch 152/600
  rollouts: 60, samples: 480
  平均奖励: 14.2271, 成功率: 100.0%
  optimizer steps: 9, KL: 0.005477
  累计RL时间: 3242.22s
Epoch 153/600
  rollouts: 60, samples: 480
  平均奖励: 14.3892, 成功率: 100.0%
  optimizer steps: 9, KL: 0.005704
  累计RL时间: 3263.94s
Epoch 154/600
  rollouts: 60, samples: 480
  平均奖励: 14.1058, 成功率: 100.0%
  optimizer steps: 9, KL: 0.007445
  累计RL时间: 3286.45s
Epoch 155/600
  rollouts: 60, samples: 480
  平均奖励: 13.8112, 成功率: 100.0%
  optimizer steps: 9, KL: 0.004955
  累计RL时间: 3308.15s
Epoch 156/600
  rollouts: 60, samples: 480
  平均奖励: 13.6352, 成功率: 100.0%
  optimizer steps: 9, KL: 0.005909
  累计RL时间: 3328.86s
Epoch 157/600
  rollouts: 60, samples: 480
  平均奖励: 13.9691, 成功率: 100.0%
  optimizer steps: 9, KL: 0.005831
  累计RL时间: 3350.44s
Epoch 158/600
  rollouts: 60, samples: 480
  平均奖励: 14.3754, 成功率: 100.0%
  optimizer steps: 10, KL: 0.005691
  累计RL时间: 3372.23s
Epoch 159/600
  rollouts: 44, samples: 352
  平均奖励: 14.4150, 成功率: 100.0%
  optimizer steps: 9, KL: 0.006895
  累计RL时间: 3387.63s
模型已保存到 /root/placement/flow_tap/baseline/RL/runs/shard4/xerox8_m_seed3/checkpoints/ppo_best.pt
模型已保存到 /root/placement/flow_tap/baseline/RL/runs/shard4/xerox8_m_seed3/checkpoints/ppo_best_cost.pt

======================================================================
训练完成！
  请求epochs: 600
  完整epochs: 158
  已执行epoch轮次: 159
  总rollouts: 9556
  总transitions: 76304
  最终成功率: 99.6%
  最近平均奖励: 12.9727
  optimizer steps: 1782
  终止原因: time_limit
======================================================================

运行时间统计:
  热阻表: 182.558s
  RL求解: 3387.935s
  总时间: 3570.494s
  best layout发现时间: 2026-09-12T12:46:28
  best layout累计RL时间: 3144.415s
  best layout累计总时间: 3326.974s

Model saved to /root/placement/flow_tap/baseline/RL/runs/shard4/xerox8_m_seed3/checkpoints/ppo_best.pt
