{
  "case": "acend910_bump",
  "mode": "thermal",
  "base_seed": 1,
  "status": "completed",
  "error": null,
  "legal_found": true,
  "num_legal": 1,
  "num_illegal": 0,
  "attempts": 1,
  "best_hpwl": 30030463.260370255,
  "twl_m": 30.030463260370254,
  "best_seed": 1,
  "best_legal": true,
  "best_overlaps": 0,
  "best_legalize_method": "milp",
  "best_legalize_s": 0.011554479598999023,
  "total_legalize_s": 0.011554479598999023,
  "runtime_s": 548.1450951099396,
  "attempt_log": [
    {
      "seed": 1,
      "iterations": 100,
      "overlaps": 0,
      "overlaps_raw": 0,
      "hpwl": 30030463.260370255,
      "hpwl_raw": 30030456.0,
      "run_s": 547.3123989105225,
      "legal": true,
      "legalize_method": "milp",
      "legalize_s": 0.011554479598999023,
      "layout_dir": "/root/placement/flow_tap/baseline/ATPlace_pub/result_wlsweep/acend910_bump/wl37/seed1"
    }
  ],
  "layout_json": "/root/placement/flow_tap/baseline/ATPlace_pub/result_wlsweep/acend910_bump/wl37/layout.json",
  "layout_png": "/root/placement/flow_tap/baseline/ATPlace_pub/result_wlsweep/acend910_bump/wl37/layout.png",
  "layout_chiplets": 6,
  "visualized": true
}
