{
  "case": "Case7_bump",
  "mode": "thermal",
  "base_seed": 1,
  "status": "completed",
  "error": null,
  "legal_found": true,
  "num_legal": 1,
  "num_illegal": 0,
  "attempts": 1,
  "best_hpwl": 28463365.78264618,
  "twl_m": 28.46336578264618,
  "best_seed": 1,
  "best_legal": true,
  "best_overlaps": 0,
  "best_legalize_method": "milp",
  "best_legalize_s": 0.060364484786987305,
  "total_legalize_s": 0.060364484786987305,
  "runtime_s": 1261.0519435405731,
  "attempt_log": [
    {
      "seed": 1,
      "iterations": 100,
      "overlaps": 0,
      "overlaps_raw": 0,
      "hpwl": 28463365.78264618,
      "hpwl_raw": 28463316.0,
      "run_s": 1260.129444360733,
      "legal": true,
      "legalize_method": "milp",
      "legalize_s": 0.060364484786987305,
      "layout_dir": "/root/placement/flow_tap/baseline/ATPlace_pub/result_wlsweep_c7/Case7_bump/wl05/seed1"
    }
  ],
  "layout_json": "/root/placement/flow_tap/baseline/ATPlace_pub/result_wlsweep_c7/Case7_bump/wl05/layout.json",
  "layout_png": "/root/placement/flow_tap/baseline/ATPlace_pub/result_wlsweep_c7/Case7_bump/wl05/layout.png",
  "layout_chiplets": 28,
  "visualized": true
}
