{
  "case": "acend910_bump",
  "mode": "thermal",
  "base_seed": 4,
  "status": "completed",
  "error": null,
  "legal_found": true,
  "num_legal": 1,
  "num_illegal": 0,
  "attempts": 1,
  "best_hpwl": 35948970.51949501,
  "twl_m": 35.94897051949501,
  "best_seed": 4,
  "best_legal": true,
  "best_overlaps": 0,
  "best_legalize_method": "milp",
  "best_legalize_s": 0.003548860549926758,
  "total_legalize_s": 0.003548860549926758,
  "runtime_s": 279.86720514297485,
  "attempt_log": [
    {
      "seed": 4,
      "iterations": 100,
      "overlaps": 0,
      "overlaps_raw": 0,
      "hpwl": 35948970.51949501,
      "hpwl_raw": 35948968.0,
      "run_s": 279.4766082763672,
      "legal": true,
      "legalize_method": "milp",
      "legalize_s": 0.003548860549926758,
      "layout_dir": "/root/placement/ATPlace_pub/result/acend910_bump/seed4"
    }
  ],
  "layout_json": "/root/placement/ATPlace_pub/result/acend910_bump/layout.json",
  "layout_png": "/root/placement/ATPlace_pub/result/acend910_bump/layout.png",
  "layout_chiplets": 6,
  "visualized": true
}
