{
  "case": "syn1_bump",
  "mode": "thermal",
  "base_seed": 1,
  "status": "completed",
  "error": null,
  "legal_found": true,
  "num_legal": 1,
  "num_illegal": 0,
  "attempts": 1,
  "best_hpwl": 52563171.62479019,
  "twl_m": 52.56317162479019,
  "best_seed": 1,
  "best_legal": true,
  "best_overlaps": 0,
  "best_legalize_method": "milp",
  "best_legalize_s": 0.06226754188537598,
  "total_legalize_s": 0.06226754188537598,
  "runtime_s": 894.0033557415009,
  "attempt_log": [
    {
      "seed": 1,
      "iterations": 100,
      "overlaps": 0,
      "overlaps_raw": 0,
      "hpwl": 52563171.62479019,
      "hpwl_raw": 52563060.0,
      "run_s": 892.1414377689362,
      "legal": true,
      "legalize_method": "milp",
      "legalize_s": 0.06226754188537598,
      "layout_dir": "/root/placement/flow_tap/baseline/ATPlace_pub/result_wlsweep/syn1_bump/wl11/seed1"
    }
  ],
  "layout_json": "/root/placement/flow_tap/baseline/ATPlace_pub/result_wlsweep/syn1_bump/wl11/layout.json",
  "layout_png": "/root/placement/flow_tap/baseline/ATPlace_pub/result_wlsweep/syn1_bump/wl11/layout.png",
  "layout_chiplets": 10,
  "visualized": true
}
