{
  "case": "xerox6_m_bump",
  "mode": "thermal",
  "base_seed": 1,
  "status": "completed",
  "error": null,
  "legal_found": true,
  "num_legal": 1,
  "num_illegal": 0,
  "attempts": 1,
  "best_hpwl": 54475087.239629745,
  "twl_m": 54.475087239629744,
  "best_seed": 1,
  "best_legal": true,
  "best_overlaps": 0,
  "best_legalize_method": "milp",
  "best_legalize_s": 0.03203463554382324,
  "total_legalize_s": 0.03203463554382324,
  "runtime_s": 524.6927738189697,
  "attempt_log": [
    {
      "seed": 1,
      "iterations": 100,
      "overlaps": 0,
      "overlaps_raw": 0,
      "hpwl": 54475087.239629745,
      "hpwl_raw": 54474808.0,
      "run_s": 523.7009062767029,
      "legal": true,
      "legalize_method": "milp",
      "legalize_s": 0.03203463554382324,
      "layout_dir": "/root/placement/flow_tap/baseline/ATPlace_pub/result_wlsweep/xerox6_m_bump/wl41/seed1"
    }
  ],
  "layout_json": "/root/placement/flow_tap/baseline/ATPlace_pub/result_wlsweep/xerox6_m_bump/wl41/layout.json",
  "layout_png": "/root/placement/flow_tap/baseline/ATPlace_pub/result_wlsweep/xerox6_m_bump/wl41/layout.png",
  "layout_chiplets": 6,
  "visualized": true
}
