[23:35:51] ======================================================================================================================
[23:35:51] RL chiplet placement - all cases x seeds, time-boxed PPO training
[23:35:51]   cases     : Case6,Case7,Case8   seeds: [1, 2, 3, 4, 5]
[23:35:51]   per run   : 3600s TOTAL budget (thermal tables inside the run, regenerated per run)
[23:35:51]   canvas    : footprint area / canvas area = 50.00%  side = sqrt(footprint_area / ratio)
[23:35:51]   runs dir  : /root/placement/flow_tap/baseline/RL/runs/shard1
[23:35:51]   driver log: /root/placement/flow_tap/baseline/RL/runs/shard1/driver_20260911_233551.log
[23:35:51] ======================================================================================================================
[23:35:51] 
[23:35:51] case        chiplets   footprint       body  side(mm) body/canvas fastTM cfg
[23:35:51] Case6             20      1288.7     1232.0     50.77       0.478      False
[23:35:51] Case7             28       379.5      349.2     27.55       0.460      False
[23:35:51] Case8             36       280.3      249.0     23.68       0.444      False
[23:35:52] interpreter : /root/anaconda3/envs/chipdiffusion/bin/python (python 3.10.20)
[23:35:52]   numpy   : 2.2.5
[23:35:52]   torch   : 2.11.0+cu130
[23:35:52]   scipy   : 1.15.3
[23:35:52]   cplex   : 22.1.0.0
[23:35:52]   pandas  : MISSING (optional)
[23:35:52]   cuda     : True NVIDIA GeForce RTX 5090
[23:35:52]   note: pandas is absent, which is fine - compute_temp.py never calls it and
[23:35:52]         env.py/generate_thermal_tables.py already install a stub module.
[23:35:52] 
[23:35:52] ### Case6: side=50.7675mm chiplets=20 footprint=1288.7mm2
[23:35:52]   seeds: [1, 2, 3, 4, 5]
[23:35:52]   seed 1: /root/anaconda3/envs/chipdiffusion/bin/python /root/placement/flow_tap/baseline/RL/train.py --json /root/placement/flow_tap/baseline/RL/examples/Case6.json --name Case6_seed1 ... budget 3600s
[00:35:25]     -> rc=0 wall=3573.3s termination=time_limit rl=3501.5657718940056
[00:35:25]     thermal stage 69.1s (forced=True), RL 3501.5657718940056
[00:35:25]   seed 2: /root/anaconda3/envs/chipdiffusion/bin/python /root/placement/flow_tap/baseline/RL/train.py --json /root/placement/flow_tap/baseline/RL/examples/Case6.json --name Case6_seed2 ... budget 3600s
[01:35:04]     -> rc=0 wall=3573.4s termination=time_limit rl=3501.4335446920013
[01:35:04]     thermal stage 69.5s (forced=True), RL 3501.4335446920013
[01:35:04]   seed 3: /root/anaconda3/envs/chipdiffusion/bin/python /root/placement/flow_tap/baseline/RL/train.py --json /root/placement/flow_tap/baseline/RL/examples/Case6.json --name Case6_seed3 ... budget 3600s
[02:35:38]     -> rc=0 wall=3573.5s termination=time_limit rl=3503.1470251280116
[02:35:38]     thermal stage 67.9s (forced=True), RL 3503.1470251280116
[02:35:38]   seed 4: /root/anaconda3/envs/chipdiffusion/bin/python /root/placement/flow_tap/baseline/RL/train.py --json /root/placement/flow_tap/baseline/RL/examples/Case6.json --name Case6_seed4 ... budget 3600s
[03:36:22]     -> rc=0 wall=3573.4s termination=time_limit rl=3502.626257368014
[03:36:22]     thermal stage 68.3s (forced=True), RL 3502.626257368014
[03:36:22]   seed 5: /root/anaconda3/envs/chipdiffusion/bin/python /root/placement/flow_tap/baseline/RL/train.py --json /root/placement/flow_tap/baseline/RL/examples/Case6.json --name Case6_seed5 ... budget 3600s
[04:37:19]     -> rc=0 wall=3573.4s termination=time_limit rl=3503.042571085971
[04:37:19]     thermal stage 67.9s (forced=True), RL 3503.042571085971
[04:37:19]   best seed 4: cost=54.2216 T=94.25661416514183 avg_wl=22.582708877711287 canvas_util=0.5
[04:37:19] 
[04:37:19] ### Case7: side=27.5497mm chiplets=28 footprint=379.5mm2
[04:37:19]   seeds: [1, 2, 3, 4, 5]
[04:37:19]   seed 1: /root/anaconda3/envs/chipdiffusion/bin/python /root/placement/flow_tap/baseline/RL/train.py --json /root/placement/flow_tap/baseline/RL/examples/Case7.json --name Case7_seed1 ... budget 3600s
[05:38:32]     -> rc=0 wall=3580.6s termination=time_limit rl=3410.7397034739843
[05:38:32]     thermal stage 167.5s (forced=True), RL 3410.7397034739843
[05:38:32]   seed 2: /root/anaconda3/envs/chipdiffusion/bin/python /root/placement/flow_tap/baseline/RL/train.py --json /root/placement/flow_tap/baseline/RL/examples/Case7.json --name Case7_seed2 ... budget 3600s
[06:39:41]     -> rc=0 wall=3579.2s termination=time_limit rl=3411.7170970219886
[06:39:41]     thermal stage 165.3s (forced=True), RL 3411.7170970219886
[06:39:41]   seed 3: /root/anaconda3/envs/chipdiffusion/bin/python /root/placement/flow_tap/baseline/RL/train.py --json /root/placement/flow_tap/baseline/RL/examples/Case7.json --name Case7_seed3 ... budget 3600s
[07:41:04]     -> rc=0 wall=3573.2s termination=time_limit rl=3405.9960291159805
[07:41:04]     thermal stage 164.9s (forced=True), RL 3405.9960291159805
[07:41:04]   seed 4: /root/anaconda3/envs/chipdiffusion/bin/python /root/placement/flow_tap/baseline/RL/train.py --json /root/placement/flow_tap/baseline/RL/examples/Case7.json --name Case7_seed4 ... budget 3600s
[08:42:54]     -> rc=0 wall=3580.3s termination=time_limit rl=3413.619297088997
[08:42:54]     thermal stage 164.3s (forced=True), RL 3413.619297088997
[08:42:54]   seed 5: /root/anaconda3/envs/chipdiffusion/bin/python /root/placement/flow_tap/baseline/RL/train.py --json /root/placement/flow_tap/baseline/RL/examples/Case7.json --name Case7_seed5 ... budget 3600s
[09:44:48]     -> rc=0 wall=3576.3s termination=time_limit rl=3408.146781443036
[09:44:48]     thermal stage 165.8s (forced=True), RL 3408.146781443036
[09:44:48]   best seed 2: cost=10.5002 T=79.41110129666659 avg_wl=10.500206329545454 canvas_util=0.5
[09:44:48] 
[09:44:48] ### Case8: side=23.6774mm chiplets=36 footprint=280.3mm2
[09:44:48]   seeds: [1, 2, 3, 4, 5]
[09:44:48]   seed 1: /root/anaconda3/envs/chipdiffusion/bin/python /root/placement/flow_tap/baseline/RL/train.py --json /root/placement/flow_tap/baseline/RL/examples/Case8.json --name Case8_seed1 ... budget 3600s
[10:47:04]     -> rc=0 wall=3590.3s termination=time_limit rl=3512.833535959013
[10:47:04]     thermal stage 75.2s (forced=True), RL 3512.833535959013
[10:47:04]   seed 2: /root/anaconda3/envs/chipdiffusion/bin/python /root/placement/flow_tap/baseline/RL/train.py --json /root/placement/flow_tap/baseline/RL/examples/Case8.json --name Case8_seed2 ... budget 3600s
[11:49:27]     -> rc=0 wall=3587.3s termination=time_limit rl=3509.5166927099926
[11:49:27]     thermal stage 75.6s (forced=True), RL 3509.5166927099926
[11:49:27]   seed 3: /root/anaconda3/envs/chipdiffusion/bin/python /root/placement/flow_tap/baseline/RL/train.py --json /root/placement/flow_tap/baseline/RL/examples/Case8.json --name Case8_seed3 ... budget 3600s
[12:51:47]     -> rc=0 wall=3577.6s termination=time_limit rl=3500.339222768962
[12:51:47]     thermal stage 75.0s (forced=True), RL 3500.339222768962
[12:51:47]   seed 4: /root/anaconda3/envs/chipdiffusion/bin/python /root/placement/flow_tap/baseline/RL/train.py --json /root/placement/flow_tap/baseline/RL/examples/Case8.json --name Case8_seed4 ... budget 3600s
[13:54:16]     -> rc=0 wall=3580.0s termination=time_limit rl=3502.3185527240275
[13:54:16]     thermal stage 75.4s (forced=True), RL 3502.3185527240275
[13:54:16]   seed 5: /root/anaconda3/envs/chipdiffusion/bin/python /root/placement/flow_tap/baseline/RL/train.py --json /root/placement/flow_tap/baseline/RL/examples/Case8.json --name Case8_seed5 ... budget 3600s
[14:56:53]     -> rc=0 wall=3587.0s termination=time_limit rl=3509.1663002150017
[14:56:53]     thermal stage 75.6s (forced=True), RL 3509.1663002150017
[14:56:53]   best seed 2: cost=10.2507 T=80.1293703272994 avg_wl=10.21345815796472 canvas_util=0.5
[14:56:53] 
[14:56:53] ======================================================================================================================
[14:56:53] case           side seed        cost     avg_wl     T(C)  canvas_u  success          stop
[14:56:53] ----------------------------------------------------------------------------------------------------------------------
[14:56:53] Case6         50.77    4     54.2216      22.58    94.26    0.5000    0.439    time_limit
[14:56:53] Case7         27.55    2     10.5002      10.50    79.41    0.5000    1.000    time_limit
[14:56:53] Case8         23.68    2     10.2507      10.21    80.13    0.5000    1.000    time_limit
[14:56:53] ======================================================================================================================
[14:56:53] summary.json: /root/placement/flow_tap/baseline/RL/runs/shard1/summary.json
[14:56:53] summary.csv : /root/placement/flow_tap/baseline/RL/runs/shard1/summary.csv
[14:56:53] 
[14:56:53] done: 3/3 case(s) produced a cost-ranked best solution, 53680s total
