{
  "case": "hp6_m_bump",
  "mode": "thermal",
  "base_seed": 1,
  "status": "completed",
  "error": null,
  "legal_found": true,
  "num_legal": 1,
  "num_illegal": 0,
  "attempts": 1,
  "best_hpwl": 17402079.54717064,
  "twl_m": 17.40207954717064,
  "best_seed": 1,
  "best_legal": true,
  "best_overlaps": 0,
  "best_legalize_method": "milp",
  "best_legalize_s": 0.01669907569885254,
  "total_legalize_s": 0.01669907569885254,
  "runtime_s": 575.1459317207336,
  "attempt_log": [
    {
      "seed": 1,
      "iterations": 100,
      "overlaps": 0,
      "overlaps_raw": 0,
      "hpwl": 17402079.54717064,
      "hpwl_raw": 17402098.0,
      "run_s": 574.4036457538605,
      "legal": true,
      "legalize_method": "milp",
      "legalize_s": 0.01669907569885254,
      "layout_dir": "/root/placement/flow_tap/baseline/ATPlace_pub/result_wlsweep/hp6_m_bump/wl11/seed1"
    }
  ],
  "layout_json": "/root/placement/flow_tap/baseline/ATPlace_pub/result_wlsweep/hp6_m_bump/wl11/layout.json",
  "layout_png": "/root/placement/flow_tap/baseline/ATPlace_pub/result_wlsweep/hp6_m_bump/wl11/layout.png",
  "layout_chiplets": 6,
  "visualized": true
}
