{
  "case": "xerox6_m_bump",
  "mode": "thermal",
  "base_seed": 1,
  "status": "completed",
  "error": null,
  "legal_found": true,
  "num_legal": 1,
  "num_illegal": 0,
  "attempts": 1,
  "best_hpwl": 47187822.15464592,
  "twl_m": 47.18782215464592,
  "best_seed": 1,
  "best_legal": true,
  "best_overlaps": 0,
  "best_legalize_method": "milp",
  "best_legalize_s": 0.01015329360961914,
  "total_legalize_s": 0.01015329360961914,
  "runtime_s": 520.1337122917175,
  "attempt_log": [
    {
      "seed": 1,
      "iterations": 100,
      "overlaps": 0,
      "overlaps_raw": 0,
      "hpwl": 47187822.15464592,
      "hpwl_raw": 47187648.0,
      "run_s": 519.2496621608734,
      "legal": true,
      "legalize_method": "milp",
      "legalize_s": 0.01015329360961914,
      "layout_dir": "/root/placement/flow_tap/baseline/ATPlace_pub/result_wlsweep/xerox6_m_bump/wl42/seed1"
    }
  ],
  "layout_json": "/root/placement/flow_tap/baseline/ATPlace_pub/result_wlsweep/xerox6_m_bump/wl42/layout.json",
  "layout_png": "/root/placement/flow_tap/baseline/ATPlace_pub/result_wlsweep/xerox6_m_bump/wl42/layout.png",
  "layout_chiplets": 6,
  "visualized": true
}
