{
  "case": "xerox8_m_bump",
  "mode": "thermal",
  "base_seed": 1,
  "status": "completed",
  "error": null,
  "legal_found": true,
  "num_legal": 1,
  "num_illegal": 0,
  "attempts": 1,
  "best_hpwl": 104450407.13966668,
  "twl_m": 104.45040713966668,
  "best_seed": 1,
  "best_legal": true,
  "best_overlaps": 0,
  "best_legalize_method": "milp",
  "best_legalize_s": 0.050467491149902344,
  "total_legalize_s": 0.050467491149902344,
  "runtime_s": 761.5185880661011,
  "attempt_log": [
    {
      "seed": 1,
      "iterations": 100,
      "overlaps": 0,
      "overlaps_raw": 0,
      "hpwl": 104450407.13966668,
      "hpwl_raw": 104449960.0,
      "run_s": 760.0990989208221,
      "legal": true,
      "legalize_method": "milp",
      "legalize_s": 0.050467491149902344,
      "layout_dir": "/root/placement/flow_tap/baseline/ATPlace_pub/result_wlsweep_xerox8/xerox8_m_bump/wl12/seed1"
    }
  ],
  "layout_json": "/root/placement/flow_tap/baseline/ATPlace_pub/result_wlsweep_xerox8/xerox8_m_bump/wl12/layout.json",
  "layout_png": "/root/placement/flow_tap/baseline/ATPlace_pub/result_wlsweep_xerox8/xerox8_m_bump/wl12/layout.png",
  "layout_chiplets": 8,
  "visualized": true
}
