{
  "case": "hp6_m_bump",
  "mode": "thermal",
  "base_seed": 1,
  "status": "completed",
  "error": null,
  "legal_found": true,
  "num_legal": 1,
  "num_illegal": 0,
  "attempts": 1,
  "best_hpwl": 14628869.356822968,
  "twl_m": 14.628869356822968,
  "best_seed": 1,
  "best_legal": true,
  "best_overlaps": 0,
  "best_legalize_method": "milp",
  "best_legalize_s": 0.008580684661865234,
  "total_legalize_s": 0.008580684661865234,
  "runtime_s": 535.6200001239777,
  "attempt_log": [
    {
      "seed": 1,
      "iterations": 100,
      "overlaps": 0,
      "overlaps_raw": 0,
      "hpwl": 14628869.356822968,
      "hpwl_raw": 14628813.0,
      "run_s": 534.8566975593567,
      "legal": true,
      "legalize_method": "milp",
      "legalize_s": 0.008580684661865234,
      "layout_dir": "/root/placement/flow_tap/baseline/ATPlace_pub/result_wlsweep/hp6_m_bump/wl34/seed1"
    }
  ],
  "layout_json": "/root/placement/flow_tap/baseline/ATPlace_pub/result_wlsweep/hp6_m_bump/wl34/layout.json",
  "layout_png": "/root/placement/flow_tap/baseline/ATPlace_pub/result_wlsweep/hp6_m_bump/wl34/layout.png",
  "layout_chiplets": 6,
  "visualized": true
}
