{
  "case": "xerox6_m_bump",
  "mode": "thermal",
  "base_seed": 1,
  "status": "completed",
  "error": null,
  "legal_found": true,
  "num_legal": 1,
  "num_illegal": 0,
  "attempts": 1,
  "best_hpwl": 47639947.321495056,
  "twl_m": 47.63994732149506,
  "best_seed": 1,
  "best_legal": true,
  "best_overlaps": 0,
  "best_legalize_method": "milp",
  "best_legalize_s": 0.01946282386779785,
  "total_legalize_s": 0.01946282386779785,
  "runtime_s": 533.2186183929443,
  "attempt_log": [
    {
      "seed": 1,
      "iterations": 100,
      "overlaps": 0,
      "overlaps_raw": 0,
      "hpwl": 47639947.321495056,
      "hpwl_raw": 47639820.0,
      "run_s": 531.8496024608612,
      "legal": true,
      "legalize_method": "milp",
      "legalize_s": 0.01946282386779785,
      "layout_dir": "/root/placement/flow_tap/baseline/ATPlace_pub/result_wlsweep/xerox6_m_bump/wl31/seed1"
    }
  ],
  "layout_json": "/root/placement/flow_tap/baseline/ATPlace_pub/result_wlsweep/xerox6_m_bump/wl31/layout.json",
  "layout_png": "/root/placement/flow_tap/baseline/ATPlace_pub/result_wlsweep/xerox6_m_bump/wl31/layout.png",
  "layout_chiplets": 6,
  "visualized": true
}
