{
  "case": "xerox7_m_bump",
  "mode": "thermal",
  "base_seed": 1,
  "status": "completed",
  "error": null,
  "legal_found": true,
  "num_legal": 1,
  "num_illegal": 0,
  "attempts": 1,
  "best_hpwl": 107055769.12457716,
  "twl_m": 107.05576912457717,
  "best_seed": 1,
  "best_legal": true,
  "best_overlaps": 0,
  "best_legalize_method": "milp",
  "best_legalize_s": 0.02062535285949707,
  "total_legalize_s": 0.02062535285949707,
  "runtime_s": 575.0702345371246,
  "attempt_log": [
    {
      "seed": 1,
      "iterations": 100,
      "overlaps": 0,
      "overlaps_raw": 0,
      "hpwl": 107055769.12457716,
      "hpwl_raw": 107055624.0,
      "run_s": 574.093713760376,
      "legal": true,
      "legalize_method": "milp",
      "legalize_s": 0.02062535285949707,
      "layout_dir": "/root/placement/flow_tap/baseline/ATPlace_pub/result_wlsweep/xerox7_m_bump/wl01/seed1"
    }
  ],
  "layout_json": "/root/placement/flow_tap/baseline/ATPlace_pub/result_wlsweep/xerox7_m_bump/wl01/layout.json",
  "layout_png": "/root/placement/flow_tap/baseline/ATPlace_pub/result_wlsweep/xerox7_m_bump/wl01/layout.png",
  "layout_chiplets": 7,
  "visualized": true
}
