{
  "case": "cpu-dram_bump",
  "mode": "thermal",
  "base_seed": 1,
  "status": "completed",
  "error": null,
  "legal_found": true,
  "num_legal": 1,
  "num_illegal": 0,
  "attempts": 1,
  "best_hpwl": 87191358.98564243,
  "twl_m": 87.19135898564244,
  "best_seed": 1,
  "best_legal": true,
  "best_overlaps": 0,
  "best_legalize_method": "milp",
  "best_legalize_s": 0.053841590881347656,
  "total_legalize_s": 0.053841590881347656,
  "runtime_s": 658.5130908489227,
  "attempt_log": [
    {
      "seed": 1,
      "iterations": 100,
      "overlaps": 0,
      "overlaps_raw": 0,
      "hpwl": 87191358.98564243,
      "hpwl_raw": 87191096.0,
      "run_s": 657.2409951686859,
      "legal": true,
      "legalize_method": "milp",
      "legalize_s": 0.053841590881347656,
      "layout_dir": "/root/placement/flow_tap/baseline/ATPlace_pub/result_wlsweep_cpudram/cpu-dram_bump/wl04/seed1"
    }
  ],
  "layout_json": "/root/placement/flow_tap/baseline/ATPlace_pub/result_wlsweep_cpudram/cpu-dram_bump/wl04/layout.json",
  "layout_png": "/root/placement/flow_tap/baseline/ATPlace_pub/result_wlsweep_cpudram/cpu-dram_bump/wl04/layout.png",
  "layout_chiplets": 8,
  "visualized": true
}
