{
  "case": "hp11_m_bump",
  "mode": "thermal",
  "base_seed": 1,
  "status": "completed",
  "error": null,
  "legal_found": false,
  "num_legal": 0,
  "num_illegal": 1,
  "attempts": 1,
  "best_hpwl": 89790936.64670932,
  "twl_m": 89.79093664670933,
  "best_seed": 1,
  "best_legal": false,
  "best_overlaps": 5,
  "best_legalize_method": "milp",
  "best_legalize_s": 0.023984193801879883,
  "total_legalize_s": 0.023984193801879883,
  "runtime_s": 400.1670093536377,
  "attempt_log": [
    {
      "seed": 1,
      "iterations": 100,
      "overlaps": 5,
      "overlaps_raw": 0,
      "hpwl": 89790936.64670932,
      "hpwl_raw": 89791000.0,
      "run_s": 399.3446726799011,
      "legal": false,
      "legalize_method": "milp",
      "legalize_s": 0.023984193801879883,
      "layout_dir": "/root/placement/ATPlace_pub/result/hp11_m_bump/seed1"
    }
  ],
  "layout_json": "/root/placement/ATPlace_pub/result/hp11_m_bump/layout.json",
  "layout_png": "/root/placement/ATPlace_pub/result/hp11_m_bump/layout.png",
  "layout_chiplets": 11,
  "visualized": true
}
