{
  "case": "hp11_m_bump",
  "mode": "thermal",
  "base_seed": 3,
  "status": "completed",
  "error": null,
  "legal_found": true,
  "num_legal": 1,
  "num_illegal": 0,
  "attempts": 1,
  "best_hpwl": 110608004.98362744,
  "twl_m": 110.60800498362744,
  "best_seed": 3,
  "best_legal": true,
  "best_overlaps": 0,
  "best_legalize_method": "milp",
  "best_legalize_s": 0.020535945892333984,
  "total_legalize_s": 0.020535945892333984,
  "runtime_s": 418.38230299949646,
  "attempt_log": [
    {
      "seed": 3,
      "iterations": 100,
      "overlaps": 0,
      "overlaps_raw": 0,
      "hpwl": 110608004.98362744,
      "hpwl_raw": 110608296.0,
      "run_s": 417.5864350795746,
      "legal": true,
      "legalize_method": "milp",
      "legalize_s": 0.020535945892333984,
      "layout_dir": "/root/placement/ATPlace_pub/result/hp11_m_bump/seed3"
    }
  ],
  "layout_json": "/root/placement/ATPlace_pub/result/hp11_m_bump/layout.json",
  "layout_png": "/root/placement/ATPlace_pub/result/hp11_m_bump/layout.png",
  "layout_chiplets": 11,
  "visualized": true
}
