{
  "case": "hp11_m_bump",
  "mode": "thermal",
  "base_seed": 1,
  "status": "completed",
  "error": null,
  "legal_found": true,
  "num_legal": 1,
  "num_illegal": 0,
  "attempts": 1,
  "best_hpwl": 80366353.5573368,
  "twl_m": 80.36635355733681,
  "best_seed": 1,
  "best_legal": true,
  "best_overlaps": 0,
  "best_legalize_method": "milp",
  "best_legalize_s": 0.06369495391845703,
  "total_legalize_s": 0.06369495391845703,
  "runtime_s": 1208.5368609428406,
  "attempt_log": [
    {
      "seed": 1,
      "iterations": 100,
      "overlaps": 0,
      "overlaps_raw": 0,
      "hpwl": 80366353.5573368,
      "hpwl_raw": 80365784.0,
      "run_s": 1206.0485768318176,
      "legal": true,
      "legalize_method": "milp",
      "legalize_s": 0.06369495391845703,
      "layout_dir": "/root/placement/flow_tap/baseline/ATPlace_pub/result_wlsweep/hp11_m_bump/wl12/seed1"
    }
  ],
  "layout_json": "/root/placement/flow_tap/baseline/ATPlace_pub/result_wlsweep/hp11_m_bump/wl12/layout.json",
  "layout_png": "/root/placement/flow_tap/baseline/ATPlace_pub/result_wlsweep/hp11_m_bump/wl12/layout.png",
  "layout_chiplets": 11,
  "visualized": true
}
