Run name: cpu-dram_seed5
Run directory: /root/placement/flow_tap/baseline/RL/runs/shard3/cpu-dram_seed5
Training log: /root/placement/flow_tap/baseline/RL/runs/shard3/cpu-dram_seed5/train.log

生成/检查 fastTM 热阻表...
  热阻表阶段状态: ok
  热阻表阶段耗时: 55.835s
  热阻表日志: /root/placement/flow_tap/baseline/RL/runs/shard3/cpu-dram_seed5/thermal_tables.log
======================================================================
PPO训练 - 芯片布局优化
======================================================================

环境信息:
  芯片数量: 8
  放置顺序: ['A', 'B', 'C', 'D', 'E', 'F', 'G', 'H']
  观察维度: 10
  动作维度: 70000
  rollout batch: 480 transitions
  minibatches: 4
  PPO update epochs: 4
  随机种子: 5
  剩余总时间预算: 3544.2s

开始训练...
----------------------------------------------------------------------
BEST_COST_LAYOUT
  epoch: 1/600, rollout: 2
  rlplanner_cost: 107.4387
  reward: -71.5908
  温度: 109.9710
  CPLEX平均线长: 24.3174
BEST_LAYOUT
  epoch: 1/600, rollout: 2
  reward: -71.5908
  温度: 109.9710
  CPLEX平均线长: 24.3174
BEST_COST_LAYOUT
  epoch: 1/600, rollout: 4
  rlplanner_cost: 107.3474
  reward: -70.4638
  温度: 110.9042
  CPLEX平均线长: 20.8461
BEST_LAYOUT
  epoch: 1/600, rollout: 4
  reward: -70.4638
  温度: 110.9042
  CPLEX平均线长: 20.8461
BEST_COST_LAYOUT
  epoch: 1/600, rollout: 5
  rlplanner_cost: 100.0701
  reward: -62.4625
  温度: 108.0382
  CPLEX平均线长: 23.8490
BEST_LAYOUT
  epoch: 1/600, rollout: 5
  reward: -62.4625
  温度: 108.0382
  CPLEX平均线长: 23.8490
BEST_COST_LAYOUT
  epoch: 1/600, rollout: 7
  rlplanner_cost: 92.2226
  reward: -54.1789
  温度: 107.9318
  CPLEX平均线长: 16.3775
BEST_LAYOUT
  epoch: 1/600, rollout: 7
  reward: -54.1789
  温度: 107.9318
  CPLEX平均线长: 16.3775
BEST_COST_LAYOUT
  epoch: 1/600, rollout: 16
  rlplanner_cost: 89.1274
  reward: -50.4396
  温度: 105.0713
  CPLEX平均线长: 23.2207
BEST_LAYOUT
  epoch: 1/600, rollout: 16
  reward: -50.4396
  温度: 105.0713
  CPLEX平均线长: 23.2207
BEST_COST_LAYOUT
  epoch: 1/600, rollout: 42
  rlplanner_cost: 88.0804
  reward: -52.0785
  温度: 106.9828
  CPLEX平均线长: 15.5677
BEST_COST_LAYOUT
  epoch: 1/600, rollout: 52
  rlplanner_cost: 86.8812
  reward: -49.2369
  温度: 105.1942
  CPLEX平均线长: 20.5541
BEST_LAYOUT
  epoch: 1/600, rollout: 52
  reward: -49.2369
  温度: 105.1942
  CPLEX平均线长: 20.5541
Epoch 1/600
  rollouts: 64, samples: 483
  平均奖励: -41.1244, 成功率: 68.8%
  optimizer steps: 16, KL: 0.000315
  累计RL时间: 16.23s
BEST_COST_LAYOUT
  epoch: 2/600, rollout: 91
  rlplanner_cost: 86.1200
  reward: -48.7173
  温度: 105.1662
  CPLEX平均线长: 19.8888
BEST_LAYOUT
  epoch: 2/600, rollout: 91
  reward: -48.7173
  温度: 105.1662
  CPLEX平均线长: 19.8888
Epoch 2/600
  rollouts: 65, samples: 487
  平均奖励: -41.1914, 成功率: 66.2%
  optimizer steps: 16, KL: 0.001037
  累计RL时间: 27.92s
BEST_COST_LAYOUT
  epoch: 3/600, rollout: 135
  rlplanner_cost: 84.2989
  reward: -47.7325
  温度: 106.4500
  CPLEX平均线长: 13.6420
BEST_LAYOUT
  epoch: 3/600, rollout: 135
  reward: -47.7325
  温度: 106.4500
  CPLEX平均线长: 13.6420
BEST_COST_LAYOUT
  epoch: 3/600, rollout: 145
  rlplanner_cost: 80.4046
  reward: -43.4395
  温度: 100.7128
  CPLEX平均线长: 28.9872
BEST_LAYOUT
  epoch: 3/600, rollout: 145
  reward: -43.4395
  温度: 100.7128
  CPLEX平均线长: 28.9872
Epoch 3/600
  rollouts: 65, samples: 483
  平均奖励: -28.3675, 成功率: 53.8%
  optimizer steps: 16, KL: 0.002679
  累计RL时间: 38.66s
BEST_LAYOUT
  epoch: 4/600, rollout: 219
  reward: -42.7497
  温度: 105.4519
  CPLEX平均线长: 14.7249
Epoch 4/600
  rollouts: 64, samples: 480
  平均奖励: -36.4272, 成功率: 62.5%
  optimizer steps: 16, KL: 0.004639
  累计RL时间: 49.23s
Epoch 5/600
  rollouts: 63, samples: 482
  平均奖励: -48.6304, 成功率: 76.2%
  optimizer steps: 14, KL: 0.004967
  累计RL时间: 60.59s
Epoch 6/600
  rollouts: 63, samples: 486
  平均奖励: -49.2633, 成功率: 77.8%
  optimizer steps: 13, KL: 0.005073
  累计RL时间: 71.83s
BEST_COST_LAYOUT
  epoch: 7/600, rollout: 433
  rlplanner_cost: 79.9209
  reward: -39.7170
  温度: 102.1345
  CPLEX平均线长: 23.8689
BEST_LAYOUT
  epoch: 7/600, rollout: 433
  reward: -39.7170
  温度: 102.1345
  CPLEX平均线长: 23.8689
Epoch 7/600
  rollouts: 63, samples: 485
  平均奖励: -45.9320, 成功率: 74.6%
  optimizer steps: 12, KL: 0.005880
  累计RL时间: 83.58s
Epoch 8/600
  rollouts: 64, samples: 487
  平均奖励: -42.7409, 成功率: 71.9%
  optimizer steps: 11, KL: 0.005697
  累计RL时间: 94.62s
Epoch 9/600
  rollouts: 63, samples: 485
  平均奖励: -48.5566, 成功率: 77.8%
  optimizer steps: 9, KL: 0.004869
  累计RL时间: 106.14s
Epoch 10/600
  rollouts: 64, samples: 483
  平均奖励: -37.7155, 成功率: 65.6%
  optimizer steps: 8, KL: 0.006136
  累计RL时间: 116.76s
Epoch 11/600
  rollouts: 62, samples: 480
  平均奖励: -51.6342, 成功率: 82.3%
  optimizer steps: 6, KL: 0.005443
  累计RL时间: 128.43s
Epoch 12/600
  rollouts: 64, samples: 482
  平均奖励: -40.0543, 成功率: 68.8%
  optimizer steps: 8, KL: 0.005781
  累计RL时间: 138.99s
Epoch 13/600
  rollouts: 63, samples: 482
  平均奖励: -43.3195, 成功率: 73.0%
  optimizer steps: 9, KL: 0.005107
  累计RL时间: 151.23s
Epoch 14/600
  rollouts: 63, samples: 480
  平均奖励: -36.9445, 成功率: 66.7%
  optimizer steps: 7, KL: 0.005844
  累计RL时间: 161.37s
BEST_COST_LAYOUT
  epoch: 15/600, rollout: 902
  rlplanner_cost: 78.3542
  reward: -40.7697
  温度: 102.8987
  CPLEX平均线长: 19.7735
Epoch 15/600
  rollouts: 62, samples: 480
  平均奖励: -49.4435, 成功率: 79.0%
  optimizer steps: 10, KL: 0.005256
  累计RL时间: 172.87s
Epoch 16/600
  rollouts: 63, samples: 482
  平均奖励: -41.5437, 成功率: 71.4%
  optimizer steps: 8, KL: 0.007155
  累计RL时间: 183.99s
Epoch 17/600
  rollouts: 62, samples: 481
  平均奖励: -46.3494, 成功率: 75.8%
  optimizer steps: 9, KL: 0.006116
  累计RL时间: 194.98s
BEST_COST_LAYOUT
  epoch: 18/600, rollout: 1078
  rlplanner_cost: 77.6386
  reward: -40.9922
  温度: 102.4874
  CPLEX平均线长: 20.4222
BEST_LAYOUT
  epoch: 18/600, rollout: 1091
  reward: -39.5377
  温度: 103.5959
  CPLEX平均线长: 16.9534
Epoch 18/600
  rollouts: 63, samples: 482
  平均奖励: -47.3894, 成功率: 77.8%
  optimizer steps: 8, KL: 0.005624
  累计RL时间: 207.19s
Epoch 19/600
  rollouts: 63, samples: 481
  平均奖励: -37.2651, 成功率: 68.3%
  optimizer steps: 11, KL: 0.004948
  累计RL时间: 217.94s
BEST_COST_LAYOUT
  epoch: 20/600, rollout: 1227
  rlplanner_cost: 75.1123
  reward: -38.8794
  温度: 98.8205
  CPLEX平均线长: 29.7160
BEST_LAYOUT
  epoch: 20/600, rollout: 1227
  reward: -38.8794
  温度: 98.8205
  CPLEX平均线长: 29.7160
Epoch 20/600
  rollouts: 62, samples: 483
  平均奖励: -53.4495, 成功率: 87.1%
  optimizer steps: 11, KL: 0.004794
  累计RL时间: 231.10s
Epoch 21/600
  rollouts: 63, samples: 483
  平均奖励: -43.0229, 成功率: 74.6%
  optimizer steps: 10, KL: 0.005847
  累计RL时间: 242.35s
Epoch 22/600
  rollouts: 63, samples: 480
  平均奖励: -41.2662, 成功率: 71.4%
  optimizer steps: 9, KL: 0.006661
  累计RL时间: 253.21s
BEST_COST_LAYOUT
  epoch: 23/600, rollout: 1401
  rlplanner_cost: 73.9736
  reward: -35.4221
  温度: 101.1236
  CPLEX平均线长: 21.2267
BEST_LAYOUT
  epoch: 23/600, rollout: 1401
  reward: -35.4221
  温度: 101.1236
  CPLEX平均线长: 21.2267
Epoch 23/600
  rollouts: 62, samples: 482
  平均奖励: -45.7674, 成功率: 79.0%
  optimizer steps: 8, KL: 0.004495
  累计RL时间: 265.34s
Epoch 24/600
  rollouts: 62, samples: 483
  平均奖励: -49.1676, 成功率: 82.3%
  optimizer steps: 9, KL: 0.006062
  累计RL时间: 277.25s
BEST_COST_LAYOUT
  epoch: 25/600, rollout: 1554
  rlplanner_cost: 70.6515
  reward: -31.5150
  温度: 100.1809
  CPLEX平均线长: 20.9441
BEST_LAYOUT
  epoch: 25/600, rollout: 1554
  reward: -31.5150
  温度: 100.1809
  CPLEX平均线长: 20.9441
Epoch 25/600
  rollouts: 64, samples: 487
  平均奖励: -38.4290, 成功率: 70.3%
  optimizer steps: 12, KL: 0.005902
  累计RL时间: 288.85s
Epoch 26/600
  rollouts: 63, samples: 481
  平均奖励: -37.7673, 成功率: 68.3%
  optimizer steps: 10, KL: 0.005766
  累计RL时间: 299.78s
Epoch 27/600
  rollouts: 63, samples: 480
  平均奖励: -39.5678, 成功率: 69.8%
  optimizer steps: 13, KL: 0.006032
  累计RL时间: 310.75s
BEST_COST_LAYOUT
  epoch: 28/600, rollout: 1747
  rlplanner_cost: 68.7954
  reward: -30.5073
  温度: 100.0248
  CPLEX平均线长: 19.5870
BEST_LAYOUT
  epoch: 28/600, rollout: 1747
  reward: -30.5073
  温度: 100.0248
  CPLEX平均线长: 19.5870
Epoch 28/600
  rollouts: 63, samples: 485
  平均奖励: -40.9269, 成功率: 73.0%
  optimizer steps: 10, KL: 0.005289
  累计RL时间: 323.05s
Epoch 29/600
  rollouts: 64, samples: 485
  平均奖励: -40.8913, 成功率: 71.9%
  optimizer steps: 9, KL: 0.004817
  累计RL时间: 333.97s
Epoch 30/600
  rollouts: 63, samples: 487
  平均奖励: -43.1707, 成功率: 74.6%
  optimizer steps: 10, KL: 0.005602
  累计RL时间: 345.12s
Epoch 31/600
  rollouts: 64, samples: 485
  平均奖励: -34.0348, 成功率: 65.6%
  optimizer steps: 13, KL: 0.005332
  累计RL时间: 355.53s
Epoch 32/600
  rollouts: 63, samples: 481
  平均奖励: -40.4967, 成功率: 73.0%
  optimizer steps: 12, KL: 0.005618
  累计RL时间: 366.69s
Epoch 33/600
  rollouts: 63, samples: 487
  平均奖励: -49.9757, 成功率: 82.5%
  optimizer steps: 12, KL: 0.005581
  累计RL时间: 378.59s
Epoch 34/600
  rollouts: 62, samples: 480
  平均奖励: -41.3034, 成功率: 75.8%
  optimizer steps: 14, KL: 0.006329
  累计RL时间: 389.92s
Epoch 35/600
  rollouts: 63, samples: 485
  平均奖励: -39.1827, 成功率: 71.4%
  optimizer steps: 10, KL: 0.005292
  累计RL时间: 401.20s
Epoch 36/600
  rollouts: 63, samples: 484
  平均奖励: -37.5746, 成功率: 71.4%
  optimizer steps: 10, KL: 0.005661
  累计RL时间: 411.93s
Epoch 37/600
  rollouts: 63, samples: 480
  平均奖励: -34.3092, 成功率: 66.7%
  optimizer steps: 10, KL: 0.004988
  累计RL时间: 422.16s
Epoch 38/600
  rollouts: 65, samples: 482
  平均奖励: -29.0351, 成功率: 58.5%
  optimizer steps: 10, KL: 0.005914
  累计RL时间: 432.30s
Epoch 39/600
  rollouts: 62, samples: 480
  平均奖励: -46.9132, 成功率: 80.6%
  optimizer steps: 11, KL: 0.005027
  累计RL时间: 443.97s
Epoch 40/600
  rollouts: 63, samples: 484
  平均奖励: -40.3012, 成功率: 73.0%
  optimizer steps: 14, KL: 0.006046
  累计RL时间: 455.10s
Epoch 41/600
  rollouts: 64, samples: 481
  平均奖励: -37.0538, 成功率: 68.8%
  optimizer steps: 10, KL: 0.005267
  累计RL时间: 465.81s
Epoch 42/600
  rollouts: 64, samples: 481
  平均奖励: -28.3940, 成功率: 60.9%
  optimizer steps: 13, KL: 0.005776
  累计RL时间: 475.64s
Epoch 43/600
  rollouts: 63, samples: 485
  平均奖励: -41.3249, 成功率: 76.2%
  optimizer steps: 14, KL: 0.005384
  累计RL时间: 487.16s
Epoch 44/600
  rollouts: 63, samples: 482
  平均奖励: -38.0716, 成功率: 71.4%
  optimizer steps: 10, KL: 0.004965
  累计RL时间: 498.33s
BEST_COST_LAYOUT
  epoch: 45/600, rollout: 2837
  rlplanner_cost: 66.8170
  reward: -31.0553
  温度: 101.8385
  CPLEX平均线长: 11.7374
Epoch 45/600
  rollouts: 64, samples: 486
  平均奖励: -39.0224, 成功率: 70.3%
  optimizer steps: 8, KL: 0.005399
  累计RL时间: 509.32s
Epoch 46/600
  rollouts: 63, samples: 487
  平均奖励: -46.1970, 成功率: 79.4%
  optimizer steps: 8, KL: 0.005905
  累计RL时间: 521.03s
Epoch 47/600
  rollouts: 64, samples: 487
  平均奖励: -34.2243, 成功率: 70.3%
  optimizer steps: 15, KL: 0.006403
  累计RL时间: 532.15s
Epoch 48/600
  rollouts: 64, samples: 486
  平均奖励: -30.7758, 成功率: 65.6%
  optimizer steps: 11, KL: 0.005931
  累计RL时间: 542.62s
Epoch 49/600
  rollouts: 65, samples: 487
  平均奖励: -28.9203, 成功率: 58.5%
  optimizer steps: 13, KL: 0.006453
  累计RL时间: 552.63s
Epoch 50/600
  rollouts: 63, samples: 482
  平均奖励: -37.2648, 成功率: 71.4%
  optimizer steps: 9, KL: 0.005577
  累计RL时间: 563.44s
Epoch 51/600
  rollouts: 63, samples: 482
  平均奖励: -36.8944, 成功率: 71.4%
  optimizer steps: 8, KL: 0.005970
  累计RL时间: 574.06s
Epoch 52/600
  rollouts: 64, samples: 485
  平均奖励: -32.2367, 成功率: 65.6%
  optimizer steps: 11, KL: 0.007140
  累计RL时间: 584.84s
Epoch 53/600
  rollouts: 64, samples: 481
  平均奖励: -30.9248, 成功率: 64.1%
  optimizer steps: 9, KL: 0.006082
  累计RL时间: 595.17s
Epoch 54/600
  rollouts: 65, samples: 487
  平均奖励: -27.1186, 成功率: 58.5%
  optimizer steps: 7, KL: 0.004787
  累计RL时间: 606.07s
Epoch 55/600
  rollouts: 64, samples: 485
  平均奖励: -28.6117, 成功率: 64.1%
  optimizer steps: 12, KL: 0.005957
  累计RL时间: 616.73s
Epoch 56/600
  rollouts: 65, samples: 482
  平均奖励: -25.7660, 成功率: 60.0%
  optimizer steps: 9, KL: 0.005122
  累计RL时间: 626.34s
Epoch 57/600
  rollouts: 64, samples: 485
  平均奖励: -35.8893, 成功率: 68.8%
  optimizer steps: 14, KL: 0.006631
  累计RL时间: 636.98s
Epoch 58/600
  rollouts: 64, samples: 484
  平均奖励: -38.5703, 成功率: 73.4%
  optimizer steps: 10, KL: 0.005110
  累计RL时间: 648.19s
Epoch 59/600
  rollouts: 64, samples: 480
  平均奖励: -27.1738, 成功率: 59.4%
  optimizer steps: 13, KL: 0.006383
  累计RL时间: 657.92s
Epoch 60/600
  rollouts: 65, samples: 484
  平均奖励: -27.0612, 成功率: 56.9%
  optimizer steps: 11, KL: 0.006078
  累计RL时间: 667.94s
Epoch 61/600
  rollouts: 63, samples: 481
  平均奖励: -36.9705, 成功率: 69.8%
  optimizer steps: 11, KL: 0.004492
  累计RL时间: 678.97s
Epoch 62/600
  rollouts: 64, samples: 481
  平均奖励: -33.4287, 成功率: 65.6%
  optimizer steps: 9, KL: 0.005774
  累计RL时间: 688.97s
Epoch 63/600
  rollouts: 65, samples: 487
  平均奖励: -21.9587, 成功率: 53.8%
  optimizer steps: 13, KL: 0.004570
  累计RL时间: 698.41s
Epoch 64/600
  rollouts: 65, samples: 482
  平均奖励: -26.2910, 成功率: 56.9%
  optimizer steps: 10, KL: 0.004527
  累计RL时间: 708.27s
Epoch 65/600
  rollouts: 64, samples: 480
  平均奖励: -31.7666, 成功率: 65.6%
  optimizer steps: 12, KL: 0.005822
  累计RL时间: 718.51s
Epoch 66/600
  rollouts: 64, samples: 486
  平均奖励: -29.0700, 成功率: 64.1%
  optimizer steps: 14, KL: 0.006070
  累计RL时间: 728.71s
Epoch 67/600
  rollouts: 65, samples: 486
  平均奖励: -24.1996, 成功率: 55.4%
  optimizer steps: 10, KL: 0.005540
  累计RL时间: 738.61s
Epoch 68/600
  rollouts: 65, samples: 486
  平均奖励: -26.6345, 成功率: 58.5%
  optimizer steps: 11, KL: 0.005889
  累计RL时间: 748.54s
Epoch 69/600
  rollouts: 64, samples: 480
  平均奖励: -29.1333, 成功率: 62.5%
  optimizer steps: 9, KL: 0.004986
  累计RL时间: 758.67s
Epoch 70/600
  rollouts: 64, samples: 485
  平均奖励: -38.4381, 成功率: 70.3%
  optimizer steps: 13, KL: 0.005268
  累计RL时间: 769.66s
Epoch 71/600
  rollouts: 64, samples: 480
  平均奖励: -29.0008, 成功率: 62.5%
  optimizer steps: 15, KL: 0.004827
  累计RL时间: 779.61s
Epoch 72/600
  rollouts: 64, samples: 486
  平均奖励: -33.7583, 成功率: 68.8%
  optimizer steps: 9, KL: 0.005598
  累计RL时间: 790.32s
Epoch 73/600
  rollouts: 65, samples: 483
  平均奖励: -22.8597, 成功率: 55.4%
  optimizer steps: 10, KL: 0.004880
  累计RL时间: 799.90s
BEST_LAYOUT
  epoch: 74/600, rollout: 4649
  reward: -29.7040
  温度: 101.8984
  CPLEX平均线长: 13.7830
Epoch 74/600
  rollouts: 64, samples: 484
  平均奖励: -32.1044, 成功率: 65.6%
  optimizer steps: 14, KL: 0.006148
  累计RL时间: 810.84s
Epoch 75/600
  rollouts: 65, samples: 480
  平均奖励: -17.7247, 成功率: 49.2%
  optimizer steps: 15, KL: 0.006484
  累计RL时间: 820.83s
Epoch 76/600
  rollouts: 65, samples: 482
  平均奖励: -21.8395, 成功率: 52.3%
  optimizer steps: 10, KL: 0.005839
  累计RL时间: 830.22s
Epoch 77/600
  rollouts: 64, samples: 481
  平均奖励: -25.9693, 成功率: 57.8%
  optimizer steps: 11, KL: 0.004246
  累计RL时间: 839.97s
Epoch 78/600
  rollouts: 64, samples: 480
  平均奖励: -29.8853, 成功率: 62.5%
  optimizer steps: 8, KL: 0.004429
  累计RL时间: 849.82s
Epoch 79/600
  rollouts: 65, samples: 484
  平均奖励: -26.3017, 成功率: 60.0%
  optimizer steps: 9, KL: 0.004627
  累计RL时间: 859.52s
Epoch 80/600
  rollouts: 65, samples: 484
  平均奖励: -27.1257, 成功率: 58.5%
  optimizer steps: 10, KL: 0.004840
  累计RL时间: 869.34s
Epoch 81/600
  rollouts: 65, samples: 485
  平均奖励: -32.1299, 成功率: 64.6%
  optimizer steps: 13, KL: 0.006499
  累计RL时间: 879.53s
Epoch 82/600
  rollouts: 65, samples: 480
  平均奖励: -21.6233, 成功率: 52.3%
  optimizer steps: 15, KL: 0.004937
  累计RL时间: 888.64s
Epoch 83/600
  rollouts: 65, samples: 486
  平均奖励: -25.9776, 成功率: 58.5%
  optimizer steps: 8, KL: 0.006175
  累计RL时间: 898.78s
Epoch 84/600
  rollouts: 64, samples: 480
  平均奖励: -30.7448, 成功率: 65.6%
  optimizer steps: 10, KL: 0.005141
  累计RL时间: 909.02s
Epoch 85/600
  rollouts: 63, samples: 481
  平均奖励: -37.1837, 成功率: 71.4%
  optimizer steps: 10, KL: 0.006429
  累计RL时间: 919.79s
Epoch 86/600
  rollouts: 64, samples: 483
  平均奖励: -28.5925, 成功率: 62.5%
  optimizer steps: 13, KL: 0.005160
  累计RL时间: 929.96s
Epoch 87/600
  rollouts: 65, samples: 485
  平均奖励: -23.7541, 成功率: 53.8%
  optimizer steps: 10, KL: 0.005644
  累计RL时间: 939.11s
Epoch 88/600
  rollouts: 65, samples: 485
  平均奖励: -25.6867, 成功率: 58.5%
  optimizer steps: 11, KL: 0.005732
  累计RL时间: 948.79s
Epoch 89/600
  rollouts: 64, samples: 485
  平均奖励: -27.3013, 成功率: 62.5%
  optimizer steps: 9, KL: 0.005021
  累计RL时间: 958.98s
Epoch 90/600
  rollouts: 64, samples: 484
  平均奖励: -28.8010, 成功率: 65.6%
  optimizer steps: 11, KL: 0.004685
  累计RL时间: 969.22s
Epoch 91/600
  rollouts: 66, samples: 485
  平均奖励: -19.7313, 成功率: 50.0%
  optimizer steps: 10, KL: 0.005745
  累计RL时间: 978.09s
Epoch 92/600
  rollouts: 66, samples: 483
  平均奖励: -15.2637, 成功率: 45.5%
  optimizer steps: 11, KL: 0.005243
  累计RL时间: 986.71s
Epoch 93/600
  rollouts: 64, samples: 480
  平均奖励: -29.4115, 成功率: 62.5%
  optimizer steps: 14, KL: 0.005840
  累计RL时间: 996.79s
Epoch 94/600
  rollouts: 65, samples: 482
  平均奖励: -23.0463, 成功率: 55.4%
  optimizer steps: 8, KL: 0.006679
  累计RL时间: 1006.36s
Epoch 95/600
  rollouts: 65, samples: 480
  平均奖励: -15.8483, 成功率: 46.2%
  optimizer steps: 10, KL: 0.005075
  累计RL时间: 1014.84s
Epoch 96/600
  rollouts: 66, samples: 487
  平均奖励: -24.3526, 成功率: 56.1%
  optimizer steps: 14, KL: 0.005976
  累计RL时间: 1024.77s
Epoch 97/600
  rollouts: 68, samples: 482
  平均奖励: -15.1280, 成功率: 44.1%
  optimizer steps: 14, KL: 0.004871
  累计RL时间: 1033.21s
Epoch 98/600
  rollouts: 66, samples: 485
  平均奖励: -20.7884, 成功率: 53.0%
  optimizer steps: 10, KL: 0.005930
  累计RL时间: 1042.45s
Epoch 99/600
  rollouts: 66, samples: 482
  平均奖励: -18.4796, 成功率: 48.5%
  optimizer steps: 9, KL: 0.004137
  累计RL时间: 1051.41s
Epoch 100/600
  rollouts: 68, samples: 486
  平均奖励: -15.8227, 成功率: 44.1%
  optimizer steps: 9, KL: 0.005800
  累计RL时间: 1059.73s
Epoch 101/600
  rollouts: 67, samples: 484
  平均奖励: -12.4576, 成功率: 43.3%
  optimizer steps: 11, KL: 0.006404
  累计RL时间: 1067.98s
Epoch 102/600
  rollouts: 66, samples: 483
  平均奖励: -14.3636, 成功率: 45.5%
  optimizer steps: 12, KL: 0.006310
  累计RL时间: 1076.48s
Epoch 103/600
  rollouts: 67, samples: 487
  平均奖励: -19.6186, 成功率: 49.3%
  optimizer steps: 13, KL: 0.004377
  累计RL时间: 1086.03s
Epoch 104/600
  rollouts: 67, samples: 484
  平均奖励: -17.7351, 成功率: 46.3%
  optimizer steps: 10, KL: 0.005835
  累计RL时间: 1094.68s
Epoch 105/600
  rollouts: 67, samples: 486
  平均奖励: -14.6658, 成功率: 44.8%
  optimizer steps: 9, KL: 0.005875
  累计RL时间: 1103.27s
Epoch 106/600
  rollouts: 66, samples: 481
  平均奖励: -17.0976, 成功率: 47.0%
  optimizer steps: 9, KL: 0.005057
  累计RL时间: 1112.25s
Epoch 107/600
  rollouts: 67, samples: 486
  平均奖励: -16.4030, 成功率: 46.3%
  optimizer steps: 12, KL: 0.005630
  累计RL时间: 1121.03s
Epoch 108/600
  rollouts: 67, samples: 485
  平均奖励: -11.7699, 成功率: 40.3%
  optimizer steps: 12, KL: 0.006353
  累计RL时间: 1129.35s
Epoch 109/600
  rollouts: 67, samples: 481
  平均奖励: -12.7744, 成功率: 43.3%
  optimizer steps: 9, KL: 0.004551
  累计RL时间: 1137.71s
Epoch 110/600
  rollouts: 68, samples: 484
  平均奖励: -13.9874, 成功率: 41.2%
  optimizer steps: 10, KL: 0.006350
  累计RL时间: 1145.94s
Epoch 111/600
  rollouts: 67, samples: 482
  平均奖励: -12.5025, 成功率: 41.8%
  optimizer steps: 11, KL: 0.004268
  累计RL时间: 1154.04s
Epoch 112/600
  rollouts: 69, samples: 486
  平均奖励: -7.9242, 成功率: 34.8%
  optimizer steps: 10, KL: 0.005491
  累计RL时间: 1161.72s
Epoch 113/600
  rollouts: 68, samples: 480
  平均奖励: -8.5745, 成功率: 35.3%
  optimizer steps: 8, KL: 0.005233
  累计RL时间: 1170.53s
Epoch 114/600
  rollouts: 66, samples: 482
  平均奖励: -22.6467, 成功率: 53.0%
  optimizer steps: 11, KL: 0.005259
  累计RL时间: 1180.38s
Epoch 115/600
  rollouts: 68, samples: 484
  平均奖励: -9.1032, 成功率: 38.2%
  optimizer steps: 9, KL: 0.004716
  累计RL时间: 1188.56s
Epoch 116/600
  rollouts: 68, samples: 487
  平均奖励: -14.6577, 成功率: 45.6%
  optimizer steps: 10, KL: 0.005635
  累计RL时间: 1197.25s
Epoch 117/600
  rollouts: 68, samples: 485
  平均奖励: -8.0822, 成功率: 35.3%
  optimizer steps: 11, KL: 0.004737
  累计RL时间: 1205.17s
Epoch 118/600
  rollouts: 67, samples: 483
  平均奖励: -12.3761, 成功率: 40.3%
  optimizer steps: 9, KL: 0.004643
  累计RL时间: 1213.33s
Epoch 119/600
  rollouts: 69, samples: 486
  平均奖励: -5.1485, 成功率: 31.9%
  optimizer steps: 13, KL: 0.006072
  累计RL时间: 1220.60s
Epoch 120/600
  rollouts: 67, samples: 482
  平均奖励: -16.4960, 成功率: 46.3%
  optimizer steps: 13, KL: 0.004221
  累计RL时间: 1229.13s
Epoch 121/600
  rollouts: 67, samples: 480
  平均奖励: -8.5971, 成功率: 35.8%
  optimizer steps: 9, KL: 0.006487
  累计RL时间: 1236.90s
Epoch 122/600
  rollouts: 68, samples: 481
  平均奖励: -10.7316, 成功率: 38.2%
  optimizer steps: 9, KL: 0.004485
  累计RL时间: 1244.65s
Epoch 123/600
  rollouts: 67, samples: 480
  平均奖励: -15.6720, 成功率: 46.3%
  optimizer steps: 13, KL: 0.005651
  累计RL时间: 1253.71s
Epoch 124/600
  rollouts: 67, samples: 486
  平均奖励: -14.5142, 成功率: 44.8%
  optimizer steps: 9, KL: 0.006196
  累计RL时间: 1262.30s
Epoch 125/600
  rollouts: 68, samples: 483
  平均奖励: -12.5212, 成功率: 39.7%
  optimizer steps: 9, KL: 0.006315
  累计RL时间: 1270.52s
Epoch 126/600
  rollouts: 70, samples: 481
  平均奖励: -0.7332, 成功率: 24.3%
  optimizer steps: 9, KL: 0.005341
  累计RL时间: 1276.62s
Epoch 127/600
  rollouts: 69, samples: 483
  平均奖励: -10.5999, 成功率: 37.7%
  optimizer steps: 13, KL: 0.005333
  累计RL时间: 1284.46s
Epoch 128/600
  rollouts: 68, samples: 480
  平均奖励: -6.2463, 成功率: 32.4%
  optimizer steps: 15, KL: 0.004735
  累计RL时间: 1291.98s
Epoch 129/600
  rollouts: 66, samples: 482
  平均奖励: -17.7976, 成功率: 47.0%
  optimizer steps: 15, KL: 0.004751
  累计RL时间: 1300.96s
Epoch 130/600
  rollouts: 69, samples: 484
  平均奖励: -4.9353, 成功率: 31.9%
  optimizer steps: 16, KL: 0.004631
  累计RL时间: 1308.39s
Epoch 131/600
  rollouts: 67, samples: 480
  平均奖励: -14.5054, 成功率: 41.8%
  optimizer steps: 16, KL: 0.005237
  累计RL时间: 1316.76s
Epoch 132/600
  rollouts: 69, samples: 483
  平均奖励: -11.7579, 成功率: 39.1%
  optimizer steps: 7, KL: 0.005179
  累计RL时间: 1325.04s
Epoch 133/600
  rollouts: 70, samples: 486
  平均奖励: -2.4260, 成功率: 28.6%
  optimizer steps: 11, KL: 0.006028
  累计RL时间: 1333.49s
Epoch 134/600
  rollouts: 67, samples: 480
  平均奖励: -13.3604, 成功率: 41.8%
  optimizer steps: 15, KL: 0.005515
  累计RL时间: 1341.70s
Epoch 135/600
  rollouts: 68, samples: 481
  平均奖励: -8.3185, 成功率: 35.3%
  optimizer steps: 12, KL: 0.005854
  累计RL时间: 1349.30s
Epoch 136/600
  rollouts: 70, samples: 481
  平均奖励: -8.5663, 成功率: 34.3%
  optimizer steps: 11, KL: 0.004925
  累计RL时间: 1357.21s
Epoch 137/600
  rollouts: 69, samples: 481
  平均奖励: -5.7516, 成功率: 31.9%
  optimizer steps: 16, KL: 0.004826
  累计RL时间: 1364.44s
Epoch 138/600
  rollouts: 70, samples: 480
  平均奖励: -5.7391, 成功率: 31.4%
  optimizer steps: 9, KL: 0.005709
  累计RL时间: 1371.49s
Epoch 139/600
  rollouts: 68, samples: 481
  平均奖励: -9.0337, 成功率: 36.8%
  optimizer steps: 9, KL: 0.005118
  累计RL时间: 1378.94s
Epoch 140/600
  rollouts: 69, samples: 485
  平均奖励: -8.3394, 成功率: 36.2%
  optimizer steps: 8, KL: 0.005338
  累计RL时间: 1386.72s
Epoch 141/600
  rollouts: 69, samples: 481
  平均奖励: -3.1255, 成功率: 29.0%
  optimizer steps: 11, KL: 0.005978
  累计RL时间: 1393.89s
Epoch 142/600
  rollouts: 72, samples: 483
  平均奖励: 3.1544, 成功率: 20.8%
  optimizer steps: 9, KL: 0.005794
  累计RL时间: 1399.92s
Epoch 143/600
  rollouts: 68, samples: 480
  平均奖励: -13.0861, 成功率: 41.2%
  optimizer steps: 16, KL: 0.003709
  累计RL时间: 1407.99s
Epoch 144/600
  rollouts: 68, samples: 480
  平均奖励: -6.2912, 成功率: 33.8%
  optimizer steps: 14, KL: 0.005755
  累计RL时间: 1415.32s
Epoch 145/600
  rollouts: 69, samples: 484
  平均奖励: -7.9951, 成功率: 34.8%
  optimizer steps: 14, KL: 0.005661
  累计RL时间: 1423.32s
Epoch 146/600
  rollouts: 68, samples: 481
  平均奖励: -12.2969, 成功率: 41.2%
  optimizer steps: 9, KL: 0.006906
  累计RL时间: 1431.37s
Epoch 147/600
  rollouts: 72, samples: 484
  平均奖励: -1.8155, 成功率: 26.4%
  optimizer steps: 12, KL: 0.005069
  累计RL时间: 1438.01s
Epoch 148/600
  rollouts: 69, samples: 485
  平均奖励: -9.7083, 成功率: 36.2%
  optimizer steps: 10, KL: 0.006283
  累计RL时间: 1445.48s
Epoch 149/600
  rollouts: 68, samples: 481
  平均奖励: -8.4981, 成功率: 33.8%
  optimizer steps: 8, KL: 0.005291
  累计RL时间: 1453.07s
Epoch 150/600
  rollouts: 69, samples: 481
  平均奖励: -1.7863, 成功率: 27.5%
  optimizer steps: 16, KL: 0.004343
  累计RL时间: 1459.77s
Epoch 151/600
  rollouts: 70, samples: 484
  平均奖励: -4.9870, 成功率: 30.0%
  optimizer steps: 9, KL: 0.006298
  累计RL时间: 1466.49s
Epoch 152/600
  rollouts: 69, samples: 480
  平均奖励: -5.7479, 成功率: 30.4%
  optimizer steps: 11, KL: 0.005493
  累计RL时间: 1473.41s
Epoch 153/600
  rollouts: 71, samples: 482
  平均奖励: -9.3943, 成功率: 33.8%
  optimizer steps: 14, KL: 0.005359
  累计RL时间: 1481.06s
Epoch 154/600
  rollouts: 70, samples: 484
  平均奖励: -6.8903, 成功率: 32.9%
  optimizer steps: 10, KL: 0.006191
  累计RL时间: 1488.59s
Epoch 155/600
  rollouts: 72, samples: 483
  平均奖励: 2.2015, 成功率: 20.8%
  optimizer steps: 9, KL: 0.005669
  累计RL时间: 1494.54s
Epoch 156/600
  rollouts: 67, samples: 484
  平均奖励: -16.8352, 成功率: 44.8%
  optimizer steps: 16, KL: 0.004744
  累计RL时间: 1502.74s
Epoch 157/600
  rollouts: 69, samples: 484
  平均奖励: -9.9252, 成功率: 36.2%
  optimizer steps: 8, KL: 0.006465
  累计RL时间: 1510.32s
Epoch 158/600
  rollouts: 71, samples: 481
  平均奖励: 3.1263, 成功率: 19.7%
  optimizer steps: 13, KL: 0.005351
  累计RL时间: 1516.56s
Epoch 159/600
  rollouts: 68, samples: 480
  平均奖励: -8.5744, 成功率: 33.8%
  optimizer steps: 9, KL: 0.005101
  累计RL时间: 1523.74s
Epoch 160/600
  rollouts: 70, samples: 483
  平均奖励: -7.8448, 成功率: 32.9%
  optimizer steps: 9, KL: 0.005949
  累计RL时间: 1530.82s
Epoch 161/600
  rollouts: 69, samples: 480
  平均奖励: -7.2327, 成功率: 33.3%
  optimizer steps: 10, KL: 0.007162
  累计RL时间: 1538.03s
Epoch 162/600
  rollouts: 69, samples: 486
  平均奖励: -5.9155, 成功率: 31.9%
  optimizer steps: 12, KL: 0.005442
  累计RL时间: 1545.57s
Epoch 163/600
  rollouts: 70, samples: 484
  平均奖励: -7.0549, 成功率: 32.9%
  optimizer steps: 12, KL: 0.005904
  累计RL时间: 1552.98s
Epoch 164/600
  rollouts: 70, samples: 486
  平均奖励: -7.9167, 成功率: 34.3%
  optimizer steps: 9, KL: 0.005928
  累计RL时间: 1560.22s
Epoch 165/600
  rollouts: 69, samples: 481
  平均奖励: -2.7613, 成功率: 27.5%
  optimizer steps: 11, KL: 0.005863
  累计RL时间: 1566.85s
Epoch 166/600
  rollouts: 69, samples: 483
  平均奖励: -11.2290, 成功率: 39.1%
  optimizer steps: 9, KL: 0.005722
  累计RL时间: 1574.90s
Epoch 167/600
  rollouts: 72, samples: 482
  平均奖励: -0.8635, 成功率: 23.6%
  optimizer steps: 14, KL: 0.005818
  累计RL时间: 1581.37s
Epoch 168/600
  rollouts: 71, samples: 483
  平均奖励: -4.5847, 成功率: 31.0%
  optimizer steps: 8, KL: 0.005620
  累计RL时间: 1588.42s
Epoch 169/600
  rollouts: 70, samples: 486
  平均奖励: -6.8266, 成功率: 32.9%
  optimizer steps: 15, KL: 0.005386
  累计RL时间: 1595.91s
BEST_COST_LAYOUT
  epoch: 170/600, rollout: 11155
  rlplanner_cost: 66.2227
  reward: -29.5689
  温度: 100.1434
  CPLEX平均线长: 16.6351
BEST_LAYOUT
  epoch: 170/600, rollout: 11155
  reward: -29.5689
  温度: 100.1434
  CPLEX平均线长: 16.6351
Epoch 170/600
  rollouts: 71, samples: 487
  平均奖励: -3.2463, 成功率: 28.2%
  optimizer steps: 9, KL: 0.007070
  累计RL时间: 1603.66s
Epoch 171/600
  rollouts: 70, samples: 485
  平均奖励: -12.1342, 成功率: 37.1%
  optimizer steps: 12, KL: 0.004679
  累计RL时间: 1611.60s
Epoch 172/600
  rollouts: 69, samples: 486
  平均奖励: -7.1662, 成功率: 33.3%
  optimizer steps: 15, KL: 0.005683
  累计RL时间: 1618.91s
Epoch 173/600
  rollouts: 69, samples: 482
  平均奖励: -12.1474, 成功率: 39.1%
  optimizer steps: 14, KL: 0.004445
  累计RL时间: 1626.69s
Epoch 174/600
  rollouts: 72, samples: 482
  平均奖励: 1.2465, 成功率: 22.2%
  optimizer steps: 16, KL: 0.002552
  累计RL时间: 1632.95s
Epoch 175/600
  rollouts: 70, samples: 482
  平均奖励: -2.7746, 成功率: 27.1%
  optimizer steps: 10, KL: 0.006619
  累计RL时间: 1639.95s
Epoch 176/600
  rollouts: 70, samples: 485
  平均奖励: -3.8659, 成功率: 30.0%
  optimizer steps: 8, KL: 0.005711
  累计RL时间: 1646.74s
Epoch 177/600
  rollouts: 72, samples: 486
  平均奖励: 2.4224, 成功率: 22.2%
  optimizer steps: 16, KL: 0.005169
  累计RL时间: 1652.97s
Epoch 178/600
  rollouts: 71, samples: 483
  平均奖励: -6.1261, 成功率: 29.6%
  optimizer steps: 15, KL: 0.006241
  累计RL时间: 1659.89s
Epoch 179/600
  rollouts: 70, samples: 483
  平均奖励: -10.1976, 成功率: 35.7%
  optimizer steps: 8, KL: 0.006939
  累计RL时间: 1667.68s
Epoch 180/600
  rollouts: 71, samples: 483
  平均奖励: -0.8661, 成功率: 25.4%
  optimizer steps: 14, KL: 0.006395
  累计RL时间: 1674.57s
Epoch 181/600
  rollouts: 72, samples: 482
  平均奖励: -3.9001, 成功率: 27.8%
  optimizer steps: 8, KL: 0.005978
  累计RL时间: 1681.28s
Epoch 182/600
  rollouts: 69, samples: 485
  平均奖励: -13.6686, 成功率: 40.6%
  optimizer steps: 14, KL: 0.004726
  累计RL时间: 1689.41s
Epoch 183/600
  rollouts: 70, samples: 480
  平均奖励: -7.1734, 成功率: 32.9%
  optimizer steps: 7, KL: 0.006037
  累计RL时间: 1697.07s
Epoch 184/600
  rollouts: 72, samples: 481
  平均奖励: 4.5343, 成功率: 18.1%
  optimizer steps: 16, KL: 0.004710
  累计RL时间: 1703.04s
Epoch 185/600
  rollouts: 73, samples: 483
  平均奖励: 4.8886, 成功率: 16.4%
  optimizer steps: 8, KL: 0.005708
  累计RL时间: 1708.41s
Epoch 186/600
  rollouts: 69, samples: 480
  平均奖励: -10.1557, 成功率: 34.8%
  optimizer steps: 16, KL: 0.004645
  累计RL时间: 1715.84s
Epoch 187/600
  rollouts: 70, samples: 486
  平均奖励: -1.8599, 成功率: 25.7%
  optimizer steps: 7, KL: 0.005459
  累计RL时间: 1722.69s
Epoch 188/600
  rollouts: 73, samples: 482
  平均奖励: 1.0281, 成功率: 20.5%
  optimizer steps: 12, KL: 0.005536
  累计RL时间: 1729.11s
Epoch 189/600
  rollouts: 68, samples: 480
  平均奖励: -9.2260, 成功率: 36.8%
  optimizer steps: 10, KL: 0.005509
  累计RL时间: 1736.57s
Epoch 190/600
  rollouts: 69, samples: 482
  平均奖励: -7.3054, 成功率: 33.3%
  optimizer steps: 8, KL: 0.006366
  累计RL时间: 1743.68s
Epoch 191/600
  rollouts: 72, samples: 486
  平均奖励: 3.9019, 成功率: 19.4%
  optimizer steps: 16, KL: 0.005080
  累计RL时间: 1749.69s
Epoch 192/600
  rollouts: 72, samples: 480
  平均奖励: -0.8238, 成功率: 25.0%
  optimizer steps: 8, KL: 0.005702
  累计RL时间: 1756.27s
Epoch 193/600
  rollouts: 71, samples: 484
  平均奖励: -11.3403, 成功率: 36.6%
  optimizer steps: 10, KL: 0.004430
  累计RL时间: 1764.29s
Epoch 194/600
  rollouts: 71, samples: 482
  平均奖励: -3.5779, 成功率: 26.8%
  optimizer steps: 7, KL: 0.005350
  累计RL时间: 1770.64s
Epoch 195/600
  rollouts: 77, samples: 483
  平均奖励: 4.6666, 成功率: 16.9%
  optimizer steps: 15, KL: 0.004909
  累计RL时间: 1776.32s
Epoch 196/600
  rollouts: 72, samples: 482
  平均奖励: -2.3282, 成功率: 25.0%
  optimizer steps: 10, KL: 0.006485
  累计RL时间: 1782.81s
Epoch 197/600
  rollouts: 72, samples: 481
  平均奖励: 2.8642, 成功率: 19.4%
  optimizer steps: 13, KL: 0.004367
  累计RL时间: 1788.96s
Epoch 198/600
  rollouts: 70, samples: 480
  平均奖励: -1.3605, 成功率: 24.3%
  optimizer steps: 13, KL: 0.006648
  累计RL时间: 1795.51s
Epoch 199/600
  rollouts: 71, samples: 486
  平均奖励: -1.9739, 成功率: 25.4%
  optimizer steps: 6, KL: 0.004751
  累计RL时间: 1801.85s
Epoch 200/600
  rollouts: 70, samples: 485
  平均奖励: -9.3962, 成功率: 34.3%
  optimizer steps: 7, KL: 0.007415
  累计RL时间: 1809.21s
Epoch 201/600
  rollouts: 75, samples: 481
  平均奖励: 5.4573, 成功率: 16.0%
  optimizer steps: 16, KL: 0.004764
  累计RL时间: 1814.86s
Epoch 202/600
  rollouts: 72, samples: 483
  平均奖励: -2.0278, 成功率: 25.0%
  optimizer steps: 6, KL: 0.006066
  累计RL时间: 1821.59s
Epoch 203/600
  rollouts: 70, samples: 480
  平均奖励: -4.1284, 成功率: 27.1%
  optimizer steps: 9, KL: 0.004922
  累计RL时间: 1828.25s
Epoch 204/600
  rollouts: 71, samples: 483
  平均奖励: -1.3195, 成功率: 23.9%
  optimizer steps: 7, KL: 0.005132
  累计RL时间: 1834.33s
Epoch 205/600
  rollouts: 72, samples: 483
  平均奖励: -2.8326, 成功率: 26.4%
  optimizer steps: 9, KL: 0.006996
  累计RL时间: 1841.00s
Epoch 206/600
  rollouts: 73, samples: 482
  平均奖励: 0.9871, 成功率: 21.9%
  optimizer steps: 8, KL: 0.005563
  累计RL时间: 1847.08s
Epoch 207/600
  rollouts: 69, samples: 483
  平均奖励: -7.3364, 成功率: 31.9%
  optimizer steps: 10, KL: 0.005999
  累计RL时间: 1854.84s
Epoch 208/600
  rollouts: 70, samples: 484
  平均奖励: -6.5472, 成功率: 31.4%
  optimizer steps: 9, KL: 0.004267
  累计RL时间: 1861.76s
Epoch 209/600
  rollouts: 72, samples: 484
  平均奖励: 0.2403, 成功率: 22.2%
  optimizer steps: 10, KL: 0.005854
  累计RL时间: 1868.04s
Epoch 210/600
  rollouts: 68, samples: 483
  平均奖励: -13.3777, 成功率: 39.7%
  optimizer steps: 13, KL: 0.006348
  累计RL时间: 1876.02s
Epoch 211/600
  rollouts: 70, samples: 482
  平均奖励: -11.1982, 成功率: 35.7%
  optimizer steps: 6, KL: 0.005576
  累计RL时间: 1883.90s
Epoch 212/600
  rollouts: 71, samples: 481
  平均奖励: -0.3681, 成功率: 23.9%
  optimizer steps: 7, KL: 0.005914
  累计RL时间: 1890.17s
Epoch 213/600
  rollouts: 74, samples: 481
  平均奖励: 4.5125, 成功率: 17.6%
  optimizer steps: 10, KL: 0.004063
  累计RL时间: 1895.91s
Epoch 214/600
  rollouts: 72, samples: 485
  平均奖励: -0.5045, 成功率: 22.2%
  optimizer steps: 7, KL: 0.006110
  累计RL时间: 1901.98s
Epoch 215/600
  rollouts: 71, samples: 483
  平均奖励: -6.1549, 成功率: 31.0%
  optimizer steps: 12, KL: 0.006030
  累计RL时间: 1909.21s
Epoch 216/600
  rollouts: 71, samples: 483
  平均奖励: -2.2597, 成功率: 25.4%
  optimizer steps: 9, KL: 0.006076
  累计RL时间: 1915.88s
Epoch 217/600
  rollouts: 72, samples: 480
  平均奖励: 2.9002, 成功率: 20.8%
  optimizer steps: 10, KL: 0.006027
  累计RL时间: 1921.77s
Epoch 218/600
  rollouts: 74, samples: 487
  平均奖励: 2.6105, 成功率: 20.3%
  optimizer steps: 7, KL: 0.005973
  累计RL时间: 1927.82s
Epoch 219/600
  rollouts: 72, samples: 483
  平均奖励: -5.0472, 成功率: 27.8%
  optimizer steps: 13, KL: 0.004894
  累计RL时间: 1934.62s
Epoch 220/600
  rollouts: 71, samples: 486
  平均奖励: -5.6646, 成功率: 31.0%
  optimizer steps: 7, KL: 0.006663
  累计RL时间: 1941.86s
Epoch 221/600
  rollouts: 75, samples: 482
  平均奖励: 8.6413, 成功率: 12.0%
  optimizer steps: 15, KL: 0.004564
  累计RL时间: 1947.45s
Epoch 222/600
  rollouts: 70, samples: 481
  平均奖励: -5.4436, 成功率: 30.0%
  optimizer steps: 13, KL: 0.005818
  累计RL时间: 1954.42s
Epoch 223/600
  rollouts: 70, samples: 480
  平均奖励: -1.5362, 成功率: 25.7%
  optimizer steps: 6, KL: 0.004544
  累计RL时间: 1960.72s
Epoch 224/600
  rollouts: 73, samples: 484
  平均奖励: 1.9408, 成功率: 20.5%
  optimizer steps: 11, KL: 0.005694
  累计RL时间: 1967.52s
Epoch 225/600
  rollouts: 71, samples: 483
  平均奖励: -8.0668, 成功率: 32.4%
  optimizer steps: 12, KL: 0.005369
  累计RL时间: 1975.01s
Epoch 226/600
  rollouts: 72, samples: 485
  平均奖励: -0.8549, 成功率: 25.0%
  optimizer steps: 10, KL: 0.006485
  累计RL时间: 1981.79s
Epoch 227/600
  rollouts: 71, samples: 481
  平均奖励: -0.1991, 成功率: 23.9%
  optimizer steps: 8, KL: 0.005612
  累计RL时间: 1987.95s
Epoch 228/600
  rollouts: 73, samples: 486
  平均奖励: -2.4643, 成功率: 26.0%
  optimizer steps: 11, KL: 0.005572
  累计RL时间: 1994.78s
Epoch 229/600
  rollouts: 71, samples: 482
  平均奖励: 4.1699, 成功率: 18.3%
  optimizer steps: 14, KL: 0.004054
  累计RL时间: 2000.50s
Epoch 230/600
  rollouts: 70, samples: 483
  平均奖励: -7.2703, 成功率: 32.9%
  optimizer steps: 15, KL: 0.005682
  累计RL时间: 2008.23s
Epoch 231/600
  rollouts: 70, samples: 482
  平均奖励: -7.1696, 成功率: 31.4%
  optimizer steps: 7, KL: 0.006930
  累计RL时间: 2015.18s
Epoch 232/600
  rollouts: 71, samples: 483
  平均奖励: -3.7152, 成功率: 26.8%
  optimizer steps: 7, KL: 0.007277
  累计RL时间: 2022.02s
Epoch 233/600
  rollouts: 75, samples: 484
  平均奖励: 5.7573, 成功率: 16.0%
  optimizer steps: 15, KL: 0.003999
  累计RL时间: 2028.52s
Epoch 234/600
  rollouts: 74, samples: 485
  平均奖励: 6.1106, 成功率: 16.2%
  optimizer steps: 8, KL: 0.006998
  累计RL时间: 2034.37s
Epoch 235/600
  rollouts: 73, samples: 482
  平均奖励: 0.7786, 成功率: 20.5%
  optimizer steps: 12, KL: 0.005879
  累计RL时间: 2041.72s
Epoch 236/600
  rollouts: 72, samples: 486
  平均奖励: -0.0675, 成功率: 23.6%
  optimizer steps: 8, KL: 0.006399
  累计RL时间: 2048.11s
Epoch 237/600
  rollouts: 72, samples: 481
  平均奖励: 3.5412, 成功率: 19.4%
  optimizer steps: 9, KL: 0.005304
  累计RL时间: 2053.87s
Epoch 238/600
  rollouts: 70, samples: 481
  平均奖励: -10.1414, 成功率: 34.3%
  optimizer steps: 15, KL: 0.005354
  累计RL时间: 2061.25s
Epoch 239/600
  rollouts: 74, samples: 485
  平均奖励: 4.5357, 成功率: 17.6%
  optimizer steps: 16, KL: 0.004117
  累计RL时间: 2067.54s
Epoch 240/600
  rollouts: 71, samples: 484
  平均奖励: -5.1642, 成功率: 29.6%
  optimizer steps: 7, KL: 0.005599
  累计RL时间: 2074.68s
Epoch 241/600
  rollouts: 71, samples: 480
  平均奖励: 0.9996, 成功率: 21.1%
  optimizer steps: 9, KL: 0.007288
  累计RL时间: 2080.59s
Epoch 242/600
  rollouts: 69, samples: 483
  平均奖励: -8.4128, 成功率: 33.3%
  optimizer steps: 14, KL: 0.004716
  累计RL时间: 2087.95s
Epoch 243/600
  rollouts: 71, samples: 484
  平均奖励: -3.2471, 成功率: 26.8%
  optimizer steps: 7, KL: 0.006388
  累计RL时间: 2094.47s
Epoch 244/600
  rollouts: 71, samples: 486
  平均奖励: 2.5744, 成功率: 19.7%
  optimizer steps: 9, KL: 0.007793
  累计RL时间: 2100.94s
Epoch 245/600
  rollouts: 71, samples: 483
  平均奖励: -5.1798, 成功率: 28.2%
  optimizer steps: 11, KL: 0.004791
  累计RL时间: 2108.65s
Epoch 246/600
  rollouts: 71, samples: 480
  平均奖励: -7.9360, 成功率: 31.0%
  optimizer steps: 7, KL: 0.006159
  累计RL时间: 2116.38s
Epoch 247/600
  rollouts: 75, samples: 480
  平均奖励: 3.5532, 成功率: 17.3%
  optimizer steps: 16, KL: 0.005466
  累计RL时间: 2122.47s
Epoch 248/600
  rollouts: 74, samples: 483
  平均奖励: 4.1935, 成功率: 17.6%
  optimizer steps: 8, KL: 0.006909
  累计RL时间: 2128.25s
Epoch 249/600
  rollouts: 71, samples: 485
  平均奖励: -3.5320, 成功率: 26.8%
  optimizer steps: 11, KL: 0.006683
  累计RL时间: 2135.44s
Epoch 250/600
  rollouts: 71, samples: 483
  平均奖励: -2.3563, 成功率: 26.8%
  optimizer steps: 8, KL: 0.006844
  累计RL时间: 2141.86s
Epoch 251/600
  rollouts: 71, samples: 483
  平均奖励: -1.8962, 成功率: 25.4%
  optimizer steps: 8, KL: 0.006129
  累计RL时间: 2148.21s
Epoch 252/600
  rollouts: 73, samples: 486
  平均奖励: -1.7652, 成功率: 26.0%
  optimizer steps: 14, KL: 0.005902
  累计RL时间: 2154.84s
Epoch 253/600
  rollouts: 74, samples: 483
  平均奖励: 1.7092, 成功率: 20.3%
  optimizer steps: 8, KL: 0.006116
  累计RL时间: 2160.99s
Epoch 254/600
  rollouts: 73, samples: 482
  平均奖励: 3.9671, 成功率: 17.8%
  optimizer steps: 7, KL: 0.005573
  累计RL时间: 2166.97s
Epoch 255/600
  rollouts: 69, samples: 481
  平均奖励: -9.8160, 成功率: 34.8%
  optimizer steps: 14, KL: 0.005106
  累计RL时间: 2174.80s
Epoch 256/600
  rollouts: 70, samples: 485
  平均奖励: -9.9236, 成功率: 34.3%
  optimizer steps: 8, KL: 0.007742
  累计RL时间: 2182.19s
Epoch 257/600
  rollouts: 71, samples: 480
  平均奖励: -3.7251, 成功率: 28.2%
  optimizer steps: 8, KL: 0.006634
  累计RL时间: 2188.87s
Epoch 258/600
  rollouts: 73, samples: 486
  平均奖励: 6.3142, 成功率: 16.4%
  optimizer steps: 12, KL: 0.006699
  累计RL时间: 2194.88s
Epoch 259/600
  rollouts: 71, samples: 483
  平均奖励: -5.7691, 成功率: 29.6%
  optimizer steps: 16, KL: 0.005541
  累计RL时间: 2201.85s
Epoch 260/600
  rollouts: 72, samples: 482
  平均奖励: 2.9381, 成功率: 19.4%
  optimizer steps: 15, KL: 0.003895
  累计RL时间: 2207.69s
Epoch 261/600
  rollouts: 71, samples: 482
  平均奖励: -1.1014, 成功率: 23.9%
  optimizer steps: 10, KL: 0.006113
  累计RL时间: 2214.10s
Epoch 262/600
  rollouts: 72, samples: 484
  平均奖励: -4.5151, 成功率: 27.8%
  optimizer steps: 8, KL: 0.006416
  累计RL时间: 2220.95s
Epoch 263/600
  rollouts: 71, samples: 485
  平均奖励: -1.2666, 成功率: 25.4%
  optimizer steps: 9, KL: 0.007645
  累计RL时间: 2227.76s
Epoch 264/600
  rollouts: 73, samples: 480
  平均奖励: 2.5074, 成功率: 20.5%
  optimizer steps: 8, KL: 0.004868
  累计RL时间: 2233.59s
Epoch 265/600
  rollouts: 71, samples: 484
  平均奖励: -11.2331, 成功率: 35.2%
  optimizer steps: 13, KL: 0.004562
  累计RL时间: 2241.15s
Epoch 266/600
  rollouts: 70, samples: 483
  平均奖励: -7.8878, 成功率: 32.9%
  optimizer steps: 7, KL: 0.006244
  累计RL时间: 2248.16s
Epoch 267/600
  rollouts: 74, samples: 484
  平均奖励: 4.6389, 成功率: 17.6%
  optimizer steps: 16, KL: 0.005620
  累计RL时间: 2254.26s
Epoch 268/600
  rollouts: 71, samples: 482
  平均奖励: -6.0376, 成功率: 29.6%
  optimizer steps: 11, KL: 0.005258
  累计RL时间: 2261.58s
Epoch 269/600
  rollouts: 70, samples: 481
  平均奖励: -4.0497, 成功率: 28.6%
  optimizer steps: 8, KL: 0.005957
  累计RL时间: 2268.25s
Epoch 270/600
  rollouts: 75, samples: 486
  平均奖励: 3.2563, 成功率: 18.7%
  optimizer steps: 12, KL: 0.006363
  累计RL时间: 2274.28s
Epoch 271/600
  rollouts: 72, samples: 486
  平均奖励: -0.6003, 成功率: 25.0%
  optimizer steps: 8, KL: 0.006103
  累计RL时间: 2280.63s
Epoch 272/600
  rollouts: 70, samples: 485
  平均奖励: 1.0105, 成功率: 22.9%
  optimizer steps: 8, KL: 0.007904
  累计RL时间: 2287.13s
Epoch 273/600
  rollouts: 70, samples: 483
  平均奖励: -6.1049, 成功率: 30.0%
  optimizer steps: 14, KL: 0.006343
  累计RL时间: 2294.17s
Epoch 274/600
  rollouts: 72, samples: 485
  平均奖励: -0.8056, 成功率: 22.2%
  optimizer steps: 9, KL: 0.006211
  累计RL时间: 2300.24s
Epoch 275/600
  rollouts: 74, samples: 481
  平均奖励: 2.6900, 成功率: 17.6%
  optimizer steps: 10, KL: 0.005752
  累计RL时间: 2306.01s
Epoch 276/600
  rollouts: 68, samples: 481
  平均奖励: -12.6669, 成功率: 36.8%
  optimizer steps: 15, KL: 0.004830
  累计RL时间: 2313.80s
Epoch 277/600
  rollouts: 71, samples: 482
  平均奖励: -8.7608, 成功率: 33.8%
  optimizer steps: 7, KL: 0.006537
  累计RL时间: 2321.60s
Epoch 278/600
  rollouts: 71, samples: 482
  平均奖励: -4.0146, 成功率: 28.2%
  optimizer steps: 6, KL: 0.006077
  累计RL时间: 2328.31s
Epoch 279/600
  rollouts: 74, samples: 481
  平均奖励: 2.9108, 成功率: 18.9%
  optimizer steps: 16, KL: 0.005298
  累计RL时间: 2334.29s
Epoch 280/600
  rollouts: 68, samples: 481
  平均奖励: -10.5933, 成功率: 36.8%
  optimizer steps: 13, KL: 0.005823
  累计RL时间: 2342.06s
Epoch 281/600
  rollouts: 72, samples: 484
  平均奖励: -6.4441, 成功率: 30.6%
  optimizer steps: 7, KL: 0.005611
  累计RL时间: 2349.83s
Epoch 282/600
  rollouts: 74, samples: 484
  平均奖励: 5.9748, 成功率: 14.9%
  optimizer steps: 12, KL: 0.004519
  累计RL时间: 2355.09s
Epoch 283/600
  rollouts: 74, samples: 485
  平均奖励: 0.7112, 成功率: 23.0%
  optimizer steps: 7, KL: 0.004747
  累计RL时间: 2361.34s
Epoch 284/600
  rollouts: 72, samples: 485
  平均奖励: -1.3192, 成功率: 25.0%
  optimizer steps: 9, KL: 0.005596
  累计RL时间: 2367.87s
Epoch 285/600
  rollouts: 72, samples: 482
  平均奖励: 2.7814, 成功率: 19.4%
  optimizer steps: 7, KL: 0.006062
  累计RL时间: 2373.51s
Epoch 286/600
  rollouts: 68, samples: 482
  平均奖励: -12.4298, 成功率: 38.2%
  optimizer steps: 14, KL: 0.005180
  累计RL时间: 2381.54s
Epoch 287/600
  rollouts: 70, samples: 485
  平均奖励: -4.4966, 成功率: 27.1%
  optimizer steps: 8, KL: 0.005556
  累计RL时间: 2388.06s
Epoch 288/600
  rollouts: 69, samples: 482
  平均奖励: -4.5116, 成功率: 27.5%
  optimizer steps: 9, KL: 0.004073
  累计RL时间: 2394.71s
Epoch 289/600
  rollouts: 71, samples: 484
  平均奖励: -5.2524, 成功率: 28.2%
  optimizer steps: 6, KL: 0.005025
  累计RL时间: 2401.39s
Epoch 290/600
  rollouts: 72, samples: 483
  平均奖励: 0.3563, 成功率: 22.2%
  optimizer steps: 11, KL: 0.005658
  累计RL时间: 2407.66s
Epoch 291/600
  rollouts: 70, samples: 483
  平均奖励: -4.6107, 成功率: 28.6%
  optimizer steps: 8, KL: 0.004365
  累计RL时间: 2414.73s
Epoch 292/600
  rollouts: 71, samples: 481
  平均奖励: 0.7597, 成功率: 22.5%
  optimizer steps: 14, KL: 0.005652
  累计RL时间: 2420.93s
Epoch 293/600
  rollouts: 71, samples: 482
  平均奖励: -4.8452, 成功率: 28.2%
  optimizer steps: 7, KL: 0.006258
  累计RL时间: 2427.77s
Epoch 294/600
  rollouts: 71, samples: 486
  平均奖励: -5.8065, 成功率: 29.6%
  optimizer steps: 11, KL: 0.005452
  累计RL时间: 2434.73s
Epoch 295/600
  rollouts: 73, samples: 487
  平均奖励: 2.0729, 成功率: 20.5%
  optimizer steps: 12, KL: 0.007158
  累计RL时间: 2441.46s
Epoch 296/600
  rollouts: 70, samples: 483
  平均奖励: -5.5618, 成功率: 30.0%
  optimizer steps: 13, KL: 0.005140
  累计RL时间: 2448.57s
Epoch 297/600
  rollouts: 71, samples: 481
  平均奖励: 1.2287, 成功率: 21.1%
  optimizer steps: 12, KL: 0.006161
  累计RL时间: 2454.56s
Epoch 298/600
  rollouts: 73, samples: 483
  平均奖励: 4.5545, 成功率: 16.4%
  optimizer steps: 7, KL: 0.005326
  累计RL时间: 2460.27s
Epoch 299/600
  rollouts: 71, samples: 480
  平均奖励: -1.0596, 成功率: 23.9%
  optimizer steps: 12, KL: 0.005060
  累计RL时间: 2466.54s
Epoch 300/600
  rollouts: 69, samples: 481
  平均奖励: -12.2206, 成功率: 37.7%
  optimizer steps: 7, KL: 0.007358
  累计RL时间: 2474.57s
Epoch 301/600
  rollouts: 70, samples: 482
  平均奖励: -1.9023, 成功率: 25.7%
  optimizer steps: 6, KL: 0.006094
  累计RL时间: 2481.03s
Epoch 302/600
  rollouts: 73, samples: 483
  平均奖励: 1.7159, 成功率: 21.9%
  optimizer steps: 12, KL: 0.005714
  累计RL时间: 2487.28s
Epoch 303/600
  rollouts: 72, samples: 484
  平均奖励: 2.2908, 成功率: 19.4%
  optimizer steps: 7, KL: 0.007305
  累计RL时间: 2493.13s
Epoch 304/600
  rollouts: 71, samples: 484
  平均奖励: -6.0688, 成功率: 29.6%
  optimizer steps: 13, KL: 0.005193
  累计RL时间: 2500.44s
Epoch 305/600
  rollouts: 70, samples: 484
  平均奖励: -6.4406, 成功率: 31.4%
  optimizer steps: 6, KL: 0.005587
  累计RL时间: 2507.92s
Epoch 306/600
  rollouts: 73, samples: 481
  平均奖励: 5.5556, 成功率: 15.1%
  optimizer steps: 16, KL: 0.006027
  累计RL时间: 2513.36s
Epoch 307/600
  rollouts: 70, samples: 482
  平均奖励: -9.9089, 成功率: 34.3%
  optimizer steps: 13, KL: 0.006043
  累计RL时间: 2520.88s
Epoch 308/600
  rollouts: 73, samples: 485
  平均奖励: 0.4761, 成功率: 23.3%
  optimizer steps: 9, KL: 0.007882
  累计RL时间: 2527.34s
Epoch 309/600
  rollouts: 72, samples: 482
  平均奖励: 1.0329, 成功率: 22.2%
  optimizer steps: 8, KL: 0.006853
  累计RL时间: 2533.82s
Epoch 310/600
  rollouts: 71, samples: 481
  平均奖励: -4.0686, 成功率: 28.2%
  optimizer steps: 9, KL: 0.004453
  累计RL时间: 2540.63s
Epoch 311/600
  rollouts: 70, samples: 486
  平均奖励: -8.0788, 成功率: 32.9%
  optimizer steps: 7, KL: 0.006527
  累计RL时间: 2547.98s
Epoch 312/600
  rollouts: 72, samples: 483
  平均奖励: -0.9416, 成功率: 23.6%
  optimizer steps: 6, KL: 0.004978
  累计RL时间: 2554.48s
Epoch 313/600
  rollouts: 73, samples: 480
  平均奖励: 7.5130, 成功率: 13.7%
  optimizer steps: 11, KL: 0.004247
  累计RL时间: 2559.81s
Epoch 314/600
  rollouts: 73, samples: 486
  平均奖励: 0.4960, 成功率: 21.9%
  optimizer steps: 6, KL: 0.005472
  累计RL时间: 2566.49s
Epoch 315/600
  rollouts: 72, samples: 480
  平均奖励: -0.1484, 成功率: 22.2%
  optimizer steps: 7, KL: 0.005675
  累计RL时间: 2572.99s
Epoch 316/600
  rollouts: 69, samples: 485
  平均奖励: -8.3301, 成功率: 33.3%
  optimizer steps: 9, KL: 0.005458
  累计RL时间: 2580.41s
Epoch 317/600
  rollouts: 72, samples: 483
  平均奖励: 1.7184, 成功率: 20.8%
  optimizer steps: 14, KL: 0.005748
  累计RL时间: 2586.64s
Epoch 318/600
  rollouts: 72, samples: 484
  平均奖励: -5.7151, 成功率: 29.2%
  optimizer steps: 14, KL: 0.003804
  累计RL时间: 2593.80s
Epoch 319/600
  rollouts: 71, samples: 486
  平均奖励: -1.5781, 成功率: 25.4%
  optimizer steps: 6, KL: 0.006369
  累计RL时间: 2600.54s
Epoch 320/600
  rollouts: 73, samples: 481
  平均奖励: 3.0200, 成功率: 19.2%
  optimizer steps: 8, KL: 0.005698
  累计RL时间: 2606.36s
Epoch 321/600
  rollouts: 74, samples: 484
  平均奖励: 8.8953, 成功率: 12.2%
  optimizer steps: 9, KL: 0.005805
  累计RL时间: 2611.42s
Epoch 322/600
  rollouts: 71, samples: 485
  平均奖励: -4.3231, 成功率: 28.2%
  optimizer steps: 9, KL: 0.004524
  累计RL时间: 2618.86s
Epoch 323/600
  rollouts: 72, samples: 485
  平均奖励: 1.5595, 成功率: 20.8%
  optimizer steps: 9, KL: 0.004858
  累计RL时间: 2625.04s
Epoch 324/600
  rollouts: 71, samples: 482
  平均奖励: -0.8801, 成功率: 23.9%
  optimizer steps: 8, KL: 0.005279
  累计RL时间: 2631.50s
Epoch 325/600
  rollouts: 71, samples: 480
  平均奖励: -5.9243, 成功率: 31.0%
  optimizer steps: 7, KL: 0.005505
  累计RL时间: 2638.52s
Epoch 326/600
  rollouts: 74, samples: 480
  平均奖励: 4.2338, 成功率: 17.6%
  optimizer steps: 8, KL: 0.005480
  累计RL时间: 2644.14s
Epoch 327/600
  rollouts: 75, samples: 483
  平均奖励: 6.6690, 成功率: 14.7%
  optimizer steps: 7, KL: 0.005512
  累计RL时间: 2649.50s
Epoch 328/600
  rollouts: 72, samples: 480
  平均奖励: 0.5007, 成功率: 22.2%
  optimizer steps: 7, KL: 0.005313
  累计RL时间: 2655.67s
Epoch 329/600
  rollouts: 71, samples: 480
  平均奖励: -3.0568, 成功率: 25.4%
  optimizer steps: 10, KL: 0.006135
  累计RL时间: 2662.35s
Epoch 330/600
  rollouts: 72, samples: 482
  平均奖励: 2.8584, 成功率: 19.4%
  optimizer steps: 13, KL: 0.006466
  累计RL时间: 2668.12s
Epoch 331/600
  rollouts: 74, samples: 480
  平均奖励: 5.9958, 成功率: 14.9%
  optimizer steps: 7, KL: 0.009516
  累计RL时间: 2673.45s
Epoch 332/600
  rollouts: 71, samples: 480
  平均奖励: -2.9692, 成功率: 25.4%
  optimizer steps: 12, KL: 0.006976
  累计RL时间: 2680.06s
Epoch 333/600
  rollouts: 72, samples: 484
  平均奖励: -1.0354, 成功率: 23.6%
  optimizer steps: 7, KL: 0.008511
  累计RL时间: 2686.54s
Epoch 334/600
  rollouts: 72, samples: 481
  平均奖励: 0.6275, 成功率: 22.2%
  optimizer steps: 7, KL: 0.007117
  累计RL时间: 2694.25s
Epoch 335/600
  rollouts: 74, samples: 484
  平均奖励: 4.7230, 成功率: 17.6%
  optimizer steps: 12, KL: 0.006618
  累计RL时间: 2699.80s
Epoch 336/600
  rollouts: 73, samples: 485
  平均奖励: 2.1386, 成功率: 19.2%
  optimizer steps: 7, KL: 0.006540
  累计RL时间: 2706.27s
Epoch 337/600
  rollouts: 70, samples: 484
  平均奖励: -5.8090, 成功率: 30.0%
  optimizer steps: 12, KL: 0.005336
  累计RL时间: 2713.37s
Epoch 338/600
  rollouts: 71, samples: 482
  平均奖励: -4.2553, 成功率: 26.8%
  optimizer steps: 6, KL: 0.007158
  累计RL时间: 2720.18s
Epoch 339/600
  rollouts: 72, samples: 485
  平均奖励: 0.2120, 成功率: 22.2%
  optimizer steps: 10, KL: 0.006355
  累计RL时间: 2726.46s
Epoch 340/600
  rollouts: 71, samples: 480
  平均奖励: -4.6251, 成功率: 28.2%
  optimizer steps: 11, KL: 0.004106
  累计RL时间: 2733.04s
Epoch 341/600
  rollouts: 72, samples: 482
  平均奖励: -1.7879, 成功率: 25.0%
  optimizer steps: 6, KL: 0.006894
  累计RL时间: 2739.40s
Epoch 342/600
  rollouts: 75, samples: 482
  平均奖励: 8.6571, 成功率: 12.0%
  optimizer steps: 12, KL: 0.006969
  累计RL时间: 2744.39s
Epoch 343/600
  rollouts: 73, samples: 480
  平均奖励: 7.9095, 成功率: 13.7%
  optimizer steps: 6, KL: 0.005781
  累计RL时间: 2749.83s
Epoch 344/600
  rollouts: 71, samples: 485
  平均奖励: -6.0690, 成功率: 29.6%
  optimizer steps: 14, KL: 0.006087
  累计RL时间: 2756.99s
Epoch 345/600
  rollouts: 72, samples: 484
  平均奖励: 4.9764, 成功率: 16.7%
  optimizer steps: 14, KL: 0.005883
  累计RL时间: 2762.37s
Epoch 346/600
  rollouts: 71, samples: 486
  平均奖励: -6.0024, 成功率: 29.6%
  optimizer steps: 10, KL: 0.007634
  累计RL时间: 2769.21s
Epoch 347/600
  rollouts: 71, samples: 482
  平均奖励: -1.0622, 成功率: 23.9%
  optimizer steps: 9, KL: 0.005613
  累计RL时间: 2775.36s
Epoch 348/600
  rollouts: 68, samples: 481
  平均奖励: -14.4555, 成功率: 39.7%
  optimizer steps: 13, KL: 0.004954
  累计RL时间: 2783.48s
Epoch 349/600
  rollouts: 70, samples: 482
  平均奖励: -6.3093, 成功率: 31.4%
  optimizer steps: 7, KL: 0.008972
  累计RL时间: 2790.74s
Epoch 350/600
  rollouts: 73, samples: 481
  平均奖励: 6.6264, 成功率: 13.7%
  optimizer steps: 13, KL: 0.006346
  累计RL时间: 2795.91s
Epoch 351/600
  rollouts: 72, samples: 480
  平均奖励: 0.7719, 成功率: 22.2%
  optimizer steps: 9, KL: 0.006554
  累计RL时间: 2802.07s
Epoch 352/600
  rollouts: 73, samples: 485
  平均奖励: 4.3017, 成功率: 17.8%
  optimizer steps: 10, KL: 0.005411
  累计RL时间: 2807.68s
Epoch 353/600
  rollouts: 69, samples: 482
  平均奖励: -11.6601, 成功率: 36.2%
  optimizer steps: 13, KL: 0.004921
  累计RL时间: 2815.65s
Epoch 354/600
  rollouts: 71, samples: 480
  平均奖励: 0.5842, 成功率: 21.1%
  optimizer steps: 9, KL: 0.007693
  累计RL时间: 2821.43s
Epoch 355/600
  rollouts: 70, samples: 483
  平均奖励: -5.2259, 成功率: 28.6%
  optimizer steps: 9, KL: 0.006028
  累计RL时间: 2828.10s
Epoch 356/600
  rollouts: 73, samples: 484
  平均奖励: 0.5583, 成功率: 21.9%
  optimizer steps: 7, KL: 0.006895
  累计RL时间: 2834.14s
Epoch 357/600
  rollouts: 72, samples: 480
  平均奖励: -0.2285, 成功率: 22.2%
  optimizer steps: 7, KL: 0.005343
  累计RL时间: 2840.35s
Epoch 358/600
  rollouts: 73, samples: 486
  平均奖励: 1.5649, 成功率: 20.5%
  optimizer steps: 11, KL: 0.006600
  累计RL时间: 2846.61s
Epoch 359/600
  rollouts: 74, samples: 485
  平均奖励: 6.8935, 成功率: 13.5%
  optimizer steps: 6, KL: 0.006473
  累计RL时间: 2851.61s
Epoch 360/600
  rollouts: 71, samples: 480
  平均奖励: 2.8999, 成功率: 19.7%
  optimizer steps: 7, KL: 0.009504
  累计RL时间: 2857.34s
Epoch 361/600
  rollouts: 70, samples: 481
  平均奖励: -4.7207, 成功率: 28.6%
  optimizer steps: 14, KL: 0.007574
  累计RL时间: 2864.13s
Epoch 362/600
  rollouts: 69, samples: 482
  平均奖励: -8.5470, 成功率: 33.3%
  optimizer steps: 6, KL: 0.005646
  累计RL时间: 2871.77s
Epoch 363/600
  rollouts: 73, samples: 485
  平均奖励: 3.2114, 成功率: 19.2%
  optimizer steps: 11, KL: 0.006183
  累计RL时间: 2878.04s
Epoch 364/600
  rollouts: 72, samples: 480
  平均奖励: 0.5073, 成功率: 22.2%
  optimizer steps: 10, KL: 0.004848
  累计RL时间: 2884.22s
Epoch 365/600
  rollouts: 73, samples: 481
  平均奖励: 0.9166, 成功率: 21.9%
  optimizer steps: 9, KL: 0.006010
  累计RL时间: 2890.21s
Epoch 366/600
  rollouts: 71, samples: 480
  平均奖励: 0.7038, 成功率: 21.1%
  optimizer steps: 8, KL: 0.005549
  累计RL时间: 2896.11s
Epoch 367/600
  rollouts: 72, samples: 484
  平均奖励: 0.9077, 成功率: 20.8%
  optimizer steps: 7, KL: 0.005420
  累计RL时间: 2902.21s
Epoch 368/600
  rollouts: 74, samples: 482
  平均奖励: 7.5324, 成功率: 13.5%
  optimizer steps: 9, KL: 0.004970
  累计RL时间: 2907.94s
Epoch 369/600
  rollouts: 73, samples: 481
  平均奖励: 5.5451, 成功率: 15.1%
  optimizer steps: 6, KL: 0.007017
  累计RL时间: 2913.16s
Epoch 370/600
  rollouts: 69, samples: 483
  平均奖励: -5.1467, 成功率: 29.0%
  optimizer steps: 15, KL: 0.005434
  累计RL时间: 2919.94s
Epoch 371/600
  rollouts: 71, samples: 480
  平均奖励: -3.2356, 成功率: 26.8%
  optimizer steps: 7, KL: 0.007262
  累计RL时间: 2926.58s
Epoch 372/600
  rollouts: 71, samples: 481
  平均奖励: -0.1576, 成功率: 22.5%
  optimizer steps: 11, KL: 0.004732
  累计RL时间: 2932.69s
Epoch 373/600
  rollouts: 70, samples: 480
  平均奖励: -2.4665, 成功率: 25.7%
  optimizer steps: 8, KL: 0.004680
  累计RL时间: 2939.49s
Epoch 374/600
  rollouts: 70, samples: 481
  平均奖励: -8.4953, 成功率: 32.9%
  optimizer steps: 7, KL: 0.004808
  累计RL时间: 2946.53s
Epoch 375/600
  rollouts: 73, samples: 487
  平均奖励: 1.5847, 成功率: 20.5%
  optimizer steps: 14, KL: 0.005957
  累计RL时间: 2952.92s
Epoch 376/600
  rollouts: 71, samples: 486
  平均奖励: -3.1645, 成功率: 26.8%
  optimizer steps: 10, KL: 0.004238
  累计RL时间: 2959.59s
Epoch 377/600
  rollouts: 71, samples: 482
  平均奖励: -3.7352, 成功率: 26.8%
  optimizer steps: 7, KL: 0.006484
  累计RL时间: 2966.41s
Epoch 378/600
  rollouts: 70, samples: 480
  平均奖励: -3.6317, 成功率: 27.1%
  optimizer steps: 8, KL: 0.004723
  累计RL时间: 2973.26s
Epoch 379/600
  rollouts: 73, samples: 485
  平均奖励: 8.8718, 成功率: 12.3%
  optimizer steps: 9, KL: 0.005599
  累计RL时间: 2978.19s
Epoch 380/600
  rollouts: 70, samples: 483
  平均奖励: -5.7602, 成功率: 30.0%
  optimizer steps: 11, KL: 0.006910
  累计RL时间: 2985.17s
Epoch 381/600
  rollouts: 74, samples: 485
  平均奖励: 3.9100, 成功率: 16.2%
  optimizer steps: 11, KL: 0.005747
  累计RL时间: 2990.52s
Epoch 382/600
  rollouts: 68, samples: 481
  平均奖励: -12.6524, 成功率: 38.2%
  optimizer steps: 14, KL: 0.004771
  累计RL时间: 2998.53s
Epoch 383/600
  rollouts: 69, samples: 484
  平均奖励: -4.8533, 成功率: 29.0%
  optimizer steps: 5, KL: 0.005472
  累计RL时间: 3005.26s
Epoch 384/600
  rollouts: 72, samples: 481
  平均奖励: 0.1265, 成功率: 22.2%
  optimizer steps: 6, KL: 0.007990
  累计RL时间: 3011.29s
Epoch 385/600
  rollouts: 73, samples: 482
  平均奖励: 4.7376, 成功率: 17.8%
  optimizer steps: 7, KL: 0.004569
  累计RL时间: 3016.94s
Epoch 386/600
  rollouts: 73, samples: 480
  平均奖励: -0.1116, 成功率: 21.9%
  optimizer steps: 9, KL: 0.005424
  累计RL时间: 3023.16s
Epoch 387/600
  rollouts: 76, samples: 486
  平均奖励: 4.9403, 成功率: 15.8%
  optimizer steps: 12, KL: 0.004924
  累计RL时间: 3029.15s
Epoch 388/600
  rollouts: 74, samples: 485
  平均奖励: 2.3016, 成功率: 18.9%
  optimizer steps: 6, KL: 0.005965
  累计RL时间: 3034.93s
Epoch 389/600
  rollouts: 71, samples: 486
  平均奖励: -0.3985, 成功率: 23.9%
  optimizer steps: 9, KL: 0.007495
  累计RL时间: 3041.21s
Epoch 390/600
  rollouts: 69, samples: 484
  平均奖励: -6.9626, 成功率: 31.9%
  optimizer steps: 9, KL: 0.004933
  累计RL时间: 3048.27s
Epoch 391/600
  rollouts: 70, samples: 482
  平均奖励: -7.9121, 成功率: 31.4%
  optimizer steps: 6, KL: 0.007203
  累计RL时间: 3055.41s
Epoch 392/600
  rollouts: 74, samples: 482
  平均奖励: 3.6988, 成功率: 18.9%
  optimizer steps: 9, KL: 0.007441
  累计RL时间: 3061.77s
Epoch 393/600
  rollouts: 75, samples: 483
  平均奖励: 9.9168, 成功率: 10.7%
  optimizer steps: 9, KL: 0.005418
  累计RL时间: 3066.58s
Epoch 394/600
  rollouts: 72, samples: 483
  平均奖励: 2.1245, 成功率: 19.4%
  optimizer steps: 6, KL: 0.005833
  累计RL时间: 3072.35s
Epoch 395/600
  rollouts: 70, samples: 481
  平均奖励: -5.3597, 成功率: 30.0%
  optimizer steps: 12, KL: 0.006030
  累计RL时间: 3079.19s
Epoch 396/600
  rollouts: 69, samples: 480
  平均奖励: -3.5498, 成功率: 27.5%
  optimizer steps: 6, KL: 0.005954
  累计RL时间: 3085.58s
Epoch 397/600
  rollouts: 74, samples: 485
  平均奖励: 9.7437, 成功率: 10.8%
  optimizer steps: 16, KL: 0.005245
  累计RL时间: 3091.02s
Epoch 398/600
  rollouts: 71, samples: 480
  平均奖励: -1.8399, 成功率: 25.4%
  optimizer steps: 11, KL: 0.006238
  累计RL时间: 3097.50s
Epoch 399/600
  rollouts: 70, samples: 484
  平均奖励: -5.3614, 成功率: 28.6%
  optimizer steps: 7, KL: 0.008829
  累计RL时间: 3104.20s
Epoch 400/600
  rollouts: 74, samples: 480
  平均奖励: 4.8136, 成功率: 16.2%
  optimizer steps: 11, KL: 0.005699
  累计RL时间: 3109.72s
Epoch 401/600
  rollouts: 74, samples: 483
  平均奖励: 4.4470, 成功率: 16.2%
  optimizer steps: 6, KL: 0.006265
  累计RL时间: 3115.00s
Epoch 402/600
  rollouts: 71, samples: 486
  平均奖励: -0.7149, 成功率: 23.9%
  optimizer steps: 11, KL: 0.008027
  累计RL时间: 3121.72s
Epoch 403/600
  rollouts: 72, samples: 482
  平均奖励: 2.6817, 成功率: 19.4%
  optimizer steps: 10, KL: 0.004752
  累计RL时间: 3127.52s
Epoch 404/600
  rollouts: 71, samples: 482
  平均奖励: -8.7379, 成功率: 32.4%
  optimizer steps: 12, KL: 0.004207
  累计RL时间: 3135.02s
Epoch 405/600
  rollouts: 70, samples: 480
  平均奖励: -0.5257, 成功率: 24.3%
  optimizer steps: 10, KL: 0.005900
  累计RL时间: 3141.41s
Epoch 406/600
  rollouts: 70, samples: 484
  平均奖励: -5.0415, 成功率: 28.6%
  optimizer steps: 10, KL: 0.004387
  累计RL时间: 3148.19s
Epoch 407/600
  rollouts: 72, samples: 484
  平均奖励: -2.9251, 成功率: 26.4%
  optimizer steps: 6, KL: 0.006907
  累计RL时间: 3155.02s
Epoch 408/600
  rollouts: 75, samples: 485
  平均奖励: 8.3555, 成功率: 12.0%
  optimizer steps: 14, KL: 0.005920
  累计RL时间: 3160.04s
Epoch 409/600
  rollouts: 74, samples: 481
  平均奖励: 3.6828, 成功率: 17.6%
  optimizer steps: 6, KL: 0.006848
  累计RL时间: 3165.61s
Epoch 410/600
  rollouts: 71, samples: 481
  平均奖励: 0.8287, 成功率: 21.1%
  optimizer steps: 5, KL: 0.006566
  累计RL时间: 3171.44s
Epoch 411/600
  rollouts: 72, samples: 487
  平均奖励: -2.2881, 成功率: 25.0%
  optimizer steps: 5, KL: 0.006044
  累计RL时间: 3177.74s
Epoch 412/600
  rollouts: 70, samples: 480
  平均奖励: -7.8073, 成功率: 30.0%
  optimizer steps: 12, KL: 0.005864
  累计RL时间: 3185.19s
Epoch 413/600
  rollouts: 68, samples: 484
  平均奖励: -15.7981, 成功率: 42.6%
  optimizer steps: 7, KL: 0.007776
  累计RL时间: 3193.17s
Epoch 414/600
  rollouts: 69, samples: 482
  平均奖励: -2.1119, 成功率: 24.6%
  optimizer steps: 5, KL: 0.007416
  累计RL时间: 3199.42s
Epoch 415/600
  rollouts: 73, samples: 484
  平均奖励: 2.8710, 成功率: 19.2%
  optimizer steps: 7, KL: 0.006066
  累计RL时间: 3205.15s
Epoch 416/600
  rollouts: 74, samples: 482
  平均奖励: 7.8693, 成功率: 13.5%
  optimizer steps: 9, KL: 0.004131
  累计RL时间: 3210.58s
Epoch 417/600
  rollouts: 71, samples: 483
  平均奖励: 0.4399, 成功率: 22.5%
  optimizer steps: 10, KL: 0.007827
  累计RL时间: 3217.12s
Epoch 418/600
  rollouts: 71, samples: 483
  平均奖励: 1.1989, 成功率: 21.1%
  optimizer steps: 10, KL: 0.004982
  累计RL时间: 3223.02s
Epoch 419/600
  rollouts: 70, samples: 482
  平均奖励: -2.1981, 成功率: 25.7%
  optimizer steps: 8, KL: 0.005795
  累计RL时间: 3229.51s
Epoch 420/600
  rollouts: 69, samples: 482
  平均奖励: -7.8502, 成功率: 31.9%
  optimizer steps: 10, KL: 0.005801
  累计RL时间: 3236.55s
Epoch 421/600
  rollouts: 72, samples: 487
  平均奖励: -3.1541, 成功率: 26.4%
  optimizer steps: 6, KL: 0.009024
  累计RL时间: 3243.30s
Epoch 422/600
  rollouts: 74, samples: 484
  平均奖励: 1.7080, 成功率: 18.9%
  optimizer steps: 5, KL: 0.006412
  累计RL时间: 3249.30s
Epoch 423/600
  rollouts: 77, samples: 483
  平均奖励: 13.9955, 成功率: 5.2%
  optimizer steps: 13, KL: 0.003822
  累计RL时间: 3253.51s
Epoch 424/600
  rollouts: 74, samples: 487
  平均奖励: 4.0432, 成功率: 17.6%
  optimizer steps: 5, KL: 0.005514
  累计RL时间: 3259.04s
Epoch 425/600
  rollouts: 71, samples: 480
  平均奖励: -1.3482, 成功率: 22.5%
  optimizer steps: 15, KL: 0.007135
  累计RL时间: 3265.26s
Epoch 426/600
  rollouts: 73, samples: 480
  平均奖励: 4.3207, 成功率: 16.4%
  optimizer steps: 11, KL: 0.007129
  累计RL时间: 3270.85s
Epoch 427/600
  rollouts: 71, samples: 480
  平均奖励: 4.6579, 成功率: 16.9%
  optimizer steps: 7, KL: 0.005799
  累计RL时间: 3276.65s
Epoch 428/600
  rollouts: 70, samples: 481
  平均奖励: -2.5718, 成功率: 25.7%
  optimizer steps: 11, KL: 0.005946
  累计RL时间: 3282.86s
Epoch 429/600
  rollouts: 72, samples: 485
  平均奖励: -3.5004, 成功率: 26.4%
  optimizer steps: 6, KL: 0.006986
  累计RL时间: 3289.27s
Epoch 430/600
  rollouts: 74, samples: 483
  平均奖励: 0.9751, 成功率: 21.6%
  optimizer steps: 7, KL: 0.005997
  累计RL时间: 3295.43s
Epoch 431/600
  rollouts: 73, samples: 483
  平均奖励: 5.5909, 成功率: 15.1%
  optimizer steps: 11, KL: 0.005258
  累计RL时间: 3301.00s
Epoch 432/600
  rollouts: 72, samples: 483
  平均奖励: 0.6775, 成功率: 22.2%
  optimizer steps: 7, KL: 0.006559
  累计RL时间: 3307.53s
Epoch 433/600
  rollouts: 72, samples: 483
  平均奖励: 2.1953, 成功率: 19.4%
  optimizer steps: 9, KL: 0.007576
  累计RL时间: 3313.21s
Epoch 434/600
  rollouts: 71, samples: 482
  平均奖励: -2.8734, 成功率: 25.4%
  optimizer steps: 10, KL: 0.003594
  累计RL时间: 3319.57s
Epoch 435/600
  rollouts: 72, samples: 482
  平均奖励: -1.6052, 成功率: 23.6%
  optimizer steps: 9, KL: 0.007722
  累计RL时间: 3325.84s
Epoch 436/600
  rollouts: 72, samples: 483
  平均奖励: 3.8925, 成功率: 18.1%
  optimizer steps: 8, KL: 0.006390
  累计RL时间: 3331.80s
Epoch 437/600
  rollouts: 70, samples: 483
  平均奖励: -2.5019, 成功率: 24.3%
  optimizer steps: 9, KL: 0.004656
  累计RL时间: 3338.49s
Epoch 438/600
  rollouts: 71, samples: 480
  平均奖励: -4.1634, 成功率: 25.4%
  optimizer steps: 6, KL: 0.008547
  累计RL时间: 3345.10s
Epoch 439/600
  rollouts: 74, samples: 480
  平均奖励: 9.1798, 成功率: 10.8%
  optimizer steps: 16, KL: 0.004097
  累计RL时间: 3350.01s
Epoch 440/600
  rollouts: 74, samples: 483
  平均奖励: 10.8645, 成功率: 9.5%
  optimizer steps: 6, KL: 0.007218
  累计RL时间: 3354.72s
Epoch 441/600
  rollouts: 72, samples: 480
  平均奖励: -4.9600, 成功率: 26.4%
  optimizer steps: 14, KL: 0.006066
  累计RL时间: 3361.46s
Epoch 442/600
  rollouts: 75, samples: 485
  平均奖励: 5.2300, 成功率: 14.7%
  optimizer steps: 14, KL: 0.005067
  累计RL时间: 3367.17s
Epoch 443/600
  rollouts: 72, samples: 484
  平均奖励: -2.3139, 成功率: 26.4%
  optimizer steps: 11, KL: 0.005816
  累计RL时间: 3373.81s
Epoch 444/600
  rollouts: 73, samples: 482
  平均奖励: 4.1849, 成功率: 16.4%
  optimizer steps: 10, KL: 0.004615
  累计RL时间: 3379.13s
Epoch 445/600
  rollouts: 72, samples: 484
  平均奖励: 2.6926, 成功率: 19.4%
  optimizer steps: 9, KL: 0.006143
  累计RL时间: 3385.04s
Epoch 446/600
  rollouts: 72, samples: 485
  平均奖励: -5.2771, 成功率: 29.2%
  optimizer steps: 8, KL: 0.005315
  累计RL时间: 3392.04s
Epoch 447/600
  rollouts: 73, samples: 483
  平均奖励: 3.5892, 成功率: 17.8%
  optimizer steps: 11, KL: 0.003909
  累计RL时间: 3398.28s
Epoch 448/600
  rollouts: 73, samples: 483
  平均奖励: 3.3128, 成功率: 17.8%
  optimizer steps: 6, KL: 0.007468
  累计RL时间: 3403.84s
Epoch 449/600
  rollouts: 72, samples: 485
  平均奖励: 1.0064, 成功率: 20.8%
  optimizer steps: 5, KL: 0.005456
  累计RL时间: 3409.58s
Epoch 450/600
  rollouts: 71, samples: 483
  平均奖励: -2.9468, 成功率: 25.4%
  optimizer steps: 13, KL: 0.005728
  累计RL时间: 3416.08s
Epoch 451/600
  rollouts: 71, samples: 484
  平均奖励: -4.0422, 成功率: 25.4%
  optimizer steps: 6, KL: 0.007645
  累计RL时间: 3422.38s
Epoch 452/600
  rollouts: 72, samples: 482
  平均奖励: -1.5291, 成功率: 25.0%
  optimizer steps: 7, KL: 0.007918
  累计RL时间: 3429.15s
Epoch 453/600
  rollouts: 71, samples: 482
  平均奖励: 0.5240, 成功率: 21.1%
  optimizer steps: 7, KL: 0.006766
  累计RL时间: 3435.06s
Epoch 454/600
  rollouts: 72, samples: 481
  平均奖励: 4.6922, 成功率: 16.7%
  optimizer steps: 10, KL: 0.006001
  累计RL时间: 3440.44s
Epoch 455/600
  rollouts: 72, samples: 480
  平均奖励: 1.4656, 成功率: 20.8%
  optimizer steps: 6, KL: 0.006418
  累计RL时间: 3446.64s
Epoch 456/600
  rollouts: 72, samples: 483
  平均奖励: 2.9829, 成功率: 19.4%
  optimizer steps: 6, KL: 0.008673
  累计RL时间: 3452.43s
Epoch 457/600
  rollouts: 66, samples: 481
  平均奖励: -20.9183, 成功率: 47.0%
  optimizer steps: 15, KL: 0.004757
  累计RL时间: 3461.65s
Epoch 458/600
  rollouts: 71, samples: 480
  平均奖励: 0.2083, 成功率: 23.9%
  optimizer steps: 12, KL: 0.004930
  累计RL时间: 3467.87s
Epoch 459/600
  rollouts: 69, samples: 480
  平均奖励: -6.4667, 成功率: 29.0%
  optimizer steps: 13, KL: 0.004578
  累计RL时间: 3474.47s
Epoch 460/600
  rollouts: 72, samples: 482
  平均奖励: -2.0981, 成功率: 25.0%
  optimizer steps: 6, KL: 0.007682
  累计RL时间: 3480.99s
Epoch 461/600
  rollouts: 73, samples: 486
  平均奖励: 4.5186, 成功率: 17.8%
  optimizer steps: 11, KL: 0.006683
  累计RL时间: 3486.76s
Epoch 462/600
  rollouts: 73, samples: 482
  平均奖励: 0.7328, 成功率: 20.5%
  optimizer steps: 9, KL: 0.004849
  累计RL时间: 3493.73s
Epoch 463/600
  rollouts: 74, samples: 484
  平均奖励: 5.9729, 成功率: 14.9%
  optimizer steps: 12, KL: 0.003843
  累计RL时间: 3499.01s
Epoch 464/600
  rollouts: 72, samples: 481
  平均奖励: 4.5576, 成功率: 16.7%
  optimizer steps: 6, KL: 0.006194
  累计RL时间: 3504.24s
Epoch 465/600
  rollouts: 69, samples: 484
  平均奖励: -9.6218, 成功率: 33.3%
  optimizer steps: 14, KL: 0.005517
  累计RL时间: 3511.52s
Epoch 466/600
  rollouts: 22, samples: 160
  平均奖励: -23.7076, 成功率: 50.0%
  optimizer steps: 6, KL: 0.005692
  累计RL时间: 3514.37s
模型已保存到 /root/placement/flow_tap/baseline/RL/runs/shard3/cpu-dram_seed5/checkpoints/ppo_best.pt
模型已保存到 /root/placement/flow_tap/baseline/RL/runs/shard3/cpu-dram_seed5/checkpoints/ppo_best_cost.pt

======================================================================
训练完成！
  请求epochs: 600
  完整epochs: 465
  已执行epoch轮次: 466
  总rollouts: 32342
  总transitions: 224691
  最终成功率: 34.1%
  最近平均奖励: -0.3549
  optimizer steps: 4746
  终止原因: time_limit
======================================================================

运行时间统计:
  热阻表: 55.835s
  RL求解: 3514.704s
  总时间: 3570.540s
  best layout发现时间: 2026-09-12T04:04:36
  best layout累计RL时间: 1599.380s
  best layout累计总时间: 1655.215s
