{
  "case": "Case7_bump",
  "mode": "thermal",
  "base_seed": 1,
  "status": "completed",
  "error": null,
  "legal_found": true,
  "num_legal": 1,
  "num_illegal": 0,
  "attempts": 1,
  "best_hpwl": 29656437.704795837,
  "twl_m": 29.656437704795838,
  "best_seed": 1,
  "best_legal": true,
  "best_overlaps": 0,
  "best_legalize_method": "milp",
  "best_legalize_s": 0.1211545467376709,
  "total_legalize_s": 0.1211545467376709,
  "runtime_s": 2224.160622358322,
  "attempt_log": [
    {
      "seed": 1,
      "iterations": 100,
      "overlaps": 0,
      "overlaps_raw": 0,
      "hpwl": 29656437.704795837,
      "hpwl_raw": 29656390.0,
      "run_s": 2222.0270557403564,
      "legal": true,
      "legalize_method": "milp",
      "legalize_s": 0.1211545467376709,
      "layout_dir": "/root/placement/flow_tap/baseline/ATPlace_pub/result_wlsweep_c7/Case7_bump/wl12/seed1"
    }
  ],
  "layout_json": "/root/placement/flow_tap/baseline/ATPlace_pub/result_wlsweep_c7/Case7_bump/wl12/layout.json",
  "layout_png": "/root/placement/flow_tap/baseline/ATPlace_pub/result_wlsweep_c7/Case7_bump/wl12/layout.png",
  "layout_chiplets": 28,
  "visualized": true
}
