{
  "case": "hp11_m_bump",
  "mode": "thermal",
  "base_seed": 1,
  "status": "completed",
  "error": null,
  "legal_found": true,
  "num_legal": 1,
  "num_illegal": 0,
  "attempts": 1,
  "best_hpwl": 164817483.69296086,
  "twl_m": 164.81748369296085,
  "best_seed": 1,
  "best_legal": true,
  "best_overlaps": 0,
  "best_legalize_method": "milp",
  "best_legalize_s": 0.23776960372924805,
  "total_legalize_s": 0.23776960372924805,
  "runtime_s": 1235.4271130561829,
  "attempt_log": [
    {
      "seed": 1,
      "iterations": 100,
      "overlaps": 0,
      "overlaps_raw": 0,
      "hpwl": 164817483.69296086,
      "hpwl_raw": 164817056.0,
      "run_s": 1230.381437778473,
      "legal": true,
      "legalize_method": "milp",
      "legalize_s": 0.23776960372924805,
      "layout_dir": "/root/placement/flow_tap/baseline/ATPlace_pub/result_wlsweep/hp11_m_bump/wl03/seed1"
    }
  ],
  "layout_json": "/root/placement/flow_tap/baseline/ATPlace_pub/result_wlsweep/hp11_m_bump/wl03/layout.json",
  "layout_png": "/root/placement/flow_tap/baseline/ATPlace_pub/result_wlsweep/hp11_m_bump/wl03/layout.png",
  "layout_chiplets": 11,
  "visualized": true
}
