{
  "case": "multigpu_bump",
  "mode": "thermal",
  "base_seed": 1,
  "status": "completed",
  "error": null,
  "legal_found": true,
  "num_legal": 1,
  "num_illegal": 0,
  "attempts": 1,
  "best_hpwl": 78730040.17686462,
  "twl_m": 78.73004017686462,
  "best_seed": 1,
  "best_legal": true,
  "best_overlaps": 0,
  "best_legalize_method": "milp",
  "best_legalize_s": 0.009481191635131836,
  "total_legalize_s": 0.009481191635131836,
  "runtime_s": 274.6666896343231,
  "attempt_log": [
    {
      "seed": 1,
      "iterations": 100,
      "overlaps": 0,
      "overlaps_raw": 0,
      "hpwl": 78730040.17686462,
      "hpwl_raw": 78729904.0,
      "run_s": 274.0699715614319,
      "legal": true,
      "legalize_method": "milp",
      "legalize_s": 0.009481191635131836,
      "layout_dir": "/root/placement/flow_tap/baseline/ATPlace_pub/result_0wl/multigpu_bump/seed1"
    }
  ],
  "layout_json": "/root/placement/flow_tap/baseline/ATPlace_pub/result_0wl/multigpu_bump/layout.json",
  "layout_png": "/root/placement/flow_tap/baseline/ATPlace_pub/result_0wl/multigpu_bump/layout.png",
  "layout_chiplets": 6,
  "visualized": true
}
