{
  "case": "multigpu_bump",
  "mode": "thermal",
  "base_seed": 3,
  "status": "completed",
  "error": null,
  "legal_found": true,
  "num_legal": 1,
  "num_illegal": 0,
  "attempts": 1,
  "best_hpwl": 72887297.67139435,
  "twl_m": 72.88729767139435,
  "best_seed": 3,
  "best_legal": true,
  "best_overlaps": 0,
  "best_legalize_method": "milp",
  "best_legalize_s": 0.01092076301574707,
  "total_legalize_s": 0.01092076301574707,
  "runtime_s": 275.27867674827576,
  "attempt_log": [
    {
      "seed": 3,
      "iterations": 100,
      "overlaps": 0,
      "overlaps_raw": 0,
      "hpwl": 72887297.67139435,
      "hpwl_raw": 72887168.0,
      "run_s": 274.76990962028503,
      "legal": true,
      "legalize_method": "milp",
      "legalize_s": 0.01092076301574707,
      "layout_dir": "/root/placement/flow_tap/baseline/ATPlace_pub/result_0wl/multigpu_bump/seed3"
    }
  ],
  "layout_json": "/root/placement/flow_tap/baseline/ATPlace_pub/result_0wl/multigpu_bump/layout.json",
  "layout_png": "/root/placement/flow_tap/baseline/ATPlace_pub/result_0wl/multigpu_bump/layout.png",
  "layout_chiplets": 6,
  "visualized": true
}
