command: /root/anaconda3/envs/chipdiffusion/bin/python3 /root/placement/flow_tap/baseline/RL/generate_thermal_tables.py /root/placement/flow_tap/baseline/RL/examples/xerox7_m.json --intp-size 50.0 --overwrite-config --force
cwd: /root/placement/flow_tap/baseline/RL/fastTM
hotspot: /root/placement/flow_tap/baseline/RL/fastTM/util/hotspot
started_at: 2026-09-18T13:07:43

Config: /root/placement/flow_tap/baseline/RL/fastTM/configs/benchmark_xerox7_m.cfg
Output: /root/placement/flow_tap/baseline/RL/fastTM/outputs/benchmark_xerox7_m
#info# Characterizing R_self for Chiplet0 at [ 3.18 , 6.574999999999999 ] [mm]
#info# Characterizing R_self for Chiplet0 at [ 24.8808 , 6.574999999999999 ] [mm]
#info# Characterizing R_self for Chiplet0 at [ 3.18 , 24.91475 ] [mm]
#info# Characterizing R_self for Chiplet0 at [ 24.8808 , 24.91475 ] [mm]
#info# R_self characterization done for: Chiplet0 . Saved to file: /root/placement/flow_tap/baseline/RL/fastTM/outputs/benchmark_xerox7_m/Chiplet0.rself
#info# Characterizing R_mutu for Chiplet0 at [ 3.18 , 6.574999999999999 ] [mm]
#info# R_mutual characterization done for: Chiplet0 Saved to file: /root/placement/flow_tap/baseline/RL/fastTM/outputs/benchmark_xerox7_m/Chiplet0.rmutu
#info# Characterizing R_self for Chiplet1 at [ 2.5500000000000003 , 6.574999999999999 ] [mm]
#info# Characterizing R_self for Chiplet1 at [ 24.8745 , 6.574999999999999 ] [mm]
#info# Characterizing R_self for Chiplet1 at [ 2.5500000000000003 , 24.91475 ] [mm]
#info# Characterizing R_self for Chiplet1 at [ 24.8745 , 24.91475 ] [mm]
#info# R_self characterization done for: Chiplet1 . Saved to file: /root/placement/flow_tap/baseline/RL/fastTM/outputs/benchmark_xerox7_m/Chiplet1.rself
#info# Characterizing R_mutu for Chiplet1 at [ 2.5500000000000003 , 6.574999999999999 ] [mm]
#info# R_mutual characterization done for: Chiplet1 Saved to file: /root/placement/flow_tap/baseline/RL/fastTM/outputs/benchmark_xerox7_m/Chiplet1.rmutu
#info# Characterizing R_self for Chiplet2 at [ 4.3 , 3.88 ] [mm]
#info# Characterizing R_self for Chiplet2 at [ 24.892 , 3.88 ] [mm]
#info# Characterizing R_self for Chiplet2 at [ 4.3 , 24.887800000000002 ] [mm]
#info# Characterizing R_self for Chiplet2 at [ 24.892 , 24.887800000000002 ] [mm]
#info# R_self characterization done for: Chiplet2 . Saved to file: /root/placement/flow_tap/baseline/RL/fastTM/outputs/benchmark_xerox7_m/Chiplet2.rself
#info# Characterizing R_mutu for Chiplet2 at [ 4.3 , 3.88 ] [mm]
#info# R_mutual characterization done for: Chiplet2 Saved to file: /root/placement/flow_tap/baseline/RL/fastTM/outputs/benchmark_xerox7_m/Chiplet2.rmutu
#info# Characterizing R_self for Chiplet3 at [ 5.909999999999999 , 9.795 ] [mm]
#info# Characterizing R_self for Chiplet3 at [ 24.9081 , 9.795 ] [mm]
#info# Characterizing R_self for Chiplet3 at [ 5.909999999999999 , 24.94695 ] [mm]
#info# Characterizing R_self for Chiplet3 at [ 24.9081 , 24.94695 ] [mm]
#info# R_self characterization done for: Chiplet3 . Saved to file: /root/placement/flow_tap/baseline/RL/fastTM/outputs/benchmark_xerox7_m/Chiplet3.rself
#info# Characterizing R_mutu for Chiplet3 at [ 5.909999999999999 , 9.795 ] [mm]
#info# R_mutual characterization done for: Chiplet3 Saved to file: /root/placement/flow_tap/baseline/RL/fastTM/outputs/benchmark_xerox7_m/Chiplet3.rmutu
#info# Characterizing R_self for Chiplet4 at [ 6.1899999999999995 , 8.36 ] [mm]
#info# Characterizing R_self for Chiplet4 at [ 24.910900000000005 , 8.36 ] [mm]
#info# Characterizing R_self for Chiplet4 at [ 6.1899999999999995 , 24.9326 ] [mm]
#info# Characterizing R_self for Chiplet4 at [ 24.910900000000005 , 24.9326 ] [mm]
#info# R_self characterization done for: Chiplet4 . Saved to file: /root/placement/flow_tap/baseline/RL/fastTM/outputs/benchmark_xerox7_m/Chiplet4.rself
#info# Characterizing R_mutu for Chiplet4 at [ 6.1899999999999995 , 8.36 ] [mm]
#info# R_mutual characterization done for: Chiplet4 Saved to file: /root/placement/flow_tap/baseline/RL/fastTM/outputs/benchmark_xerox7_m/Chiplet4.rmutu
#info# Characterizing R_self for Chiplet5 at [ 4.51 , 6.68 ] [mm]
#info# Characterizing R_self for Chiplet5 at [ 24.8941 , 6.68 ] [mm]
#info# Characterizing R_self for Chiplet5 at [ 4.51 , 24.9158 ] [mm]
#info# Characterizing R_self for Chiplet5 at [ 24.8941 , 24.9158 ] [mm]
#info# R_self characterization done for: Chiplet5 . Saved to file: /root/placement/flow_tap/baseline/RL/fastTM/outputs/benchmark_xerox7_m/Chiplet5.rself
#info# Characterizing R_mutu for Chiplet5 at [ 4.51 , 6.68 ] [mm]
#info# R_mutual characterization done for: Chiplet5 Saved to file: /root/placement/flow_tap/baseline/RL/fastTM/outputs/benchmark_xerox7_m/Chiplet5.rmutu
#info# Characterizing R_self for Chiplet6 at [ 10.67 , 6.574999999999999 ] [mm]
#info# Characterizing R_self for Chiplet6 at [ 24.9557 , 6.574999999999999 ] [mm]
#info# Characterizing R_self for Chiplet6 at [ 10.67 , 24.91475 ] [mm]
#info# Characterizing R_self for Chiplet6 at [ 24.9557 , 24.91475 ] [mm]
#info# R_self characterization done for: Chiplet6 . Saved to file: /root/placement/flow_tap/baseline/RL/fastTM/outputs/benchmark_xerox7_m/Chiplet6.rself
#info# Characterizing R_mutu for Chiplet6 at [ 10.67 , 6.574999999999999 ] [mm]
#info# R_mutual characterization done for: Chiplet6 Saved to file: /root/placement/flow_tap/baseline/RL/fastTM/outputs/benchmark_xerox7_m/Chiplet6.rmutu
Thermal tables generated.
