{
  "case": "multigpu_bump",
  "mode": "thermal",
  "base_seed": 1,
  "status": "completed",
  "error": null,
  "legal_found": true,
  "num_legal": 1,
  "num_illegal": 0,
  "attempts": 1,
  "best_hpwl": 60111871.4148407,
  "twl_m": 60.1118714148407,
  "best_seed": 1,
  "best_legal": true,
  "best_overlaps": 0,
  "best_legalize_method": "milp",
  "best_legalize_s": 0.04646754264831543,
  "total_legalize_s": 0.04646754264831543,
  "runtime_s": 487.2802746295929,
  "attempt_log": [
    {
      "seed": 1,
      "iterations": 100,
      "overlaps": 0,
      "overlaps_raw": 0,
      "hpwl": 60111871.4148407,
      "hpwl_raw": 60111704.0,
      "run_s": 485.6298882961273,
      "legal": true,
      "legalize_method": "milp",
      "legalize_s": 0.04646754264831543,
      "layout_dir": "/root/placement/flow_tap/baseline/ATPlace_pub/result_wlsweep/multigpu_bump/wl42/seed1"
    }
  ],
  "layout_json": "/root/placement/flow_tap/baseline/ATPlace_pub/result_wlsweep/multigpu_bump/wl42/layout.json",
  "layout_png": "/root/placement/flow_tap/baseline/ATPlace_pub/result_wlsweep/multigpu_bump/wl42/layout.png",
  "layout_chiplets": 6,
  "visualized": true
}
