{
  "case": "cpu-dram_bump",
  "mode": "thermal",
  "base_seed": 1,
  "status": "completed",
  "error": null,
  "legal_found": true,
  "num_legal": 1,
  "num_illegal": 0,
  "attempts": 1,
  "best_hpwl": 71014971.42970991,
  "twl_m": 71.01497142970992,
  "best_seed": 1,
  "best_legal": true,
  "best_overlaps": 0,
  "best_legalize_method": "milp",
  "best_legalize_s": 0.023258447647094727,
  "total_legalize_s": 0.023258447647094727,
  "runtime_s": 696.6667876243591,
  "attempt_log": [
    {
      "seed": 1,
      "iterations": 100,
      "overlaps": 0,
      "overlaps_raw": 0,
      "hpwl": 71014971.42970991,
      "hpwl_raw": 71014784.0,
      "run_s": 695.2655606269836,
      "legal": true,
      "legalize_method": "milp",
      "legalize_s": 0.023258447647094727,
      "layout_dir": "/root/placement/flow_tap/baseline/ATPlace_pub/result_wlsweep_cpudram/cpu-dram_bump/wl24/seed1"
    }
  ],
  "layout_json": "/root/placement/flow_tap/baseline/ATPlace_pub/result_wlsweep_cpudram/cpu-dram_bump/wl24/layout.json",
  "layout_png": "/root/placement/flow_tap/baseline/ATPlace_pub/result_wlsweep_cpudram/cpu-dram_bump/wl24/layout.png",
  "layout_chiplets": 8,
  "visualized": true
}
