{
  "case": "acend910_bump",
  "mode": "thermal",
  "base_seed": 1,
  "status": "completed",
  "error": null,
  "legal_found": true,
  "num_legal": 1,
  "num_illegal": 0,
  "attempts": 1,
  "best_hpwl": 42612672.585027695,
  "twl_m": 42.612672585027696,
  "best_seed": 1,
  "best_legal": true,
  "best_overlaps": 0,
  "best_legalize_method": "milp",
  "best_legalize_s": 0.006276607513427734,
  "total_legalize_s": 0.006276607513427734,
  "runtime_s": 523.5718305110931,
  "attempt_log": [
    {
      "seed": 1,
      "iterations": 100,
      "overlaps": 0,
      "overlaps_raw": 0,
      "hpwl": 42612672.585027695,
      "hpwl_raw": 42612680.0,
      "run_s": 522.8778164386749,
      "legal": true,
      "legalize_method": "milp",
      "legalize_s": 0.006276607513427734,
      "layout_dir": "/root/placement/flow_tap/baseline/ATPlace_pub/result_wlsweep/acend910_bump/wl18/seed1"
    }
  ],
  "layout_json": "/root/placement/flow_tap/baseline/ATPlace_pub/result_wlsweep/acend910_bump/wl18/layout.json",
  "layout_png": "/root/placement/flow_tap/baseline/ATPlace_pub/result_wlsweep/acend910_bump/wl18/layout.png",
  "layout_chiplets": 6,
  "visualized": true
}
