Run name: syn4_seed1
Run directory: /root/placement/flow_tap/baseline/RL/runs/shard4/syn4_seed1
Training log: /root/placement/flow_tap/baseline/RL/runs/shard4/syn4_seed1/train.log

生成/检查 fastTM 热阻表...
  热阻表阶段状态: ok
  热阻表阶段耗时: 240.053s
  热阻表日志: /root/placement/flow_tap/baseline/RL/runs/shard4/syn4_seed1/thermal_tables.log
======================================================================
PPO训练 - 芯片布局优化
======================================================================

环境信息:
  芯片数量: 13
  放置顺序: ['M', 'I', 'H', 'L', 'B', 'J', 'G', 'E', 'C', 'D', 'F', 'A', 'K']
  观察维度: 10
  动作维度: 70000
  rollout batch: 480 transitions
  minibatches: 4
  PPO update epochs: 4
  随机种子: 1
  剩余总时间预算: 3359.9s

开始训练...
----------------------------------------------------------------------
BEST_COST_LAYOUT
  epoch: 1/600, rollout: 1
  rlplanner_cost: 22.5056
  reward: 18.3335
  温度: 83.2343
  CPLEX平均线长: 18.0803
BEST_LAYOUT
  epoch: 1/600, rollout: 1
  reward: 18.3335
  温度: 83.2343
  CPLEX平均线长: 18.0803
Epoch 1/600
  rollouts: 39, samples: 490
  平均奖励: 12.3098, 成功率: 66.7%
  optimizer steps: 16, KL: 0.000194
  累计RL时间: 45.74s
Epoch 2/600
  rollouts: 39, samples: 487
  平均奖励: 12.3074, 成功率: 64.1%
  optimizer steps: 16, KL: 0.000440
  累计RL时间: 89.29s
Epoch 3/600
  rollouts: 39, samples: 487
  平均奖励: 14.2692, 成功率: 64.1%
  optimizer steps: 16, KL: 0.000976
  累计RL时间: 132.09s
Epoch 4/600
  rollouts: 38, samples: 481
  平均奖励: 11.1596, 成功率: 78.9%
  optimizer steps: 16, KL: 0.001747
  累计RL时间: 182.98s
Epoch 5/600
  rollouts: 39, samples: 487
  平均奖励: 11.9994, 成功率: 66.7%
  optimizer steps: 16, KL: 0.001997
  累计RL时间: 227.38s
Epoch 6/600
  rollouts: 39, samples: 489
  平均奖励: 11.6827, 成功率: 66.7%
  optimizer steps: 16, KL: 0.004472
  累计RL时间: 272.54s
Epoch 7/600
  rollouts: 39, samples: 491
  平均奖励: 13.0754, 成功率: 66.7%
  optimizer steps: 16, KL: 0.005328
  累计RL时间: 317.00s
Epoch 8/600
  rollouts: 38, samples: 482
  平均奖励: 10.1924, 成功率: 76.3%
  optimizer steps: 15, KL: 0.005696
  累计RL时间: 366.02s
Epoch 9/600
  rollouts: 38, samples: 483
  平均奖励: 10.8470, 成功率: 81.6%
  optimizer steps: 14, KL: 0.005684
  累计RL时间: 419.20s
Epoch 10/600
  rollouts: 38, samples: 483
  平均奖励: 11.4276, 成功率: 81.6%
  optimizer steps: 12, KL: 0.004794
  累计RL时间: 471.17s
Epoch 11/600
  rollouts: 38, samples: 483
  平均奖励: 10.7027, 成功率: 73.7%
  optimizer steps: 12, KL: 0.004883
  累计RL时间: 519.82s
Epoch 12/600
  rollouts: 38, samples: 486
  平均奖励: 8.7934, 成功率: 84.2%
  optimizer steps: 14, KL: 0.005668
  累计RL时间: 573.04s
Epoch 13/600
  rollouts: 38, samples: 484
  平均奖励: 9.4064, 成功率: 76.3%
  optimizer steps: 14, KL: 0.005685
  累计RL时间: 622.20s
Epoch 14/600
  rollouts: 38, samples: 485
  平均奖励: 9.6804, 成功率: 84.2%
  optimizer steps: 12, KL: 0.005466
  累计RL时间: 676.18s
Epoch 15/600
  rollouts: 38, samples: 483
  平均奖励: 10.2461, 成功率: 81.6%
  optimizer steps: 10, KL: 0.005445
  累计RL时间: 728.41s
Epoch 16/600
  rollouts: 39, samples: 490
  平均奖励: 14.0123, 成功率: 64.1%
  optimizer steps: 16, KL: 0.005911
  累计RL时间: 772.47s
Epoch 17/600
  rollouts: 38, samples: 484
  平均奖励: 11.4725, 成功率: 76.3%
  optimizer steps: 14, KL: 0.005644
  累计RL时间: 820.95s
Epoch 18/600
  rollouts: 38, samples: 485
  平均奖励: 9.0962, 成功率: 84.2%
  optimizer steps: 14, KL: 0.005652
  累计RL时间: 874.25s
Epoch 19/600
  rollouts: 38, samples: 487
  平均奖励: 9.8476, 成功率: 84.2%
  optimizer steps: 13, KL: 0.005316
  累计RL时间: 927.06s
Epoch 20/600
  rollouts: 39, samples: 486
  平均奖励: 12.8143, 成功率: 71.8%
  optimizer steps: 13, KL: 0.005704
  累计RL时间: 975.01s
Epoch 21/600
  rollouts: 38, samples: 480
  平均奖励: 12.9395, 成功率: 68.4%
  optimizer steps: 11, KL: 0.005408
  累计RL时间: 1019.30s
Epoch 22/600
  rollouts: 38, samples: 485
  平均奖励: 10.5474, 成功率: 78.9%
  optimizer steps: 14, KL: 0.004904
  累计RL时间: 1070.09s
BEST_LAYOUT
  epoch: 23/600, rollout: 850
  reward: 19.2591
  温度: 83.9036
  CPLEX平均线长: 16.7565
Epoch 23/600
  rollouts: 38, samples: 482
  平均奖励: 11.2113, 成功率: 73.7%
  optimizer steps: 13, KL: 0.004986
  累计RL时间: 1118.12s
Epoch 24/600
  rollouts: 39, samples: 489
  平均奖励: 11.6443, 成功率: 69.2%
  optimizer steps: 12, KL: 0.005285
  累计RL时间: 1164.01s
Epoch 25/600
  rollouts: 38, samples: 482
  平均奖励: 10.2374, 成功率: 78.9%
  optimizer steps: 16, KL: 0.006169
  累计RL时间: 1214.54s
Epoch 26/600
  rollouts: 39, samples: 483
  平均奖励: 13.0312, 成功率: 61.5%
  optimizer steps: 15, KL: 0.005994
  累计RL时间: 1256.22s
Epoch 27/600
  rollouts: 38, samples: 488
  平均奖励: 9.8566, 成功率: 86.8%
  optimizer steps: 14, KL: 0.005130
  累计RL时间: 1311.42s
Epoch 28/600
  rollouts: 39, samples: 491
  平均奖励: 12.8361, 成功率: 71.8%
  optimizer steps: 14, KL: 0.005865
  累计RL时间: 1360.05s
Epoch 29/600
  rollouts: 38, samples: 480
  平均奖励: 11.6133, 成功率: 71.1%
  optimizer steps: 11, KL: 0.005603
  累计RL时间: 1406.47s
Epoch 30/600
  rollouts: 38, samples: 487
  平均奖励: 10.8554, 成功率: 84.2%
  optimizer steps: 12, KL: 0.004963
  累计RL时间: 1459.92s
Epoch 31/600
  rollouts: 38, samples: 483
  平均奖励: 10.6237, 成功率: 76.3%
  optimizer steps: 11, KL: 0.005724
  累计RL时间: 1508.87s
BEST_LAYOUT
  epoch: 32/600, rollout: 1210
  reward: 19.3620
  温度: 84.4275
  CPLEX平均线长: 16.4009
Epoch 32/600
  rollouts: 38, samples: 485
  平均奖励: 10.8569, 成功率: 81.6%
  optimizer steps: 13, KL: 0.006213
  累计RL时间: 1561.42s
Epoch 33/600
  rollouts: 39, samples: 490
  平均奖励: 12.9152, 成功率: 69.2%
  optimizer steps: 10, KL: 0.004443
  累计RL时间: 1607.21s
Epoch 34/600
  rollouts: 39, samples: 491
  平均奖励: 10.9818, 成功率: 76.9%
  optimizer steps: 14, KL: 0.005381
  累计RL时间: 1657.91s
Epoch 35/600
  rollouts: 38, samples: 484
  平均奖励: 11.1540, 成功率: 76.3%
  optimizer steps: 11, KL: 0.005570
  累计RL时间: 1708.11s
Epoch 36/600
  rollouts: 38, samples: 481
  平均奖励: 10.7528, 成功率: 78.9%
  optimizer steps: 11, KL: 0.005020
  累计RL时间: 1758.63s
Epoch 37/600
  rollouts: 38, samples: 490
  平均奖励: 8.2968, 成功率: 89.5%
  optimizer steps: 13, KL: 0.004894
  累计RL时间: 1814.89s
Epoch 38/600
  rollouts: 39, samples: 490
  平均奖励: 13.2249, 成功率: 61.5%
  optimizer steps: 15, KL: 0.004925
  累计RL时间: 1855.91s
Epoch 39/600
  rollouts: 38, samples: 481
  平均奖励: 10.3565, 成功率: 78.9%
  optimizer steps: 10, KL: 0.005389
  累计RL时间: 1905.95s
Epoch 40/600
  rollouts: 39, samples: 491
  平均奖励: 11.4068, 成功率: 74.4%
  optimizer steps: 11, KL: 0.005549
  累计RL时间: 1954.64s
Epoch 41/600
  rollouts: 38, samples: 488
  平均奖励: 9.9933, 成功率: 86.8%
  optimizer steps: 13, KL: 0.004891
  累计RL时间: 2009.36s
Epoch 42/600
  rollouts: 38, samples: 486
  平均奖励: 10.6564, 成功率: 78.9%
  optimizer steps: 12, KL: 0.005261
  累计RL时间: 2059.66s
Epoch 43/600
  rollouts: 38, samples: 480
  平均奖励: 11.9193, 成功率: 65.8%
  optimizer steps: 14, KL: 0.005624
  累计RL时间: 2102.72s
Epoch 44/600
  rollouts: 39, samples: 492
  平均奖励: 10.8890, 成功率: 71.8%
  optimizer steps: 11, KL: 0.005391
  累计RL时间: 2150.09s
Epoch 45/600
  rollouts: 38, samples: 487
  平均奖励: 8.5182, 成功率: 89.5%
  optimizer steps: 16, KL: 0.005677
  累计RL时间: 2206.56s
Epoch 46/600
  rollouts: 38, samples: 488
  平均奖励: 9.3995, 成功率: 84.2%
  optimizer steps: 12, KL: 0.005381
  累计RL时间: 2259.55s
Epoch 47/600
  rollouts: 38, samples: 482
  平均奖励: 11.9959, 成功率: 76.3%
  optimizer steps: 14, KL: 0.005053
  累计RL时间: 2308.23s
Epoch 48/600
  rollouts: 38, samples: 480
  平均奖励: 10.6062, 成功率: 78.9%
  optimizer steps: 13, KL: 0.005500
  累计RL时间: 2359.37s
Epoch 49/600
  rollouts: 38, samples: 483
  平均奖励: 12.4182, 成功率: 76.3%
  optimizer steps: 11, KL: 0.005522
  累计RL时间: 2409.08s
Epoch 50/600
  rollouts: 38, samples: 486
  平均奖励: 9.1849, 成功率: 86.8%
  optimizer steps: 13, KL: 0.005013
  累计RL时间: 2463.91s
Epoch 51/600
  rollouts: 38, samples: 482
  平均奖励: 10.6199, 成功率: 73.7%
  optimizer steps: 11, KL: 0.005816
  累计RL时间: 2511.43s
Epoch 52/600
  rollouts: 38, samples: 482
  平均奖励: 12.5069, 成功率: 71.1%
  optimizer steps: 13, KL: 0.005968
  累计RL时间: 2557.52s
Epoch 53/600
  rollouts: 38, samples: 484
  平均奖励: 10.4785, 成功率: 78.9%
  optimizer steps: 16, KL: 0.006418
  累计RL时间: 2608.47s
Epoch 54/600
  rollouts: 38, samples: 480
  平均奖励: 8.7269, 成功率: 76.3%
  optimizer steps: 11, KL: 0.004948
  累计RL时间: 2657.20s
Epoch 55/600
  rollouts: 38, samples: 488
  平均奖励: 10.0333, 成功率: 86.8%
  optimizer steps: 11, KL: 0.005630
  累计RL时间: 2713.20s
Epoch 56/600
  rollouts: 39, samples: 489
  平均奖励: 12.1141, 成功率: 74.4%
  optimizer steps: 13, KL: 0.005627
  累计RL时间: 2762.57s
Epoch 57/600
  rollouts: 39, samples: 489
  平均奖励: 11.4583, 成功率: 71.8%
  optimizer steps: 10, KL: 0.004469
  累计RL时间: 2810.05s
Epoch 58/600
  rollouts: 39, samples: 482
  平均奖励: 10.8727, 成功率: 64.1%
  optimizer steps: 11, KL: 0.005998
  累计RL时间: 2854.06s
Epoch 59/600
  rollouts: 38, samples: 483
  平均奖励: 13.3410, 成功率: 73.7%
  optimizer steps: 12, KL: 0.005153
  累计RL时间: 2901.29s
Epoch 60/600
  rollouts: 39, samples: 491
  平均奖励: 12.4216, 成功率: 74.4%
  optimizer steps: 11, KL: 0.005406
  累计RL时间: 2950.24s
Epoch 61/600
  rollouts: 39, samples: 488
  平均奖励: 11.9900, 成功率: 69.2%
  optimizer steps: 11, KL: 0.005395
  累计RL时间: 2995.34s
Epoch 62/600
  rollouts: 39, samples: 487
  平均奖励: 14.3044, 成功率: 66.7%
  optimizer steps: 14, KL: 0.006225
  累计RL时间: 3039.45s
Epoch 63/600
  rollouts: 39, samples: 491
  平均奖励: 12.3555, 成功率: 69.2%
  optimizer steps: 13, KL: 0.005346
  累计RL时间: 3084.96s
Epoch 64/600
  rollouts: 38, samples: 488
  平均奖励: 10.0479, 成功率: 84.2%
  optimizer steps: 14, KL: 0.005253
  累计RL时间: 3138.25s
Epoch 65/600
  rollouts: 39, samples: 485
  平均奖励: 13.3707, 成功率: 64.1%
  optimizer steps: 16, KL: 0.005628
  累计RL时间: 3181.37s
Epoch 66/600
  rollouts: 38, samples: 487
  平均奖励: 10.8428, 成功率: 81.6%
  optimizer steps: 11, KL: 0.005210
  累计RL时间: 3233.38s
Epoch 67/600
  rollouts: 38, samples: 481
  平均奖励: 11.4659, 成功率: 73.7%
  optimizer steps: 11, KL: 0.004939
  累计RL时间: 3280.87s
Epoch 68/600
  rollouts: 38, samples: 481
  平均奖励: 10.8344, 成功率: 76.3%
  optimizer steps: 12, KL: 0.005434
  累计RL时间: 3329.22s
Epoch 69/600
  rollouts: 2, samples: 25
  平均奖励: 14.7133, 成功率: 50.0%
  optimizer steps: 8, KL: 0.005121
  累计RL时间: 3330.98s
模型已保存到 /root/placement/flow_tap/baseline/RL/runs/shard4/syn4_seed1/checkpoints/ppo_best.pt
模型已保存到 /root/placement/flow_tap/baseline/RL/runs/shard4/syn4_seed1/checkpoints/ppo_best_cost.pt

======================================================================
训练完成！
  请求epochs: 600
  完整epochs: 68
  已执行epoch轮次: 69
  总rollouts: 2610
  总transitions: 33041
  最终成功率: 75.3%
  最近平均奖励: 11.2864
  optimizer steps: 894
  终止原因: time_limit
======================================================================

运行时间统计:
  热阻表: 240.053s
  RL求解: 3331.313s
  总时间: 3571.366s
  best layout发现时间: 2026-09-12T05:07:40
  best layout累计RL时间: 1535.436s
  best layout累计总时间: 1775.489s
