{
  "case": "multigpu_bump",
  "mode": "thermal",
  "base_seed": 1,
  "status": "completed",
  "error": null,
  "legal_found": true,
  "num_legal": 1,
  "num_illegal": 0,
  "attempts": 1,
  "best_hpwl": 69288130.463768,
  "twl_m": 69.288130463768,
  "best_seed": 1,
  "best_legal": true,
  "best_overlaps": 0,
  "best_legalize_method": "milp",
  "best_legalize_s": 0.008172988891601562,
  "total_legalize_s": 0.008172988891601562,
  "runtime_s": 276.4695153236389,
  "attempt_log": [
    {
      "seed": 1,
      "iterations": 100,
      "overlaps": 0,
      "overlaps_raw": 0,
      "hpwl": 69288130.463768,
      "hpwl_raw": 69288120.0,
      "run_s": 275.9601047039032,
      "legal": true,
      "legalize_method": "milp",
      "legalize_s": 0.008172988891601562,
      "layout_dir": "/root/placement/ATPlace_pub/result/multigpu_bump/seed1"
    }
  ],
  "layout_json": "/root/placement/ATPlace_pub/result/multigpu_bump/layout.json",
  "layout_png": "/root/placement/ATPlace_pub/result/multigpu_bump/layout.png",
  "layout_chiplets": 6,
  "visualized": true
}
