{
  "case": "multigpu_bump",
  "mode": "thermal",
  "base_seed": 2,
  "status": "completed",
  "error": null,
  "legal_found": true,
  "num_legal": 1,
  "num_illegal": 0,
  "attempts": 1,
  "best_hpwl": 72753681.04858398,
  "twl_m": 72.75368104858399,
  "best_seed": 2,
  "best_legal": true,
  "best_overlaps": 0,
  "best_legalize_method": "milp",
  "best_legalize_s": 0.011213064193725586,
  "total_legalize_s": 0.011213064193725586,
  "runtime_s": 282.24476623535156,
  "attempt_log": [
    {
      "seed": 2,
      "iterations": 100,
      "overlaps": 0,
      "overlaps_raw": 0,
      "hpwl": 72753681.04858398,
      "hpwl_raw": 72753576.0,
      "run_s": 281.71728920936584,
      "legal": true,
      "legalize_method": "milp",
      "legalize_s": 0.011213064193725586,
      "layout_dir": "/root/placement/ATPlace_pub/result/multigpu_bump/seed2"
    }
  ],
  "layout_json": "/root/placement/ATPlace_pub/result/multigpu_bump/layout.json",
  "layout_png": "/root/placement/ATPlace_pub/result/multigpu_bump/layout.png",
  "layout_chiplets": 6,
  "visualized": true
}
