{
  "case": "acend910_bump",
  "mode": "thermal",
  "base_seed": 1,
  "status": "completed",
  "error": null,
  "legal_found": true,
  "num_legal": 1,
  "num_illegal": 0,
  "attempts": 1,
  "best_hpwl": 43368657.00145912,
  "twl_m": 43.36865700145912,
  "best_seed": 1,
  "best_legal": true,
  "best_overlaps": 0,
  "best_legalize_method": "milp",
  "best_legalize_s": 0.015166282653808594,
  "total_legalize_s": 0.015166282653808594,
  "runtime_s": 523.0916042327881,
  "attempt_log": [
    {
      "seed": 1,
      "iterations": 100,
      "overlaps": 0,
      "overlaps_raw": 0,
      "hpwl": 43368657.00145912,
      "hpwl_raw": 43368664.0,
      "run_s": 522.3522446155548,
      "legal": true,
      "legalize_method": "milp",
      "legalize_s": 0.015166282653808594,
      "layout_dir": "/root/placement/flow_tap/baseline/ATPlace_pub/result_wlsweep/acend910_bump/wl01/seed1"
    }
  ],
  "layout_json": "/root/placement/flow_tap/baseline/ATPlace_pub/result_wlsweep/acend910_bump/wl01/layout.json",
  "layout_png": "/root/placement/flow_tap/baseline/ATPlace_pub/result_wlsweep/acend910_bump/wl01/layout.png",
  "layout_chiplets": 6,
  "visualized": true
}
