{
  "case": "hp6_m_bump",
  "mode": "thermal",
  "base_seed": 1,
  "status": "completed",
  "error": null,
  "legal_found": true,
  "num_legal": 1,
  "num_illegal": 0,
  "attempts": 1,
  "best_hpwl": 19583594.51633644,
  "twl_m": 19.58359451633644,
  "best_seed": 1,
  "best_legal": true,
  "best_overlaps": 0,
  "best_legalize_method": "milp",
  "best_legalize_s": 0.011166572570800781,
  "total_legalize_s": 0.011166572570800781,
  "runtime_s": 558.7105395793915,
  "attempt_log": [
    {
      "seed": 1,
      "iterations": 100,
      "overlaps": 0,
      "overlaps_raw": 0,
      "hpwl": 19583594.51633644,
      "hpwl_raw": 19583606.0,
      "run_s": 557.9719779491425,
      "legal": true,
      "legalize_method": "milp",
      "legalize_s": 0.011166572570800781,
      "layout_dir": "/root/placement/flow_tap/baseline/ATPlace_pub/result_wlsweep/hp6_m_bump/wl00/seed1"
    }
  ],
  "layout_json": "/root/placement/flow_tap/baseline/ATPlace_pub/result_wlsweep/hp6_m_bump/wl00/layout.json",
  "layout_png": "/root/placement/flow_tap/baseline/ATPlace_pub/result_wlsweep/hp6_m_bump/wl00/layout.png",
  "layout_chiplets": 6,
  "visualized": true
}
