{
  "case": "Case7_bump",
  "mode": "thermal",
  "base_seed": 1,
  "status": "completed",
  "error": null,
  "legal_found": true,
  "num_legal": 1,
  "num_illegal": 0,
  "attempts": 1,
  "best_hpwl": 18149051.584861755,
  "twl_m": 18.149051584861756,
  "best_seed": 1,
  "best_legal": true,
  "best_overlaps": 0,
  "best_legalize_method": "milp",
  "best_legalize_s": 0.09839487075805664,
  "total_legalize_s": 0.09839487075805664,
  "runtime_s": 2751.550874233246,
  "attempt_log": [
    {
      "seed": 1,
      "iterations": 100,
      "overlaps": 0,
      "overlaps_raw": 0,
      "hpwl": 18149051.584861755,
      "hpwl_raw": 18149084.0,
      "run_s": 2747.123475074768,
      "legal": true,
      "legalize_method": "milp",
      "legalize_s": 0.09839487075805664,
      "layout_dir": "/root/placement/flow_tap/baseline/ATPlace_pub/result_wlsweep_c7/Case7_bump/wl46/seed1"
    }
  ],
  "layout_json": "/root/placement/flow_tap/baseline/ATPlace_pub/result_wlsweep_c7/Case7_bump/wl46/layout.json",
  "layout_png": "/root/placement/flow_tap/baseline/ATPlace_pub/result_wlsweep_c7/Case7_bump/wl46/layout.png",
  "layout_chiplets": 28,
  "visualized": true
}
