{
  "case": "Case7_bump",
  "mode": "thermal",
  "base_seed": 1,
  "status": "completed",
  "error": null,
  "legal_found": true,
  "num_legal": 1,
  "num_illegal": 0,
  "attempts": 1,
  "best_hpwl": 19731392.20755005,
  "twl_m": 19.731392207550048,
  "best_seed": 1,
  "best_legal": true,
  "best_overlaps": 0,
  "best_legalize_method": "milp",
  "best_legalize_s": 0.1583876609802246,
  "total_legalize_s": 0.1583876609802246,
  "runtime_s": 3152.2179749011993,
  "attempt_log": [
    {
      "seed": 1,
      "iterations": 100,
      "overlaps": 0,
      "overlaps_raw": 0,
      "hpwl": 19731392.20755005,
      "hpwl_raw": 19731284.0,
      "run_s": 3148.5431571006775,
      "legal": true,
      "legalize_method": "milp",
      "legalize_s": 0.1583876609802246,
      "layout_dir": "/root/placement/flow_tap/baseline/ATPlace_pub/result_wlsweep_c7/Case7_bump/wl38/seed1"
    }
  ],
  "layout_json": "/root/placement/flow_tap/baseline/ATPlace_pub/result_wlsweep_c7/Case7_bump/wl38/layout.json",
  "layout_png": "/root/placement/flow_tap/baseline/ATPlace_pub/result_wlsweep_c7/Case7_bump/wl38/layout.png",
  "layout_chiplets": 28,
  "visualized": true
}
