command: /root/anaconda3/envs/chipdiffusion/bin/python /root/placement/flow_tap/baseline/RL/train.py --json /root/placement/flow_tap/baseline/RL/examples/cpu-dram.json --name cpu-dram_seed1 --runs-dir /root/placement/flow_tap/baseline/RL/runs/shard3 --seed 1 --time_limit_seconds 3600.0 --max_width 35.994444 --max_height 35.994444 --thermal_intp_size 35.994444 --footprint_mode json_first --save_checkpoint --log_interval 1 --force_thermal_tables
started_at: 2026-09-11T23:35:52

使用设备: cuda
Run name: cpu-dram_seed1
Run directory: /root/placement/flow_tap/baseline/RL/runs/shard3/cpu-dram_seed1
Training log: /root/placement/flow_tap/baseline/RL/runs/shard3/cpu-dram_seed1/train.log

生成/检查 fastTM 热阻表...
  热阻表阶段状态: ok
  热阻表阶段耗时: 57.570s
  热阻表日志: /root/placement/flow_tap/baseline/RL/runs/shard3/cpu-dram_seed1/thermal_tables.log
======================================================================
PPO训练 - 芯片布局优化
======================================================================

环境信息:
  芯片数量: 8
  放置顺序: ['A', 'B', 'C', 'D', 'E', 'F', 'G', 'H']
  观察维度: 10
  动作维度: 70000
  rollout batch: 480 transitions
  minibatches: 4
  PPO update epochs: 4
  随机种子: 1
  剩余总时间预算: 3542.4s

开始训练...
----------------------------------------------------------------------
BEST_COST_LAYOUT
  epoch: 1/600, rollout: 1
  rlplanner_cost: 96.4363
  reward: -59.9288
  温度: 109.0841
  CPLEX平均线长: 16.4983
BEST_LAYOUT
  epoch: 1/600, rollout: 1
  reward: -59.9288
  温度: 109.0841
  CPLEX平均线长: 16.4983
BEST_COST_LAYOUT
  epoch: 1/600, rollout: 7
  rlplanner_cost: 95.0743
  reward: -60.4229
  温度: 106.5854
  CPLEX平均线长: 23.9472
BEST_COST_LAYOUT
  epoch: 1/600, rollout: 16
  rlplanner_cost: 89.7279
  reward: -52.5162
  温度: 107.9658
  CPLEX平均线长: 13.7627
BEST_LAYOUT
  epoch: 1/600, rollout: 16
  reward: -52.5162
  温度: 107.9658
  CPLEX平均线长: 13.7627
Epoch 1/600
  rollouts: 63, samples: 480
  平均奖励: -48.0214, 成功率: 74.6%
  optimizer steps: 16, KL: 0.000389
  累计RL时间: 13.53s
BEST_COST_LAYOUT
  epoch: 2/600, rollout: 108
  rlplanner_cost: 85.4871
  reward: -48.7443
  温度: 104.6874
  CPLEX平均线长: 20.8893
BEST_LAYOUT
  epoch: 2/600, rollout: 108
  reward: -48.7443
  温度: 104.6874
  CPLEX平均线长: 20.8893
Epoch 2/600
  rollouts: 65, samples: 486
  平均奖励: -36.2848, 成功率: 61.5%
  optimizer steps: 16, KL: 0.001193
  累计RL时间: 25.86s
Epoch 3/600
  rollouts: 66, samples: 480
  平均奖励: -29.6270, 成功率: 53.0%
  optimizer steps: 16, KL: 0.002744
  累计RL时间: 34.93s
BEST_COST_LAYOUT
  epoch: 4/600, rollout: 214
  rlplanner_cost: 85.2876
  reward: -48.7455
  温度: 104.4537
  CPLEX平均线长: 21.4836
Epoch 4/600
  rollouts: 65, samples: 483
  平均奖励: -33.6964, 成功率: 60.0%
  optimizer steps: 16, KL: 0.004229
  累计RL时间: 45.33s
BEST_COST_LAYOUT
  epoch: 5/600, rollout: 287
  rlplanner_cost: 77.8766
  reward: -41.6923
  温度: 103.7927
  CPLEX平均线长: 16.3056
BEST_LAYOUT
  epoch: 5/600, rollout: 287
  reward: -41.6923
  温度: 103.7927
  CPLEX平均线长: 16.3056
Epoch 5/600
  rollouts: 63, samples: 481
  平均奖励: -48.6971, 成功率: 76.2%
  optimizer steps: 15, KL: 0.005410
  累计RL时间: 57.39s
Epoch 6/600
  rollouts: 64, samples: 482
  平均奖励: -39.8484, 成功率: 65.6%
  optimizer steps: 13, KL: 0.005668
  累计RL时间: 67.64s
Epoch 7/600
  rollouts: 64, samples: 486
  平均奖励: -41.9769, 成功率: 68.8%
  optimizer steps: 10, KL: 0.004407
  累计RL时间: 78.72s
Epoch 8/600
  rollouts: 64, samples: 481
  平均奖励: -37.2410, 成功率: 65.6%
  optimizer steps: 10, KL: 0.005730
  累计RL时间: 88.93s
Epoch 9/600
  rollouts: 64, samples: 480
  平均奖励: -36.5022, 成功率: 64.1%
  optimizer steps: 8, KL: 0.006947
  累计RL时间: 99.29s
Epoch 10/600
  rollouts: 63, samples: 484
  平均奖励: -40.6934, 成功率: 69.8%
  optimizer steps: 7, KL: 0.005049
  累计RL时间: 110.04s
BEST_LAYOUT
  epoch: 11/600, rollout: 642
  reward: -40.3947
  温度: 101.9331
  CPLEX平均线长: 23.2073
Epoch 11/600
  rollouts: 63, samples: 482
  平均奖励: -46.6135, 成功率: 74.6%
  optimizer steps: 7, KL: 0.005722
  累计RL时间: 121.37s
Epoch 12/600
  rollouts: 64, samples: 487
  平均奖励: -41.9931, 成功率: 71.9%
  optimizer steps: 9, KL: 0.005987
  累计RL时间: 132.30s
Epoch 13/600
  rollouts: 63, samples: 483
  平均奖励: -41.7390, 成功率: 73.0%
  optimizer steps: 9, KL: 0.007135
  累计RL时间: 143.59s
BEST_COST_LAYOUT
  epoch: 14/600, rollout: 860
  rlplanner_cost: 76.0124
  reward: -38.8343
  温度: 101.5546
  CPLEX平均线长: 21.8619
BEST_LAYOUT
  epoch: 14/600, rollout: 860
  reward: -38.8343
  温度: 101.5546
  CPLEX平均线长: 21.8619
Epoch 14/600
  rollouts: 64, samples: 485
  平均奖励: -42.5236, 成功率: 71.9%
  optimizer steps: 9, KL: 0.005807
  累计RL时间: 155.27s
Epoch 15/600
  rollouts: 63, samples: 482
  平均奖励: -43.6417, 成功率: 76.2%
  optimizer steps: 9, KL: 0.005521
  累计RL时间: 166.48s
BEST_COST_LAYOUT
  epoch: 16/600, rollout: 963
  rlplanner_cost: 74.6966
  reward: -36.6930
  温度: 101.5398
  CPLEX平均线长: 20.5945
BEST_LAYOUT
  epoch: 16/600, rollout: 963
  reward: -36.6930
  温度: 101.5398
  CPLEX平均线长: 20.5945
Epoch 16/600
  rollouts: 63, samples: 485
  平均奖励: -46.2159, 成功率: 77.8%
  optimizer steps: 9, KL: 0.005455
  累计RL时间: 179.06s
BEST_COST_LAYOUT
  epoch: 17/600, rollout: 1059
  rlplanner_cost: 74.4077
  reward: -36.6931
  温度: 103.1204
  CPLEX平均线长: 15.0887
Epoch 17/600
  rollouts: 62, samples: 483
  平均奖励: -50.1504, 成功率: 82.3%
  optimizer steps: 7, KL: 0.005164
  累计RL时间: 191.28s
Epoch 18/600
  rollouts: 63, samples: 482
  平均奖励: -44.6960, 成功率: 74.6%
  optimizer steps: 9, KL: 0.005626
  累计RL时间: 202.36s
Epoch 19/600
  rollouts: 63, samples: 481
  平均奖励: -43.1995, 成功率: 74.6%
  optimizer steps: 10, KL: 0.006095
  累计RL时间: 213.82s
BEST_COST_LAYOUT
  epoch: 20/600, rollout: 1259
  rlplanner_cost: 70.9729
  reward: -33.4430
  温度: 101.9868
  CPLEX平均线长: 15.4065
BEST_LAYOUT
  epoch: 20/600, rollout: 1259
  reward: -33.4430
  温度: 101.9868
  CPLEX平均线长: 15.4065
Epoch 20/600
  rollouts: 63, samples: 487
  平均奖励: -46.0514, 成功率: 79.4%
  optimizer steps: 9, KL: 0.005239
  累计RL时间: 226.08s
Epoch 21/600
  rollouts: 63, samples: 486
  平均奖励: -43.5103, 成功率: 76.2%
  optimizer steps: 9, KL: 0.005546
  累计RL时间: 237.40s
Epoch 22/600
  rollouts: 62, samples: 481
  平均奖励: -47.1289, 成功率: 80.6%
  optimizer steps: 10, KL: 0.004580
  累计RL时间: 249.13s
Epoch 23/600
  rollouts: 63, samples: 480
  平均奖励: -40.2365, 成功率: 73.0%
  optimizer steps: 12, KL: 0.005442
  累计RL时间: 260.43s
Epoch 24/600
  rollouts: 63, samples: 484
  平均奖励: -40.8450, 成功率: 76.2%
  optimizer steps: 10, KL: 0.005922
  累计RL时间: 272.08s
Epoch 25/600
  rollouts: 63, samples: 487
  平均奖励: -42.9408, 成功率: 74.6%
  optimizer steps: 11, KL: 0.005941
  累计RL时间: 283.29s
Epoch 26/600
  rollouts: 63, samples: 484
  平均奖励: -42.8991, 成功率: 76.2%
  optimizer steps: 12, KL: 0.005632
  累计RL时间: 294.85s
Epoch 27/600
  rollouts: 63, samples: 487
  平均奖励: -43.9100, 成功率: 77.8%
  optimizer steps: 9, KL: 0.005819
  累计RL时间: 306.92s
BEST_COST_LAYOUT
  epoch: 28/600, rollout: 1724
  rlplanner_cost: 69.0398
  reward: -31.9526
  温度: 100.9148
  CPLEX平均线长: 16.9694
BEST_LAYOUT
  epoch: 28/600, rollout: 1724
  reward: -31.9526
  温度: 100.9148
  CPLEX平均线长: 16.9694
Epoch 28/600
  rollouts: 63, samples: 480
  平均奖励: -40.0438, 成功率: 73.0%
  optimizer steps: 9, KL: 0.006213
  累计RL时间: 318.53s
Epoch 29/600
  rollouts: 64, samples: 485
  平均奖励: -34.6895, 成功率: 67.2%
  optimizer steps: 13, KL: 0.005912
  累计RL时间: 329.10s
Epoch 30/600
  rollouts: 63, samples: 486
  平均奖励: -43.4640, 成功率: 77.8%
  optimizer steps: 13, KL: 0.005920
  累计RL时间: 340.69s
Epoch 31/600
  rollouts: 63, samples: 486
  平均奖励: -43.7444, 成功率: 77.8%
  optimizer steps: 9, KL: 0.004697
  累计RL时间: 351.99s
Epoch 32/600
  rollouts: 64, samples: 485
  平均奖励: -34.1143, 成功率: 65.6%
  optimizer steps: 14, KL: 0.005882
  累计RL时间: 362.52s
Epoch 33/600
  rollouts: 64, samples: 487
  平均奖励: -41.0551, 成功率: 73.4%
  optimizer steps: 13, KL: 0.006148
  累计RL时间: 373.87s
Epoch 34/600
  rollouts: 64, samples: 485
  平均奖励: -34.9092, 成功率: 68.8%
  optimizer steps: 12, KL: 0.006444
  累计RL时间: 384.71s
Epoch 35/600
  rollouts: 63, samples: 482
  平均奖励: -36.8741, 成功率: 69.8%
  optimizer steps: 10, KL: 0.006112
  累计RL时间: 395.64s
BEST_COST_LAYOUT
  epoch: 36/600, rollout: 2264
  rlplanner_cost: 63.8721
  reward: -25.3665
  温度: 100.5758
  CPLEX平均线长: 12.8963
BEST_LAYOUT
  epoch: 36/600, rollout: 2264
  reward: -25.3665
  温度: 100.5758
  CPLEX平均线长: 12.8963
Epoch 36/600
  rollouts: 62, samples: 480
  平均奖励: -43.7699, 成功率: 79.0%
  optimizer steps: 11, KL: 0.005769
  累计RL时间: 407.88s
Epoch 37/600
  rollouts: 65, samples: 485
  平均奖励: -28.7109, 成功率: 61.5%
  optimizer steps: 14, KL: 0.006032
  累计RL时间: 417.93s
Epoch 38/600
  rollouts: 64, samples: 482
  平均奖励: -36.3667, 成功率: 67.2%
  optimizer steps: 14, KL: 0.006156
  累计RL时间: 428.67s
Epoch 39/600
  rollouts: 64, samples: 482
  平均奖励: -33.9314, 成功率: 67.2%
  optimizer steps: 9, KL: 0.006372
  累计RL时间: 439.30s
Epoch 40/600
  rollouts: 64, samples: 483
  平均奖励: -33.3127, 成功率: 64.1%
  optimizer steps: 9, KL: 0.005229
  累计RL时间: 449.41s
Epoch 41/600
  rollouts: 64, samples: 487
  平均奖励: -33.5461, 成功率: 67.2%
  optimizer steps: 10, KL: 0.006036
  累计RL时间: 460.21s
Epoch 42/600
  rollouts: 65, samples: 483
  平均奖励: -27.6685, 成功率: 60.0%
  optimizer steps: 10, KL: 0.006171
  累计RL时间: 470.01s
Epoch 43/600
  rollouts: 65, samples: 487
  平均奖励: -30.9566, 成功率: 63.1%
  optimizer steps: 9, KL: 0.004514
  累计RL时间: 480.13s
Epoch 44/600
  rollouts: 63, samples: 482
  平均奖励: -37.6842, 成功率: 71.4%
  optimizer steps: 12, KL: 0.006339
  累计RL时间: 491.20s
Epoch 45/600
  rollouts: 63, samples: 487
  平均奖励: -40.9309, 成功率: 76.2%
  optimizer steps: 9, KL: 0.005491
  累计RL时间: 504.07s
Epoch 46/600
  rollouts: 64, samples: 482
  平均奖励: -28.6511, 成功率: 59.4%
  optimizer steps: 13, KL: 0.006001
  累计RL时间: 513.83s
Epoch 47/600
  rollouts: 64, samples: 483
  平均奖励: -31.1058, 成功率: 64.1%
  optimizer steps: 10, KL: 0.004778
  累计RL时间: 524.30s
Epoch 48/600
  rollouts: 63, samples: 480
  平均奖励: -33.8499, 成功率: 68.3%
  optimizer steps: 10, KL: 0.005973
  累计RL时间: 535.31s
Epoch 49/600
  rollouts: 64, samples: 480
  平均奖励: -28.2163, 成功率: 60.9%
  optimizer steps: 11, KL: 0.004472
  累计RL时间: 545.19s
Epoch 50/600
  rollouts: 65, samples: 485
  平均奖励: -29.0436, 成功率: 63.1%
  optimizer steps: 10, KL: 0.006346
  累计RL时间: 555.53s
Epoch 51/600
  rollouts: 64, samples: 486
  平均奖励: -37.5437, 成功率: 70.3%
  optimizer steps: 11, KL: 0.004837
  累计RL时间: 566.45s
Epoch 52/600
  rollouts: 64, samples: 481
  平均奖励: -30.6029, 成功率: 64.1%
  optimizer steps: 14, KL: 0.005831
  累计RL时间: 576.37s
Epoch 53/600
  rollouts: 64, samples: 480
  平均奖励: -31.8383, 成功率: 62.5%
  optimizer steps: 11, KL: 0.004414
  累计RL时间: 586.89s
Epoch 54/600
  rollouts: 65, samples: 485
  平均奖励: -33.2838, 成功率: 66.2%
  optimizer steps: 10, KL: 0.004668
  累计RL时间: 597.28s
Epoch 55/600
  rollouts: 63, samples: 481
  平均奖励: -38.3965, 成功率: 71.4%
  optimizer steps: 10, KL: 0.005860
  累计RL时间: 607.86s
Epoch 56/600
  rollouts: 64, samples: 482
  平均奖励: -33.1485, 成功率: 67.2%
  optimizer steps: 9, KL: 0.005788
  累计RL时间: 618.69s
Epoch 57/600
  rollouts: 65, samples: 482
  平均奖励: -24.8532, 成功率: 53.8%
  optimizer steps: 11, KL: 0.005381
  累计RL时间: 627.86s
Epoch 58/600
  rollouts: 65, samples: 484
  平均奖励: -25.4606, 成功率: 58.5%
  optimizer steps: 9, KL: 0.005445
  累计RL时间: 637.68s
Epoch 59/600
  rollouts: 64, samples: 483
  平均奖励: -31.9879, 成功率: 65.6%
  optimizer steps: 11, KL: 0.004699
  累计RL时间: 648.40s
Epoch 60/600
  rollouts: 65, samples: 486
  平均奖励: -29.8538, 成功率: 63.1%
  optimizer steps: 11, KL: 0.005811
  累计RL时间: 658.93s
Epoch 61/600
  rollouts: 65, samples: 480
  平均奖励: -25.4484, 成功率: 56.9%
  optimizer steps: 11, KL: 0.005679
  累计RL时间: 668.38s
Epoch 62/600
  rollouts: 63, samples: 483
  平均奖励: -36.9453, 成功率: 73.0%
  optimizer steps: 12, KL: 0.005356
  累计RL时间: 679.40s
Epoch 63/600
  rollouts: 63, samples: 482
  平均奖励: -36.0448, 成功率: 71.4%
  optimizer steps: 9, KL: 0.005289
  累计RL时间: 690.10s
Epoch 64/600
  rollouts: 64, samples: 484
  平均奖励: -30.9194, 成功率: 65.6%
  optimizer steps: 12, KL: 0.005878
  累计RL时间: 701.61s
Epoch 65/600
  rollouts: 64, samples: 481
  平均奖励: -28.7435, 成功率: 62.5%
  optimizer steps: 9, KL: 0.006401
  累计RL时间: 711.90s
Epoch 66/600
  rollouts: 65, samples: 487
  平均奖励: -33.1295, 成功率: 66.2%
  optimizer steps: 9, KL: 0.005124
  累计RL时间: 722.43s
Epoch 67/600
  rollouts: 63, samples: 484
  平均奖励: -37.1199, 成功率: 71.4%
  optimizer steps: 8, KL: 0.006655
  累计RL时间: 733.17s
Epoch 68/600
  rollouts: 64, samples: 480
  平均奖励: -23.3540, 成功率: 57.8%
  optimizer steps: 13, KL: 0.005827
  累计RL时间: 743.12s
Epoch 69/600
  rollouts: 66, samples: 485
  平均奖励: -22.4554, 成功率: 53.0%
  optimizer steps: 9, KL: 0.005502
  累计RL时间: 752.43s
Epoch 70/600
  rollouts: 65, samples: 481
  平均奖励: -22.5578, 成功率: 53.8%
  optimizer steps: 9, KL: 0.006657
  累计RL时间: 761.54s
Epoch 71/600
  rollouts: 65, samples: 483
  平均奖励: -26.5923, 成功率: 60.0%
  optimizer steps: 9, KL: 0.006329
  累计RL时间: 771.69s
Epoch 72/600
  rollouts: 65, samples: 484
  平均奖励: -21.0105, 成功率: 52.3%
  optimizer steps: 10, KL: 0.005826
  累计RL时间: 781.15s
Epoch 73/600
  rollouts: 65, samples: 487
  平均奖励: -23.8227, 成功率: 56.9%
  optimizer steps: 10, KL: 0.006210
  累计RL时间: 790.60s
Epoch 74/600
  rollouts: 65, samples: 486
  平均奖励: -25.6642, 成功率: 56.9%
  optimizer steps: 11, KL: 0.005482
  累计RL时间: 800.13s
Epoch 75/600
  rollouts: 65, samples: 481
  平均奖励: -18.7433, 成功率: 52.3%
  optimizer steps: 16, KL: 0.005638
  累计RL时间: 809.54s
Epoch 76/600
  rollouts: 65, samples: 482
  平均奖励: -23.9583, 成功率: 56.9%
  optimizer steps: 13, KL: 0.004974
  累计RL时间: 819.09s
Epoch 77/600
  rollouts: 66, samples: 487
  平均奖励: -17.3239, 成功率: 47.0%
  optimizer steps: 14, KL: 0.005001
  累计RL时间: 828.02s
Epoch 78/600
  rollouts: 66, samples: 486
  平均奖励: -25.6155, 成功率: 57.6%
  optimizer steps: 13, KL: 0.005144
  累计RL时间: 837.94s
Epoch 79/600
  rollouts: 65, samples: 483
  平均奖励: -25.3046, 成功率: 56.9%
  optimizer steps: 10, KL: 0.005925
  累计RL时间: 847.61s
Epoch 80/600
  rollouts: 64, samples: 481
  平均奖励: -28.8004, 成功率: 62.5%
  optimizer steps: 11, KL: 0.004244
  累计RL时间: 857.67s
Epoch 81/600
  rollouts: 66, samples: 483
  平均奖励: -25.6065, 成功率: 57.6%
  optimizer steps: 13, KL: 0.005431
  累计RL时间: 867.67s
Epoch 82/600
  rollouts: 66, samples: 484
  平均奖励: -15.2415, 成功率: 43.9%
  optimizer steps: 13, KL: 0.006310
  累计RL时间: 876.46s
Epoch 83/600
  rollouts: 66, samples: 480
  平均奖励: -14.9409, 成功率: 43.9%
  optimizer steps: 11, KL: 0.006222
  累计RL时间: 884.79s
Epoch 84/600
  rollouts: 65, samples: 482
  平均奖励: -25.0383, 成功率: 58.5%
  optimizer steps: 11, KL: 0.004757
  累计RL时间: 894.03s
Epoch 85/600
  rollouts: 66, samples: 484
  平均奖励: -15.8625, 成功率: 47.0%
  optimizer steps: 15, KL: 0.005973
  累计RL时间: 902.98s
Epoch 86/600
  rollouts: 67, samples: 484
  平均奖励: -15.2831, 成功率: 44.8%
  optimizer steps: 9, KL: 0.006229
  累计RL时间: 911.24s
Epoch 87/600
  rollouts: 64, samples: 480
  平均奖励: -26.3865, 成功率: 57.8%
  optimizer steps: 15, KL: 0.005212
  累计RL时间: 920.77s
Epoch 88/600
  rollouts: 68, samples: 487
  平均奖励: -12.4024, 成功率: 42.6%
  optimizer steps: 16, KL: 0.005452
  累计RL时间: 929.37s
Epoch 89/600
  rollouts: 66, samples: 484
  平均奖励: -22.1637, 成功率: 50.0%
  optimizer steps: 16, KL: 0.004157
  累计RL时间: 938.33s
Epoch 90/600
  rollouts: 65, samples: 481
  平均奖励: -26.9606, 成功率: 58.5%
  optimizer steps: 10, KL: 0.006207
  累计RL时间: 947.84s
Epoch 91/600
  rollouts: 66, samples: 482
  平均奖励: -18.5665, 成功率: 48.5%
  optimizer steps: 16, KL: 0.006319
  累计RL时间: 956.51s
Epoch 92/600
  rollouts: 66, samples: 480
  平均奖励: -18.6462, 成功率: 48.5%
  optimizer steps: 12, KL: 0.006342
  累计RL时间: 965.50s
Epoch 93/600
  rollouts: 68, samples: 483
  平均奖励: -16.5102, 成功率: 44.1%
  optimizer steps: 11, KL: 0.005605
  累计RL时间: 974.09s
Epoch 94/600
  rollouts: 67, samples: 482
  平均奖励: -16.6114, 成功率: 44.8%
  optimizer steps: 10, KL: 0.005584
  累计RL时间: 982.43s
Epoch 95/600
  rollouts: 67, samples: 480
  平均奖励: -17.3260, 成功率: 46.3%
  optimizer steps: 10, KL: 0.006504
  累计RL时间: 991.59s
Epoch 96/600
  rollouts: 67, samples: 483
  平均奖励: -18.6327, 成功率: 46.3%
  optimizer steps: 10, KL: 0.005024
  累计RL时间: 1000.33s
Epoch 97/600
  rollouts: 67, samples: 482
  平均奖励: -16.3464, 成功率: 46.3%
  optimizer steps: 13, KL: 0.006501
  累计RL时间: 1008.83s
Epoch 98/600
  rollouts: 68, samples: 483
  平均奖励: -10.2686, 成功率: 36.8%
  optimizer steps: 14, KL: 0.005345
  累计RL时间: 1016.58s
Epoch 99/600
  rollouts: 68, samples: 487
  平均奖励: -16.9582, 成功率: 45.6%
  optimizer steps: 12, KL: 0.004798
  累计RL时间: 1025.88s
Epoch 100/600
  rollouts: 67, samples: 485
  平均奖励: -14.4377, 成功率: 43.3%
  optimizer steps: 9, KL: 0.006098
  累计RL时间: 1034.58s
Epoch 101/600
  rollouts: 66, samples: 480
  平均奖励: -14.2088, 成功率: 43.9%
  optimizer steps: 9, KL: 0.005462
  累计RL时间: 1042.55s
Epoch 102/600
  rollouts: 68, samples: 483
  平均奖励: -14.7878, 成功率: 44.1%
  optimizer steps: 11, KL: 0.005648
  累计RL时间: 1050.97s
Epoch 103/600
  rollouts: 69, samples: 486
  平均奖励: -12.8084, 成功率: 39.1%
  optimizer steps: 12, KL: 0.006593
  累计RL时间: 1059.60s
Epoch 104/600
  rollouts: 67, samples: 483
  平均奖励: -14.6271, 成功率: 44.8%
  optimizer steps: 10, KL: 0.005751
  累计RL时间: 1067.94s
Epoch 105/600
  rollouts: 68, samples: 484
  平均奖励: -8.7120, 成功率: 36.8%
  optimizer steps: 13, KL: 0.005377
  累计RL时间: 1075.82s
Epoch 106/600
  rollouts: 67, samples: 483
  平均奖励: -17.0399, 成功率: 47.8%
  optimizer steps: 15, KL: 0.005357
  累计RL时间: 1084.52s
Epoch 107/600
  rollouts: 66, samples: 485
  平均奖励: -16.6766, 成功率: 47.0%
  optimizer steps: 12, KL: 0.007138
  累计RL时间: 1093.43s
Epoch 108/600
  rollouts: 68, samples: 482
  平均奖励: -10.5266, 成功率: 38.2%
  optimizer steps: 13, KL: 0.006266
  累计RL时间: 1101.18s
Epoch 109/600
  rollouts: 68, samples: 480
  平均奖励: -9.3047, 成功率: 35.3%
  optimizer steps: 13, KL: 0.006348
  累计RL时间: 1108.53s
Epoch 110/600
  rollouts: 68, samples: 482
  平均奖励: -14.7440, 成功率: 41.2%
  optimizer steps: 11, KL: 0.006377
  累计RL时间: 1116.95s
Epoch 111/600
  rollouts: 68, samples: 486
  平均奖励: -14.2179, 成功率: 42.6%
  optimizer steps: 12, KL: 0.005903
  累计RL时间: 1125.70s
Epoch 112/600
  rollouts: 66, samples: 483
  平均奖励: -20.0487, 成功率: 51.5%
  optimizer steps: 11, KL: 0.006796
  累计RL时间: 1134.67s
Epoch 113/600
  rollouts: 66, samples: 480
  平均奖励: -21.7358, 成功率: 53.0%
  optimizer steps: 11, KL: 0.004320
  累计RL时间: 1143.81s
Epoch 114/600
  rollouts: 68, samples: 482
  平均奖励: -8.7624, 成功率: 35.3%
  optimizer steps: 16, KL: 0.004788
  累计RL时间: 1151.54s
Epoch 115/600
  rollouts: 67, samples: 483
  平均奖励: -16.9033, 成功率: 44.8%
  optimizer steps: 12, KL: 0.005442
  累计RL时间: 1160.49s
Epoch 116/600
  rollouts: 67, samples: 482
  平均奖励: -19.9355, 成功率: 49.3%
  optimizer steps: 10, KL: 0.005046
  累计RL时间: 1169.41s
Epoch 117/600
  rollouts: 66, samples: 483
  平均奖励: -19.2506, 成功率: 50.0%
  optimizer steps: 10, KL: 0.005760
  累计RL时间: 1178.19s
Epoch 118/600
  rollouts: 67, samples: 481
  平均奖励: -18.1244, 成功率: 47.8%
  optimizer steps: 10, KL: 0.005643
  累计RL时间: 1187.51s
Epoch 119/600
  rollouts: 70, samples: 481
  平均奖励: -5.1112, 成功率: 30.0%
  optimizer steps: 16, KL: 0.003603
  累计RL时间: 1194.50s
Epoch 120/600
  rollouts: 69, samples: 486
  平均奖励: -18.5981, 成功率: 47.8%
  optimizer steps: 12, KL: 0.005594
  累计RL时间: 1204.68s
Epoch 121/600
  rollouts: 69, samples: 486
  平均奖励: -6.2383, 成功率: 33.3%
  optimizer steps: 16, KL: 0.003441
  累计RL时间: 1212.29s
Epoch 122/600
  rollouts: 70, samples: 485
  平均奖励: -12.4620, 成功率: 40.0%
  optimizer steps: 11, KL: 0.005829
  累计RL时间: 1220.70s
Epoch 123/600
  rollouts: 69, samples: 483
  平均奖励: -9.2681, 成功率: 34.8%
  optimizer steps: 15, KL: 0.004763
  累计RL时间: 1228.16s
Epoch 124/600
  rollouts: 67, samples: 484
  平均奖励: -20.2603, 成功率: 49.3%
  optimizer steps: 16, KL: 0.003683
  累计RL时间: 1237.03s
Epoch 125/600
  rollouts: 68, samples: 484
  平均奖励: -16.8441, 成功率: 45.6%
  optimizer steps: 9, KL: 0.005405
  累计RL时间: 1245.63s
Epoch 126/600
  rollouts: 69, samples: 484
  平均奖励: -14.6035, 成功率: 42.0%
  optimizer steps: 16, KL: 0.003797
  累计RL时间: 1254.11s
Epoch 127/600
  rollouts: 68, samples: 484
  平均奖励: -14.0186, 成功率: 42.6%
  optimizer steps: 13, KL: 0.005153
  累计RL时间: 1262.25s
Epoch 128/600
  rollouts: 71, samples: 485
  平均奖励: -2.6430, 成功率: 26.8%
  optimizer steps: 16, KL: 0.003628
  累计RL时间: 1269.07s
Epoch 129/600
  rollouts: 70, samples: 485
  平均奖励: -6.2258, 成功率: 31.4%
  optimizer steps: 10, KL: 0.006745
  累计RL时间: 1276.38s
Epoch 130/600
  rollouts: 66, samples: 480
  平均奖励: -20.0541, 成功率: 50.0%
  optimizer steps: 16, KL: 0.004618
  累计RL时间: 1285.72s
Epoch 131/600
  rollouts: 67, samples: 480
  平均奖励: -15.4434, 成功率: 44.8%
  optimizer steps: 8, KL: 0.005230
  累计RL时间: 1294.12s
Epoch 132/600
  rollouts: 67, samples: 484
  平均奖励: -14.3806, 成功率: 41.8%
  optimizer steps: 8, KL: 0.005452
  累计RL时间: 1302.00s
Epoch 133/600
  rollouts: 71, samples: 482
  平均奖励: -8.2393, 成功率: 33.8%
  optimizer steps: 13, KL: 0.006074
  累计RL时间: 1309.54s
Epoch 134/600
  rollouts: 71, samples: 483
  平均奖励: 8.2699, 成功率: 14.1%
  optimizer steps: 13, KL: 0.005977
  累计RL时间: 1315.12s
Epoch 135/600
  rollouts: 68, samples: 486
  平均奖励: -13.3793, 成功率: 41.2%
  optimizer steps: 16, KL: 0.005333
  累计RL时间: 1323.22s
Epoch 136/600
  rollouts: 67, samples: 480
  平均奖励: -16.1525, 成功率: 44.8%
  optimizer steps: 9, KL: 0.005428
  累计RL时间: 1331.50s
Epoch 137/600
  rollouts: 69, samples: 484
  平均奖励: -10.1748, 成功率: 37.7%
  optimizer steps: 15, KL: 0.005221
  累计RL时间: 1339.50s
Epoch 138/600
  rollouts: 68, samples: 480
  平均奖励: -13.0681, 成功率: 41.2%
  optimizer steps: 10, KL: 0.004860
  累计RL时间: 1348.00s
Epoch 139/600
  rollouts: 70, samples: 483
  平均奖励: -4.6425, 成功率: 30.0%
  optimizer steps: 14, KL: 0.005259
  累计RL时间: 1354.99s
Epoch 140/600
  rollouts: 70, samples: 485
  平均奖励: -2.7635, 成功率: 27.1%
  optimizer steps: 9, KL: 0.006549
  累计RL时间: 1361.70s
Epoch 141/600
  rollouts: 71, samples: 486
  平均奖励: -4.3503, 成功率: 28.2%
  optimizer steps: 11, KL: 0.005826
  累计RL时间: 1368.71s
Epoch 142/600
  rollouts: 69, samples: 487
  平均奖励: -11.4972, 成功率: 37.7%
  optimizer steps: 13, KL: 0.005408
  累计RL时间: 1377.15s
Epoch 143/600
  rollouts: 68, samples: 483
  平均奖励: -8.2765, 成功率: 35.3%
  optimizer steps: 8, KL: 0.004981
  累计RL时间: 1384.83s
Epoch 144/600
  rollouts: 71, samples: 481
  平均奖励: 0.4681, 成功率: 23.9%
  optimizer steps: 16, KL: 0.004015
  累计RL时间: 1391.53s
Epoch 145/600
  rollouts: 71, samples: 485
  平均奖励: -6.4696, 成功率: 31.0%
  optimizer steps: 9, KL: 0.004872
  累计RL时间: 1399.23s
Epoch 146/600
  rollouts: 68, samples: 486
  平均奖励: -13.5691, 成功率: 41.2%
  optimizer steps: 11, KL: 0.005098
  累计RL时间: 1407.92s
Epoch 147/600
  rollouts: 70, samples: 482
  平均奖励: -2.7236, 成功率: 27.1%
  optimizer steps: 16, KL: 0.004643
  累计RL时间: 1414.82s
Epoch 148/600
  rollouts: 70, samples: 484
  平均奖励: -11.0897, 成功率: 38.6%
  optimizer steps: 13, KL: 0.005487
  累计RL时间: 1422.96s
Epoch 149/600
  rollouts: 69, samples: 480
  平均奖励: -7.0926, 成功率: 33.3%
  optimizer steps: 7, KL: 0.005791
  累计RL时间: 1430.13s
Epoch 150/600
  rollouts: 70, samples: 480
  平均奖励: -4.2461, 成功率: 30.0%
  optimizer steps: 9, KL: 0.004737
  累计RL时间: 1437.50s
Epoch 151/600
  rollouts: 69, samples: 484
  平均奖励: -5.2305, 成功率: 31.9%
  optimizer steps: 8, KL: 0.005723
  累计RL时间: 1444.62s
Epoch 152/600
  rollouts: 70, samples: 487
  平均奖励: -5.8471, 成功率: 31.4%
  optimizer steps: 9, KL: 0.004032
  累计RL时间: 1451.93s
Epoch 153/600
  rollouts: 69, samples: 482
  平均奖励: -4.2056, 成功率: 30.4%
  optimizer steps: 10, KL: 0.006882
  累计RL时间: 1458.93s
Epoch 154/600
  rollouts: 68, samples: 482
  平均奖励: -4.9984, 成功率: 30.9%
  optimizer steps: 10, KL: 0.006525
  累计RL时间: 1466.95s
Epoch 155/600
  rollouts: 69, samples: 481
  平均奖励: -8.3591, 成功率: 34.8%
  optimizer steps: 13, KL: 0.005780
  累计RL时间: 1474.69s
Epoch 156/600
  rollouts: 70, samples: 483
  平均奖励: -0.2887, 成功率: 25.7%
  optimizer steps: 15, KL: 0.005417
  累计RL时间: 1481.41s
Epoch 157/600
  rollouts: 70, samples: 482
  平均奖励: -8.8646, 成功率: 34.3%
  optimizer steps: 10, KL: 0.005305
  累计RL时间: 1488.86s
Epoch 158/600
  rollouts: 71, samples: 481
  平均奖励: 1.6107, 成功率: 22.5%
  optimizer steps: 12, KL: 0.005462
  累计RL时间: 1495.11s
Epoch 159/600
  rollouts: 69, samples: 487
  平均奖励: -12.6902, 成功率: 37.7%
  optimizer steps: 16, KL: 0.005854
  累计RL时间: 1503.46s
Epoch 160/600
  rollouts: 68, samples: 484
  平均奖励: -14.6021, 成功率: 41.2%
  optimizer steps: 7, KL: 0.006502
  累计RL时间: 1511.41s
Epoch 161/600
  rollouts: 67, samples: 481
  平均奖励: -16.1221, 成功率: 43.3%
  optimizer steps: 6, KL: 0.006021
  累计RL时间: 1519.50s
Epoch 162/600
  rollouts: 74, samples: 481
  平均奖励: 5.2582, 成功率: 16.2%
  optimizer steps: 16, KL: 0.004503
  累计RL时间: 1525.21s
Epoch 163/600
  rollouts: 69, samples: 483
  平均奖励: -0.0229, 成功率: 24.6%
  optimizer steps: 7, KL: 0.005451
  累计RL时间: 1531.92s
Epoch 164/600
  rollouts: 69, samples: 483
  平均奖励: -3.3431, 成功率: 27.5%
  optimizer steps: 10, KL: 0.007014
  累计RL时间: 1538.83s
Epoch 165/600
  rollouts: 69, samples: 482
  平均奖励: -7.9520, 成功率: 33.3%
  optimizer steps: 11, KL: 0.006359
  累计RL时间: 1546.16s
Epoch 166/600
  rollouts: 70, samples: 483
  平均奖励: -12.2375, 成功率: 37.1%
  optimizer steps: 7, KL: 0.006604
  累计RL时间: 1553.90s
Epoch 167/600
  rollouts: 70, samples: 485
  平均奖励: -3.0192, 成功率: 28.6%
  optimizer steps: 7, KL: 0.006311
  累计RL时间: 1561.84s
Epoch 168/600
  rollouts: 71, samples: 484
  平均奖励: -2.1822, 成功率: 26.8%
  optimizer steps: 12, KL: 0.005874
  累计RL时间: 1568.70s
Epoch 169/600
  rollouts: 72, samples: 480
  平均奖励: 2.9252, 成功率: 20.8%
  optimizer steps: 9, KL: 0.006468
  累计RL时间: 1574.82s
Epoch 170/600
  rollouts: 69, samples: 484
  平均奖励: -9.8922, 成功率: 36.2%
  optimizer steps: 14, KL: 0.006025
  累计RL时间: 1582.47s
Epoch 171/600
  rollouts: 71, samples: 482
  平均奖励: -3.5288, 成功率: 28.2%
  optimizer steps: 9, KL: 0.005435
  累计RL时间: 1589.16s
Epoch 172/600
  rollouts: 72, samples: 481
  平均奖励: -0.3076, 成功率: 23.6%
  optimizer steps: 10, KL: 0.006044
  累计RL时间: 1595.94s
Epoch 173/600
  rollouts: 72, samples: 485
  平均奖励: 3.2826, 成功率: 20.8%
  optimizer steps: 10, KL: 0.005315
  累计RL时间: 1602.17s
Epoch 174/600
  rollouts: 70, samples: 481
  平均奖励: -6.9974, 成功率: 31.4%
  optimizer steps: 15, KL: 0.005038
  累计RL时间: 1609.53s
Epoch 175/600
  rollouts: 72, samples: 484
  平均奖励: 0.7808, 成功率: 22.2%
  optimizer steps: 9, KL: 0.006896
  累计RL时间: 1615.68s
Epoch 176/600
  rollouts: 71, samples: 481
  平均奖励: -4.0544, 成功率: 28.2%
  optimizer steps: 9, KL: 0.004344
  累计RL时间: 1622.64s
Epoch 177/600
  rollouts: 72, samples: 481
  平均奖励: 1.6736, 成功率: 22.2%
  optimizer steps: 13, KL: 0.005403
  累计RL时间: 1629.22s
Epoch 178/600
  rollouts: 71, samples: 484
  平均奖励: -6.1450, 成功率: 31.0%
  optimizer steps: 12, KL: 0.006567
  累计RL时间: 1636.25s
Epoch 179/600
  rollouts: 72, samples: 482
  平均奖励: -6.5641, 成功率: 31.9%
  optimizer steps: 8, KL: 0.006164
  累计RL时间: 1643.50s
Epoch 180/600
  rollouts: 71, samples: 483
  平均奖励: -4.2488, 成功率: 29.6%
  optimizer steps: 12, KL: 0.006421
  累计RL时间: 1650.45s
Epoch 181/600
  rollouts: 73, samples: 481
  平均奖励: 1.0663, 成功率: 23.3%
  optimizer steps: 8, KL: 0.006396
  累计RL时间: 1657.06s
Epoch 182/600
  rollouts: 69, samples: 481
  平均奖励: -9.3386, 成功率: 36.2%
  optimizer steps: 13, KL: 0.004741
  累计RL时间: 1664.75s
Epoch 183/600
  rollouts: 71, samples: 481
  平均奖励: -1.7463, 成功率: 26.8%
  optimizer steps: 8, KL: 0.006980
  累计RL时间: 1671.45s
Epoch 184/600
  rollouts: 70, samples: 484
  平均奖励: -4.2657, 成功率: 28.6%
  optimizer steps: 9, KL: 0.005617
  累计RL时间: 1679.92s
Epoch 185/600
  rollouts: 72, samples: 484
  平均奖励: 2.0110, 成功率: 22.2%
  optimizer steps: 13, KL: 0.004364
  累计RL时间: 1687.62s
Epoch 186/600
  rollouts: 71, samples: 483
  平均奖励: -0.8614, 成功率: 23.9%
  optimizer steps: 7, KL: 0.007285
  累计RL时间: 1694.23s
Epoch 187/600
  rollouts: 68, samples: 481
  平均奖励: -9.1854, 成功率: 33.8%
  optimizer steps: 16, KL: 0.004250
  累计RL时间: 1701.51s
Epoch 188/600
  rollouts: 69, samples: 482
  平均奖励: -5.2103, 成功率: 30.4%
  optimizer steps: 7, KL: 0.008253
  累计RL时间: 1708.43s
Epoch 189/600
  rollouts: 73, samples: 482
  平均奖励: -2.1658, 成功率: 26.0%
  optimizer steps: 13, KL: 0.004952
  累计RL时间: 1715.03s
Epoch 190/600
  rollouts: 73, samples: 485
  平均奖励: 0.1459, 成功率: 23.3%
  optimizer steps: 8, KL: 0.005662
  累计RL时间: 1721.74s
Epoch 191/600
  rollouts: 71, samples: 485
  平均奖励: -3.9205, 成功率: 28.2%
  optimizer steps: 10, KL: 0.005387
  累计RL时间: 1728.67s
Epoch 192/600
  rollouts: 68, samples: 480
  平均奖励: -11.3749, 成功率: 38.2%
  optimizer steps: 7, KL: 0.005991
  累计RL时间: 1736.33s
Epoch 193/600
  rollouts: 70, samples: 480
  平均奖励: -3.3723, 成功率: 28.6%
  optimizer steps: 8, KL: 0.007484
  累计RL时间: 1743.03s
Epoch 194/600
  rollouts: 73, samples: 480
  平均奖励: 1.1088, 成功率: 21.9%
  optimizer steps: 11, KL: 0.004766
  累计RL时间: 1749.36s
Epoch 195/600
  rollouts: 70, samples: 481
  平均奖励: -1.3053, 成功率: 25.7%
  optimizer steps: 6, KL: 0.004855
  累计RL时间: 1755.93s
Epoch 196/600
  rollouts: 71, samples: 480
  平均奖励: -4.2772, 成功率: 26.8%
  optimizer steps: 7, KL: 0.005829
  累计RL时间: 1762.67s
Epoch 197/600
  rollouts: 71, samples: 482
  平均奖励: -7.9289, 成功率: 32.4%
  optimizer steps: 13, KL: 0.004726
  累计RL时间: 1770.10s
Epoch 198/600
  rollouts: 70, samples: 483
  平均奖励: -5.6863, 成功率: 30.0%
  optimizer steps: 6, KL: 0.005230
  累计RL时间: 1776.86s
Epoch 199/600
  rollouts: 69, samples: 481
  平均奖励: -5.2125, 成功率: 30.4%
  optimizer steps: 6, KL: 0.006137
  累计RL时间: 1784.08s
Epoch 200/600
  rollouts: 72, samples: 485
  平均奖励: -2.7336, 成功率: 26.4%
  optimizer steps: 6, KL: 0.005265
  累计RL时间: 1790.78s
Epoch 201/600
  rollouts: 74, samples: 481
  平均奖励: 9.7972, 成功率: 10.8%
  optimizer steps: 12, KL: 0.003984
  累计RL时间: 1795.70s
Epoch 202/600
  rollouts: 72, samples: 482
  平均奖励: 0.2837, 成功率: 23.6%
  optimizer steps: 7, KL: 0.005610
  累计RL时间: 1801.98s
Epoch 203/600
  rollouts: 71, samples: 481
  平均奖励: -2.3821, 成功率: 25.4%
  optimizer steps: 9, KL: 0.005730
  累计RL时间: 1808.36s
Epoch 204/600
  rollouts: 70, samples: 481
  平均奖励: -6.7040, 成功率: 31.4%
  optimizer steps: 14, KL: 0.005310
  累计RL时间: 1815.84s
Epoch 205/600
  rollouts: 70, samples: 481
  平均奖励: -8.1132, 成功率: 32.9%
  optimizer steps: 6, KL: 0.006585
  累计RL时间: 1823.09s
Epoch 206/600
  rollouts: 71, samples: 480
  平均奖励: -2.4210, 成功率: 26.8%
  optimizer steps: 7, KL: 0.006257
  累计RL时间: 1829.60s
Epoch 207/600
  rollouts: 74, samples: 482
  平均奖励: 4.2043, 成功率: 17.6%
  optimizer steps: 9, KL: 0.005295
  累计RL时间: 1835.26s
Epoch 208/600
  rollouts: 70, samples: 484
  平均奖励: -2.7202, 成功率: 25.7%
  optimizer steps: 7, KL: 0.006422
  累计RL时间: 1841.67s
Epoch 209/600
  rollouts: 70, samples: 487
  平均奖励: -9.1248, 成功率: 34.3%
  optimizer steps: 11, KL: 0.003898
  累计RL时间: 1849.48s
Epoch 210/600
  rollouts: 70, samples: 485
  平均奖励: -5.9371, 成功率: 28.6%
  optimizer steps: 6, KL: 0.005907
  累计RL时间: 1856.29s
Epoch 211/600
  rollouts: 71, samples: 482
  平均奖励: 0.1466, 成功率: 22.5%
  optimizer steps: 10, KL: 0.008613
  累计RL时间: 1862.52s
Epoch 212/600
  rollouts: 71, samples: 483
  平均奖励: 0.2842, 成功率: 22.5%
  optimizer steps: 8, KL: 0.005743
  累计RL时间: 1869.30s
Epoch 213/600
  rollouts: 71, samples: 480
  平均奖励: -2.4990, 成功率: 26.8%
  optimizer steps: 9, KL: 0.007643
  累计RL时间: 1876.20s
Epoch 214/600
  rollouts: 72, samples: 480
  平均奖励: -1.9292, 成功率: 26.4%
  optimizer steps: 8, KL: 0.005184
  累计RL时间: 1882.96s
Epoch 215/600
  rollouts: 71, samples: 484
  平均奖励: -1.8024, 成功率: 25.4%
  optimizer steps: 6, KL: 0.006606
  累计RL时间: 1889.23s
Epoch 216/600
  rollouts: 75, samples: 486
  平均奖励: 11.5585, 成功率: 8.0%
  optimizer steps: 15, KL: 0.004524
  累计RL时间: 1893.89s
Epoch 217/600
  rollouts: 72, samples: 486
  平均奖励: -0.9050, 成功率: 23.6%
  optimizer steps: 10, KL: 0.007078
  累计RL时间: 1900.04s
Epoch 218/600
  rollouts: 73, samples: 485
  平均奖励: -3.5626, 成功率: 27.4%
  optimizer steps: 7, KL: 0.005828
  累计RL时间: 1906.86s
Epoch 219/600
  rollouts: 74, samples: 485
  平均奖励: 1.1077, 成功率: 21.6%
  optimizer steps: 6, KL: 0.005298
  累计RL时间: 1913.61s
Epoch 220/600
  rollouts: 72, samples: 484
  平均奖励: -0.4282, 成功率: 25.0%
  optimizer steps: 11, KL: 0.005581
  累计RL时间: 1920.05s
Epoch 221/600
  rollouts: 71, samples: 482
  平均奖励: -4.0003, 成功率: 28.2%
  optimizer steps: 9, KL: 0.004957
  累计RL时间: 1926.83s
Epoch 222/600
  rollouts: 74, samples: 482
  平均奖励: 1.6815, 成功率: 20.3%
  optimizer steps: 9, KL: 0.004710
  累计RL时间: 1932.81s
Epoch 223/600
  rollouts: 73, samples: 480
  平均奖励: -0.9038, 成功率: 23.3%
  optimizer steps: 8, KL: 0.008221
  累计RL时间: 1939.30s
Epoch 224/600
  rollouts: 71, samples: 486
  平均奖励: -3.9928, 成功率: 28.2%
  optimizer steps: 10, KL: 0.005579
  累计RL时间: 1946.59s
Epoch 225/600
  rollouts: 71, samples: 486
  平均奖励: 1.1759, 成功率: 22.5%
  optimizer steps: 12, KL: 0.005327
  累计RL时间: 1952.68s
Epoch 226/600
  rollouts: 71, samples: 485
  平均奖励: 2.4211, 成功率: 21.1%
  optimizer steps: 5, KL: 0.005386
  累计RL时间: 1958.74s
Epoch 227/600
  rollouts: 68, samples: 480
  平均奖励: -13.1995, 成功率: 39.7%
  optimizer steps: 15, KL: 0.004993
  累计RL时间: 1966.71s
Epoch 228/600
  rollouts: 72, samples: 481
  平均奖励: 0.2626, 成功率: 22.2%
  optimizer steps: 13, KL: 0.007618
  累计RL时间: 1973.43s
Epoch 229/600
  rollouts: 67, samples: 483
  平均奖励: -18.8801, 成功率: 44.8%
  optimizer steps: 14, KL: 0.004264
  累计RL时间: 1981.61s
Epoch 230/600
  rollouts: 71, samples: 482
  平均奖励: -3.3298, 成功率: 26.8%
  optimizer steps: 6, KL: 0.008077
  累计RL时间: 1988.09s
Epoch 231/600
  rollouts: 74, samples: 484
  平均奖励: 0.9603, 成功率: 21.6%
  optimizer steps: 13, KL: 0.006265
  累计RL时间: 1994.32s
Epoch 232/600
  rollouts: 70, samples: 486
  平均奖励: -5.5592, 成功率: 30.0%
  optimizer steps: 10, KL: 0.007238
  累计RL时间: 2001.34s
Epoch 233/600
  rollouts: 70, samples: 482
  平均奖励: -2.8810, 成功率: 27.1%
  optimizer steps: 5, KL: 0.005517
  累计RL时间: 2008.00s
Epoch 234/600
  rollouts: 75, samples: 482
  平均奖励: 5.8269, 成功率: 16.0%
  optimizer steps: 15, KL: 0.006031
  累计RL时间: 2013.52s
Epoch 235/600
  rollouts: 75, samples: 482
  平均奖励: 6.0849, 成功率: 14.7%
  optimizer steps: 5, KL: 0.006506
  累计RL时间: 2018.79s
Epoch 236/600
  rollouts: 70, samples: 485
  平均奖励: -4.9739, 成功率: 30.0%
  optimizer steps: 14, KL: 0.008610
  累计RL时间: 2025.72s
Epoch 237/600
  rollouts: 72, samples: 486
  平均奖励: 2.4115, 成功率: 19.4%
  optimizer steps: 9, KL: 0.006525
  累计RL时间: 2031.83s
Epoch 238/600
  rollouts: 70, samples: 481
  平均奖励: -4.5741, 成功率: 30.0%
  optimizer steps: 10, KL: 0.004754
  累计RL时间: 2039.05s
Epoch 239/600
  rollouts: 73, samples: 484
  平均奖励: 0.8553, 成功率: 20.5%
  optimizer steps: 11, KL: 0.006520
  累计RL时间: 2045.05s
Epoch 240/600
  rollouts: 73, samples: 483
  平均奖励: 1.8466, 成功率: 20.5%
  optimizer steps: 8, KL: 0.006804
  累计RL时间: 2051.00s
Epoch 241/600
  rollouts: 70, samples: 485
  平均奖励: -7.9772, 成功率: 32.9%
  optimizer steps: 7, KL: 0.004481
  累计RL时间: 2058.27s
Epoch 242/600
  rollouts: 74, samples: 480
  平均奖励: 2.8491, 成功率: 18.9%
  optimizer steps: 13, KL: 0.005645
  累计RL时间: 2064.51s
Epoch 243/600
  rollouts: 72, samples: 482
  平均奖励: 3.7752, 成功率: 16.7%
  optimizer steps: 5, KL: 0.006756
  累计RL时间: 2070.20s
Epoch 244/600
  rollouts: 68, samples: 482
  平均奖励: -12.5575, 成功率: 38.2%
  optimizer steps: 15, KL: 0.006061
  累计RL时间: 2077.77s
Epoch 245/600
  rollouts: 70, samples: 484
  平均奖励: -3.5508, 成功率: 27.1%
  optimizer steps: 5, KL: 0.006379
  累计RL时间: 2084.15s
Epoch 246/600
  rollouts: 71, samples: 481
  平均奖励: -4.3241, 成功率: 28.2%
  optimizer steps: 5, KL: 0.006440
  累计RL时间: 2090.70s
Epoch 247/600
  rollouts: 74, samples: 483
  平均奖励: 5.2864, 成功率: 16.2%
  optimizer steps: 15, KL: 0.007356
  累计RL时间: 2096.71s
Epoch 248/600
  rollouts: 71, samples: 480
  平均奖励: -2.6054, 成功率: 25.4%
  optimizer steps: 11, KL: 0.008114
  累计RL时间: 2103.34s
Epoch 249/600
  rollouts: 74, samples: 486
  平均奖励: 4.3621, 成功率: 18.9%
  optimizer steps: 11, KL: 0.005231
  累计RL时间: 2109.23s
Epoch 250/600
  rollouts: 74, samples: 480
  平均奖励: 7.7065, 成功率: 13.5%
  optimizer steps: 6, KL: 0.007679
  累计RL时间: 2114.43s
Epoch 251/600
  rollouts: 71, samples: 487
  平均奖励: -7.2555, 成功率: 31.0%
  optimizer steps: 14, KL: 0.006872
  累计RL时间: 2121.56s
Epoch 252/600
  rollouts: 72, samples: 482
  平均奖励: 3.4482, 成功率: 18.1%
  optimizer steps: 9, KL: 0.007403
  累计RL时间: 2127.89s
Epoch 253/600
  rollouts: 70, samples: 484
  平均奖励: -3.2247, 成功率: 27.1%
  optimizer steps: 10, KL: 0.006064
  累计RL时间: 2134.64s
Epoch 254/600
  rollouts: 74, samples: 481
  平均奖励: 6.5974, 成功率: 14.9%
  optimizer steps: 12, KL: 0.004240
  累计RL时间: 2140.01s
Epoch 255/600
  rollouts: 71, samples: 483
  平均奖励: -8.1530, 成功率: 32.4%
  optimizer steps: 13, KL: 0.005281
  累计RL时间: 2147.37s
Epoch 256/600
  rollouts: 72, samples: 481
  平均奖励: 4.0432, 成功率: 18.1%
  optimizer steps: 13, KL: 0.005046
  累计RL时间: 2153.07s
Epoch 257/600
  rollouts: 72, samples: 487
  平均奖励: -2.8010, 成功率: 27.8%
  optimizer steps: 9, KL: 0.005252
  累计RL时间: 2160.30s
Epoch 258/600
  rollouts: 72, samples: 483
  平均奖励: 3.0217, 成功率: 19.4%
  optimizer steps: 10, KL: 0.005621
  累计RL时间: 2166.25s
Epoch 259/600
  rollouts: 71, samples: 485
  平均奖励: -1.6323, 成功率: 25.4%
  optimizer steps: 9, KL: 0.004671
  累计RL时间: 2172.74s
Epoch 260/600
  rollouts: 71, samples: 482
  平均奖励: -6.9704, 成功率: 31.0%
  optimizer steps: 6, KL: 0.005892
  累计RL时间: 2180.41s
Epoch 261/600
  rollouts: 73, samples: 483
  平均奖励: 6.3604, 成功率: 15.1%
  optimizer steps: 14, KL: 0.006736
  累计RL时间: 2186.31s
Epoch 262/600
  rollouts: 72, samples: 484
  平均奖励: -0.2350, 成功率: 23.6%
  optimizer steps: 6, KL: 0.007180
  累计RL时间: 2193.07s
Epoch 263/600
  rollouts: 69, samples: 484
  平均奖励: -5.3232, 成功率: 30.4%
  optimizer steps: 11, KL: 0.005797
  累计RL时间: 2200.16s
Epoch 264/600
  rollouts: 70, samples: 483
  平均奖励: 0.0352, 成功率: 22.9%
  optimizer steps: 5, KL: 0.005931
  累计RL时间: 2206.44s
Epoch 265/600
  rollouts: 73, samples: 486
  平均奖励: 3.8093, 成功率: 17.8%
  optimizer steps: 10, KL: 0.006757
  累计RL时间: 2212.15s
Epoch 266/600
  rollouts: 71, samples: 486
  平均奖励: -3.1782, 成功率: 28.2%
  optimizer steps: 6, KL: 0.004274
  累计RL时间: 2219.14s
Epoch 267/600
  rollouts: 71, samples: 485
  平均奖励: -5.1024, 成功率: 29.6%
  optimizer steps: 9, KL: 0.006909
  累计RL时间: 2226.30s
Epoch 268/600
  rollouts: 73, samples: 487
  平均奖励: 2.9177, 成功率: 20.5%
  optimizer steps: 12, KL: 0.004255
  累计RL时间: 2232.40s
Epoch 269/600
  rollouts: 70, samples: 483
  平均奖励: -0.9442, 成功率: 24.3%
  optimizer steps: 6, KL: 0.007969
  累计RL时间: 2238.59s
Epoch 270/600
  rollouts: 72, samples: 481
  平均奖励: -1.4403, 成功率: 25.0%
  optimizer steps: 11, KL: 0.007438
  累计RL时间: 2245.19s
Epoch 271/600
  rollouts: 69, samples: 481
  平均奖励: -12.8482, 成功率: 37.7%
  optimizer steps: 6, KL: 0.006030
  累计RL时间: 2253.08s
Epoch 272/600
  rollouts: 73, samples: 484
  平均奖励: 3.1390, 成功率: 19.2%
  optimizer steps: 7, KL: 0.005648
  累计RL时间: 2259.10s
Epoch 273/600
  rollouts: 71, samples: 483
  平均奖励: -3.3062, 成功率: 26.8%
  optimizer steps: 8, KL: 0.005330
  累计RL时间: 2266.96s
Epoch 274/600
  rollouts: 72, samples: 483
  平均奖励: 4.0427, 成功率: 18.1%
  optimizer steps: 12, KL: 0.004960
  累计RL时间: 2272.98s
Epoch 275/600
  rollouts: 71, samples: 481
  平均奖励: -1.1418, 成功率: 23.9%
  optimizer steps: 6, KL: 0.008030
  累计RL时间: 2279.32s
Epoch 276/600
  rollouts: 69, samples: 483
  平均奖励: -9.9394, 成功率: 34.8%
  optimizer steps: 13, KL: 0.004907
  累计RL时间: 2287.09s
Epoch 277/600
  rollouts: 70, samples: 487
  平均奖励: -5.2855, 成功率: 30.0%
  optimizer steps: 5, KL: 0.006039
  累计RL时间: 2294.13s
Epoch 278/600
  rollouts: 72, samples: 485
  平均奖励: 2.5445, 成功率: 19.4%
  optimizer steps: 9, KL: 0.007609
  累计RL时间: 2300.03s
Epoch 279/600
  rollouts: 73, samples: 482
  平均奖励: 5.5608, 成功率: 16.4%
  optimizer steps: 7, KL: 0.007515
  累计RL时间: 2305.47s
Epoch 280/600
  rollouts: 70, samples: 486
  平均奖励: -8.6508, 成功率: 34.3%
  optimizer steps: 13, KL: 0.005884
  累计RL时间: 2313.51s
Epoch 281/600
  rollouts: 70, samples: 481
  平均奖励: -3.7765, 成功率: 27.1%
  optimizer steps: 5, KL: 0.005042
  累计RL时间: 2320.47s
Epoch 282/600
  rollouts: 74, samples: 480
  平均奖励: 6.0134, 成功率: 14.9%
  optimizer steps: 11, KL: 0.004722
  累计RL时间: 2325.82s
Epoch 283/600
  rollouts: 71, samples: 480
  平均奖励: 0.6057, 成功率: 22.5%
  optimizer steps: 5, KL: 0.005927
  累计RL时间: 2331.84s
Epoch 284/600
  rollouts: 72, samples: 486
  平均奖励: -4.4481, 成功率: 27.8%
  optimizer steps: 14, KL: 0.007629
  累计RL时间: 2338.69s
Epoch 285/600
  rollouts: 72, samples: 480
  平均奖励: 1.2777, 成功率: 20.8%
  optimizer steps: 5, KL: 0.004927
  累计RL时间: 2344.62s
Epoch 286/600
  rollouts: 70, samples: 481
  平均奖励: -4.9832, 成功率: 28.6%
  optimizer steps: 6, KL: 0.007827
  累计RL时间: 2351.68s
Epoch 287/600
  rollouts: 76, samples: 486
  平均奖励: 8.4855, 成功率: 11.8%
  optimizer steps: 14, KL: 0.004275
  累计RL时间: 2357.53s
Epoch 288/600
  rollouts: 71, samples: 480
  平均奖励: 5.4422, 成功率: 16.9%
  optimizer steps: 5, KL: 0.005843
  累计RL时间: 2362.94s
Epoch 289/600
  rollouts: 72, samples: 482
  平均奖励: -1.3499, 成功率: 23.6%
  optimizer steps: 5, KL: 0.004995
  累计RL时间: 2369.21s
Epoch 290/600
  rollouts: 68, samples: 480
  平均奖励: -9.8829, 成功率: 35.3%
  optimizer steps: 13, KL: 0.004398
  累计RL时间: 2376.70s
Epoch 291/600
  rollouts: 72, samples: 483
  平均奖励: -0.1092, 成功率: 23.6%
  optimizer steps: 14, KL: 0.004580
  累计RL时间: 2383.37s
Epoch 292/600
  rollouts: 70, samples: 481
  平均奖励: -6.4042, 成功率: 30.0%
  optimizer steps: 10, KL: 0.004892
  累计RL时间: 2390.23s
Epoch 293/600
  rollouts: 68, samples: 481
  平均奖励: -11.0669, 成功率: 35.3%
  optimizer steps: 7, KL: 0.006527
  累计RL时间: 2397.56s
Epoch 294/600
  rollouts: 71, samples: 483
  平均奖励: -1.3427, 成功率: 22.5%
  optimizer steps: 5, KL: 0.006082
  累计RL时间: 2403.57s
Epoch 295/600
  rollouts: 73, samples: 481
  平均奖励: 3.4524, 成功率: 19.2%
  optimizer steps: 12, KL: 0.007721
  累计RL时间: 2409.75s
Epoch 296/600
  rollouts: 69, samples: 482
  平均奖励: -12.6141, 成功率: 37.7%
  optimizer steps: 11, KL: 0.003780
  累计RL时间: 2417.60s
Epoch 297/600
  rollouts: 72, samples: 485
  平均奖励: -3.3984, 成功率: 26.4%
  optimizer steps: 6, KL: 0.006182
  累计RL时间: 2424.07s
Epoch 298/600
  rollouts: 72, samples: 481
  平均奖励: -4.2184, 成功率: 27.8%
  optimizer steps: 7, KL: 0.004192
  累计RL时间: 2430.80s
Epoch 299/600
  rollouts: 75, samples: 486
  平均奖励: 8.6068, 成功率: 12.0%
  optimizer steps: 9, KL: 0.005456
  累计RL时间: 2435.74s
Epoch 300/600
  rollouts: 72, samples: 482
  平均奖励: -3.3891, 成功率: 26.4%
  optimizer steps: 10, KL: 0.005748
  累计RL时间: 2442.74s
Epoch 301/600
  rollouts: 73, samples: 485
  平均奖励: 3.8630, 成功率: 17.8%
  optimizer steps: 11, KL: 0.004485
  累计RL时间: 2448.69s
Epoch 302/600
  rollouts: 72, samples: 480
  平均奖励: 1.9169, 成功率: 19.4%
  optimizer steps: 8, KL: 0.004968
  累计RL时间: 2454.50s
Epoch 303/600
  rollouts: 72, samples: 482
  平均奖励: -0.6312, 成功率: 23.6%
  optimizer steps: 9, KL: 0.006372
  累计RL时间: 2460.86s
Epoch 304/600
  rollouts: 70, samples: 486
  平均奖励: -12.5078, 成功率: 37.1%
  optimizer steps: 10, KL: 0.004568
  累计RL时间: 2468.78s
Epoch 305/600
  rollouts: 73, samples: 480
  平均奖励: 0.6058, 成功率: 20.5%
  optimizer steps: 5, KL: 0.006368
  累计RL时间: 2475.28s
Epoch 306/600
  rollouts: 71, samples: 482
  平均奖励: -3.6882, 成功率: 28.2%
  optimizer steps: 5, KL: 0.004866
  累计RL时间: 2481.69s
Epoch 307/600
  rollouts: 75, samples: 485
  平均奖励: 10.9966, 成功率: 9.3%
  optimizer steps: 12, KL: 0.005788
  累计RL时间: 2486.50s
Epoch 308/600
  rollouts: 72, samples: 485
  平均奖励: 0.8112, 成功率: 20.8%
  optimizer steps: 6, KL: 0.006235
  累计RL时间: 2492.61s
Epoch 309/600
  rollouts: 71, samples: 484
  平均奖励: -1.1859, 成功率: 25.4%
  optimizer steps: 9, KL: 0.005527
  累计RL时间: 2499.24s
Epoch 310/600
  rollouts: 71, samples: 483
  平均奖励: -3.3969, 成功率: 26.8%
  optimizer steps: 8, KL: 0.008303
  累计RL时间: 2506.17s
Epoch 311/600
  rollouts: 70, samples: 484
  平均奖励: -2.6372, 成功率: 25.7%
  optimizer steps: 7, KL: 0.007363
  累计RL时间: 2512.64s
Epoch 312/600
  rollouts: 74, samples: 484
  平均奖励: 4.3778, 成功率: 17.6%
  optimizer steps: 8, KL: 0.003841
  累计RL时间: 2518.30s
Epoch 313/600
  rollouts: 73, samples: 480
  平均奖励: 5.4516, 成功率: 15.1%
  optimizer steps: 6, KL: 0.007030
  累计RL时间: 2523.70s
Epoch 314/600
  rollouts: 69, samples: 483
  平均奖励: -4.3235, 成功率: 27.5%
  optimizer steps: 13, KL: 0.006744
  累计RL时间: 2530.39s
Epoch 315/600
  rollouts: 72, samples: 485
  平均奖励: -1.1533, 成功率: 23.6%
  optimizer steps: 6, KL: 0.006044
  累计RL时间: 2536.93s
Epoch 316/600
  rollouts: 74, samples: 483
  平均奖励: 0.5613, 成功率: 21.6%
  optimizer steps: 8, KL: 0.005883
  累计RL时间: 2543.09s
Epoch 317/600
  rollouts: 72, samples: 484
  平均奖励: -2.4094, 成功率: 25.0%
  optimizer steps: 8, KL: 0.006453
  累计RL时间: 2549.59s
Epoch 318/600
  rollouts: 70, samples: 483
  平均奖励: -2.6447, 成功率: 25.7%
  optimizer steps: 7, KL: 0.004223
  累计RL时间: 2556.09s
Epoch 319/600
  rollouts: 70, samples: 482
  平均奖励: -4.6959, 成功率: 28.6%
  optimizer steps: 5, KL: 0.005321
  累计RL时间: 2562.72s
Epoch 320/600
  rollouts: 73, samples: 484
  平均奖励: -0.3075, 成功率: 23.3%
  optimizer steps: 5, KL: 0.008279
  累计RL时间: 2569.35s
Epoch 321/600
  rollouts: 77, samples: 485
  平均奖励: 11.0129, 成功率: 9.1%
  optimizer steps: 14, KL: 0.005239
  累计RL时间: 2574.21s
Epoch 322/600
  rollouts: 75, samples: 481
  平均奖励: 4.7499, 成功率: 16.0%
  optimizer steps: 4, KL: 0.005414
  累计RL时间: 2579.57s
Epoch 323/600
  rollouts: 72, samples: 480
  平均奖励: 1.6855, 成功率: 20.8%
  optimizer steps: 4, KL: 0.006065
  累计RL时间: 2585.67s
Epoch 324/600
  rollouts: 70, samples: 482
  平均奖励: -5.5849, 成功率: 31.4%
  optimizer steps: 5, KL: 0.005382
  累计RL时间: 2592.60s
Epoch 325/600
  rollouts: 68, samples: 483
  平均奖励: -11.6090, 成功率: 36.8%
  optimizer steps: 10, KL: 0.003533
  累计RL时间: 2600.39s
Epoch 326/600
  rollouts: 70, samples: 480
  平均奖励: -3.4505, 成功率: 27.1%
  optimizer steps: 6, KL: 0.006578
  累计RL时间: 2606.92s
Epoch 327/600
  rollouts: 72, samples: 484
  平均奖励: 0.3287, 成功率: 22.2%
  optimizer steps: 7, KL: 0.007156
  累计RL时间: 2612.95s
Epoch 328/600
  rollouts: 75, samples: 484
  平均奖励: 6.9424, 成功率: 14.7%
  optimizer steps: 9, KL: 0.004185
  累计RL时间: 2618.33s
Epoch 329/600
  rollouts: 72, samples: 485
  平均奖励: -0.9988, 成功率: 23.6%
  optimizer steps: 11, KL: 0.006426
  累计RL时间: 2624.54s
Epoch 330/600
  rollouts: 74, samples: 486
  平均奖励: 3.9350, 成功率: 17.6%
  optimizer steps: 10, KL: 0.005039
  累计RL时间: 2630.72s
Epoch 331/600
  rollouts: 73, samples: 487
  平均奖励: 0.1044, 成功率: 20.5%
  optimizer steps: 11, KL: 0.006536
  累计RL时间: 2636.90s
Epoch 332/600
  rollouts: 71, samples: 485
  平均奖励: -0.7587, 成功率: 22.5%
  optimizer steps: 8, KL: 0.006213
  累计RL时间: 2643.01s
Epoch 333/600
  rollouts: 73, samples: 480
  平均奖励: 1.3620, 成功率: 20.5%
  optimizer steps: 10, KL: 0.006652
  累计RL时间: 2649.10s
Epoch 334/600
  rollouts: 74, samples: 486
  平均奖励: 3.9129, 成功率: 17.6%
  optimizer steps: 6, KL: 0.005341
  累计RL时间: 2654.68s
Epoch 335/600
  rollouts: 72, samples: 485
  平均奖励: -5.5845, 成功率: 29.2%
  optimizer steps: 12, KL: 0.005898
  累计RL时间: 2662.19s
Epoch 336/600
  rollouts: 71, samples: 480
  平均奖励: -2.6695, 成功率: 25.4%
  optimizer steps: 5, KL: 0.006891
  累计RL时间: 2668.79s
Epoch 337/600
  rollouts: 74, samples: 482
  平均奖励: 5.8145, 成功率: 14.9%
  optimizer steps: 14, KL: 0.005899
  累计RL时间: 2674.53s
Epoch 338/600
  rollouts: 74, samples: 485
  平均奖励: 4.3888, 成功率: 17.6%
  optimizer steps: 5, KL: 0.005624
  累计RL时间: 2680.39s
Epoch 339/600
  rollouts: 71, samples: 486
  平均奖励: -6.3082, 成功率: 31.0%
  optimizer steps: 15, KL: 0.006278
  累计RL时间: 2687.58s
Epoch 340/600
  rollouts: 71, samples: 482
  平均奖励: -2.4521, 成功率: 26.8%
  optimizer steps: 5, KL: 0.005969
  累计RL时间: 2694.55s
Epoch 341/600
  rollouts: 71, samples: 480
  平均奖励: 3.5753, 成功率: 19.7%
  optimizer steps: 13, KL: 0.005754
  累计RL时间: 2700.66s
Epoch 342/600
  rollouts: 73, samples: 483
  平均奖励: 3.4299, 成功率: 19.2%
  optimizer steps: 6, KL: 0.005925
  累计RL时间: 2706.74s
Epoch 343/600
  rollouts: 72, samples: 481
  平均奖励: -1.2980, 成功率: 23.6%
  optimizer steps: 6, KL: 0.007252
  累计RL时间: 2712.81s
Epoch 344/600
  rollouts: 67, samples: 485
  平均奖励: -10.9126, 成功率: 35.8%
  optimizer steps: 13, KL: 0.004919
  累计RL时间: 2720.46s
Epoch 345/600
  rollouts: 68, samples: 483
  平均奖励: -14.2006, 成功率: 39.7%
  optimizer steps: 5, KL: 0.005088
  累计RL时间: 2728.68s
Epoch 346/600
  rollouts: 71, samples: 484
  平均奖励: -1.1446, 成功率: 23.9%
  optimizer steps: 6, KL: 0.007950
  累计RL时间: 2734.92s
Epoch 347/600
  rollouts: 75, samples: 482
  平均奖励: 11.1501, 成功率: 9.3%
  optimizer steps: 13, KL: 0.004169
  累计RL时间: 2739.71s
Epoch 348/600
  rollouts: 73, samples: 480
  平均奖励: 4.3338, 成功率: 16.4%
  optimizer steps: 6, KL: 0.007124
  累计RL时间: 2745.31s
Epoch 349/600
  rollouts: 71, samples: 486
  平均奖励: -6.3473, 成功率: 29.6%
  optimizer steps: 15, KL: 0.004516
  累计RL时间: 2753.36s
Epoch 350/600
  rollouts: 72, samples: 484
  平均奖励: -0.6255, 成功率: 22.2%
  optimizer steps: 5, KL: 0.008042
  累计RL时间: 2759.69s
Epoch 351/600
  rollouts: 73, samples: 480
  平均奖励: 4.8457, 成功率: 16.4%
  optimizer steps: 6, KL: 0.006147
  累计RL时间: 2765.49s
Epoch 352/600
  rollouts: 73, samples: 482
  平均奖励: 3.3733, 成功率: 19.2%
  optimizer steps: 9, KL: 0.005745
  累计RL时间: 2771.45s
Epoch 353/600
  rollouts: 72, samples: 484
  平均奖励: 4.0596, 成功率: 18.1%
  optimizer steps: 5, KL: 0.006184
  累计RL时间: 2777.09s
Epoch 354/600
  rollouts: 72, samples: 484
  平均奖励: -3.3293, 成功率: 25.0%
  optimizer steps: 12, KL: 0.004477
  累计RL时间: 2783.69s
Epoch 355/600
  rollouts: 71, samples: 484
  平均奖励: -1.5701, 成功率: 23.9%
  optimizer steps: 9, KL: 0.006985
  累计RL时间: 2790.22s
Epoch 356/600
  rollouts: 73, samples: 484
  平均奖励: 4.8047, 成功率: 16.4%
  optimizer steps: 8, KL: 0.005236
  累计RL时间: 2795.71s
Epoch 357/600
  rollouts: 72, samples: 482
  平均奖励: -3.9671, 成功率: 27.8%
  optimizer steps: 10, KL: 0.005709
  累计RL时间: 2802.44s
Epoch 358/600
  rollouts: 72, samples: 481
  平均奖励: 5.3895, 成功率: 16.7%
  optimizer steps: 11, KL: 0.004158
  累计RL时间: 2807.93s
Epoch 359/600
  rollouts: 71, samples: 480
  平均奖励: -2.5214, 成功率: 25.4%
  optimizer steps: 9, KL: 0.005416
  累计RL时间: 2814.59s
Epoch 360/600
  rollouts: 69, samples: 485
  平均奖励: -12.7242, 成功率: 37.7%
  optimizer steps: 8, KL: 0.004920
  累计RL时间: 2822.62s
Epoch 361/600
  rollouts: 73, samples: 485
  平均奖励: 1.2560, 成功率: 20.5%
  optimizer steps: 14, KL: 0.004599
  累计RL时间: 2828.72s
Epoch 362/600
  rollouts: 71, samples: 485
  平均奖励: -4.1232, 成功率: 26.8%
  optimizer steps: 7, KL: 0.007811
  累计RL时间: 2835.64s
Epoch 363/600
  rollouts: 70, samples: 481
  平均奖励: -6.6414, 成功率: 30.0%
  optimizer steps: 11, KL: 0.003649
  累计RL时间: 2842.71s
Epoch 364/600
  rollouts: 69, samples: 486
  平均奖励: -9.9749, 成功率: 33.3%
  optimizer steps: 6, KL: 0.009612
  累计RL时间: 2850.20s
Epoch 365/600
  rollouts: 72, samples: 482
  平均奖励: -3.0270, 成功率: 25.0%
  optimizer steps: 5, KL: 0.007594
  累计RL时间: 2856.70s
Epoch 366/600
  rollouts: 73, samples: 481
  平均奖励: 1.2227, 成功率: 21.9%
  optimizer steps: 10, KL: 0.006371
  累计RL时间: 2863.16s
Epoch 367/600
  rollouts: 72, samples: 486
  平均奖励: 0.6324, 成功率: 22.2%
  optimizer steps: 7, KL: 0.006233
  累计RL时间: 2869.35s
Epoch 368/600
  rollouts: 71, samples: 481
  平均奖励: -3.4227, 成功率: 28.2%
  optimizer steps: 10, KL: 0.005756
  累计RL时间: 2876.27s
Epoch 369/600
  rollouts: 71, samples: 482
  平均奖励: -0.5104, 成功率: 22.5%
  optimizer steps: 7, KL: 0.006286
  累计RL时间: 2882.97s
Epoch 370/600
  rollouts: 74, samples: 484
  平均奖励: 5.7322, 成功率: 14.9%
  optimizer steps: 13, KL: 0.005826
  累计RL时间: 2888.49s
Epoch 371/600
  rollouts: 72, samples: 480
  平均奖励: -1.6252, 成功率: 23.6%
  optimizer steps: 11, KL: 0.007658
  累计RL时间: 2894.80s
Epoch 372/600
  rollouts: 72, samples: 483
  平均奖励: -1.3471, 成功率: 22.2%
  optimizer steps: 6, KL: 0.006393
  累计RL时间: 2901.02s
Epoch 373/600
  rollouts: 71, samples: 485
  平均奖励: -3.4123, 成功率: 25.4%
  optimizer steps: 5, KL: 0.006784
  累计RL时间: 2907.40s
Epoch 374/600
  rollouts: 74, samples: 481
  平均奖励: 7.8363, 成功率: 12.2%
  optimizer steps: 14, KL: 0.006034
  累计RL时间: 2912.90s
Epoch 375/600
  rollouts: 74, samples: 485
  平均奖励: 5.5928, 成功率: 16.2%
  optimizer steps: 5, KL: 0.005762
  累计RL时间: 2918.73s
Epoch 376/600
  rollouts: 69, samples: 480
  平均奖励: -9.6431, 成功率: 34.8%
  optimizer steps: 14, KL: 0.006240
  累计RL时间: 2926.17s
Epoch 377/600
  rollouts: 71, samples: 482
  平均奖励: 1.8896, 成功率: 19.7%
  optimizer steps: 7, KL: 0.007653
  累计RL时间: 2931.99s
Epoch 378/600
  rollouts: 73, samples: 480
  平均奖励: 5.6682, 成功率: 15.1%
  optimizer steps: 10, KL: 0.004937
  累计RL时间: 2937.41s
Epoch 379/600
  rollouts: 72, samples: 481
  平均奖励: -3.4396, 成功率: 26.4%
  optimizer steps: 10, KL: 0.005459
  累计RL时间: 2944.34s
Epoch 380/600
  rollouts: 73, samples: 483
  平均奖励: 6.2902, 成功率: 15.1%
  optimizer steps: 12, KL: 0.006047
  累计RL时间: 2950.01s
Epoch 381/600
  rollouts: 71, samples: 480
  平均奖励: -0.3122, 成功率: 22.5%
  optimizer steps: 12, KL: 0.006529
  累计RL时间: 2956.31s
Epoch 382/600
  rollouts: 73, samples: 486
  平均奖励: 4.6288, 成功率: 16.4%
  optimizer steps: 10, KL: 0.006131
  累计RL时间: 2961.87s
Epoch 383/600
  rollouts: 70, samples: 484
  平均奖励: -2.7543, 成功率: 27.1%
  optimizer steps: 8, KL: 0.005157
  累计RL时间: 2968.73s
Epoch 384/600
  rollouts: 69, samples: 487
  平均奖励: -14.3456, 成功率: 37.7%
  optimizer steps: 10, KL: 0.004953
  累计RL时间: 2976.88s
Epoch 385/600
  rollouts: 71, samples: 484
  平均奖励: -2.3265, 成功率: 25.4%
  optimizer steps: 6, KL: 0.006159
  累计RL时间: 2983.45s
Epoch 386/600
  rollouts: 72, samples: 482
  平均奖励: -3.4588, 成功率: 26.4%
  optimizer steps: 6, KL: 0.007609
  累计RL时间: 2989.98s
Epoch 387/600
  rollouts: 75, samples: 483
  平均奖励: 7.7113, 成功率: 13.3%
  optimizer steps: 14, KL: 0.007642
  累计RL时间: 2995.32s
Epoch 388/600
  rollouts: 74, samples: 481
  平均奖励: 2.8397, 成功率: 18.9%
  optimizer steps: 7, KL: 0.005127
  累计RL时间: 3001.01s
Epoch 389/600
  rollouts: 75, samples: 486
  平均奖励: 5.0158, 成功率: 16.0%
  optimizer steps: 9, KL: 0.006160
  累计RL时间: 3006.93s
Epoch 390/600
  rollouts: 71, samples: 481
  平均奖励: 2.5143, 成功率: 19.7%
  optimizer steps: 8, KL: 0.007351
  累计RL时间: 3013.03s
Epoch 391/600
  rollouts: 72, samples: 482
  平均奖励: 0.8072, 成功率: 22.2%
  optimizer steps: 7, KL: 0.003768
  累计RL时间: 3019.35s
Epoch 392/600
  rollouts: 71, samples: 485
  平均奖励: -1.2094, 成功率: 23.9%
  optimizer steps: 8, KL: 0.004611
  累计RL时间: 3026.59s
Epoch 393/600
  rollouts: 68, samples: 480
  平均奖励: -11.9642, 成功率: 36.8%
  optimizer steps: 7, KL: 0.007477
  累计RL时间: 3034.33s
Epoch 394/600
  rollouts: 71, samples: 482
  平均奖励: 2.8292, 成功率: 18.3%
  optimizer steps: 6, KL: 0.005804
  累计RL时间: 3040.31s
Epoch 395/600
  rollouts: 74, samples: 484
  平均奖励: 7.2889, 成功率: 13.5%
  optimizer steps: 9, KL: 0.004906
  累计RL时间: 3045.79s
Epoch 396/600
  rollouts: 73, samples: 483
  平均奖励: 3.8297, 成功率: 17.8%
  optimizer steps: 6, KL: 0.008055
  累计RL时间: 3051.58s
Epoch 397/600
  rollouts: 69, samples: 480
  平均奖励: -6.1759, 成功率: 30.4%
  optimizer steps: 12, KL: 0.005129
  累计RL时间: 3058.52s
Epoch 398/600
  rollouts: 70, samples: 484
  平均奖励: -3.6396, 成功率: 27.1%
  optimizer steps: 8, KL: 0.006590
  累计RL时间: 3064.72s
Epoch 399/600
  rollouts: 71, samples: 480
  平均奖励: 0.7447, 成功率: 21.1%
  optimizer steps: 8, KL: 0.004043
  累计RL时间: 3070.92s
Epoch 400/600
  rollouts: 73, samples: 487
  平均奖励: 4.5907, 成功率: 16.4%
  optimizer steps: 9, KL: 0.004989
  累计RL时间: 3076.75s
Epoch 401/600
  rollouts: 71, samples: 486
  平均奖励: -1.2925, 成功率: 25.4%
  optimizer steps: 10, KL: 0.006261
  累计RL时间: 3083.18s
Epoch 402/600
  rollouts: 72, samples: 480
  平均奖励: -1.0379, 成功率: 22.2%
  optimizer steps: 6, KL: 0.008552
  累计RL时间: 3089.30s
Epoch 403/600
  rollouts: 73, samples: 482
  平均奖励: 4.7015, 成功率: 16.4%
  optimizer steps: 14, KL: 0.005219
  累计RL时间: 3094.84s
Epoch 404/600
  rollouts: 72, samples: 482
  平均奖励: 2.8438, 成功率: 18.1%
  optimizer steps: 5, KL: 0.007470
  累计RL时间: 3100.59s
Epoch 405/600
  rollouts: 72, samples: 480
  平均奖励: 0.1857, 成功率: 22.2%
  optimizer steps: 5, KL: 0.005946
  累计RL时间: 3106.99s
Epoch 406/600
  rollouts: 71, samples: 483
  平均奖励: -2.5552, 成功率: 25.4%
  optimizer steps: 12, KL: 0.005374
  累计RL时间: 3113.44s
Epoch 407/600
  rollouts: 71, samples: 487
  平均奖励: -3.6306, 成功率: 26.8%
  optimizer steps: 6, KL: 0.008535
  累计RL时间: 3119.96s
Epoch 408/600
  rollouts: 72, samples: 486
  平均奖励: -1.3767, 成功率: 25.0%
  optimizer steps: 15, KL: 0.007090
  累计RL时间: 3126.42s
Epoch 409/600
  rollouts: 70, samples: 481
  平均奖励: 2.7023, 成功率: 20.0%
  optimizer steps: 5, KL: 0.006515
  累计RL时间: 3132.56s
Epoch 410/600
  rollouts: 71, samples: 481
  平均奖励: 1.3882, 成功率: 19.7%
  optimizer steps: 10, KL: 0.006942
  累计RL时间: 3138.63s
Epoch 411/600
  rollouts: 69, samples: 485
  平均奖励: -11.5319, 成功率: 36.2%
  optimizer steps: 8, KL: 0.007145
  累计RL时间: 3146.13s
Epoch 412/600
  rollouts: 73, samples: 486
  平均奖励: 3.8712, 成功率: 17.8%
  optimizer steps: 5, KL: 0.006154
  累计RL时间: 3151.70s
Epoch 413/600
  rollouts: 74, samples: 483
  平均奖励: 11.1491, 成功率: 9.5%
  optimizer steps: 14, KL: 0.004693
  累计RL时间: 3156.73s
Epoch 414/600
  rollouts: 72, samples: 483
  平均奖励: -0.9308, 成功率: 22.2%
  optimizer steps: 10, KL: 0.007824
  累计RL时间: 3163.15s
Epoch 415/600
  rollouts: 71, samples: 485
  平均奖励: 1.1847, 成功率: 21.1%
  optimizer steps: 10, KL: 0.007697
  累计RL时间: 3169.51s
Epoch 416/600
  rollouts: 72, samples: 482
  平均奖励: 1.8975, 成功率: 19.4%
  optimizer steps: 6, KL: 0.007315
  累计RL时间: 3175.19s
Epoch 417/600
  rollouts: 75, samples: 485
  平均奖励: 10.4241, 成功率: 9.3%
  optimizer steps: 14, KL: 0.004422
  累计RL时间: 3179.95s
Epoch 418/600
  rollouts: 70, samples: 481
  平均奖励: -3.8781, 成功率: 27.1%
  optimizer steps: 11, KL: 0.005678
  累计RL时间: 3186.44s
Epoch 419/600
  rollouts: 73, samples: 482
  平均奖励: 0.8477, 成功率: 20.5%
  optimizer steps: 11, KL: 0.005417
  累计RL时间: 3192.70s
Epoch 420/600
  rollouts: 72, samples: 482
  平均奖励: 1.1283, 成功率: 19.4%
  optimizer steps: 10, KL: 0.005392
  累计RL时间: 3198.93s
Epoch 421/600
  rollouts: 74, samples: 483
  平均奖励: 3.8606, 成功率: 16.2%
  optimizer steps: 12, KL: 0.005654
  累计RL时间: 3204.38s
Epoch 422/600
  rollouts: 73, samples: 485
  平均奖励: 2.6976, 成功率: 20.5%
  optimizer steps: 8, KL: 0.006055
  累计RL时间: 3210.26s
Epoch 423/600
  rollouts: 71, samples: 481
  平均奖励: 2.2313, 成功率: 19.7%
  optimizer steps: 7, KL: 0.003861
  累计RL时间: 3216.02s
Epoch 424/600
  rollouts: 73, samples: 485
  平均奖励: -6.5157, 成功率: 30.1%
  optimizer steps: 9, KL: 0.004702
  累计RL时间: 3223.30s
Epoch 425/600
  rollouts: 74, samples: 481
  平均奖励: -0.6811, 成功率: 23.0%
  optimizer steps: 5, KL: 0.006392
  累计RL时间: 3229.95s
Epoch 426/600
  rollouts: 75, samples: 486
  平均奖励: 1.9681, 成功率: 18.7%
  optimizer steps: 5, KL: 0.005709
  累计RL时间: 3235.66s
Epoch 427/600
  rollouts: 79, samples: 485
  平均奖励: 14.0170, 成功率: 5.1%
  optimizer steps: 10, KL: 0.005996
  累计RL时间: 3240.07s
Epoch 428/600
  rollouts: 73, samples: 484
  平均奖励: 3.2783, 成功率: 19.2%
  optimizer steps: 6, KL: 0.006333
  累计RL时间: 3245.97s
Epoch 429/600
  rollouts: 72, samples: 480
  平均奖励: 1.8158, 成功率: 20.8%
  optimizer steps: 6, KL: 0.006180
  累计RL时间: 3251.82s
Epoch 430/600
  rollouts: 71, samples: 484
  平均奖励: -0.6167, 成功率: 23.9%
  optimizer steps: 11, KL: 0.004012
  累计RL时间: 3258.46s
Epoch 431/600
  rollouts: 71, samples: 484
  平均奖励: -1.3518, 成功率: 25.4%
  optimizer steps: 5, KL: 0.005434
  累计RL时间: 3265.03s
Epoch 432/600
  rollouts: 74, samples: 486
  平均奖励: 7.0548, 成功率: 13.5%
  optimizer steps: 12, KL: 0.004595
  累计RL时间: 3270.29s
Epoch 433/600
  rollouts: 71, samples: 481
  平均奖励: 1.1291, 成功率: 21.1%
  optimizer steps: 5, KL: 0.007830
  累计RL时间: 3276.26s
Epoch 434/600
  rollouts: 70, samples: 480
  平均奖励: -8.2947, 成功率: 31.4%
  optimizer steps: 15, KL: 0.006168
  累计RL时间: 3283.44s
Epoch 435/600
  rollouts: 71, samples: 483
  平均奖励: -8.8020, 成功率: 32.4%
  optimizer steps: 5, KL: 0.005516
  累计RL时间: 3290.79s
Epoch 436/600
  rollouts: 74, samples: 483
  平均奖励: 6.2636, 成功率: 14.9%
  optimizer steps: 15, KL: 0.005347
  累计RL时间: 3296.58s
Epoch 437/600
  rollouts: 70, samples: 481
  平均奖励: -7.9904, 成功率: 31.4%
  optimizer steps: 13, KL: 0.004266
  累计RL时间: 3303.64s
Epoch 438/600
  rollouts: 74, samples: 484
  平均奖励: 0.5173, 成功率: 21.6%
  optimizer steps: 5, KL: 0.006107
  累计RL时间: 3309.83s
Epoch 439/600
  rollouts: 74, samples: 484
  平均奖励: 9.0162, 成功率: 10.8%
  optimizer steps: 14, KL: 0.005323
  累计RL时间: 3315.02s
Epoch 440/600
  rollouts: 71, samples: 481
  平均奖励: -0.8826, 成功率: 23.9%
  optimizer steps: 8, KL: 0.007943
  累计RL时间: 3321.82s
Epoch 441/600
  rollouts: 74, samples: 483
  平均奖励: 2.9889, 成功率: 18.9%
  optimizer steps: 8, KL: 0.005869
  累计RL时间: 3328.12s
Epoch 442/600
  rollouts: 71, samples: 483
  平均奖励: -0.5666, 成功率: 22.5%
  optimizer steps: 12, KL: 0.006276
  累计RL时间: 3334.36s
Epoch 443/600
  rollouts: 72, samples: 482
  平均奖励: -2.8022, 成功率: 25.0%
  optimizer steps: 7, KL: 0.006989
  累计RL时间: 3340.89s
Epoch 444/600
  rollouts: 72, samples: 482
  平均奖励: -3.6267, 成功率: 26.4%
  optimizer steps: 6, KL: 0.006658
  累计RL时间: 3347.43s
Epoch 445/600
  rollouts: 75, samples: 483
  平均奖励: 10.7644, 成功率: 9.3%
  optimizer steps: 15, KL: 0.004732
  累计RL时间: 3352.65s
Epoch 446/600
  rollouts: 76, samples: 485
  平均奖励: 7.9795, 成功率: 11.8%
  optimizer steps: 5, KL: 0.008509
  累计RL时间: 3358.08s
Epoch 447/600
  rollouts: 71, samples: 482
  平均奖励: -2.0469, 成功率: 25.4%
  optimizer steps: 14, KL: 0.006332
  累计RL时间: 3364.66s
Epoch 448/600
  rollouts: 70, samples: 484
  平均奖励: -6.1579, 成功率: 31.4%
  optimizer steps: 5, KL: 0.005478
  累计RL时间: 3371.79s
Epoch 449/600
  rollouts: 71, samples: 480
  平均奖励: 0.8396, 成功率: 22.5%
  optimizer steps: 5, KL: 0.007189
  累计RL时间: 3377.97s
Epoch 450/600
  rollouts: 74, samples: 484
  平均奖励: 7.8554, 成功率: 12.2%
  optimizer steps: 12, KL: 0.004470
  累计RL时间: 3383.43s
Epoch 451/600
  rollouts: 75, samples: 486
  平均奖励: 4.4848, 成功率: 16.0%
  optimizer steps: 6, KL: 0.005713
  累计RL时间: 3389.35s
Epoch 452/600
  rollouts: 72, samples: 486
  平均奖励: -4.3048, 成功率: 26.4%
  optimizer steps: 13, KL: 0.005847
  累计RL时间: 3395.97s
Epoch 453/600
  rollouts: 70, samples: 482
  平均奖励: -7.9402, 成功率: 32.9%
  optimizer steps: 5, KL: 0.005636
  累计RL时间: 3403.59s
Epoch 454/600
  rollouts: 74, samples: 484
  平均奖励: 6.8449, 成功率: 13.5%
  optimizer steps: 13, KL: 0.007295
  累计RL时间: 3409.95s
Epoch 455/600
  rollouts: 75, samples: 484
  平均奖励: 4.7793, 成功率: 16.0%
  optimizer steps: 6, KL: 0.008507
  累计RL时间: 3415.84s
Epoch 456/600
  rollouts: 71, samples: 484
  平均奖励: -4.4581, 成功率: 28.2%
  optimizer steps: 14, KL: 0.005493
  累计RL时间: 3423.12s
Epoch 457/600
  rollouts: 71, samples: 481
  平均奖励: 1.8720, 成功率: 19.7%
  optimizer steps: 8, KL: 0.008795
  累计RL时间: 3428.88s
Epoch 458/600
  rollouts: 72, samples: 480
  平均奖励: 5.1513, 成功率: 16.7%
  optimizer steps: 9, KL: 0.005197
  累计RL时间: 3434.56s
Epoch 459/600
  rollouts: 72, samples: 484
  平均奖励: 3.0250, 成功率: 18.1%
  optimizer steps: 6, KL: 0.006129
  累计RL时间: 3440.31s
Epoch 460/600
  rollouts: 71, samples: 486
  平均奖励: -1.6928, 成功率: 23.9%
  optimizer steps: 12, KL: 0.005404
  累计RL时间: 3446.91s
Epoch 461/600
  rollouts: 72, samples: 484
  平均奖励: -1.7191, 成功率: 23.6%
  optimizer steps: 6, KL: 0.006024
  累计RL时间: 3453.73s
Epoch 462/600
  rollouts: 73, samples: 486
  平均奖励: 1.8445, 成功率: 20.5%
  optimizer steps: 11, KL: 0.003817
  累计RL时间: 3459.84s
Epoch 463/600
  rollouts: 74, samples: 486
  平均奖励: 5.3458, 成功率: 14.9%
  optimizer steps: 7, KL: 0.007691
  累计RL时间: 3465.16s
Epoch 464/600
  rollouts: 71, samples: 480
  平均奖励: 3.9131, 成功率: 18.3%
  optimizer steps: 6, KL: 0.005083
  累计RL时间: 3470.97s
Epoch 465/600
  rollouts: 70, samples: 485
  平均奖励: -4.7330, 成功率: 28.6%
  optimizer steps: 13, KL: 0.005071
  累计RL时间: 3477.94s
Epoch 466/600
  rollouts: 71, samples: 482
  平均奖励: -1.2237, 成功率: 23.9%
  optimizer steps: 5, KL: 0.006168
  累计RL时间: 3484.69s
Epoch 467/600
  rollouts: 70, samples: 480
  平均奖励: -0.3863, 成功率: 24.3%
  optimizer steps: 5, KL: 0.004668
  累计RL时间: 3490.86s
Epoch 468/600
  rollouts: 74, samples: 482
  平均奖励: 5.5161, 成功率: 14.9%
  optimizer steps: 11, KL: 0.005585
  累计RL时间: 3496.37s
Epoch 469/600
  rollouts: 72, samples: 481
  平均奖励: 5.1725, 成功率: 16.7%
  optimizer steps: 5, KL: 0.006143
  累计RL时间: 3502.15s
Epoch 470/600
  rollouts: 72, samples: 486
  平均奖励: -0.7245, 成功率: 22.2%
  optimizer steps: 12, KL: 0.005290
  累计RL时间: 3508.40s
Epoch 471/600
  rollouts: 33, samples: 228
  平均奖励: -0.2480, 成功率: 24.2%
  optimizer steps: 6, KL: 0.007497
  累计RL时间: 3512.84s
模型已保存到 /root/placement/flow_tap/baseline/RL/runs/shard3/cpu-dram_seed1/checkpoints/ppo_best.pt
模型已保存到 /root/placement/flow_tap/baseline/RL/runs/shard3/cpu-dram_seed1/checkpoints/ppo_best_cost.pt

======================================================================
训练完成！
  请求epochs: 600
  完整epochs: 470
  已执行epoch轮次: 471
  总rollouts: 32819
  总transitions: 227251
  最终成功率: 33.0%
  最近平均奖励: 0.7660
  optimizer steps: 4629
  终止原因: time_limit
======================================================================

运行时间统计:
  热阻表: 57.570s
  RL求解: 3513.215s
  总时间: 3570.786s
  best layout发现时间: 2026-09-11T23:43:35
  best layout累计RL时间: 404.167s
  best layout累计总时间: 461.737s

Model saved to /root/placement/flow_tap/baseline/RL/runs/shard3/cpu-dram_seed1/checkpoints/ppo_best.pt
