{
  "case": "syn1_bump",
  "mode": "thermal",
  "base_seed": 1,
  "status": "completed",
  "error": null,
  "legal_found": true,
  "num_legal": 1,
  "num_illegal": 0,
  "attempts": 1,
  "best_hpwl": 44874242.18241882,
  "twl_m": 44.874242182418826,
  "best_seed": 1,
  "best_legal": true,
  "best_overlaps": 0,
  "best_legalize_method": "milp",
  "best_legalize_s": 0.033598899841308594,
  "total_legalize_s": 0.033598899841308594,
  "runtime_s": 960.6465141773224,
  "attempt_log": [
    {
      "seed": 1,
      "iterations": 100,
      "overlaps": 0,
      "overlaps_raw": 0,
      "hpwl": 44874242.18241882,
      "hpwl_raw": 44874088.0,
      "run_s": 958.7841413021088,
      "legal": true,
      "legalize_method": "milp",
      "legalize_s": 0.033598899841308594,
      "layout_dir": "/root/placement/flow_tap/baseline/ATPlace_pub/result_wlsweep/syn1_bump/wl13/seed1"
    }
  ],
  "layout_json": "/root/placement/flow_tap/baseline/ATPlace_pub/result_wlsweep/syn1_bump/wl13/layout.json",
  "layout_png": "/root/placement/flow_tap/baseline/ATPlace_pub/result_wlsweep/syn1_bump/wl13/layout.png",
  "layout_chiplets": 10,
  "visualized": true
}
