{
  "case": "acend910_bump",
  "mode": "thermal",
  "base_seed": 1,
  "status": "completed",
  "error": null,
  "legal_found": true,
  "num_legal": 1,
  "num_illegal": 0,
  "attempts": 1,
  "best_hpwl": 24226950.083482742,
  "twl_m": 24.22695008348274,
  "best_seed": 1,
  "best_legal": true,
  "best_overlaps": 0,
  "best_legalize_method": "milp",
  "best_legalize_s": 0.010466575622558594,
  "total_legalize_s": 0.010466575622558594,
  "runtime_s": 535.5053310394287,
  "attempt_log": [
    {
      "seed": 1,
      "iterations": 100,
      "overlaps": 0,
      "overlaps_raw": 0,
      "hpwl": 24226950.083482742,
      "hpwl_raw": 24226894.0,
      "run_s": 534.7395436763763,
      "legal": true,
      "legalize_method": "milp",
      "legalize_s": 0.010466575622558594,
      "layout_dir": "/root/placement/flow_tap/baseline/ATPlace_pub/result_wlsweep/acend910_bump/wl04/seed1"
    }
  ],
  "layout_json": "/root/placement/flow_tap/baseline/ATPlace_pub/result_wlsweep/acend910_bump/wl04/layout.json",
  "layout_png": "/root/placement/flow_tap/baseline/ATPlace_pub/result_wlsweep/acend910_bump/wl04/layout.png",
  "layout_chiplets": 6,
  "visualized": true
}
