{
  "case": "Case7_bump",
  "mode": "thermal",
  "base_seed": 1,
  "status": "completed",
  "error": null,
  "legal_found": true,
  "num_legal": 1,
  "num_illegal": 0,
  "attempts": 1,
  "best_hpwl": 34704441.22424698,
  "twl_m": 34.70444122424698,
  "best_seed": 1,
  "best_legal": true,
  "best_overlaps": 0,
  "best_legalize_method": "milp",
  "best_legalize_s": 0.06213259696960449,
  "total_legalize_s": 0.06213259696960449,
  "runtime_s": 1186.317501783371,
  "attempt_log": [
    {
      "seed": 1,
      "iterations": 100,
      "overlaps": 0,
      "overlaps_raw": 0,
      "hpwl": 34704441.22424698,
      "hpwl_raw": 34704336.0,
      "run_s": 1185.541137933731,
      "legal": true,
      "legalize_method": "milp",
      "legalize_s": 0.06213259696960449,
      "layout_dir": "/root/placement/flow_tap/baseline/ATPlace_pub/result_wlsweep_c7/Case7_bump/wl00/seed1"
    }
  ],
  "layout_json": "/root/placement/flow_tap/baseline/ATPlace_pub/result_wlsweep_c7/Case7_bump/wl00/layout.json",
  "layout_png": "/root/placement/flow_tap/baseline/ATPlace_pub/result_wlsweep_c7/Case7_bump/wl00/layout.png",
  "layout_chiplets": 28,
  "visualized": true
}
