{
  "case": "multigpu_bump",
  "mode": "thermal",
  "base_seed": 1,
  "status": "completed",
  "error": null,
  "legal_found": true,
  "num_legal": 1,
  "num_illegal": 0,
  "attempts": 1,
  "best_hpwl": 62118436.67655945,
  "twl_m": 62.11843667655945,
  "best_seed": 1,
  "best_legal": true,
  "best_overlaps": 0,
  "best_legalize_method": "milp",
  "best_legalize_s": 0.09157204627990723,
  "total_legalize_s": 0.09157204627990723,
  "runtime_s": 485.99778056144714,
  "attempt_log": [
    {
      "seed": 1,
      "iterations": 100,
      "overlaps": 0,
      "overlaps_raw": 0,
      "hpwl": 62118436.67655945,
      "hpwl_raw": 62118212.0,
      "run_s": 484.2982368469238,
      "legal": true,
      "legalize_method": "milp",
      "legalize_s": 0.09157204627990723,
      "layout_dir": "/root/placement/flow_tap/baseline/ATPlace_pub/result_wlsweep/multigpu_bump/wl47/seed1"
    }
  ],
  "layout_json": "/root/placement/flow_tap/baseline/ATPlace_pub/result_wlsweep/multigpu_bump/wl47/layout.json",
  "layout_png": "/root/placement/flow_tap/baseline/ATPlace_pub/result_wlsweep/multigpu_bump/wl47/layout.png",
  "layout_chiplets": 6,
  "visualized": true
}
