{
  "case": "syn1_bump",
  "mode": "thermal",
  "base_seed": 2,
  "status": "completed",
  "error": null,
  "legal_found": false,
  "num_legal": 0,
  "num_illegal": 1,
  "attempts": 1,
  "best_hpwl": 44933179.455265045,
  "twl_m": 44.93317945526505,
  "best_seed": 2,
  "best_legal": false,
  "best_overlaps": 1,
  "best_legalize_method": "milp",
  "best_legalize_s": 0.019325971603393555,
  "total_legalize_s": 0.019325971603393555,
  "runtime_s": 368.1252062320709,
  "attempt_log": [
    {
      "seed": 2,
      "iterations": 100,
      "overlaps": 1,
      "overlaps_raw": 0,
      "hpwl": 44933179.455265045,
      "hpwl_raw": 44933168.0,
      "run_s": 367.5758364200592,
      "legal": false,
      "legalize_method": "milp",
      "legalize_s": 0.019325971603393555,
      "layout_dir": "/root/placement/ATPlace_pub/result/syn1_bump/seed2"
    }
  ],
  "layout_json": "/root/placement/ATPlace_pub/result/syn1_bump/layout.json",
  "layout_png": "/root/placement/ATPlace_pub/result/syn1_bump/layout.png",
  "layout_chiplets": 10,
  "visualized": true
}
