{
  "case": "multigpu_bump",
  "mode": "thermal",
  "base_seed": 1,
  "status": "completed",
  "error": null,
  "legal_found": true,
  "num_legal": 1,
  "num_illegal": 0,
  "attempts": 1,
  "best_hpwl": 72562073.86328888,
  "twl_m": 72.56207386328887,
  "best_seed": 1,
  "best_legal": true,
  "best_overlaps": 0,
  "best_legalize_method": "milp",
  "best_legalize_s": 0.037448883056640625,
  "total_legalize_s": 0.037448883056640625,
  "runtime_s": 503.2766947746277,
  "attempt_log": [
    {
      "seed": 1,
      "iterations": 100,
      "overlaps": 0,
      "overlaps_raw": 0,
      "hpwl": 72562073.86328888,
      "hpwl_raw": 72561728.0,
      "run_s": 502.5272161960602,
      "legal": true,
      "legalize_method": "milp",
      "legalize_s": 0.037448883056640625,
      "layout_dir": "/root/placement/flow_tap/baseline/ATPlace_pub/result_wlsweep/multigpu_bump/wl08/seed1"
    }
  ],
  "layout_json": "/root/placement/flow_tap/baseline/ATPlace_pub/result_wlsweep/multigpu_bump/wl08/layout.json",
  "layout_png": "/root/placement/flow_tap/baseline/ATPlace_pub/result_wlsweep/multigpu_bump/wl08/layout.png",
  "layout_chiplets": 6,
  "visualized": true
}
