{
  "case": "acend910_bump",
  "mode": "thermal",
  "base_seed": 1,
  "status": "completed",
  "error": null,
  "legal_found": true,
  "num_legal": 1,
  "num_illegal": 0,
  "attempts": 1,
  "best_hpwl": 33065166.87854576,
  "twl_m": 33.06516687854576,
  "best_seed": 1,
  "best_legal": true,
  "best_overlaps": 0,
  "best_legalize_method": "milp",
  "best_legalize_s": 0.020541906356811523,
  "total_legalize_s": 0.020541906356811523,
  "runtime_s": 544.047504901886,
  "attempt_log": [
    {
      "seed": 1,
      "iterations": 100,
      "overlaps": 0,
      "overlaps_raw": 0,
      "hpwl": 33065166.87854576,
      "hpwl_raw": 33065130.0,
      "run_s": 542.9731993675232,
      "legal": true,
      "legalize_method": "milp",
      "legalize_s": 0.020541906356811523,
      "layout_dir": "/root/placement/flow_tap/baseline/ATPlace_pub/result_wlsweep/acend910_bump/wl42/seed1"
    }
  ],
  "layout_json": "/root/placement/flow_tap/baseline/ATPlace_pub/result_wlsweep/acend910_bump/wl42/layout.json",
  "layout_png": "/root/placement/flow_tap/baseline/ATPlace_pub/result_wlsweep/acend910_bump/wl42/layout.png",
  "layout_chiplets": 6,
  "visualized": true
}
