{
  "case": "xerox7_m_bump",
  "mode": "thermal",
  "base_seed": 1,
  "status": "completed",
  "error": null,
  "legal_found": true,
  "num_legal": 1,
  "num_illegal": 0,
  "attempts": 1,
  "best_hpwl": 75783856.61954093,
  "twl_m": 75.78385661954093,
  "best_seed": 1,
  "best_legal": true,
  "best_overlaps": 0,
  "best_legalize_method": "milp",
  "best_legalize_s": 0.02569723129272461,
  "total_legalize_s": 0.02569723129272461,
  "runtime_s": 558.9980754852295,
  "attempt_log": [
    {
      "seed": 1,
      "iterations": 100,
      "overlaps": 0,
      "overlaps_raw": 0,
      "hpwl": 75783856.61954093,
      "hpwl_raw": 75783352.0,
      "run_s": 557.2833092212677,
      "legal": true,
      "legalize_method": "milp",
      "legalize_s": 0.02569723129272461,
      "layout_dir": "/root/placement/flow_tap/baseline/ATPlace_pub/result_wlsweep/xerox7_m_bump/wl29/seed1"
    }
  ],
  "layout_json": "/root/placement/flow_tap/baseline/ATPlace_pub/result_wlsweep/xerox7_m_bump/wl29/layout.json",
  "layout_png": "/root/placement/flow_tap/baseline/ATPlace_pub/result_wlsweep/xerox7_m_bump/wl29/layout.png",
  "layout_chiplets": 7,
  "visualized": true
}
