{
  "case": "syn4_bump",
  "mode": "thermal",
  "base_seed": 1,
  "status": "completed",
  "error": null,
  "legal_found": false,
  "num_legal": 0,
  "num_illegal": 1,
  "attempts": 1,
  "best_hpwl": 63004116.09234536,
  "twl_m": 63.004116092345356,
  "best_seed": 1,
  "best_legal": false,
  "best_overlaps": 2,
  "best_legalize_method": "milp",
  "best_legalize_s": 0.2448136806488037,
  "total_legalize_s": 0.2448136806488037,
  "runtime_s": 1778.8028433322906,
  "attempt_log": [
    {
      "seed": 1,
      "iterations": 100,
      "overlaps": 2,
      "overlaps_raw": 0,
      "hpwl": 63004116.09234536,
      "hpwl_raw": 63004060.0,
      "run_s": 1767.3327600955963,
      "legal": false,
      "legalize_method": "milp",
      "legalize_s": 0.2448136806488037,
      "layout_dir": "/root/placement/flow_tap/baseline/ATPlace_pub/result_wlsweep/syn4_bump/wl14/seed1"
    }
  ],
  "layout_json": "/root/placement/flow_tap/baseline/ATPlace_pub/result_wlsweep/syn4_bump/wl14/layout.json",
  "layout_png": "/root/placement/flow_tap/baseline/ATPlace_pub/result_wlsweep/syn4_bump/wl14/layout.png",
  "layout_chiplets": 13,
  "visualized": true
}
