########## 第一段: seed1 (跳过 Case6/9/10) ##########
[2026-09-15 17:49:10] ===== seed=1 开始 =====
[2026-09-15 17:49:10] START case=Case7_bump seed=1
[2026-09-15 18:00:31] DONE  case=Case7_bump seed=1 00:11:21 ("hpwl": 41515251.897182465)
[2026-09-15 18:00:31] START case=Case8_bump seed=1
[2026-09-15 18:35:11] DONE  case=Case8_bump seed=1 00:34:40 ("hpwl": 15107818.664741516)
[2026-09-15 18:35:11] === 结束: 共 2 个 seed 槽位 (成功 2, 失败 0) ===

===== 全部 seed 都成功跑出 layout.json, 无失败 =====

########## 第二段: seed2~5 (Case6~10 全部) ##########
[2026-09-15 18:35:11] ===== seed=2 开始 =====
[2026-09-15 18:35:11] START case=Case6_bump seed=2
[2026-09-15 18:51:59] DONE  case=Case6_bump seed=2 00:16:48 ("hpwl": 34849631.04734039)
[2026-09-15 18:51:59] START case=Case7_bump seed=2
[2026-09-15 19:03:38] DONE  case=Case7_bump seed=2 00:11:39 ("hpwl": 19561994.243148804)
[2026-09-15 19:03:38] START case=Case8_bump seed=2
[2026-09-15 19:38:49] DONE  case=Case8_bump seed=2 00:35:11 ("hpwl": 17903149.856510162)
[2026-09-15 19:38:49] START case=Case9_bump seed=2
[2026-09-15 20:16:06] DONE  case=Case9_bump seed=2 00:37:17 ("hpwl": 86651822.47859192)
[2026-09-15 20:16:06] START case=Case10_bump seed=2
[2026-09-15 21:38:41] DONE  case=Case10_bump seed=2 01:22:35 ("hpwl": 74716885.44353485)
[2026-09-15 21:38:41] ===== seed=3 开始 =====
[2026-09-15 21:38:41] START case=Case6_bump seed=3
[2026-09-15 21:55:31] DONE  case=Case6_bump seed=3 00:16:50 ("hpwl": 34620417.896850586)
[2026-09-15 21:55:31] START case=Case7_bump seed=3
[2026-09-15 22:06:32] DONE  case=Case7_bump seed=3 00:11:01 ("hpwl": 26905515.20543289)
[2026-09-15 22:06:32] START case=Case8_bump seed=3
[2026-09-15 22:39:59] DONE  case=Case8_bump seed=3 00:33:27 ("hpwl": 17050321.443572998)
[2026-09-15 22:39:59] START case=Case9_bump seed=3
[2026-09-15 23:16:33] DONE  case=Case9_bump seed=3 00:36:34 ("hpwl": 87568609.45048141)
[2026-09-15 23:16:33] START case=Case10_bump seed=3
[2026-09-16 00:39:35] DONE  case=Case10_bump seed=3 01:23:02 ("hpwl": 74950918.2513504)
[2026-09-16 00:39:35] ===== seed=4 开始 =====
[2026-09-16 00:39:35] START case=Case6_bump seed=4
[2026-09-16 00:56:17] DONE  case=Case6_bump seed=4 00:16:42 ("hpwl": 35561395.63035202)
[2026-09-16 00:56:17] START case=Case7_bump seed=4
[2026-09-16 01:07:34] DONE  case=Case7_bump seed=4 00:11:17 ("hpwl": 41862356.14264679)
[2026-09-16 01:07:34] START case=Case8_bump seed=4
[2026-09-16 01:41:33] DONE  case=Case8_bump seed=4 00:33:59 ("hpwl": 16871698.045555115)
[2026-09-16 01:41:33] START case=Case9_bump seed=4
[2026-09-16 02:19:33] DONE  case=Case9_bump seed=4 00:38:00 ("hpwl": 90771335.72726822)
[2026-09-16 02:19:33] START case=Case10_bump seed=4
[2026-09-16 03:39:43] DONE  case=Case10_bump seed=4 01:20:10 ("hpwl": 83138389.93563843)
[2026-09-16 03:39:43] ===== seed=5 开始 =====
[2026-09-16 03:39:43] START case=Case6_bump seed=5
[2026-09-16 03:56:28] DONE  case=Case6_bump seed=5 00:16:45 ("hpwl": 34832378.328063965)
[2026-09-16 03:56:28] START case=Case7_bump seed=5
[2026-09-16 04:07:43] DONE  case=Case7_bump seed=5 00:11:15 ("hpwl": 41670240.762664795)
[2026-09-16 04:07:43] START case=Case8_bump seed=5
[2026-09-16 04:41:46] DONE  case=Case8_bump seed=5 00:34:03 ("hpwl": 15860406.880901337)
[2026-09-16 04:41:46] START case=Case9_bump seed=5
[2026-09-16 05:19:38] DONE  case=Case9_bump seed=5 00:37:52 ("hpwl": 91220909.76210022)
[2026-09-16 05:19:38] START case=Case10_bump seed=5
[2026-09-16 06:47:18] DONE  case=Case10_bump seed=5 01:27:40 ("hpwl": 82574428.1123352)
[2026-09-16 06:47:18] === 结束: 共 20 个 seed 槽位 (成功 20, 失败 0) ===

===== 全部 seed 都成功跑出 layout.json, 无失败 =====

########## 全部结束 2026-09-16 06:47:18 ##########
