Run name: rl_3cases_5seeds_1h_par3_20260918_120548_hp6_m_seed1_hp6_m
Run directory: /root/placement/flow_tap/baseline/RL/runs/rl_3cases_5seeds_1h_par3_20260918_120548_hp6_m_seed1_hp6_m
Training log: /root/placement/flow_tap/baseline/RL/runs/rl_3cases_5seeds_1h_par3_20260918_120548_hp6_m_seed1_hp6_m/train.log
Default RL canvas aligned to fastTM interposer: 50.0 x 50.0

生成/检查 fastTM 热阻表...
  热阻表阶段状态: ok
  热阻表阶段耗时: 209.496s
  热阻表日志: /root/placement/flow_tap/baseline/RL/runs/rl_3cases_5seeds_1h_par3_20260918_120548_hp6_m_seed1_hp6_m/thermal_tables.log
======================================================================
PPO训练 - 芯片布局优化
======================================================================

环境信息:
  芯片数量: 6
  放置顺序: ['A', 'C', 'F', 'B', 'D', 'E']
  观察维度: 10
  动作维度: 70000
  rollout batch: 480 transitions
  minibatches: 4
  PPO update epochs: 4
  随机种子: 1
  剩余总时间预算: 3390.5s

开始训练...
----------------------------------------------------------------------
BEST_COST_LAYOUT
  epoch: 1/600, rollout: 1
  rlplanner_cost: 33.0922
  reward: -11.3678
  温度: 80.6409
  CPLEX平均线长: 32.7249
BEST_LAYOUT
  epoch: 1/600, rollout: 1
  reward: -11.3678
  温度: 80.6409
  CPLEX平均线长: 32.7249
BEST_COST_LAYOUT
  epoch: 1/600, rollout: 2
  rlplanner_cost: 24.5702
  reward: -2.5762
  温度: 82.5756
  CPLEX平均线长: 21.3912
BEST_LAYOUT
  epoch: 1/600, rollout: 2
  reward: -2.5762
  温度: 82.5756
  CPLEX平均线长: 21.3912
BEST_COST_LAYOUT
  epoch: 1/600, rollout: 6
  rlplanner_cost: 22.5077
  reward: -1.8327
  温度: 84.5562
  CPLEX平均线长: 15.4013
BEST_LAYOUT
  epoch: 1/600, rollout: 6
  reward: -1.8327
  温度: 84.5562
  CPLEX平均线长: 15.4013
BEST_COST_LAYOUT
  epoch: 1/600, rollout: 21
  rlplanner_cost: 22.1064
  reward: -0.2060
  温度: 82.2066
  CPLEX平均线长: 19.5858
BEST_LAYOUT
  epoch: 1/600, rollout: 21
  reward: -0.2060
  温度: 82.2066
  CPLEX平均线长: 19.5858
BEST_COST_LAYOUT
  epoch: 1/600, rollout: 28
  rlplanner_cost: 20.1884
  reward: 0.2189
  温度: 81.6374
  CPLEX平均线长: 18.5991
BEST_LAYOUT
  epoch: 1/600, rollout: 28
  reward: 0.2189
  温度: 81.6374
  CPLEX平均线长: 18.5991
BEST_COST_LAYOUT
  epoch: 1/600, rollout: 44
  rlplanner_cost: 18.7554
  reward: 2.5045
  温度: 81.0150
  CPLEX平均线长: 18.0071
BEST_LAYOUT
  epoch: 1/600, rollout: 44
  reward: 2.5045
  温度: 81.0150
  CPLEX平均线长: 18.0071
BEST_COST_LAYOUT
  epoch: 1/600, rollout: 57
  rlplanner_cost: 16.5950
  reward: 4.2525
  温度: 80.1950
  CPLEX平均线长: 16.5295
BEST_LAYOUT
  epoch: 1/600, rollout: 57
  reward: 4.2525
  温度: 80.1950
  CPLEX平均线长: 16.5295
Epoch 1/600
  rollouts: 80, samples: 480
  平均奖励: -9.1285, 成功率: 100.0%
  optimizer steps: 16, KL: 0.000291
  累计RL时间: 65.31s
BEST_COST_LAYOUT
  epoch: 2/600, rollout: 100
  rlplanner_cost: 15.7650
  reward: 6.2598
  温度: 81.1475
  CPLEX平均线长: 14.8573
BEST_LAYOUT
  epoch: 2/600, rollout: 100
  reward: 6.2598
  温度: 81.1475
  CPLEX平均线长: 14.8573
BEST_COST_LAYOUT
  epoch: 2/600, rollout: 112
  rlplanner_cost: 14.7258
  reward: 6.5895
  温度: 79.7598
  CPLEX平均线长: 14.7258
BEST_LAYOUT
  epoch: 2/600, rollout: 112
  reward: 6.5895
  温度: 79.7598
  CPLEX平均线长: 14.7258
Epoch 2/600
  rollouts: 80, samples: 480
  平均奖励: -7.8869, 成功率: 100.0%
  optimizer steps: 16, KL: 0.000856
  累计RL时间: 119.01s
BEST_LAYOUT
  epoch: 3/600, rollout: 223
  reward: 9.6208
  温度: 80.4836
  CPLEX平均线长: 18.5588
Epoch 3/600
  rollouts: 80, samples: 480
  平均奖励: -8.6253, 成功率: 100.0%
  optimizer steps: 16, KL: 0.001890
  累计RL时间: 168.73s
Epoch 4/600
  rollouts: 80, samples: 480
  平均奖励: -10.0846, 成功率: 100.0%
  optimizer steps: 16, KL: 0.003664
  累计RL时间: 217.05s
Epoch 5/600
  rollouts: 80, samples: 480
  平均奖励: -8.9823, 成功率: 100.0%
  optimizer steps: 15, KL: 0.005633
  累计RL时间: 263.33s
Epoch 6/600
  rollouts: 80, samples: 480
  平均奖励: -6.6288, 成功率: 100.0%
  optimizer steps: 16, KL: 0.005956
  累计RL时间: 309.45s
Epoch 7/600
  rollouts: 80, samples: 480
  平均奖励: -11.4159, 成功率: 100.0%
  optimizer steps: 14, KL: 0.005244
  累计RL时间: 355.00s
Epoch 8/600
  rollouts: 80, samples: 480
  平均奖励: -9.0115, 成功率: 100.0%
  optimizer steps: 13, KL: 0.006137
  累计RL时间: 401.53s
Epoch 9/600
  rollouts: 80, samples: 480
  平均奖励: -9.0656, 成功率: 100.0%
  optimizer steps: 12, KL: 0.005255
  累计RL时间: 448.66s
Epoch 10/600
  rollouts: 80, samples: 480
  平均奖励: -9.1168, 成功率: 100.0%
  optimizer steps: 12, KL: 0.004783
  累计RL时间: 499.58s
Epoch 11/600
  rollouts: 80, samples: 480
  平均奖励: -9.6419, 成功率: 100.0%
  optimizer steps: 13, KL: 0.005801
  累计RL时间: 551.02s
BEST_COST_LAYOUT
  epoch: 12/600, rollout: 908
  rlplanner_cost: 13.4744
  reward: 7.5030
  温度: 81.1660
  CPLEX平均线长: 12.5435
Epoch 12/600
  rollouts: 80, samples: 480
  平均奖励: -8.0134, 成功率: 100.0%
  optimizer steps: 14, KL: 0.006155
  累计RL时间: 599.15s
Epoch 13/600
  rollouts: 80, samples: 480
  平均奖励: -9.0603, 成功率: 100.0%
  optimizer steps: 11, KL: 0.005705
  累计RL时间: 646.73s
Epoch 14/600
  rollouts: 80, samples: 480
  平均奖励: -9.5129, 成功率: 100.0%
  optimizer steps: 10, KL: 0.004430
  累计RL时间: 693.73s
BEST_LAYOUT
  epoch: 15/600, rollout: 1151
  reward: 10.0631
  温度: 80.7919
  CPLEX平均线长: 14.0400
Epoch 15/600
  rollouts: 80, samples: 480
  平均奖励: -8.5112, 成功率: 100.0%
  optimizer steps: 11, KL: 0.005352
  累计RL时间: 740.55s
Epoch 16/600
  rollouts: 80, samples: 480
  平均奖励: -9.1623, 成功率: 100.0%
  optimizer steps: 10, KL: 0.004951
  累计RL时间: 789.12s
Epoch 17/600
  rollouts: 80, samples: 480
  平均奖励: -8.8677, 成功率: 100.0%
  optimizer steps: 10, KL: 0.004696
  累计RL时间: 836.29s
Epoch 18/600
  rollouts: 80, samples: 480
  平均奖励: -8.5121, 成功率: 100.0%
  optimizer steps: 10, KL: 0.005481
  累计RL时间: 885.25s
Epoch 19/600
  rollouts: 80, samples: 480
  平均奖励: -8.0260, 成功率: 100.0%
  optimizer steps: 9, KL: 0.004993
  累计RL时间: 937.11s
Epoch 20/600
  rollouts: 80, samples: 480
  平均奖励: -10.0254, 成功率: 100.0%
  optimizer steps: 10, KL: 0.004778
  累计RL时间: 986.73s
Epoch 21/600
  rollouts: 80, samples: 480
  平均奖励: -8.3620, 成功率: 100.0%
  optimizer steps: 12, KL: 0.006304
  累计RL时间: 1037.54s
BEST_LAYOUT
  epoch: 22/600, rollout: 1754
  reward: 10.9964
  温度: 83.7946
  CPLEX平均线长: 10.0238
Epoch 22/600
  rollouts: 80, samples: 480
  平均奖励: -6.5481, 成功率: 100.0%
  optimizer steps: 11, KL: 0.005903
  累计RL时间: 1090.35s
Epoch 23/600
  rollouts: 80, samples: 480
  平均奖励: -6.5201, 成功率: 100.0%
  optimizer steps: 9, KL: 0.005099
  累计RL时间: 1141.12s
Epoch 24/600
  rollouts: 80, samples: 480
  平均奖励: -8.0133, 成功率: 100.0%
  optimizer steps: 9, KL: 0.004837
  累计RL时间: 1192.05s
Epoch 25/600
  rollouts: 80, samples: 480
  平均奖励: -9.2878, 成功率: 100.0%
  optimizer steps: 10, KL: 0.005299
  累计RL时间: 1240.83s
Epoch 26/600
  rollouts: 80, samples: 480
  平均奖励: -6.5664, 成功率: 100.0%
  optimizer steps: 12, KL: 0.005898
  累计RL时间: 1288.56s
Epoch 27/600
  rollouts: 80, samples: 480
  平均奖励: -8.1747, 成功率: 100.0%
  optimizer steps: 11, KL: 0.005774
  累计RL时间: 1338.04s
Epoch 28/600
  rollouts: 80, samples: 480
  平均奖励: -8.7209, 成功率: 100.0%
  optimizer steps: 10, KL: 0.005523
  累计RL时间: 1386.92s
Epoch 29/600
  rollouts: 80, samples: 480
  平均奖励: -8.0741, 成功率: 100.0%
  optimizer steps: 9, KL: 0.004930
  累计RL时间: 1436.61s
Epoch 30/600
  rollouts: 80, samples: 480
  平均奖励: -9.5544, 成功率: 100.0%
  optimizer steps: 11, KL: 0.005764
  累计RL时间: 1485.08s
Epoch 31/600
  rollouts: 80, samples: 480
  平均奖励: -7.7686, 成功率: 100.0%
  optimizer steps: 11, KL: 0.005989
  累计RL时间: 1534.80s
Epoch 32/600
  rollouts: 80, samples: 480
  平均奖励: -8.0824, 成功率: 100.0%
  optimizer steps: 9, KL: 0.005308
  累计RL时间: 1585.16s
Epoch 33/600
  rollouts: 80, samples: 480
  平均奖励: -7.6048, 成功率: 100.0%
  optimizer steps: 10, KL: 0.006227
  累计RL时间: 1634.27s
Epoch 34/600
  rollouts: 80, samples: 480
  平均奖励: -6.9447, 成功率: 100.0%
  optimizer steps: 10, KL: 0.005342
  累计RL时间: 1682.69s
Epoch 35/600
  rollouts: 80, samples: 480
  平均奖励: -9.4823, 成功率: 100.0%
  optimizer steps: 11, KL: 0.006231
  累计RL时间: 1733.26s
Epoch 36/600
  rollouts: 80, samples: 480
  平均奖励: -6.7311, 成功率: 100.0%
  optimizer steps: 10, KL: 0.005181
  累计RL时间: 1784.37s
Epoch 37/600
  rollouts: 80, samples: 480
  平均奖励: -9.1078, 成功率: 100.0%
  optimizer steps: 9, KL: 0.004829
  累计RL时间: 1840.10s
Epoch 38/600
  rollouts: 80, samples: 480
  平均奖励: -8.0688, 成功率: 100.0%
  optimizer steps: 9, KL: 0.006598
  累计RL时间: 1912.75s
Epoch 39/600
  rollouts: 80, samples: 480
  平均奖励: -7.2052, 成功率: 100.0%
  optimizer steps: 9, KL: 0.005212
  累计RL时间: 1978.81s
Epoch 40/600
  rollouts: 80, samples: 480
  平均奖励: -8.3983, 成功率: 100.0%
  optimizer steps: 9, KL: 0.004879
  累计RL时间: 2045.24s
Epoch 41/600
  rollouts: 80, samples: 480
  平均奖励: -7.4488, 成功率: 100.0%
  optimizer steps: 9, KL: 0.006461
  累计RL时间: 2148.89s
Epoch 42/600
  rollouts: 80, samples: 480
  平均奖励: -9.3897, 成功率: 100.0%
  optimizer steps: 9, KL: 0.005048
  累计RL时间: 2218.89s
Epoch 43/600
  rollouts: 80, samples: 480
  平均奖励: -8.3152, 成功率: 100.0%
  optimizer steps: 9, KL: 0.005498
  累计RL时间: 2265.98s
Epoch 44/600
  rollouts: 80, samples: 480
  平均奖励: -6.9002, 成功率: 100.0%
  optimizer steps: 9, KL: 0.005284
  累计RL时间: 2309.45s
Epoch 45/600
  rollouts: 80, samples: 480
  平均奖励: -6.1765, 成功率: 100.0%
  optimizer steps: 8, KL: 0.005541
  累计RL时间: 2354.68s
Epoch 46/600
  rollouts: 80, samples: 480
  平均奖励: -6.9665, 成功率: 100.0%
  optimizer steps: 9, KL: 0.006000
  累计RL时间: 2400.33s
Epoch 47/600
  rollouts: 80, samples: 480
  平均奖励: -7.4678, 成功率: 100.0%
  optimizer steps: 8, KL: 0.006072
  累计RL时间: 2446.86s
Epoch 48/600
  rollouts: 80, samples: 480
  平均奖励: -9.8079, 成功率: 100.0%
  optimizer steps: 10, KL: 0.005452
  累计RL时间: 2488.83s
Epoch 49/600
  rollouts: 80, samples: 480
  平均奖励: -7.7146, 成功率: 100.0%
  optimizer steps: 10, KL: 0.004749
  累计RL时间: 2535.05s
Epoch 50/600
  rollouts: 80, samples: 480
  平均奖励: -5.4648, 成功率: 100.0%
  optimizer steps: 9, KL: 0.004843
  累计RL时间: 2580.71s
Epoch 51/600
  rollouts: 80, samples: 480
  平均奖励: -6.1333, 成功率: 100.0%
  optimizer steps: 9, KL: 0.004370
  累计RL时间: 2626.42s
Epoch 52/600
  rollouts: 80, samples: 480
  平均奖励: -7.8040, 成功率: 100.0%
  optimizer steps: 9, KL: 0.005288
  累计RL时间: 2669.47s
Epoch 53/600
  rollouts: 80, samples: 480
  平均奖励: -6.2773, 成功率: 100.0%
  optimizer steps: 10, KL: 0.005742
  累计RL时间: 2712.83s
Epoch 54/600
  rollouts: 80, samples: 480
  平均奖励: -7.5898, 成功率: 100.0%
  optimizer steps: 9, KL: 0.005323
  累计RL时间: 2757.07s
Epoch 55/600
  rollouts: 80, samples: 480
  平均奖励: -6.8825, 成功率: 100.0%
  optimizer steps: 9, KL: 0.007406
  累计RL时间: 2800.65s
Epoch 56/600
  rollouts: 80, samples: 480
  平均奖励: -6.9612, 成功率: 100.0%
  optimizer steps: 9, KL: 0.005132
  累计RL时间: 2843.76s
Epoch 57/600
  rollouts: 80, samples: 480
  平均奖励: -7.8924, 成功率: 100.0%
  optimizer steps: 10, KL: 0.005909
  累计RL时间: 2886.56s
Epoch 58/600
  rollouts: 80, samples: 480
  平均奖励: -6.2572, 成功率: 100.0%
  optimizer steps: 10, KL: 0.005959
  累计RL时间: 2929.48s
Epoch 59/600
  rollouts: 80, samples: 480
  平均奖励: -7.4791, 成功率: 100.0%
  optimizer steps: 9, KL: 0.004505
  累计RL时间: 2972.30s
Epoch 60/600
  rollouts: 80, samples: 480
  平均奖励: -8.2474, 成功率: 100.0%
  optimizer steps: 9, KL: 0.006299
  累计RL时间: 3015.15s
Epoch 61/600
  rollouts: 80, samples: 480
  平均奖励: -7.0786, 成功率: 100.0%
  optimizer steps: 9, KL: 0.006343
  累计RL时间: 3058.30s
Epoch 62/600
  rollouts: 80, samples: 480
  平均奖励: -8.0188, 成功率: 100.0%
  optimizer steps: 9, KL: 0.005172
  累计RL时间: 3100.51s
BEST_COST_LAYOUT
  epoch: 63/600, rollout: 5020
  rlplanner_cost: 13.0495
  reward: 8.1008
  温度: 81.5766
  CPLEX平均线长: 11.5517
Epoch 63/600
  rollouts: 80, samples: 480
  平均奖励: -8.9926, 成功率: 100.0%
  optimizer steps: 10, KL: 0.007550
  累计RL时间: 3145.23s
Epoch 64/600
  rollouts: 80, samples: 480
  平均奖励: -8.5149, 成功率: 100.0%
  optimizer steps: 9, KL: 0.005295
  累计RL时间: 3188.63s
BEST_LAYOUT
  epoch: 65/600, rollout: 5156
  reward: 11.6483
  温度: 83.7808
  CPLEX平均线长: 12.3745
Epoch 65/600
  rollouts: 80, samples: 480
  平均奖励: -5.6892, 成功率: 100.0%
  optimizer steps: 9, KL: 0.004543
  累计RL时间: 3235.07s
Epoch 66/600
  rollouts: 80, samples: 480
  平均奖励: -7.2782, 成功率: 100.0%
  optimizer steps: 10, KL: 0.005313
  累计RL时间: 3281.65s
Epoch 67/600
  rollouts: 80, samples: 480
  平均奖励: -8.4226, 成功率: 100.0%
  optimizer steps: 9, KL: 0.006036
  累计RL时间: 3328.58s
Epoch 68/600
  rollouts: 60, samples: 360
  平均奖励: -6.8193, 成功率: 100.0%
  optimizer steps: 8, KL: 0.005578
  累计RL时间: 3361.52s
模型已保存到 /root/placement/flow_tap/baseline/RL/runs/rl_3cases_5seeds_1h_par3_20260918_120548_hp6_m_seed1_hp6_m/checkpoints/ppo_best.pt
模型已保存到 /root/placement/flow_tap/baseline/RL/runs/rl_3cases_5seeds_1h_par3_20260918_120548_hp6_m_seed1_hp6_m/checkpoints/ppo_best_cost.pt

======================================================================
训练完成！
  请求epochs: 600
  完整epochs: 67
  已执行epoch轮次: 68
  总rollouts: 5420
  总transitions: 32520
  最终成功率: 100.0%
  最近平均奖励: -8.0365
  optimizer steps: 711
  终止原因: time_limit
======================================================================

运行时间统计:
  热阻表: 209.496s
  RL求解: 3363.209s
  总时间: 3572.706s
  best layout发现时间: 2026-09-18T14:06:36
  best layout累计RL时间: 3208.119s
  best layout累计总时间: 3417.616s
