{
  "case": "hp6_m_bump",
  "mode": "thermal",
  "base_seed": 1,
  "status": "completed",
  "error": null,
  "legal_found": true,
  "num_legal": 1,
  "num_illegal": 0,
  "attempts": 1,
  "best_hpwl": 16784616.15840721,
  "twl_m": 16.78461615840721,
  "best_seed": 1,
  "best_legal": true,
  "best_overlaps": 0,
  "best_legalize_method": "milp",
  "best_legalize_s": 0.012199163436889648,
  "total_legalize_s": 0.012199163436889648,
  "runtime_s": 545.7627863883972,
  "attempt_log": [
    {
      "seed": 1,
      "iterations": 100,
      "overlaps": 0,
      "overlaps_raw": 0,
      "hpwl": 16784616.15840721,
      "hpwl_raw": 16784590.0,
      "run_s": 545.0154039859772,
      "legal": true,
      "legalize_method": "milp",
      "legalize_s": 0.012199163436889648,
      "layout_dir": "/root/placement/flow_tap/baseline/ATPlace_pub/result_wlsweep/hp6_m_bump/wl12/seed1"
    }
  ],
  "layout_json": "/root/placement/flow_tap/baseline/ATPlace_pub/result_wlsweep/hp6_m_bump/wl12/layout.json",
  "layout_png": "/root/placement/flow_tap/baseline/ATPlace_pub/result_wlsweep/hp6_m_bump/wl12/layout.png",
  "layout_chiplets": 6,
  "visualized": true
}
