{
  "case": "xerox8_m_bump",
  "mode": "thermal",
  "base_seed": 1,
  "status": "completed",
  "error": null,
  "legal_found": false,
  "num_legal": 0,
  "num_illegal": 1,
  "attempts": 1,
  "best_hpwl": 93471770.61201584,
  "twl_m": 93.47177061201585,
  "best_seed": 1,
  "best_legal": false,
  "best_overlaps": 1,
  "best_legalize_method": "milp",
  "best_legalize_s": 0.010164499282836914,
  "total_legalize_s": 0.010164499282836914,
  "runtime_s": 384.35579776763916,
  "attempt_log": [
    {
      "seed": 1,
      "iterations": 100,
      "overlaps": 1,
      "overlaps_raw": 0,
      "hpwl": 93471770.61201584,
      "hpwl_raw": 93471680.0,
      "run_s": 383.6271731853485,
      "legal": false,
      "legalize_method": "milp",
      "legalize_s": 0.010164499282836914,
      "layout_dir": "/root/placement/ATPlace_pub/result/xerox8_m_bump/seed1"
    }
  ],
  "layout_json": "/root/placement/ATPlace_pub/result/xerox8_m_bump/layout.json",
  "layout_png": "/root/placement/ATPlace_pub/result/xerox8_m_bump/layout.png",
  "layout_chiplets": 8,
  "visualized": true
}
