{
  "case": "multigpu_bump",
  "mode": "thermal",
  "base_seed": 1,
  "status": "completed",
  "error": null,
  "legal_found": true,
  "num_legal": 1,
  "num_illegal": 0,
  "attempts": 1,
  "best_hpwl": 77696631.90538025,
  "twl_m": 77.69663190538024,
  "best_seed": 1,
  "best_legal": true,
  "best_overlaps": 0,
  "best_legalize_method": "milp",
  "best_legalize_s": 0.020355224609375,
  "total_legalize_s": 0.020355224609375,
  "runtime_s": 502.91877841949463,
  "attempt_log": [
    {
      "seed": 1,
      "iterations": 100,
      "overlaps": 0,
      "overlaps_raw": 0,
      "hpwl": 77696631.90538025,
      "hpwl_raw": 77696432.0,
      "run_s": 502.0683410167694,
      "legal": true,
      "legalize_method": "milp",
      "legalize_s": 0.020355224609375,
      "layout_dir": "/root/placement/flow_tap/baseline/ATPlace_pub/result_wlsweep/multigpu_bump/wl01/seed1"
    }
  ],
  "layout_json": "/root/placement/flow_tap/baseline/ATPlace_pub/result_wlsweep/multigpu_bump/wl01/layout.json",
  "layout_png": "/root/placement/flow_tap/baseline/ATPlace_pub/result_wlsweep/multigpu_bump/wl01/layout.png",
  "layout_chiplets": 6,
  "visualized": true
}
