{
  "case": "xerox8_m_bump",
  "mode": "thermal",
  "base_seed": 1,
  "status": "completed",
  "error": null,
  "legal_found": true,
  "num_legal": 1,
  "num_illegal": 0,
  "attempts": 1,
  "best_hpwl": 94052477.86380112,
  "twl_m": 94.05247786380112,
  "best_seed": 1,
  "best_legal": true,
  "best_overlaps": 0,
  "best_legalize_method": "milp",
  "best_legalize_s": 0.047931671142578125,
  "total_legalize_s": 0.047931671142578125,
  "runtime_s": 741.3790113925934,
  "attempt_log": [
    {
      "seed": 1,
      "iterations": 100,
      "overlaps": 0,
      "overlaps_raw": 0,
      "hpwl": 94052477.86380112,
      "hpwl_raw": 94051920.0,
      "run_s": 736.4106357097626,
      "legal": true,
      "legalize_method": "milp",
      "legalize_s": 0.047931671142578125,
      "layout_dir": "/root/placement/flow_tap/baseline/ATPlace_pub/result_wlsweep_xerox8/xerox8_m_bump/wl30/seed1"
    }
  ],
  "layout_json": "/root/placement/flow_tap/baseline/ATPlace_pub/result_wlsweep_xerox8/xerox8_m_bump/wl30/layout.json",
  "layout_png": "/root/placement/flow_tap/baseline/ATPlace_pub/result_wlsweep_xerox8/xerox8_m_bump/wl30/layout.png",
  "layout_chiplets": 8,
  "visualized": true
}
