{
  "case": "hp6_m_bump",
  "mode": "thermal",
  "base_seed": 1,
  "status": "completed",
  "error": null,
  "legal_found": true,
  "num_legal": 1,
  "num_illegal": 0,
  "attempts": 1,
  "best_hpwl": 16025932.860982895,
  "twl_m": 16.025932860982895,
  "best_seed": 1,
  "best_legal": true,
  "best_overlaps": 0,
  "best_legalize_method": "milp",
  "best_legalize_s": 0.007272481918334961,
  "total_legalize_s": 0.007272481918334961,
  "runtime_s": 538.1781470775604,
  "attempt_log": [
    {
      "seed": 1,
      "iterations": 100,
      "overlaps": 0,
      "overlaps_raw": 0,
      "hpwl": 16025932.860982895,
      "hpwl_raw": 16025874.0,
      "run_s": 537.4388568401337,
      "legal": true,
      "legalize_method": "milp",
      "legalize_s": 0.007272481918334961,
      "layout_dir": "/root/placement/flow_tap/baseline/ATPlace_pub/result_wlsweep/hp6_m_bump/wl13/seed1"
    }
  ],
  "layout_json": "/root/placement/flow_tap/baseline/ATPlace_pub/result_wlsweep/hp6_m_bump/wl13/layout.json",
  "layout_png": "/root/placement/flow_tap/baseline/ATPlace_pub/result_wlsweep/hp6_m_bump/wl13/layout.png",
  "layout_chiplets": 6,
  "visualized": true
}
