[23:35:51] ======================================================================================================================
[23:35:51] RL chiplet placement - all cases x seeds, time-boxed PPO training
[23:35:51]   cases     : cpu-dram,hp11_m,multigpu   seeds: [1, 2, 3, 4, 5]
[23:35:51]   per run   : 3600s TOTAL budget (thermal tables inside the run, regenerated per run)
[23:35:51]   canvas    : footprint area / canvas area = 50.00%  side = sqrt(footprint_area / ratio)
[23:35:51]   runs dir  : /root/placement/flow_tap/baseline/RL/runs/shard3
[23:35:51]   driver log: /root/placement/flow_tap/baseline/RL/runs/shard3/driver_20260911_233551.log
[23:35:51] ======================================================================================================================
[23:35:51] 
[23:35:51] case        chiplets   footprint       body  side(mm) body/canvas fastTM cfg
[23:35:51] cpu-dram           8       647.8      603.2     35.99       0.466      False
[23:35:51] hp11_m            11       944.4      883.1     43.46       0.468      False
[23:35:51] multigpu           6      1118.3     1082.5     47.29       0.484      False
[23:35:52] interpreter : /root/anaconda3/envs/chipdiffusion/bin/python (python 3.10.20)
[23:35:52]   numpy   : 2.2.5
[23:35:52]   torch   : 2.11.0+cu130
[23:35:52]   scipy   : 1.15.3
[23:35:52]   cplex   : 22.1.0.0
[23:35:52]   pandas  : MISSING (optional)
[23:35:52]   cuda     : True NVIDIA GeForce RTX 5090
[23:35:52]   note: pandas is absent, which is fine - compute_temp.py never calls it and
[23:35:52]         env.py/generate_thermal_tables.py already install a stub module.
[23:35:52] 
[23:35:52] ### cpu-dram: side=35.9944mm chiplets=8 footprint=647.8mm2
[23:35:52]   seeds: [1, 2, 3, 4, 5]
[23:35:52]   seed 1: /root/anaconda3/envs/chipdiffusion/bin/python /root/placement/flow_tap/baseline/RL/train.py --json /root/placement/flow_tap/baseline/RL/examples/cpu-dram.json --name cpu-dram_seed1 ... budget 3600s
[00:35:25]     -> rc=0 wall=3573.3s termination=time_limit rl=3513.215206819994
[00:35:25]     thermal stage 57.6s (forced=True), RL 3513.215206819994
[00:35:25]   seed 2: /root/anaconda3/envs/chipdiffusion/bin/python /root/placement/flow_tap/baseline/RL/train.py --json /root/placement/flow_tap/baseline/RL/examples/cpu-dram.json --name cpu-dram_seed2 ... budget 3600s
[01:35:03]     -> rc=0 wall=3573.2s termination=time_limit rl=3514.2825497000013
[01:35:03]     thermal stage 56.4s (forced=True), RL 3514.2825497000013
[01:35:03]   seed 3: /root/anaconda3/envs/chipdiffusion/bin/python /root/placement/flow_tap/baseline/RL/train.py --json /root/placement/flow_tap/baseline/RL/examples/cpu-dram.json --name cpu-dram_seed3 ... budget 3600s
[02:35:37]     -> rc=0 wall=3573.0s termination=time_limit rl=3514.757240900013
[02:35:37]     thermal stage 55.8s (forced=True), RL 3514.757240900013
[02:35:37]   seed 4: /root/anaconda3/envs/chipdiffusion/bin/python /root/placement/flow_tap/baseline/RL/train.py --json /root/placement/flow_tap/baseline/RL/examples/cpu-dram.json --name cpu-dram_seed4 ... budget 3600s
[03:36:21]     -> rc=0 wall=3572.9s termination=time_limit rl=3514.9341790439794
[03:36:21]     thermal stage 55.6s (forced=True), RL 3514.9341790439794
[03:36:21]   seed 5: /root/anaconda3/envs/chipdiffusion/bin/python /root/placement/flow_tap/baseline/RL/train.py --json /root/placement/flow_tap/baseline/RL/examples/cpu-dram.json --name cpu-dram_seed5 ... budget 3600s
[04:37:18]     -> rc=0 wall=3572.9s termination=time_limit rl=3514.704371997039
[04:37:18]     thermal stage 55.8s (forced=True), RL 3514.704371997039
[04:37:18]   best seed 3: cost=61.7567 T=99.77760256350496 avg_wl=13.336612658484379 canvas_util=0.5
[04:37:18] 
[04:37:18] ### hp11_m: side=43.4604mm chiplets=11 footprint=944.4mm2
[04:37:18]   seeds: [1, 2, 3, 4, 5]
[04:37:18]   seed 1: /root/anaconda3/envs/chipdiffusion/bin/python /root/placement/flow_tap/baseline/RL/train.py --json /root/placement/flow_tap/baseline/RL/examples/hp11_m.json --name hp11_m_seed1 ... budget 3600s
[05:38:22]     -> rc=0 wall=3573.6s termination=time_limit rl=3397.8799216590123
[05:38:22]     thermal stage 173.3s (forced=True), RL 3397.8799216590123
[05:38:22]   seed 2: /root/anaconda3/envs/chipdiffusion/bin/python /root/placement/flow_tap/baseline/RL/train.py --json /root/placement/flow_tap/baseline/RL/examples/hp11_m.json --name hp11_m_seed2 ... budget 3600s
[06:39:26]     -> rc=0 wall=3573.0s termination=time_limit rl=3398.703408245987
[06:39:26]     thermal stage 171.9s (forced=True), RL 3398.703408245987
[06:39:26]   seed 3: /root/anaconda3/envs/chipdiffusion/bin/python /root/placement/flow_tap/baseline/RL/train.py --json /root/placement/flow_tap/baseline/RL/examples/hp11_m.json --name hp11_m_seed3 ... budget 3600s
[07:40:49]     -> rc=0 wall=3574.1s termination=time_limit rl=3399.5356814630213
[07:40:49]     thermal stage 172.1s (forced=True), RL 3399.5356814630213
[07:40:49]   seed 4: /root/anaconda3/envs/chipdiffusion/bin/python /root/placement/flow_tap/baseline/RL/train.py --json /root/placement/flow_tap/baseline/RL/examples/hp11_m.json --name hp11_m_seed4 ... budget 3600s
[08:42:32]     -> rc=0 wall=3573.6s termination=time_limit rl=3401.029429393995
[08:42:32]     thermal stage 170.1s (forced=True), RL 3401.029429393995
[08:42:32]   seed 5: /root/anaconda3/envs/chipdiffusion/bin/python /root/placement/flow_tap/baseline/RL/train.py --json /root/placement/flow_tap/baseline/RL/examples/hp11_m.json --name hp11_m_seed5 ... budget 3600s
[09:44:23]     -> rc=0 wall=3573.4s termination=time_limit rl=3398.91338834801
[09:44:23]     thermal stage 172.1s (forced=True), RL 3398.91338834801
[09:44:23]   best seed 1: cost=30.2981 T=87.22025405706265 avg_wl=17.242436173090276 canvas_util=0.5
[09:44:23] 
[09:44:23] ### multigpu: side=47.2925mm chiplets=6 footprint=1118.3mm2
[09:44:23]   seeds: [1, 2, 3, 4, 5]
[09:44:23]   seed 1: /root/anaconda3/envs/chipdiffusion/bin/python /root/placement/flow_tap/baseline/RL/train.py --json /root/placement/flow_tap/baseline/RL/examples/multigpu.json --name multigpu_seed1 ... budget 3600s
[10:35:49]     -> rc=0 wall=2965.6s termination=epochs_complete rl=2891.1541109110112
[10:35:49]     thermal stage 72.4s (forced=True), RL 2891.1541109110112
[10:35:49]   seed 2: /root/anaconda3/envs/chipdiffusion/bin/python /root/placement/flow_tap/baseline/RL/train.py --json /root/placement/flow_tap/baseline/RL/examples/multigpu.json --name multigpu_seed2 ... budget 3600s
[11:28:10]     -> rc=0 wall=3013.6s termination=epochs_complete rl=2938.2623713499634
[11:28:10]     thermal stage 73.2s (forced=True), RL 2938.2623713499634
[11:28:10]   seed 3: /root/anaconda3/envs/chipdiffusion/bin/python /root/placement/flow_tap/baseline/RL/train.py --json /root/placement/flow_tap/baseline/RL/examples/multigpu.json --name multigpu_seed3 ... budget 3600s
[12:19:48]     -> rc=0 wall=2965.0s termination=epochs_complete rl=2889.9850158430054
[12:19:48]     thermal stage 72.9s (forced=True), RL 2889.9850158430054
[12:19:48]   seed 4: /root/anaconda3/envs/chipdiffusion/bin/python /root/placement/flow_tap/baseline/RL/train.py --json /root/placement/flow_tap/baseline/RL/examples/multigpu.json --name multigpu_seed4 ... budget 3600s
[13:14:51]     -> rc=0 wall=3155.9s termination=epochs_complete rl=3081.258168814995
[13:14:51]     thermal stage 72.5s (forced=True), RL 3081.258168814995
[13:14:51]   seed 5: /root/anaconda3/envs/chipdiffusion/bin/python /root/placement/flow_tap/baseline/RL/train.py --json /root/placement/flow_tap/baseline/RL/examples/multigpu.json --name multigpu_seed5 ... budget 3600s
[14:07:37]     -> rc=0 wall=3021.4s termination=epochs_complete rl=2946.1464810409816
[14:07:37]     thermal stage 72.9s (forced=True), RL 2946.1464810409816
[14:07:37]   best seed 3: cost=33.8593 T=89.35736281839108 avg_wl=15.558831321296296 canvas_util=0.5
[14:07:37] 
[14:07:37] ======================================================================================================================
[14:07:37] case           side seed        cost     avg_wl     T(C)  canvas_u  success          stop
[14:07:37] ----------------------------------------------------------------------------------------------------------------------
[14:07:37] cpu-dram      35.99    3     61.7567      13.34    99.78    0.5000    0.334    time_limit
[14:07:37] hp11_m        43.46    1     30.2981      17.24    87.22    0.5000    0.733    time_limit
[14:07:37] multigpu      47.29    3     33.8593      15.56    89.36    0.5000    0.048epochs_complete
[14:07:37] ======================================================================================================================
[14:07:37] summary.json: /root/placement/flow_tap/baseline/RL/runs/shard3/summary.json
[14:07:37] summary.csv : /root/placement/flow_tap/baseline/RL/runs/shard3/summary.csv
[14:07:37] 
[14:07:37] done: 3/3 case(s) produced a cost-ranked best solution, 50856s total
