{
  "case": "Case10_bump",
  "mode": "thermal",
  "base_seed": 3,
  "status": "completed",
  "error": null,
  "legal_found": true,
  "num_legal": 1,
  "num_illegal": 0,
  "attempts": 1,
  "best_hpwl": 54136977.142066956,
  "twl_m": 54.136977142066954,
  "best_seed": 3,
  "best_legal": true,
  "best_overlaps": 0,
  "best_legalize_method": "milp",
  "best_legalize_s": 0.1605396270751953,
  "total_legalize_s": 0.1605396270751953,
  "runtime_s": 4125.415251970291,
  "attempt_log": [
    {
      "seed": 3,
      "iterations": 65,
      "overlaps": 0,
      "overlaps_raw": 0,
      "hpwl": 54136977.142066956,
      "hpwl_raw": 54136968.0,
      "run_s": 4124.0050184726715,
      "legal": true,
      "legalize_method": "milp",
      "legalize_s": 0.1605396270751953,
      "layout_dir": "/root/placement/ATPlace_pub/result/Case10_bump/seed3"
    }
  ],
  "layout_json": "/root/placement/ATPlace_pub/result/Case10_bump/layout.json",
  "layout_png": "/root/placement/ATPlace_pub/result/Case10_bump/layout.png",
  "layout_chiplets": 61,
  "visualized": true
}
