command: /root/anaconda3/envs/chipdiffusion/bin/python /root/placement/flow_tap/baseline/RL/generate_thermal_tables.py /root/placement/flow_tap/baseline/RL/examples/syn1.json --intp-size 40.988764 --overwrite-config --force
cwd: /root/placement/flow_tap/baseline/RL/fastTM
hotspot: /root/placement/flow_tap/baseline/RL/fastTM/util/hotspot
started_at: 2026-09-12T01:35:05

Config: /root/placement/flow_tap/baseline/RL/fastTM/configs/benchmark_syn1.cfg
Output: /root/placement/flow_tap/baseline/RL/fastTM/outputs/benchmark_syn1
#info# Characterizing R_self for Chiplet0 at [ 5.6 , 5.1 ] [mm]
#info# Characterizing R_self for Chiplet0 at [ 20.444438180000002 , 5.1 ] [mm]
#info# Characterizing R_self for Chiplet0 at [ 5.6 , 20.439438180000003 ] [mm]
#info# Characterizing R_self for Chiplet0 at [ 20.444438180000002 , 20.439438180000003 ] [mm]
#info# R_self characterization done for: Chiplet0 . Saved to file: /root/placement/flow_tap/baseline/RL/fastTM/outputs/benchmark_syn1/Chiplet0.rself
#info# Characterizing R_mutu for Chiplet0 at [ 5.6 , 5.1 ] [mm]
#info# R_mutual characterization done for: Chiplet0 Saved to file: /root/placement/flow_tap/baseline/RL/fastTM/outputs/benchmark_syn1/Chiplet0.rmutu
#info# Characterizing R_self for Chiplet1 at [ 6.1 , 5.1 ] [mm]
#info# Characterizing R_self for Chiplet1 at [ 20.44943818 , 5.1 ] [mm]
#info# Characterizing R_self for Chiplet1 at [ 6.1 , 20.439438180000003 ] [mm]
#info# Characterizing R_self for Chiplet1 at [ 20.44943818 , 20.439438180000003 ] [mm]
#info# R_self characterization done for: Chiplet1 . Saved to file: /root/placement/flow_tap/baseline/RL/fastTM/outputs/benchmark_syn1/Chiplet1.rself
#info# Characterizing R_mutu for Chiplet1 at [ 6.1 , 5.1 ] [mm]
#info# R_mutual characterization done for: Chiplet1 Saved to file: /root/placement/flow_tap/baseline/RL/fastTM/outputs/benchmark_syn1/Chiplet1.rmutu
#info# Characterizing R_self for Chiplet2 at [ 3.1 , 7.6 ] [mm]
#info# Characterizing R_self for Chiplet2 at [ 20.419438180000004 , 7.6 ] [mm]
#info# Characterizing R_self for Chiplet2 at [ 3.1 , 20.464438180000002 ] [mm]
#info# Characterizing R_self for Chiplet2 at [ 20.419438180000004 , 20.464438180000002 ] [mm]
#info# R_self characterization done for: Chiplet2 . Saved to file: /root/placement/flow_tap/baseline/RL/fastTM/outputs/benchmark_syn1/Chiplet2.rself
#info# Characterizing R_mutu for Chiplet2 at [ 3.1 , 7.6 ] [mm]
#info# R_mutual characterization done for: Chiplet2 Saved to file: /root/placement/flow_tap/baseline/RL/fastTM/outputs/benchmark_syn1/Chiplet2.rmutu
#info# Characterizing R_self for Chiplet3 at [ 6.6 , 3.1 ] [mm]
#info# Characterizing R_self for Chiplet3 at [ 20.454438180000004 , 3.1 ] [mm]
#info# Characterizing R_self for Chiplet3 at [ 6.6 , 20.419438180000004 ] [mm]
#info# Characterizing R_self for Chiplet3 at [ 20.454438180000004 , 20.419438180000004 ] [mm]
#info# R_self characterization done for: Chiplet3 . Saved to file: /root/placement/flow_tap/baseline/RL/fastTM/outputs/benchmark_syn1/Chiplet3.rself
#info# Characterizing R_mutu for Chiplet3 at [ 6.6 , 3.1 ] [mm]
#info# R_mutual characterization done for: Chiplet3 Saved to file: /root/placement/flow_tap/baseline/RL/fastTM/outputs/benchmark_syn1/Chiplet3.rmutu
#info# Characterizing R_self for Chiplet4 at [ 5.6 , 2.6 ] [mm]
#info# Characterizing R_self for Chiplet4 at [ 20.444438180000002 , 2.6 ] [mm]
#info# Characterizing R_self for Chiplet4 at [ 5.6 , 20.41443818 ] [mm]
#info# Characterizing R_self for Chiplet4 at [ 20.444438180000002 , 20.41443818 ] [mm]
#info# R_self characterization done for: Chiplet4 . Saved to file: /root/placement/flow_tap/baseline/RL/fastTM/outputs/benchmark_syn1/Chiplet4.rself
#info# Characterizing R_mutu for Chiplet4 at [ 5.6 , 2.6 ] [mm]
#info# R_mutual characterization done for: Chiplet4 Saved to file: /root/placement/flow_tap/baseline/RL/fastTM/outputs/benchmark_syn1/Chiplet4.rmutu
#info# Characterizing R_self for Chiplet5 at [ 7.6 , 3.1 ] [mm]
#info# Characterizing R_self for Chiplet5 at [ 20.464438180000002 , 3.1 ] [mm]
#info# Characterizing R_self for Chiplet5 at [ 7.6 , 20.419438180000004 ] [mm]
#info# Characterizing R_self for Chiplet5 at [ 20.464438180000002 , 20.419438180000004 ] [mm]
#info# R_self characterization done for: Chiplet5 . Saved to file: /root/placement/flow_tap/baseline/RL/fastTM/outputs/benchmark_syn1/Chiplet5.rself
#info# Characterizing R_mutu for Chiplet5 at [ 7.6 , 3.1 ] [mm]
#info# R_mutual characterization done for: Chiplet5 Saved to file: /root/placement/flow_tap/baseline/RL/fastTM/outputs/benchmark_syn1/Chiplet5.rmutu
#info# Characterizing R_self for Chiplet6 at [ 2.6 , 2.6 ] [mm]
#info# Characterizing R_self for Chiplet6 at [ 20.41443818 , 2.6 ] [mm]
#info# Characterizing R_self for Chiplet6 at [ 2.6 , 20.41443818 ] [mm]
#info# Characterizing R_self for Chiplet6 at [ 20.41443818 , 20.41443818 ] [mm]
#info# R_self characterization done for: Chiplet6 . Saved to file: /root/placement/flow_tap/baseline/RL/fastTM/outputs/benchmark_syn1/Chiplet6.rself
#info# Characterizing R_mutu for Chiplet6 at [ 2.6 , 2.6 ] [mm]
#info# R_mutual characterization done for: Chiplet6 Saved to file: /root/placement/flow_tap/baseline/RL/fastTM/outputs/benchmark_syn1/Chiplet6.rmutu
#info# Characterizing R_self for Chiplet7 at [ 3.1 , 7.1 ] [mm]
#info# Characterizing R_self for Chiplet7 at [ 20.419438180000004 , 7.1 ] [mm]
#info# Characterizing R_self for Chiplet7 at [ 3.1 , 20.459438180000003 ] [mm]
#info# Characterizing R_self for Chiplet7 at [ 20.419438180000004 , 20.459438180000003 ] [mm]
#info# R_self characterization done for: Chiplet7 . Saved to file: /root/placement/flow_tap/baseline/RL/fastTM/outputs/benchmark_syn1/Chiplet7.rself
#info# Characterizing R_mutu for Chiplet7 at [ 3.1 , 7.1 ] [mm]
#info# R_mutual characterization done for: Chiplet7 Saved to file: /root/placement/flow_tap/baseline/RL/fastTM/outputs/benchmark_syn1/Chiplet7.rmutu
#info# Characterizing R_self for Chiplet8 at [ 3.1 , 6.1 ] [mm]
#info# Characterizing R_self for Chiplet8 at [ 20.419438180000004 , 6.1 ] [mm]
#info# Characterizing R_self for Chiplet8 at [ 3.1 , 20.44943818 ] [mm]
#info# Characterizing R_self for Chiplet8 at [ 20.419438180000004 , 20.44943818 ] [mm]
#info# R_self characterization done for: Chiplet8 . Saved to file: /root/placement/flow_tap/baseline/RL/fastTM/outputs/benchmark_syn1/Chiplet8.rself
#info# Characterizing R_mutu for Chiplet8 at [ 3.1 , 6.1 ] [mm]
#info# R_mutual characterization done for: Chiplet8 Saved to file: /root/placement/flow_tap/baseline/RL/fastTM/outputs/benchmark_syn1/Chiplet8.rmutu
Thermal tables generated.
