{
  "case": "xerox6_m_bump",
  "mode": "thermal",
  "base_seed": 1,
  "status": "completed",
  "error": null,
  "legal_found": true,
  "num_legal": 1,
  "num_illegal": 0,
  "attempts": 1,
  "best_hpwl": 55155203.63112831,
  "twl_m": 55.15520363112831,
  "best_seed": 1,
  "best_legal": true,
  "best_overlaps": 0,
  "best_legalize_method": "milp",
  "best_legalize_s": 0.012471437454223633,
  "total_legalize_s": 0.012471437454223633,
  "runtime_s": 505.56769251823425,
  "attempt_log": [
    {
      "seed": 1,
      "iterations": 100,
      "overlaps": 0,
      "overlaps_raw": 0,
      "hpwl": 55155203.63112831,
      "hpwl_raw": 55155068.0,
      "run_s": 504.57290029525757,
      "legal": true,
      "legalize_method": "milp",
      "legalize_s": 0.012471437454223633,
      "layout_dir": "/root/placement/flow_tap/baseline/ATPlace_pub/result_wlsweep/xerox6_m_bump/wl21/seed1"
    }
  ],
  "layout_json": "/root/placement/flow_tap/baseline/ATPlace_pub/result_wlsweep/xerox6_m_bump/wl21/layout.json",
  "layout_png": "/root/placement/flow_tap/baseline/ATPlace_pub/result_wlsweep/xerox6_m_bump/wl21/layout.png",
  "layout_chiplets": 6,
  "visualized": true
}
