{
  "case": "syn1_bump",
  "mode": "thermal",
  "base_seed": 1,
  "status": "completed",
  "error": null,
  "legal_found": true,
  "num_legal": 1,
  "num_illegal": 0,
  "attempts": 1,
  "best_hpwl": 39104642.53404617,
  "twl_m": 39.10464253404617,
  "best_seed": 1,
  "best_legal": true,
  "best_overlaps": 0,
  "best_legalize_method": "milp",
  "best_legalize_s": 0.04726457595825195,
  "total_legalize_s": 0.04726457595825195,
  "runtime_s": 946.794075012207,
  "attempt_log": [
    {
      "seed": 1,
      "iterations": 100,
      "overlaps": 0,
      "overlaps_raw": 0,
      "hpwl": 39104642.53404617,
      "hpwl_raw": 39104252.0,
      "run_s": 944.7779314517975,
      "legal": true,
      "legalize_method": "milp",
      "legalize_s": 0.04726457595825195,
      "layout_dir": "/root/placement/flow_tap/baseline/ATPlace_pub/result_wlsweep/syn1_bump/wl39/seed1"
    }
  ],
  "layout_json": "/root/placement/flow_tap/baseline/ATPlace_pub/result_wlsweep/syn1_bump/wl39/layout.json",
  "layout_png": "/root/placement/flow_tap/baseline/ATPlace_pub/result_wlsweep/syn1_bump/wl39/layout.png",
  "layout_chiplets": 10,
  "visualized": true
}
