{
  "case": "multigpu_bump",
  "mode": "thermal",
  "base_seed": 1,
  "status": "completed",
  "error": null,
  "legal_found": true,
  "num_legal": 1,
  "num_illegal": 0,
  "attempts": 1,
  "best_hpwl": 61666837.449409485,
  "twl_m": 61.666837449409485,
  "best_seed": 1,
  "best_legal": true,
  "best_overlaps": 0,
  "best_legalize_method": "milp",
  "best_legalize_s": 0.0381169319152832,
  "total_legalize_s": 0.0381169319152832,
  "runtime_s": 605.0217688083649,
  "attempt_log": [
    {
      "seed": 1,
      "iterations": 100,
      "overlaps": 0,
      "overlaps_raw": 0,
      "hpwl": 61666837.449409485,
      "hpwl_raw": 61666552.0,
      "run_s": 603.8308668136597,
      "legal": true,
      "legalize_method": "milp",
      "legalize_s": 0.0381169319152832,
      "layout_dir": "/root/placement/flow_tap/baseline/ATPlace_pub/result_wlsweep/multigpu_bump/wl48/seed1"
    }
  ],
  "layout_json": "/root/placement/flow_tap/baseline/ATPlace_pub/result_wlsweep/multigpu_bump/wl48/layout.json",
  "layout_png": "/root/placement/flow_tap/baseline/ATPlace_pub/result_wlsweep/multigpu_bump/wl48/layout.png",
  "layout_chiplets": 6,
  "visualized": true
}
