{
  "case": "xerox7_m_bump",
  "mode": "thermal",
  "base_seed": 1,
  "status": "completed",
  "error": null,
  "legal_found": true,
  "num_legal": 1,
  "num_illegal": 0,
  "attempts": 1,
  "best_hpwl": 79101044.36701238,
  "twl_m": 79.10104436701238,
  "best_seed": 1,
  "best_legal": true,
  "best_overlaps": 0,
  "best_legalize_method": "milp",
  "best_legalize_s": 0.04698348045349121,
  "total_legalize_s": 0.04698348045349121,
  "runtime_s": 613.3498558998108,
  "attempt_log": [
    {
      "seed": 1,
      "iterations": 100,
      "overlaps": 0,
      "overlaps_raw": 0,
      "hpwl": 79101044.36701238,
      "hpwl_raw": 79100648.0,
      "run_s": 611.766744852066,
      "legal": true,
      "legalize_method": "milp",
      "legalize_s": 0.04698348045349121,
      "layout_dir": "/root/placement/flow_tap/baseline/ATPlace_pub/result_wlsweep/xerox7_m_bump/wl13/seed1"
    }
  ],
  "layout_json": "/root/placement/flow_tap/baseline/ATPlace_pub/result_wlsweep/xerox7_m_bump/wl13/layout.json",
  "layout_png": "/root/placement/flow_tap/baseline/ATPlace_pub/result_wlsweep/xerox7_m_bump/wl13/layout.png",
  "layout_chiplets": 7,
  "visualized": true
}
