{
  "case": "hp6_m_bump",
  "mode": "thermal",
  "base_seed": 1,
  "status": "completed",
  "error": null,
  "legal_found": true,
  "num_legal": 1,
  "num_illegal": 0,
  "attempts": 1,
  "best_hpwl": 14837489.842235565,
  "twl_m": 14.837489842235565,
  "best_seed": 1,
  "best_legal": true,
  "best_overlaps": 0,
  "best_legalize_method": "milp",
  "best_legalize_s": 0.009228706359863281,
  "total_legalize_s": 0.009228706359863281,
  "runtime_s": 553.1941432952881,
  "attempt_log": [
    {
      "seed": 1,
      "iterations": 100,
      "overlaps": 0,
      "overlaps_raw": 0,
      "hpwl": 14837489.842235565,
      "hpwl_raw": 14837421.0,
      "run_s": 552.3893716335297,
      "legal": true,
      "legalize_method": "milp",
      "legalize_s": 0.009228706359863281,
      "layout_dir": "/root/placement/flow_tap/baseline/ATPlace_pub/result_wlsweep/hp6_m_bump/wl26/seed1"
    }
  ],
  "layout_json": "/root/placement/flow_tap/baseline/ATPlace_pub/result_wlsweep/hp6_m_bump/wl26/layout.json",
  "layout_png": "/root/placement/flow_tap/baseline/ATPlace_pub/result_wlsweep/hp6_m_bump/wl26/layout.png",
  "layout_chiplets": 6,
  "visualized": true
}
