{
  "case": "xerox6_m_bump",
  "mode": "thermal",
  "base_seed": 1,
  "status": "completed",
  "error": null,
  "legal_found": true,
  "num_legal": 1,
  "num_illegal": 0,
  "attempts": 1,
  "best_hpwl": 55100077.97048378,
  "twl_m": 55.10007797048378,
  "best_seed": 1,
  "best_legal": true,
  "best_overlaps": 0,
  "best_legalize_method": "milp",
  "best_legalize_s": 0.011406421661376953,
  "total_legalize_s": 0.011406421661376953,
  "runtime_s": 334.3848662376404,
  "attempt_log": [
    {
      "seed": 1,
      "iterations": 100,
      "overlaps": 0,
      "overlaps_raw": 0,
      "hpwl": 55100077.97048378,
      "hpwl_raw": 55099840.0,
      "run_s": 333.7946367263794,
      "legal": true,
      "legalize_method": "milp",
      "legalize_s": 0.011406421661376953,
      "layout_dir": "/root/placement/flow_tap/baseline/ATPlace_pub/result/xerox6_m_bump/seed1"
    }
  ],
  "layout_json": "/root/placement/flow_tap/baseline/ATPlace_pub/result/xerox6_m_bump/layout.json",
  "layout_png": "/root/placement/flow_tap/baseline/ATPlace_pub/result/xerox6_m_bump/layout.png",
  "layout_chiplets": 6,
  "visualized": true
}
