{
  "case": "multigpu_bump",
  "mode": "thermal",
  "base_seed": 1,
  "status": "completed",
  "error": null,
  "legal_found": true,
  "num_legal": 1,
  "num_illegal": 0,
  "attempts": 1,
  "best_hpwl": 62741972.753707886,
  "twl_m": 62.741972753707884,
  "best_seed": 1,
  "best_legal": true,
  "best_overlaps": 0,
  "best_legalize_method": "milp",
  "best_legalize_s": 0.11096858978271484,
  "total_legalize_s": 0.11096858978271484,
  "runtime_s": 609.4584701061249,
  "attempt_log": [
    {
      "seed": 1,
      "iterations": 100,
      "overlaps": 0,
      "overlaps_raw": 0,
      "hpwl": 62741972.753707886,
      "hpwl_raw": 62741688.0,
      "run_s": 606.047842502594,
      "legal": true,
      "legalize_method": "milp",
      "legalize_s": 0.11096858978271484,
      "layout_dir": "/root/placement/flow_tap/baseline/ATPlace_pub/result_wlsweep/multigpu_bump/wl49/seed1"
    }
  ],
  "layout_json": "/root/placement/flow_tap/baseline/ATPlace_pub/result_wlsweep/multigpu_bump/wl49/layout.json",
  "layout_png": "/root/placement/flow_tap/baseline/ATPlace_pub/result_wlsweep/multigpu_bump/wl49/layout.png",
  "layout_chiplets": 6,
  "visualized": true
}
