case,seed,n_chiplets,n_connections,total_wirelength_mm,avg_wirelength_mm,avg_temp_C,max_temp_C,bbox_area_mm2,bbox_width_mm,bbox_height_mm,wirelength_time_s,thermal_time_s,error,case_src,srcs,pareto_layer
acend910,84,6,5,37507.309124,15.321613,63.103943,74.380000,1526.503778,40.707955,37.498906,0.056000,8.095000,,acend910,ours_50set.csv;result.csv,1
acend910,106,6,5,40110.662216,16.385074,64.236853,74.360000,1424.541741,37.902005,37.584865,0.056000,8.339000,,acend910,ours_50set.csv;result.csv,1
acend910,120,6,5,21176.562800,8.650557,62.922371,74.860000,1775.680474,40.817392,43.503036,0.055000,7.801000,,acend910,ours_50set.csv;result.csv,1
acend910,68,6,5,22781.018798,9.305972,65.218196,75.250000,1414.605692,37.874047,37.350265,0.087000,10.636000,,acend910,ours_50set.csv;result_old.csv,1
acend910,70,6,5,31859.868256,13.014652,62.741240,74.490000,1429.967018,32.933002,43.420488,0.096000,10.279000,,acend910,ours_50set.csv;result_old.csv,1
acend910,71,6,5,26858.366498,10.971555,62.859426,74.810000,1310.198381,30.153147,43.451464,0.088000,10.584000,,acend910,ours_50set.csv;result_old.csv,1
acend910,121,6,5,27821.880640,11.365147,63.714980,74.670000,1571.634847,38.105446,41.244363,0.059000,8.364000,,acend910_thermal0p01_wirelength0,ours_50set.csv;result.csv,1
acend910,121,6,5,24279.812644,9.918224,62.915186,74.960000,1494.303413,34.280253,43.590793,0.059000,8.199000,,acend910_thermal0p01_wirelength0p02,ours_50set.csv;result.csv,1
acend910,121,6,5,21455.441746,8.764478,62.917341,75.030000,1436.100486,32.863049,43.699551,0.062000,8.057000,,acend910_thermal0p01_wirelength2,ours_50set.csv;result.csv,1
acend910,121,6,5,24213.762694,9.891243,62.923179,74.960000,1494.345479,34.297623,43.569943,0.067000,8.259000,,acend910_thermal0p03_wirelength0p02,ours_50set.csv;result.csv,1
acend910,121,6,5,18636.936624,7.613128,63.031770,75.170000,1442.259867,33.214619,43.422442,0.061000,8.365000,,acend910_thermal0p03_wirelength2,ours_50set.csv;result.csv,1
acend910,121,6,5,59232.863576,24.196431,62.049404,73.150000,1744.244300,40.333095,43.245982,0.068000,7.976000,,acend910_thermal0p03_wirelength50,ours_50set.csv;result.csv,1
acend910,121,6,5,19985.514624,8.164017,63.045522,75.100000,1629.384307,37.272409,43.715562,0.071000,8.143000,,acend910_thermal0p1_wirelength2,ours_50set.csv;result.csv,1
acend910,121,6,5,18898.145160,7.719831,65.458672,75.430000,1236.949924,32.957048,37.532182,0.063000,8.834000,,acend910_thermal100_wirelength0p02,ours_50set.csv;result.csv,1
acend910,121,6,5,29062.944048,11.872118,63.138423,74.610000,1626.759144,37.856374,42.971869,0.073000,8.017000,,acend910_thermal10_wirelength0,ours_50set.csv;result.csv,1
acend910,121,6,5,26463.314834,10.810178,63.737852,74.950000,1572.134731,37.952383,41.423874,0.061000,8.510000,,acend910_thermal1_wirelength0,ours_50set.csv;result.csv,1
acend910,121,6,5,18642.481256,7.615393,62.786580,75.120000,1467.153327,32.956350,44.518077,0.056000,8.177000,,acend910_thermal1_wirelength2,ours_50set.csv;result.csv,1
acend910,121,6,5,55566.874168,22.698887,59.289761,73.530000,1520.540488,27.444241,55.404720,0.066000,7.362000,,acend910_thermal1_wirelength50,ours_50set.csv;result.csv,1
acend910,121,6,5,21167.321632,8.646782,63.120356,75.070000,1652.453844,37.993459,43.493114,0.067000,8.297000,,acend910_thermal30_wirelength0p02,ours_50set.csv;result.csv,1
acend910,121,6,5,18669.768016,7.626539,65.490125,75.460000,1234.003029,32.911384,37.494717,0.057000,8.939000,,acend910_thermal30_wirelength0p2,ours_50set.csv;result.csv,1
acend910,121,6,5,19289.801200,7.879821,63.172991,75.230000,1431.327468,32.922639,43.475478,0.064000,8.048000,,acend910_thermal30_wirelength2,ours_50set.csv;result.csv,1
acend910,121,6,5,27574.321794,11.264020,63.521812,74.780000,1592.947369,37.888926,42.042558,0.057000,8.315000,,acend910_thermal3_wirelength0,ours_50set.csv;result.csv,1
acend910,121,6,5,16281.751820,6.651042,63.000002,75.400000,1435.666930,32.845365,43.709879,0.059000,8.113000,,acend910_thermal3_wirelength2,ours_50set.csv;result.csv,1
acend910,121,6,5,60040.339336,24.526282,58.210889,73.230000,1733.482711,28.910241,59.960853,0.057000,7.014000,,acend910_thermal3_wirelength50,ours_50set.csv;result.csv,1
acend910,121,6,5,34783.758958,14.209052,62.287603,74.430000,1992.205992,44.236552,45.035291,0.069000,8.261000,,acend910_thermal0p01_wirelength50,ours_50set.csv;result.csv,1
acend910,97,6,5,34867.243236,14.243155,62.584805,74.710000,1439.103861,32.905313,43.734696,0.059000,7.923000,,acend910,ours_50set.csv;result.csv,2
acend910,61,6,5,33051.546850,13.501449,62.918845,74.580000,1652.248679,37.945417,43.542773,0.089000,9.966000,,acend910,ours_50set.csv;result_old.csv,2
acend910,87,6,5,27956.037948,11.419950,62.799922,74.910000,1430.067973,32.928291,43.429766,0.073000,8.101000,,acend910,ours_50set.csv;result.csv,2
acend910,121,6,5,32021.654688,13.080741,61.540471,74.840000,1532.890116,32.227765,47.564270,0.059000,7.850000,,acend910_thermal10_wirelength50,ours_50set.csv;result.csv,2
acend910,64,6,5,29723.684456,12.142028,63.971721,74.770000,1588.778115,40.618508,39.114635,0.103000,10.065000,,acend910,ours_50set.csv;result_old.csv,2
acend910,121,6,5,22621.973308,9.241002,63.087808,75.040000,1556.360649,35.814618,43.456017,0.059000,8.205000,,acend910_thermal3_wirelength0p02,ours_50set.csv;result.csv,2
acend910,121,6,5,24273.771478,9.915756,62.938391,74.970000,1495.871438,34.357429,43.538515,0.059000,8.094000,,acend910_thermal0_wirelength0p02,ours_50set.csv;result.csv,2
acend910,121,6,5,26218.210160,10.710053,63.786362,74.960000,1564.183467,37.890335,41.281859,0.059000,8.259000,,acend910_thermal0_wirelength0,ours_50set.csv;result.csv,2
acend910,67,6,5,31365.557286,12.812728,63.850835,74.670000,1658.186067,40.679866,40.761837,0.093000,10.255000,,acend910,ours_50set.csv;result_old.csv,2
acend910,63,6,5,18813.821872,7.685385,63.111277,75.130000,1806.291513,41.558836,43.463477,0.094000,10.218000,,acend910,result_old.csv,2
acend910,65,6,5,23222.581194,9.486349,64.588630,75.140000,1497.641728,39.661600,37.760497,0.076000,10.333000,,acend910,ours_50set.csv;result_old.csv,2
acend910,66,6,5,20518.643314,8.381799,63.053606,75.190000,1646.123201,37.896433,43.437418,0.093000,10.251000,,acend910,ours_50set.csv;result_old.csv,2
acend910,121,6,5,22301.700406,9.110172,63.187424,75.090000,1701.033734,39.188386,43.406578,0.056000,8.128000,,acend910_thermal100_wirelength2,ours_50set.csv;result.csv,2
acend910,69,6,5,18789.602542,7.675491,64.548892,75.520000,1310.812315,32.874004,39.873826,0.110000,10.777000,,acend910,ours_50set.csv;result_old.csv,2
acend910,121,6,5,18997.677480,7.760489,64.968167,75.540000,1284.049533,32.925095,38.999114,0.060000,8.611000,,acend910_thermal10_wirelength2,ours_50set.csv;result.csv,2
acend910,72,6,5,28005.845290,11.440296,62.782578,74.830000,1596.111994,36.472786,43.761724,0.090000,10.565000,,acend910,ours_50set.csv;result_old.csv,2
acend910,121,6,5,20757.031022,8.479179,64.134680,75.430000,1541.940718,37.848978,40.739296,0.063000,8.608000,,acend910_thermal100_wirelength0,result.csv,2
acend910,121,6,5,24377.778048,9.958243,62.952146,74.980000,1505.580502,34.594765,43.520472,0.056000,8.156000,,acend910_thermal0p3_wirelength0p02,ours_50set.csv;result.csv,3
acend910,121,6,5,24403.147906,9.968606,62.912847,74.970000,1511.744712,34.654178,43.623736,0.069000,8.047000,,acend910_thermal0p1_wirelength0p02,ours_50set.csv;result.csv,3
acend910,121,6,5,26250.206654,10.723124,63.779783,74.960000,1567.328220,37.946722,41.303389,0.057000,8.541000,,acend910_thermal0p1_wirelength0,ours_50set.csv;result.csv,3
acend910,121,6,5,24451.651712,9.988420,62.911838,74.970000,1514.214932,34.705735,43.630107,0.057000,8.228000,,acend910_thermal1_wirelength0p02,ours_50set.csv;result.csv,4
acend910,62,6,5,25110.839424,10.257696,63.532810,75.030000,1650.223535,42.853687,38.508321,0.091000,10.126000,,acend910,ours_50set.csv;result_old.csv,5
acend910,73,6,5,26161.638478,10.686944,63.999802,74.970000,1607.661023,40.621924,39.576191,0.092000,10.820000,,acend910,ours_50set.csv;result_old.csv,5
acend910,121,6,5,25919.768926,10.588141,63.805854,74.990000,1563.280166,37.889279,41.259169,0.058000,8.292000,,acend910_thermal0p03_wirelength0,ours_50set.csv;result.csv,5
acend910,121,6,5,24492.445962,10.005084,64.062175,75.130000,1616.084195,40.642168,39.763730,0.056000,8.417000,,acend910_thermal10_wirelength0p02,ours_50set.csv;result.csv,5
cpu-dram,103,8,8,113953.089192,11.128231,87.759016,108.150000,1073.822988,33.198060,32.345956,0.159000,8.974000,,cpu-dram,ours_50set.csv;result.csv,1
cpu-dram,113,8,8,189438.278078,18.499832,87.410542,110.450000,973.386262,34.936209,27.861817,0.163000,9.568000,,cpu-dram,ours_50set.csv;result.csv,1
cpu-dram,62,8,8,116961.519628,11.422023,89.008894,108.850000,1014.595014,31.387108,32.325215,0.262000,11.713000,,cpu-dram,ours_50set.csv;result_old.csv,1
cpu-dram,73,8,8,122959.052392,12.007720,91.949355,114.400000,885.444805,30.964525,28.595459,0.226000,12.723000,,cpu-dram,ours_50set.csv;result_old.csv,1
cpu-dram,121,8,8,87719.082960,8.566317,94.846160,118.210000,872.221876,28.700325,30.390662,0.183000,10.098000,,cpu-dram_thermal0_wirelength2,ours_50set.csv;result.csv,1
cpu-dram,121,8,8,130241.637022,12.718910,93.458289,113.050000,813.966173,27.091664,30.044894,0.191000,9.762000,,cpu-dram_thermal0p01_wirelength0p2,ours_50set.csv;result.csv,1
cpu-dram,121,8,8,91919.796204,8.976543,93.347705,115.470000,904.263433,30.915784,29.249248,0.173000,9.521000,,cpu-dram_thermal0p01_wirelength2,ours_50set.csv;result.csv,1
cpu-dram,121,8,8,130715.370608,12.765173,93.541389,113.020000,809.604531,27.024728,29.957916,0.188000,9.861000,,cpu-dram_thermal0p03_wirelength0p2,ours_50set.csv;result.csv,1
cpu-dram,121,8,8,130811.440230,12.774555,93.471748,113.000000,810.692062,27.032321,29.989732,0.165000,9.824000,,cpu-dram_thermal0p1_wirelength0p2,ours_50set.csv;result.csv,1
cpu-dram,121,8,8,92738.149010,9.056460,97.749136,117.190000,730.658560,26.375044,27.702648,0.168000,10.460000,,cpu-dram_thermal0p1_wirelength2,ours_50set.csv;result.csv,1
cpu-dram,121,8,8,130352.095796,12.729697,93.431499,112.930000,812.170920,27.051692,30.022925,0.163000,10.001000,,cpu-dram_thermal0p3_wirelength0p2,ours_50set.csv;result.csv,1
cpu-dram,121,8,8,79390.326060,7.752962,95.216101,118.160000,908.669037,29.755933,30.537407,0.168000,9.922000,,cpu-dram_thermal0p3_wirelength2,ours_50set.csv;result.csv,1
cpu-dram,121,8,8,188186.716154,18.377609,83.101929,99.850000,1149.237577,35.527150,32.348150,0.173000,8.379000,,cpu-dram_thermal100_wirelength0,ours_50set.csv;result.csv,1
cpu-dram,121,8,8,131335.639700,12.825746,83.699824,101.240000,1019.129777,35.548831,28.668447,0.163000,8.499000,,cpu-dram_thermal100_wirelength0p02,ours_50set.csv;result.csv,1
cpu-dram,121,8,8,123269.699980,12.038057,85.883999,105.080000,973.409205,34.496279,28.217803,0.161000,8.686000,,cpu-dram_thermal100_wirelength0p2,ours_50set.csv;result.csv,1
cpu-dram,121,8,8,157646.112136,15.395128,83.292117,100.350000,1152.283178,35.617393,32.351699,0.169000,8.530000,,cpu-dram_thermal10_wirelength0,ours_50set.csv;result.csv,1
cpu-dram,121,8,8,137611.264656,13.438600,82.541277,99.800000,1231.083087,35.145706,35.027980,0.182000,8.418000,,cpu-dram_thermal10_wirelength0p02,ours_50set.csv;result.csv,1
cpu-dram,121,8,8,117957.594396,11.519296,87.993503,106.790000,1026.655581,33.767171,30.403956,0.163000,8.941000,,cpu-dram_thermal10_wirelength0p2,ours_50set.csv;result.csv,1
cpu-dram,121,8,8,123321.218368,12.043088,90.958843,111.050000,852.942127,26.780636,31.849211,0.161000,9.521000,,cpu-dram_thermal1_wirelength0p2,ours_50set.csv;result.csv,1
cpu-dram,121,8,8,84450.810924,8.247150,98.720125,122.820000,745.507644,27.029164,27.581602,0.169000,10.579000,,cpu-dram_thermal1_wirelength2,ours_50set.csv;result.csv,1
cpu-dram,121,8,8,160079.339646,15.632748,83.573081,101.040000,1125.736444,35.391924,31.807721,0.159000,8.602000,,cpu-dram_thermal30_wirelength0,ours_50set.csv;result.csv,1
cpu-dram,121,8,8,134120.435370,13.097699,83.487017,101.200000,1088.576966,35.486505,30.675801,0.161000,8.639000,,cpu-dram_thermal30_wirelength0p02,ours_50set.csv;result.csv,1
cpu-dram,121,8,8,119150.762064,11.635817,86.931379,106.070000,1070.815538,34.616572,30.933610,0.182000,8.829000,,cpu-dram_thermal30_wirelength0p2,ours_50set.csv;result.csv,1
cpu-dram,121,8,8,82243.628008,8.031604,93.273140,116.840000,966.138994,31.616714,30.557856,0.159000,9.426000,,cpu-dram_thermal30_wirelength2,ours_50set.csv;result.csv,1
cpu-dram,121,8,8,127921.390728,12.492323,83.689900,101.020000,1140.815481,35.558474,32.082802,0.170000,8.575000,,cpu-dram_thermal3_wirelength0,ours_50set.csv;result.csv,1
cpu-dram,121,8,8,130474.163534,12.741618,93.367759,112.570000,818.304838,27.203462,30.080908,0.185000,9.825000,,cpu-dram_thermal3_wirelength0p2,ours_50set.csv;result.csv,1
cpu-dram,121,8,8,101346.195216,9.897089,93.627427,116.380000,865.175436,30.537793,28.331302,0.161000,9.854000,,cpu-dram_thermal3_wirelength2,ours_50set.csv;result.csv,1
cpu-dram,121,8,8,84086.631656,8.211585,95.900076,120.220000,834.398201,27.793215,30.021651,0.163000,9.904000,,cpu-dram_thermal10_wirelength2,ours_50set.csv;result.csv,1
cpu-dram,121,8,8,88655.289778,8.657743,94.690381,119.880000,853.088615,28.020839,30.444792,0.164000,9.869000,,cpu-dram_thermal0p03_wirelength2,ours_50set.csv;result.csv,1
cpu-dram,121,8,8,136050.542520,13.286186,86.055127,101.670000,1065.583224,32.857787,32.430158,0.177000,8.941000,,cpu-dram_thermal0p3_wirelength0,ours_50set.csv;result.csv,2
cpu-dram,121,8,8,131410.137862,12.833021,86.290413,102.940000,1125.599021,34.111999,32.997158,0.168000,8.744000,,cpu-dram_thermal0p1_wirelength0,ours_50set.csv;result.csv,2
cpu-dram,121,8,8,131483.671740,12.840202,86.594595,103.300000,1118.712072,33.888975,33.011092,0.160000,8.897000,,cpu-dram_thermal0p03_wirelength0,ours_50set.csv;result.csv,2
cpu-dram,121,8,8,131403.384032,12.832362,86.613083,103.320000,1117.226012,33.840202,33.014756,0.159000,8.983000,,cpu-dram_thermal0_wirelength0,ours_50set.csv;result.csv,2
cpu-dram,121,8,8,131560.979076,12.847752,86.682590,103.390000,1116.267412,33.814865,33.011145,0.164000,8.926000,,cpu-dram_thermal0p01_wirelength0,ours_50set.csv;result.csv,2
cpu-dram,121,8,8,140483.008982,13.719044,86.521067,104.660000,1046.474917,34.496742,30.335471,0.168000,8.877000,,cpu-dram_thermal1_wirelength0p02,ours_50set.csv;result.csv,2
cpu-dram,97,8,8,175832.074628,17.171101,86.247629,108.880000,985.978951,28.228380,34.928641,0.158000,9.662000,,cpu-dram,result.csv,2
cpu-dram,121,8,8,124201.680478,12.129070,89.326812,110.900000,1015.767536,32.915046,30.860280,0.176000,9.275000,,cpu-dram_thermal0p3_wirelength0p02,ours_50set.csv;result.csv,2
cpu-dram,70,8,8,129085.672022,12.606023,87.641504,109.700000,1030.767697,34.361978,29.997333,0.188000,12.190000,,cpu-dram,ours_50set.csv;result_old.csv,2
cpu-dram,121,8,8,214474.257090,20.944752,90.834722,111.290000,905.254056,31.397738,28.831824,0.175000,9.640000,,cpu-dram_thermal0_wirelength0p2,result.csv,2
cpu-dram,121,8,8,140918.340804,13.761557,83.757192,101.390000,1140.953381,35.201877,32.411720,0.161000,8.670000,,cpu-dram_thermal1_wirelength0,ours_50set.csv;result.csv,2
cpu-dram,121,8,8,140837.305246,13.753643,83.601807,101.130000,1154.949317,35.354881,32.667323,0.181000,8.629000,,cpu-dram_thermal3_wirelength0p02,ours_50set.csv;result.csv,2
cpu-dram,65,8,8,145296.630994,14.189124,89.005015,113.680000,963.639631,33.948924,28.384983,0.235000,12.127000,,cpu-dram,ours_50set.csv;result_old.csv,2
cpu-dram,68,8,8,157291.030330,15.360452,88.430437,113.560000,968.503382,33.993022,28.491241,0.241000,11.829000,,cpu-dram,ours_50set.csv;result_old.csv,2
cpu-dram,121,8,8,101412.422972,9.903557,93.342881,117.010000,873.292456,30.572957,28.564213,0.164000,9.781000,,cpu-dram_thermal100_wirelength2,ours_50set.csv;result.csv,2
cpu-dram,121,8,8,220998.622648,21.581897,95.233171,120.470000,841.836037,28.947793,29.081182,0.171000,10.080000,,cpu-dram_thermal0p03_wirelength50,result.csv,2
cpu-dram,99,8,8,168578.593936,16.462753,85.296753,104.940000,1160.044382,35.172401,32.981666,0.153000,9.597000,,cpu-dram,ours_50set.csv;result.csv,3
cpu-dram,121,8,8,130225.499744,12.717334,87.931057,110.220000,1080.523955,34.330381,31.474278,0.172000,8.833000,,cpu-dram_thermal0p01_wirelength0p02,ours_50set.csv;result.csv,3
cpu-dram,121,8,8,209415.203392,20.450703,95.156333,120.750000,879.294408,30.249981,29.067602,0.164000,9.927000,,cpu-dram_thermal1_wirelength50,result.csv,3
cpu-dram,72,8,8,185887.187356,18.153046,92.337844,117.990000,954.626624,29.926684,31.898844,0.234000,13.170000,,cpu-dram,result_old.csv,3
cpu-dram,64,8,8,205346.131692,20.053333,88.346191,110.010000,1003.477683,29.534503,33.976454,0.218000,11.798000,,cpu-dram,result_old.csv,3
hp11_m,83,11,22,236835.112188,20.558603,75.035212,96.560000,1464.495504,37.733531,38.811515,0.813000,8.386000,,hp11_m,ours_50set.csv;result.csv,1
hp11_m,94,11,22,242920.720560,21.086868,73.332229,91.650000,1594.042987,38.555569,41.344040,0.840000,8.273000,,hp11_m,ours_50set.csv;result.csv,1
hp11_m,115,11,22,304090.483146,26.396743,71.777163,88.500000,1731.200226,42.887852,40.365748,0.832000,7.747000,,hp11_m,ours_50set.csv;result.csv,1
hp11_m,118,11,22,227986.008120,19.790452,73.211506,90.890000,1751.622154,41.320928,42.390678,0.817000,7.838000,,hp11_m,ours_50set.csv;result.csv,1
hp11_m,61,11,22,197927.025940,17.181165,73.347725,93.690000,1617.469983,38.676031,41.820992,1.251000,11.156000,,hp11_m,ours_50set.csv;result_old.csv,1
hp11_m,63,11,22,174436.922592,15.142094,73.559119,97.720000,1633.016650,41.953005,38.924903,1.220000,11.085000,,hp11_m,ours_50set.csv;result_old.csv,1
hp11_m,65,11,22,183482.110814,15.927267,73.882732,94.880000,1660.488902,40.316995,41.185830,1.206000,11.204000,,hp11_m,ours_50set.csv;result_old.csv,1
hp11_m,68,11,22,259696.910176,22.543135,72.064490,88.650000,1775.010480,43.328085,40.966742,1.426000,10.712000,,hp11_m,ours_50set.csv;result_old.csv,1
hp11_m,73,11,22,196721.453564,17.076515,74.465488,94.390000,1547.744769,37.786339,40.960432,1.149000,11.619000,,hp11_m,ours_50set.csv;result_old.csv,1
hp11_m,121,11,22,216793.541896,18.818884,72.224312,91.840000,1822.484251,42.410000,42.972984,0.870000,8.046000,,hp11_m_thermal0_wirelength0,ours_50set.csv;result.csv,1
hp11_m,121,11,22,209965.085060,18.226136,73.125093,93.400000,1726.334324,41.833239,41.267049,0.878000,8.077000,,hp11_m_thermal0_wirelength0p02,ours_50set.csv;result.csv,1
hp11_m,121,11,22,156175.584888,13.556908,76.299465,101.350000,1495.092231,37.797664,39.555149,0.864000,8.457000,,hp11_m_thermal0_wirelength2,ours_50set.csv;result.csv,1
hp11_m,121,11,22,233390.552810,20.259597,75.772510,92.080000,1489.865846,38.512955,38.684797,0.864000,8.538000,,hp11_m_thermal0p01_wirelength50,ours_50set.csv;result.csv,1
hp11_m,121,11,22,286956.391294,24.909409,72.902920,91.460000,1712.783865,42.076120,40.706792,0.840000,7.970000,,hp11_m_thermal0p03_wirelength0,ours_50set.csv;result.csv,1
hp11_m,121,11,22,191074.184126,16.586301,73.373984,95.150000,1552.893332,35.698090,43.500740,0.859000,8.016000,,hp11_m_thermal0p03_wirelength0p02,ours_50set.csv;result.csv,1
hp11_m,121,11,22,209073.884786,18.148775,73.726125,93.450000,1703.814556,40.939398,41.617968,0.887000,8.090000,,hp11_m_thermal0p1_wirelength0,ours_50set.csv;result.csv,1
hp11_m,121,11,22,203765.284142,17.687959,75.987288,97.830000,1436.848490,37.134366,38.693228,0.901000,8.670000,,hp11_m_thermal0p1_wirelength2,ours_50set.csv;result.csv,1
hp11_m,121,11,22,206248.045610,17.903476,74.933540,94.650000,1486.818963,37.308084,39.852461,0.872000,8.411000,,hp11_m_thermal100_wirelength0p2,ours_50set.csv;result.csv,1
hp11_m,121,11,22,142071.993666,12.332638,76.442139,102.480000,1343.160565,33.380234,40.238201,0.858000,8.530000,,hp11_m_thermal1_wirelength2,ours_50set.csv;result.csv,1
hp11_m,121,11,22,215485.593444,18.705347,74.933574,96.370000,1485.160010,37.118505,40.011310,0.860000,8.136000,,hp11_m_thermal3_wirelength0p2,ours_50set.csv;result.csv,1
hp11_m,121,11,22,171942.704226,14.925582,73.813491,95.510000,1676.106709,41.983589,39.922902,0.871000,8.148000,,hp11_m_thermal0p03_wirelength2,ours_50set.csv;result.csv,1
hp11_m,121,11,22,189246.450996,16.427643,74.599861,97.180000,1607.364537,40.849263,39.348679,0.878000,8.233000,,hp11_m_thermal3_wirelength2,ours_50set.csv;result.csv,1
hp11_m,121,11,22,162241.305468,14.083447,74.990540,99.670000,1650.549406,41.160753,40.100078,0.882000,8.324000,,hp11_m_thermal30_wirelength2,ours_50set.csv;result.csv,1
hp11_m,64,11,22,237221.452514,20.592140,72.626345,91.000000,1764.768199,41.381471,42.646338,1.163000,10.813000,,hp11_m,ours_50set.csv;result_old.csv,2
hp11_m,85,11,22,205000.084912,17.795146,73.765708,94.770000,1691.033652,41.275009,40.969916,0.817000,7.981000,,hp11_m,ours_50set.csv;result.csv,2
hp11_m,121,11,22,198208.321646,17.205583,75.142253,97.920000,1551.113261,40.088357,38.692363,0.853000,8.507000,,hp11_m_thermal0_wirelength0p2,ours_50set.csv;result.csv,2
hp11_m,72,11,22,166739.100626,14.473880,74.888713,101.440000,1581.913285,41.207204,38.389241,1.182000,11.553000,,hp11_m,ours_50set.csv;result_old.csv,2
hp11_m,121,11,22,233927.002830,20.306163,72.907253,92.530000,1732.606154,42.404768,40.858758,0.883000,7.998000,,hp11_m_thermal0p3_wirelength0p02,ours_50set.csv;result.csv,2
hp11_m,69,11,22,203413.336070,17.657408,73.925430,95.820000,1652.143437,39.010231,42.351542,1.280000,11.147000,,hp11_m,ours_50set.csv;result_old.csv,2
hp11_m,121,11,22,222399.215456,19.305487,73.531902,94.480000,1704.067124,42.301913,40.283453,0.890000,8.099000,,hp11_m_thermal0p01_wirelength0p02,ours_50set.csv;result.csv,2
hp11_m,67,11,22,229339.616508,19.907953,74.383132,95.590000,1539.165217,38.534874,39.942137,1.363000,11.278000,,hp11_m,ours_50set.csv;result_old.csv,2
hp11_m,70,11,22,208170.973454,18.070397,75.013921,95.570000,1575.184789,39.487359,39.890862,1.247000,11.156000,,hp11_m,ours_50set.csv;result_old.csv,2
hp11_m,121,11,22,214923.329204,18.656539,75.155146,95.960000,1548.727125,38.933585,39.778693,0.873000,8.270000,,hp11_m_thermal10_wirelength0p02,ours_50set.csv;result.csv,2
hp11_m,121,11,22,234679.029648,20.371444,73.208342,94.960000,1673.128572,42.885040,39.014271,0.841000,7.986000,,hp11_m_thermal10_wirelength0p2,ours_50set.csv;result.csv,2
hp11_m,66,11,22,190165.038682,16.507382,73.594565,97.760000,1631.173305,37.532609,43.460163,1.258000,11.044000,,hp11_m,ours_50set.csv;result_old.csv,2
hp11_m,121,11,22,269989.935466,23.436626,72.736616,91.660000,1772.254620,42.525017,41.675577,0.847000,7.945000,,hp11_m_thermal1_wirelength0p02,ours_50set.csv;result.csv,3
hp11_m,121,11,22,252404.862674,21.910144,72.349321,91.670000,1789.940877,42.940283,41.684422,0.872000,7.822000,,hp11_m_thermal3_wirelength0p02,ours_50set.csv;result.csv,3
hp11_m,121,11,22,204698.629540,17.768978,74.733997,98.300000,1625.283520,40.292312,40.337311,0.852000,8.308000,,hp11_m_thermal0p3_wirelength2,ours_50set.csv;result.csv,3
hp11_m,62,11,22,207045.171538,17.972671,74.240618,97.090000,1768.362376,42.074407,42.029407,1.301000,11.363000,,hp11_m,ours_50set.csv;result_old.csv,3
hp11_m,121,11,22,277409.541856,24.080689,73.204236,94.760000,1759.791581,42.264169,41.637908,0.924000,8.142000,,hp11_m_thermal30_wirelength0p02,ours_50set.csv;result.csv,3
hp11_m,121,11,22,293831.039804,25.506167,73.345151,94.750000,1753.354702,41.932787,41.813455,0.868000,8.047000,,hp11_m_thermal100_wirelength0p02,ours_50set.csv;result.csv,3
hp11_m,121,11,22,235801.154870,20.468850,73.815806,97.030000,1574.545476,42.133044,37.370798,0.880000,8.058000,,hp11_m_thermal1_wirelength0p2,ours_50set.csv;result.csv,3
hp11_m,121,11,22,228572.800082,19.841389,73.163284,96.380000,1671.057367,43.058075,38.809384,0.913000,8.142000,,hp11_m_thermal30_wirelength0,ours_50set.csv;result.csv,3
hp11_m,121,11,22,228719.600824,19.854132,74.076274,96.470000,1667.075222,40.360527,41.304595,0.884000,8.184000,,hp11_m_thermal30_wirelength0p2,ours_50set.csv;result.csv,3
hp11_m,121,11,22,308333.518560,26.765062,72.612578,94.960000,1747.371103,42.169753,41.436598,0.857000,7.969000,,hp11_m_thermal100_wirelength0,ours_50set.csv;result.csv,3
hp11_m,121,11,22,270321.648472,23.465421,72.889631,95.710000,1695.191429,43.358105,39.097452,0.861000,8.148000,,hp11_m_thermal10_wirelength0,ours_50set.csv;result.csv,3
hp11_m,121,11,22,242559.355628,21.055500,73.942041,97.070000,1645.557843,41.555384,39.599149,0.871000,8.084000,,hp11_m_thermal0p3_wirelength0p2,ours_50set.csv;result.csv,4
hp11_m,121,11,22,236722.178798,20.548800,70.672996,98.300000,1745.248353,35.457515,49.220831,0.902000,7.567000,,hp11_m_thermal3_wirelength50,ours_50set.csv;result.csv,4
hp11_m,71,11,22,251725.571550,21.851178,72.573662,98.610000,1783.093265,42.701157,41.757493,1.226000,10.664000,,hp11_m,result_old.csv,5
hp11_m,121,11,22,253491.310848,22.004454,73.631409,97.240000,1723.023467,42.226042,40.804759,0.879000,8.200000,,hp11_m_thermal0p1_wirelength0p2,ours_50set.csv;result.csv,5
xerox8_m,82,8,16,136010.436878,13.622840,64.536982,77.480000,2304.909251,47.470685,48.554371,0.325000,8.989000,,xerox8_m,ours_50set.csv;result.csv,1
xerox8_m,102,8,16,161865.577344,16.212498,65.937383,78.100000,1877.711287,43.981634,42.693077,0.315000,9.287000,,xerox8_m,ours_50set.csv;result.csv,1
xerox8_m,61,8,16,176083.722898,17.636591,63.644109,77.560000,2188.718804,49.147050,44.534083,0.453000,10.460000,,xerox8_m,ours_50set.csv;result_old.csv,1
xerox8_m,68,8,16,171465.382028,17.174017,64.063892,80.190000,1873.150155,50.064745,37.414555,0.453000,10.557000,,xerox8_m,ours_50set.csv;result_old.csv,1
xerox8_m,69,8,16,144534.899974,14.476653,65.545591,81.870000,1933.613965,45.478366,42.517226,0.525000,10.874000,,xerox8_m,ours_50set.csv;result_old.csv,1
xerox8_m,70,8,16,106419.491846,10.659004,65.694275,84.410000,1764.326145,37.966129,46.471057,0.498000,10.612000,,xerox8_m,ours_50set.csv;result_old.csv,1
xerox8_m,71,8,16,152991.538740,15.323672,65.264639,81.250000,2177.399122,45.971423,47.364188,0.496000,10.607000,,xerox8_m,ours_50set.csv;result_old.csv,1
xerox8_m,72,8,16,142929.078426,14.315813,64.312317,77.810000,2301.868404,48.207495,47.749181,0.454000,10.303000,,xerox8_m,ours_50set.csv;result_old.csv,1
xerox8_m,73,8,16,134547.946950,13.476357,65.379561,81.770000,2087.116844,44.374483,47.034167,0.431000,10.287000,,xerox8_m,ours_50set.csv;result_old.csv,1
xerox8_m,121,8,16,182907.123302,18.320024,62.845815,75.740000,2569.793367,50.076774,51.317071,0.354000,6.717000,,xerox8_m_thermal100_wirelength0p02,ours_50set.csv;result.csv,1
xerox8_m,121,8,16,152455.383146,15.269970,67.593169,85.420000,1706.112031,42.209789,40.419819,0.354000,9.500000,,xerox8_m_thermal1_wirelength0p2,ours_50set.csv;result.csv,1
xerox8_m,84,8,16,166586.391252,16.685336,63.617314,78.840000,2180.517857,51.060850,42.704300,1.402000,7.617000,,xerox8_m,ours_50set.csv;result.csv,2
xerox8_m,63,8,16,172214.249830,17.249023,64.740989,78.660000,2093.387990,44.128019,47.438975,0.464000,10.921000,,xerox8_m,ours_50set.csv;result_old.csv,2
xerox8_m,66,8,16,213176.345716,21.351797,64.969568,79.630000,2086.699300,45.843213,45.518173,0.427000,10.797000,,xerox8_m,ours_50set.csv;result_old.csv,2
xerox8_m,121,8,16,162966.165878,16.322733,64.708188,80.380000,2208.874037,45.750501,48.280871,0.395000,7.145000,,xerox8_m_thermal3_wirelength0p02,ours_50set.csv;result.csv,2
xerox8_m,92,8,16,194045.356032,19.435633,64.277461,80.890000,2013.531536,48.559326,41.465393,0.322000,7.491000,,xerox8_m,ours_50set.csv;result.csv,2
xerox8_m,121,8,16,172716.958044,17.299375,64.803074,81.170000,1958.200512,46.298398,42.295211,0.399000,7.326000,,xerox8_m_thermal100_wirelength0p2,ours_50set.csv;result.csv,2
xerox8_m,121,8,16,189008.485370,18.931138,64.489114,80.400000,2086.099551,42.463657,49.126705,0.392000,6.939000,,xerox8_m_thermal1_wirelength0p02,ours_50set.csv;result.csv,2
xerox8_m,121,8,16,188027.868250,18.832919,64.639854,80.780000,2088.113607,42.798793,48.789077,0.356000,7.906000,,xerox8_m_thermal0p03_wirelength0p02,ours_50set.csv;result.csv,2
xerox8_m,121,8,16,188112.679394,18.841414,64.641228,80.790000,2085.632822,42.765075,48.769535,0.348000,8.163000,,xerox8_m_thermal0_wirelength0p02,ours_50set.csv;result.csv,2
xerox8_m,121,8,16,191648.378204,19.195551,65.326855,81.820000,1875.225719,45.786622,40.955756,0.400000,9.117000,,xerox8_m_thermal30_wirelength0p2,ours_50set.csv;result.csv,2
xerox8_m,62,8,16,158162.146454,15.841561,65.176265,83.820000,1945.637699,40.757929,47.736422,0.492000,11.041000,,xerox8_m,ours_50set.csv;result_old.csv,2
xerox8_m,121,8,16,146835.400284,14.707071,66.504980,84.930000,1910.668322,43.450953,43.972990,0.376000,9.630000,,xerox8_m_thermal0p3_wirelength0p2,ours_50set.csv;result.csv,2
xerox8_m,121,8,16,154502.928290,15.475053,66.372029,84.800000,1913.071666,43.490292,43.988476,0.366000,9.233000,,xerox8_m_thermal0p1_wirelength0p2,ours_50set.csv;result.csv,2
xerox8_m,121,8,16,155282.088722,15.553094,66.361289,84.790000,1911.826015,43.452596,43.997970,0.316000,8.356000,,xerox8_m_thermal0p01_wirelength0p2,ours_50set.csv;result.csv,2
xerox8_m,121,8,16,167980.209386,16.824941,66.598582,84.910000,1788.991207,44.080820,40.584345,0.354000,8.542000,,xerox8_m_thermal0_wirelength0p2,ours_50set.csv;result.csv,2
xerox8_m,121,8,16,171545.475918,17.182039,66.195981,84.870000,1836.665716,45.131792,40.695608,0.418000,9.162000,,xerox8_m_thermal0p03_wirelength0p2,ours_50set.csv;result.csv,2
xerox8_m,121,8,16,201725.975488,20.204925,66.528093,85.080000,1773.518878,44.478929,39.873237,0.340000,9.291000,,xerox8_m_thermal10_wirelength0p2,ours_50set.csv;result.csv,2
xerox8_m,65,8,16,145919.126680,14.615297,64.391267,78.460000,2382.625942,49.598814,48.037962,0.420000,10.848000,,xerox8_m,ours_50set.csv;result_old.csv,2
xerox8_m,121,8,16,140703.983624,14.092947,64.461343,83.620000,2434.002495,49.467634,49.203940,0.320000,8.112000,,xerox8_m_thermal0p01_wirelength50,ours_50set.csv;result.csv,2
xerox8_m,120,8,16,221550.805276,22.190585,63.657507,78.910000,2157.944077,49.880482,43.262294,0.310000,9.057000,,xerox8_m,ours_50set.csv;result.csv,3
xerox8_m,67,8,16,197680.307896,19.799710,63.885930,79.580000,2260.028949,45.598152,49.564047,0.533000,10.332000,,xerox8_m,ours_50set.csv;result_old.csv,3
xerox8_m,121,8,16,188775.294478,18.907782,64.317600,80.550000,2185.651887,44.106317,49.554169,0.320000,8.186000,,xerox8_m_thermal0p01_wirelength0,ours_50set.csv;result.csv,3
xerox8_m,121,8,16,169493.328616,16.976495,63.941897,80.490000,2279.845905,45.389874,50.228073,0.389000,8.934000,,xerox8_m_thermal3_wirelength0,ours_50set.csv;result.csv,3
xerox8_m,121,8,16,189062.232986,18.936522,64.517280,80.720000,2104.482881,42.812409,49.155909,0.372000,8.819000,,xerox8_m_thermal0p3_wirelength0p02,ours_50set.csv;result.csv,3
xerox8_m,121,8,16,191929.754204,19.223733,64.322080,80.510000,2181.707598,44.110487,49.460066,0.338000,6.883000,,xerox8_m_thermal1_wirelength0,ours_50set.csv;result.csv,3
xerox8_m,121,8,16,188395.271944,18.869719,64.608499,80.780000,2093.064437,42.791009,48.913650,0.403000,8.897000,,xerox8_m_thermal0p1_wirelength0p02,ours_50set.csv;result.csv,3
xerox8_m,121,8,16,188308.480498,18.861026,64.619780,80.790000,2090.042951,42.802976,48.829384,0.346000,8.214000,,xerox8_m_thermal0p01_wirelength0p02,ours_50set.csv;result.csv,3
xerox8_m,121,8,16,200576.362794,20.089780,65.643333,84.430000,1977.840783,46.633703,42.412261,0.392000,7.076000,,xerox8_m_thermal3_wirelength0p2,ours_50set.csv;result.csv,3
xerox8_m,64,8,16,146875.903676,14.711128,64.123767,79.770000,2441.895503,49.544721,49.286694,0.458000,10.472000,,xerox8_m,ours_50set.csv;result_old.csv,3
xerox8_m,121,8,16,176177.413834,17.645975,63.825210,79.150000,2403.259657,47.412346,50.688478,0.393000,8.836000,,xerox8_m_thermal10_wirelength0p02,ours_50set.csv;result.csv,3
xerox8_m,121,8,16,180739.605150,18.102925,63.498044,78.920000,2586.448704,50.653621,51.061477,0.359000,8.655000,,xerox8_m_thermal30_wirelength0p02,ours_50set.csv;result.csv,3
xerox8_m,121,8,16,190240.132030,19.054500,64.285618,80.630000,2222.373264,44.827956,49.575610,0.326000,8.093000,,xerox8_m_thermal0p03_wirelength0,ours_50set.csv;result.csv,4
xerox8_m,121,8,16,190601.784988,19.090724,64.314346,80.620000,2213.580266,44.762772,49.451367,0.403000,8.990000,,xerox8_m_thermal0p1_wirelength0,ours_50set.csv;result.csv,4
xerox8_m,121,8,16,190909.863560,19.121581,64.143716,80.580000,2231.003299,44.625039,49.994428,-1.509000,8.864000,,xerox8_m_thermal0p3_wirelength0,ours_50set.csv;result.csv,4
xerox8_m,121,8,16,179944.752686,18.023313,63.669590,79.360000,2450.381475,48.101791,50.941585,0.400000,8.533000,,xerox8_m_thermal10_wirelength0,ours_50set.csv;result.csv,4
xerox8_m,121,8,16,179400.511338,17.968801,63.608379,79.170000,2540.060295,49.970634,50.831060,0.386000,8.882000,,xerox8_m_thermal100_wirelength0,ours_50set.csv;result.csv,4
xerox8_m,121,8,16,190336.193438,19.064122,64.289883,80.660000,2223.571218,44.845580,49.582840,0.328000,8.117000,,xerox8_m_thermal0_wirelength0,ours_50set.csv;result.csv,5
xerox8_m,121,8,16,181581.097432,18.187209,63.585291,79.340000,2579.181293,50.640190,50.931509,0.402000,8.550000,,xerox8_m_thermal30_wirelength0,ours_50set.csv;result.csv,5
xerox8_m,121,8,16,212539.283940,21.287989,64.104165,85.650000,2357.807507,44.569989,52.901236,0.393000,8.637000,,xerox8_m_thermal100_wirelength50,ours_50set.csv;result.csv,6
