{
  "case": "multigpu_bump",
  "mode": "thermal",
  "base_seed": 1,
  "status": "completed",
  "error": null,
  "legal_found": true,
  "num_legal": 1,
  "num_illegal": 0,
  "attempts": 1,
  "best_hpwl": 78677247.56098938,
  "twl_m": 78.67724756098939,
  "best_seed": 1,
  "best_legal": true,
  "best_overlaps": 0,
  "best_legalize_method": "milp",
  "best_legalize_s": 0.014590978622436523,
  "total_legalize_s": 0.014590978622436523,
  "runtime_s": 501.07892203330994,
  "attempt_log": [
    {
      "seed": 1,
      "iterations": 100,
      "overlaps": 0,
      "overlaps_raw": 0,
      "hpwl": 78677247.56098938,
      "hpwl_raw": 78677016.0,
      "run_s": 500.201779127121,
      "legal": true,
      "legalize_method": "milp",
      "legalize_s": 0.014590978622436523,
      "layout_dir": "/root/placement/flow_tap/baseline/ATPlace_pub/result_wlsweep/multigpu_bump/wl00/seed1"
    }
  ],
  "layout_json": "/root/placement/flow_tap/baseline/ATPlace_pub/result_wlsweep/multigpu_bump/wl00/layout.json",
  "layout_png": "/root/placement/flow_tap/baseline/ATPlace_pub/result_wlsweep/multigpu_bump/wl00/layout.png",
  "layout_chiplets": 6,
  "visualized": true
}
