{
  "case": "Case6_bump",
  "mode": "thermal",
  "base_seed": 1,
  "status": "completed",
  "error": null,
  "legal_found": true,
  "num_legal": 1,
  "num_illegal": 0,
  "attempts": 1,
  "best_hpwl": 49904399.2089653,
  "twl_m": 49.9043992089653,
  "best_seed": 1,
  "best_legal": true,
  "best_overlaps": 0,
  "best_legalize_method": "milp",
  "best_legalize_s": 0.024348735809326172,
  "total_legalize_s": 0.024348735809326172,
  "runtime_s": 523.0823180675507,
  "attempt_log": [
    {
      "seed": 1,
      "iterations": 100,
      "overlaps": 0,
      "overlaps_raw": 0,
      "hpwl": 49904399.2089653,
      "hpwl_raw": 49904332.0,
      "run_s": 522.3478226661682,
      "legal": true,
      "legalize_method": "milp",
      "legalize_s": 0.024348735809326172,
      "layout_dir": "/root/placement/ATPlace_pub/result/Case6_bump/seed1"
    }
  ],
  "layout_json": "/root/placement/ATPlace_pub/result/Case6_bump/layout.json",
  "layout_png": "/root/placement/ATPlace_pub/result/Case6_bump/layout.png",
  "layout_chiplets": 20,
  "visualized": true
}
