{
  "case": "xerox7_m_bump",
  "mode": "thermal",
  "base_seed": 1,
  "status": "completed",
  "error": null,
  "legal_found": true,
  "num_legal": 1,
  "num_illegal": 0,
  "attempts": 1,
  "best_hpwl": 70222738.71151412,
  "twl_m": 70.22273871151411,
  "best_seed": 1,
  "best_legal": true,
  "best_overlaps": 0,
  "best_legalize_method": "milp",
  "best_legalize_s": 0.04920625686645508,
  "total_legalize_s": 0.04920625686645508,
  "runtime_s": 588.4137282371521,
  "attempt_log": [
    {
      "seed": 1,
      "iterations": 100,
      "overlaps": 0,
      "overlaps_raw": 0,
      "hpwl": 70222738.71151412,
      "hpwl_raw": 70222216.0,
      "run_s": 586.076575756073,
      "legal": true,
      "legalize_method": "milp",
      "legalize_s": 0.04920625686645508,
      "layout_dir": "/root/placement/flow_tap/baseline/ATPlace_pub/result_wlsweep/xerox7_m_bump/wl32/seed1"
    }
  ],
  "layout_json": "/root/placement/flow_tap/baseline/ATPlace_pub/result_wlsweep/xerox7_m_bump/wl32/layout.json",
  "layout_png": "/root/placement/flow_tap/baseline/ATPlace_pub/result_wlsweep/xerox7_m_bump/wl32/layout.png",
  "layout_chiplets": 7,
  "visualized": true
}
