command: /root/anaconda3/envs/chipdiffusion/bin/python /root/placement/flow_tap/baseline/RL/generate_thermal_tables.py /root/placement/flow_tap/baseline/RL/examples/Case9.json --intp-size 64.661414 --overwrite-config --force
cwd: /root/placement/flow_tap/baseline/RL/fastTM
hotspot: /root/placement/flow_tap/baseline/RL/fastTM/util/hotspot
started_at: 2026-09-12T03:37:03

Config: /root/placement/flow_tap/baseline/RL/fastTM/configs/benchmark_Case9.cfg
Output: /root/placement/flow_tap/baseline/RL/fastTM/outputs/benchmark_Case9
#info# Characterizing R_self for Chiplet0 at [ 1.35 , 1.85 ] [mm]
#info# Characterizing R_self for Chiplet0 at [ 32.119899929999995 , 1.85 ] [mm]
#info# Characterizing R_self for Chiplet0 at [ 1.35 , 32.12489993 ] [mm]
#info# Characterizing R_self for Chiplet0 at [ 32.119899929999995 , 32.12489993 ] [mm]
#info# R_self characterization done for: Chiplet0 . Saved to file: /root/placement/flow_tap/baseline/RL/fastTM/outputs/benchmark_Case9/Chiplet0.rself
#info# Characterizing R_mutu for Chiplet0 at [ 1.35 , 1.85 ] [mm]
#info# R_mutual characterization done for: Chiplet0 Saved to file: /root/placement/flow_tap/baseline/RL/fastTM/outputs/benchmark_Case9/Chiplet0.rmutu
#info# Characterizing R_self for Chiplet1 at [ 2.6 , 2.6 ] [mm]
#info# Characterizing R_self for Chiplet1 at [ 32.13239993 , 2.6 ] [mm]
#info# Characterizing R_self for Chiplet1 at [ 2.6 , 32.13239993 ] [mm]
#info# Characterizing R_self for Chiplet1 at [ 32.13239993 , 32.13239993 ] [mm]
#info# R_self characterization done for: Chiplet1 . Saved to file: /root/placement/flow_tap/baseline/RL/fastTM/outputs/benchmark_Case9/Chiplet1.rself
#info# Characterizing R_mutu for Chiplet1 at [ 2.6 , 2.6 ] [mm]
#info# R_mutual characterization done for: Chiplet1 Saved to file: /root/placement/flow_tap/baseline/RL/fastTM/outputs/benchmark_Case9/Chiplet1.rmutu
#info# Characterizing R_self for Chiplet2 at [ 4.6 , 4.6 ] [mm]
#info# Characterizing R_self for Chiplet2 at [ 32.152399929999994 , 4.6 ] [mm]
#info# Characterizing R_self for Chiplet2 at [ 4.6 , 32.152399929999994 ] [mm]
#info# Characterizing R_self for Chiplet2 at [ 32.152399929999994 , 32.152399929999994 ] [mm]
#info# R_self characterization done for: Chiplet2 . Saved to file: /root/placement/flow_tap/baseline/RL/fastTM/outputs/benchmark_Case9/Chiplet2.rself
#info# Characterizing R_mutu for Chiplet2 at [ 4.6 , 4.6 ] [mm]
#info# R_mutual characterization done for: Chiplet2 Saved to file: /root/placement/flow_tap/baseline/RL/fastTM/outputs/benchmark_Case9/Chiplet2.rmutu
#info# Characterizing R_self for Chiplet3 at [ 4.1 , 6.1 ] [mm]
#info# Characterizing R_self for Chiplet3 at [ 32.14739993 , 6.1 ] [mm]
#info# Characterizing R_self for Chiplet3 at [ 4.1 , 32.167399929999995 ] [mm]
#info# Characterizing R_self for Chiplet3 at [ 32.14739993 , 32.167399929999995 ] [mm]
#info# R_self characterization done for: Chiplet3 . Saved to file: /root/placement/flow_tap/baseline/RL/fastTM/outputs/benchmark_Case9/Chiplet3.rself
#info# Characterizing R_mutu for Chiplet3 at [ 4.1 , 6.1 ] [mm]
#info# R_mutual characterization done for: Chiplet3 Saved to file: /root/placement/flow_tap/baseline/RL/fastTM/outputs/benchmark_Case9/Chiplet3.rmutu
#info# Characterizing R_self for Chiplet4 at [ 1.6 , 1.1 ] [mm]
#info# Characterizing R_self for Chiplet4 at [ 32.12239992999999 , 1.1 ] [mm]
#info# Characterizing R_self for Chiplet4 at [ 1.6 , 32.11739993 ] [mm]
#info# Characterizing R_self for Chiplet4 at [ 32.12239992999999 , 32.11739993 ] [mm]
#info# R_self characterization done for: Chiplet4 . Saved to file: /root/placement/flow_tap/baseline/RL/fastTM/outputs/benchmark_Case9/Chiplet4.rself
#info# Characterizing R_mutu for Chiplet4 at [ 1.6 , 1.1 ] [mm]
#info# R_mutual characterization done for: Chiplet4 Saved to file: /root/placement/flow_tap/baseline/RL/fastTM/outputs/benchmark_Case9/Chiplet4.rmutu
Thermal tables generated.
