{
  "case": "Case10_bump",
  "mode": "thermal",
  "base_seed": 2,
  "status": "completed",
  "error": null,
  "legal_found": false,
  "num_legal": 0,
  "num_illegal": 1,
  "attempts": 1,
  "best_hpwl": 55486180.95711136,
  "twl_m": 55.48618095711136,
  "best_seed": 2,
  "best_legal": false,
  "best_overlaps": 6,
  "best_legalize_method": "milp",
  "best_legalize_s": 0.21419906616210938,
  "total_legalize_s": 0.21419906616210938,
  "runtime_s": 4142.561759471893,
  "attempt_log": [
    {
      "seed": 2,
      "iterations": 65,
      "overlaps": 6,
      "overlaps_raw": 0,
      "hpwl": 55486180.95711136,
      "hpwl_raw": 55486052.0,
      "run_s": 4141.365417718887,
      "legal": false,
      "legalize_method": "milp",
      "legalize_s": 0.21419906616210938,
      "layout_dir": "/root/placement/ATPlace_pub/result/Case10_bump/seed2"
    }
  ],
  "layout_json": "/root/placement/ATPlace_pub/result/Case10_bump/layout.json",
  "layout_png": "/root/placement/ATPlace_pub/result/Case10_bump/layout.png",
  "layout_chiplets": 61,
  "visualized": true
}
