{
  "case": "Case10_bump",
  "mode": "thermal",
  "base_seed": 1,
  "status": "completed",
  "error": null,
  "legal_found": true,
  "num_legal": 1,
  "num_illegal": 0,
  "attempts": 1,
  "best_hpwl": 54487778.11752701,
  "twl_m": 54.48777811752701,
  "best_seed": 1,
  "best_legal": true,
  "best_overlaps": 0,
  "best_legalize_method": "milp",
  "best_legalize_s": 0.23499512672424316,
  "total_legalize_s": 0.23499512672424316,
  "runtime_s": 4030.1035194396973,
  "attempt_log": [
    {
      "seed": 1,
      "iterations": 65,
      "overlaps": 0,
      "overlaps_raw": 0,
      "hpwl": 54487778.11752701,
      "hpwl_raw": 54487832.0,
      "run_s": 4029.0058488845825,
      "legal": true,
      "legalize_method": "milp",
      "legalize_s": 0.23499512672424316,
      "layout_dir": "/root/placement/ATPlace_pub/result/Case10_bump/seed1"
    }
  ],
  "layout_json": "/root/placement/ATPlace_pub/result/Case10_bump/layout.json",
  "layout_png": "/root/placement/ATPlace_pub/result/Case10_bump/layout.png",
  "layout_chiplets": 61,
  "visualized": true
}
