{
  "case": "xerox7_m_bump",
  "mode": "thermal",
  "base_seed": 1,
  "status": "completed",
  "error": null,
  "legal_found": true,
  "num_legal": 1,
  "num_illegal": 0,
  "attempts": 1,
  "best_hpwl": 78825514.87970197,
  "twl_m": 78.82551487970197,
  "best_seed": 1,
  "best_legal": true,
  "best_overlaps": 0,
  "best_legalize_method": "milp",
  "best_legalize_s": 0.021205663681030273,
  "total_legalize_s": 0.021205663681030273,
  "runtime_s": 605.932058095932,
  "attempt_log": [
    {
      "seed": 1,
      "iterations": 100,
      "overlaps": 0,
      "overlaps_raw": 0,
      "hpwl": 78825514.87970197,
      "hpwl_raw": 78825088.0,
      "run_s": 604.8196995258331,
      "legal": true,
      "legalize_method": "milp",
      "legalize_s": 0.021205663681030273,
      "layout_dir": "/root/placement/flow_tap/baseline/ATPlace_pub/result_wlsweep/xerox7_m_bump/wl11/seed1"
    }
  ],
  "layout_json": "/root/placement/flow_tap/baseline/ATPlace_pub/result_wlsweep/xerox7_m_bump/wl11/layout.json",
  "layout_png": "/root/placement/flow_tap/baseline/ATPlace_pub/result_wlsweep/xerox7_m_bump/wl11/layout.png",
  "layout_chiplets": 7,
  "visualized": true
}
