{
  "case": "Case10_bump",
  "mode": "thermal",
  "base_seed": 3,
  "status": "completed",
  "error": null,
  "legal_found": true,
  "num_legal": 1,
  "num_illegal": 0,
  "attempts": 1,
  "best_hpwl": 74950918.2513504,
  "twl_m": 74.9509182513504,
  "best_seed": 3,
  "best_legal": true,
  "best_overlaps": 0,
  "best_legalize_method": "milp",
  "best_legalize_s": 0.24207019805908203,
  "total_legalize_s": 0.24207019805908203,
  "runtime_s": 4980.279433727264,
  "attempt_log": [
    {
      "seed": 3,
      "iterations": 100,
      "overlaps": 0,
      "overlaps_raw": 0,
      "hpwl": 74950918.2513504,
      "hpwl_raw": 74950856.0,
      "run_s": 4979.261602163315,
      "legal": true,
      "legalize_method": "milp",
      "legalize_s": 0.24207019805908203,
      "layout_dir": "/root/placement/flow_tap/baseline/ATPlace_pub/result_0wl/Case10_bump/seed3"
    }
  ],
  "layout_json": "/root/placement/flow_tap/baseline/ATPlace_pub/result_0wl/Case10_bump/layout.json",
  "layout_png": "/root/placement/flow_tap/baseline/ATPlace_pub/result_0wl/Case10_bump/layout.png",
  "layout_chiplets": 61,
  "visualized": true
}
