command: /root/anaconda3/envs/chipdiffusion/bin/python /root/placement/flow_tap/baseline/RL/generate_thermal_tables.py /root/placement/flow_tap/baseline/RL/examples/hp11_m.json --intp-size 43.460382 --overwrite-config --force
cwd: /root/placement/flow_tap/baseline/RL/fastTM
hotspot: /root/placement/flow_tap/baseline/RL/fastTM/util/hotspot
started_at: 2026-09-12T07:40:51

Config: /root/placement/flow_tap/baseline/RL/fastTM/configs/benchmark_hp11_m.cfg
Output: /root/placement/flow_tap/baseline/RL/fastTM/outputs/benchmark_hp11_m
#info# Characterizing R_self for Chiplet0 at [ 2.41 , 5.279999999999999 ] [mm]
#info# Characterizing R_self for Chiplet0 at [ 21.635989090000002 , 5.279999999999999 ] [mm]
#info# Characterizing R_self for Chiplet0 at [ 2.41 , 21.664689090000003 ] [mm]
#info# Characterizing R_self for Chiplet0 at [ 21.635989090000002 , 21.664689090000003 ] [mm]
#info# R_self characterization done for: Chiplet0 . Saved to file: /root/placement/flow_tap/baseline/RL/fastTM/outputs/benchmark_hp11_m/Chiplet0.rself
#info# Characterizing R_mutu for Chiplet0 at [ 2.41 , 5.279999999999999 ] [mm]
#info# R_mutual characterization done for: Chiplet0 Saved to file: /root/placement/flow_tap/baseline/RL/fastTM/outputs/benchmark_hp11_m/Chiplet0.rmutu
#info# Characterizing R_self for Chiplet1 at [ 3.6 , 1.99 ] [mm]
#info# Characterizing R_self for Chiplet1 at [ 21.647889090000003 , 1.99 ] [mm]
#info# Characterizing R_self for Chiplet1 at [ 3.6 , 21.63178909 ] [mm]
#info# Characterizing R_self for Chiplet1 at [ 21.647889090000003 , 21.63178909 ] [mm]
#info# R_self characterization done for: Chiplet1 . Saved to file: /root/placement/flow_tap/baseline/RL/fastTM/outputs/benchmark_hp11_m/Chiplet1.rself
#info# Characterizing R_mutu for Chiplet1 at [ 3.6 , 1.99 ] [mm]
#info# R_mutual characterization done for: Chiplet1 Saved to file: /root/placement/flow_tap/baseline/RL/fastTM/outputs/benchmark_hp11_m/Chiplet1.rmutu
#info# Characterizing R_self for Chiplet2 at [ 1.1500000000000001 , 5.0 ] [mm]
#info# Characterizing R_self for Chiplet2 at [ 21.623389090000003 , 5.0 ] [mm]
#info# Characterizing R_self for Chiplet2 at [ 1.1500000000000001 , 21.661889090000003 ] [mm]
#info# Characterizing R_self for Chiplet2 at [ 21.623389090000003 , 21.661889090000003 ] [mm]
#info# R_self characterization done for: Chiplet2 . Saved to file: /root/placement/flow_tap/baseline/RL/fastTM/outputs/benchmark_hp11_m/Chiplet2.rself
#info# Characterizing R_mutu for Chiplet2 at [ 1.1500000000000001 , 5.0 ] [mm]
#info# R_mutual characterization done for: Chiplet2 Saved to file: /root/placement/flow_tap/baseline/RL/fastTM/outputs/benchmark_hp11_m/Chiplet2.rmutu
#info# Characterizing R_self for Chiplet3 at [ 2.83 , 16.62 ] [mm]
#info# Characterizing R_self for Chiplet3 at [ 21.64018909 , 16.62 ] [mm]
#info# Characterizing R_self for Chiplet3 at [ 2.83 , 21.77808909 ] [mm]
#info# Characterizing R_self for Chiplet3 at [ 21.64018909 , 21.77808909 ] [mm]
#info# R_self characterization done for: Chiplet3 . Saved to file: /root/placement/flow_tap/baseline/RL/fastTM/outputs/benchmark_hp11_m/Chiplet3.rself
#info# Characterizing R_mutu for Chiplet3 at [ 2.83 , 16.62 ] [mm]
#info# R_mutual characterization done for: Chiplet3 Saved to file: /root/placement/flow_tap/baseline/RL/fastTM/outputs/benchmark_hp11_m/Chiplet3.rmutu
#info# Characterizing R_self for Chiplet4 at [ 16.62 , 2.83 ] [mm]
#info# Characterizing R_self for Chiplet4 at [ 21.77808909 , 2.83 ] [mm]
#info# Characterizing R_self for Chiplet4 at [ 16.62 , 21.64018909 ] [mm]
#info# Characterizing R_self for Chiplet4 at [ 21.77808909 , 21.64018909 ] [mm]
#info# R_self characterization done for: Chiplet4 . Saved to file: /root/placement/flow_tap/baseline/RL/fastTM/outputs/benchmark_hp11_m/Chiplet4.rself
#info# Characterizing R_mutu for Chiplet4 at [ 16.62 , 2.83 ] [mm]
#info# R_mutual characterization done for: Chiplet4 Saved to file: /root/placement/flow_tap/baseline/RL/fastTM/outputs/benchmark_hp11_m/Chiplet4.rmutu
#info# Characterizing R_self for Chiplet5 at [ 1.36 , 10.18 ] [mm]
#info# Characterizing R_self for Chiplet5 at [ 21.625489090000002 , 10.18 ] [mm]
#info# Characterizing R_self for Chiplet5 at [ 1.36 , 21.713689090000003 ] [mm]
#info# Characterizing R_self for Chiplet5 at [ 21.625489090000002 , 21.713689090000003 ] [mm]
#info# R_self characterization done for: Chiplet5 . Saved to file: /root/placement/flow_tap/baseline/RL/fastTM/outputs/benchmark_hp11_m/Chiplet5.rself
#info# Characterizing R_mutu for Chiplet5 at [ 1.36 , 10.18 ] [mm]
#info# R_mutual characterization done for: Chiplet5 Saved to file: /root/placement/flow_tap/baseline/RL/fastTM/outputs/benchmark_hp11_m/Chiplet5.rmutu
#info# Characterizing R_self for Chiplet6 at [ 2.41 , 15.5 ] [mm]
#info# Characterizing R_self for Chiplet6 at [ 21.635989090000002 , 15.5 ] [mm]
#info# Characterizing R_self for Chiplet6 at [ 2.41 , 21.766889090000003 ] [mm]
#info# Characterizing R_self for Chiplet6 at [ 21.635989090000002 , 21.766889090000003 ] [mm]
#info# R_self characterization done for: Chiplet6 . Saved to file: /root/placement/flow_tap/baseline/RL/fastTM/outputs/benchmark_hp11_m/Chiplet6.rself
#info# Characterizing R_mutu for Chiplet6 at [ 2.41 , 15.5 ] [mm]
#info# R_mutual characterization done for: Chiplet6 Saved to file: /root/placement/flow_tap/baseline/RL/fastTM/outputs/benchmark_hp11_m/Chiplet6.rmutu
Thermal tables generated.
