{
  "case": "acend910_bump",
  "mode": "thermal",
  "base_seed": 1,
  "status": "completed",
  "error": null,
  "legal_found": true,
  "num_legal": 1,
  "num_illegal": 0,
  "attempts": 1,
  "best_hpwl": 43170380.057683945,
  "twl_m": 43.17038005768394,
  "best_seed": 1,
  "best_legal": true,
  "best_overlaps": 0,
  "best_legalize_method": "milp",
  "best_legalize_s": 0.012288570404052734,
  "total_legalize_s": 0.012288570404052734,
  "runtime_s": 531.1279904842377,
  "attempt_log": [
    {
      "seed": 1,
      "iterations": 100,
      "overlaps": 0,
      "overlaps_raw": 0,
      "hpwl": 43170380.057683945,
      "hpwl_raw": 43170400.0,
      "run_s": 530.3566994667053,
      "legal": true,
      "legalize_method": "milp",
      "legalize_s": 0.012288570404052734,
      "layout_dir": "/root/placement/flow_tap/baseline/ATPlace_pub/result_wlsweep/acend910_bump/wl11/seed1"
    }
  ],
  "layout_json": "/root/placement/flow_tap/baseline/ATPlace_pub/result_wlsweep/acend910_bump/wl11/layout.json",
  "layout_png": "/root/placement/flow_tap/baseline/ATPlace_pub/result_wlsweep/acend910_bump/wl11/layout.png",
  "layout_chiplets": 6,
  "visualized": true
}
