{
  "case": "hp11_m_bump",
  "mode": "thermal",
  "base_seed": 1,
  "status": "completed",
  "error": null,
  "legal_found": true,
  "num_legal": 1,
  "num_illegal": 0,
  "attempts": 1,
  "best_hpwl": 104527785.07104349,
  "twl_m": 104.5277850710435,
  "best_seed": 1,
  "best_legal": true,
  "best_overlaps": 0,
  "best_legalize_method": "milp",
  "best_legalize_s": 0.18318915367126465,
  "total_legalize_s": 0.18318915367126465,
  "runtime_s": 1307.0402767658234,
  "attempt_log": [
    {
      "seed": 1,
      "iterations": 100,
      "overlaps": 0,
      "overlaps_raw": 0,
      "hpwl": 104527785.07104349,
      "hpwl_raw": 104527312.0,
      "run_s": 1303.0248234272003,
      "legal": true,
      "legalize_method": "milp",
      "legalize_s": 0.18318915367126465,
      "layout_dir": "/root/placement/flow_tap/baseline/ATPlace_pub/result_wlsweep/hp11_m_bump/wl13/seed1"
    }
  ],
  "layout_json": "/root/placement/flow_tap/baseline/ATPlace_pub/result_wlsweep/hp11_m_bump/wl13/layout.json",
  "layout_png": "/root/placement/flow_tap/baseline/ATPlace_pub/result_wlsweep/hp11_m_bump/wl13/layout.png",
  "layout_chiplets": 11,
  "visualized": true
}
