{
  "case": "xerox8_m_bump",
  "mode": "thermal",
  "base_seed": 1,
  "status": "completed",
  "error": null,
  "legal_found": true,
  "num_legal": 1,
  "num_illegal": 0,
  "attempts": 1,
  "best_hpwl": 97536742.04891193,
  "twl_m": 97.53674204891193,
  "best_seed": 1,
  "best_legal": true,
  "best_overlaps": 0,
  "best_legalize_method": "milp",
  "best_legalize_s": 0.18114662170410156,
  "total_legalize_s": 0.18114662170410156,
  "runtime_s": 798.3704268932343,
  "attempt_log": [
    {
      "seed": 1,
      "iterations": 100,
      "overlaps": 0,
      "overlaps_raw": 0,
      "hpwl": 97536742.04891193,
      "hpwl_raw": 97536112.0,
      "run_s": 796.176132440567,
      "legal": true,
      "legalize_method": "milp",
      "legalize_s": 0.18114662170410156,
      "layout_dir": "/root/placement/flow_tap/baseline/ATPlace_pub/result_wlsweep_xerox8/xerox8_m_bump/wl43/seed1"
    }
  ],
  "layout_json": "/root/placement/flow_tap/baseline/ATPlace_pub/result_wlsweep_xerox8/xerox8_m_bump/wl43/layout.json",
  "layout_png": "/root/placement/flow_tap/baseline/ATPlace_pub/result_wlsweep_xerox8/xerox8_m_bump/wl43/layout.png",
  "layout_chiplets": 8,
  "visualized": true
}
