{
  "case": "hp11_m_bump",
  "mode": "thermal",
  "base_seed": 1,
  "status": "completed",
  "error": null,
  "legal_found": false,
  "num_legal": 0,
  "num_illegal": 1,
  "attempts": 1,
  "best_hpwl": 74623844.98340237,
  "twl_m": 74.62384498340238,
  "best_seed": 1,
  "best_legal": false,
  "best_overlaps": 2,
  "best_legalize_method": "milp",
  "best_legalize_s": 0.533980131149292,
  "total_legalize_s": 0.533980131149292,
  "runtime_s": 1397.7550671100616,
  "attempt_log": [
    {
      "seed": 1,
      "iterations": 100,
      "overlaps": 2,
      "overlaps_raw": 0,
      "hpwl": 74623844.98340237,
      "hpwl_raw": 74623792.0,
      "run_s": 1391.7821090221405,
      "legal": false,
      "legalize_method": "milp",
      "legalize_s": 0.533980131149292,
      "layout_dir": "/root/placement/flow_tap/baseline/ATPlace_pub/result_wlsweep/hp11_m_bump/wl21/seed1"
    }
  ],
  "layout_json": "/root/placement/flow_tap/baseline/ATPlace_pub/result_wlsweep/hp11_m_bump/wl21/layout.json",
  "layout_png": "/root/placement/flow_tap/baseline/ATPlace_pub/result_wlsweep/hp11_m_bump/wl21/layout.png",
  "layout_chiplets": 11,
  "visualized": true
}
