{
  "case": "xerox8_m_bump",
  "mode": "thermal",
  "base_seed": 1,
  "status": "completed",
  "error": null,
  "legal_found": true,
  "num_legal": 1,
  "num_illegal": 0,
  "attempts": 1,
  "best_hpwl": 93603461.4124558,
  "twl_m": 93.6034614124558,
  "best_seed": 1,
  "best_legal": true,
  "best_overlaps": 0,
  "best_legalize_method": "milp",
  "best_legalize_s": 0.060097455978393555,
  "total_legalize_s": 0.060097455978393555,
  "runtime_s": 816.7068610191345,
  "attempt_log": [
    {
      "seed": 1,
      "iterations": 100,
      "overlaps": 0,
      "overlaps_raw": 0,
      "hpwl": 93603461.4124558,
      "hpwl_raw": 93602824.0,
      "run_s": 814.1139104366302,
      "legal": true,
      "legalize_method": "milp",
      "legalize_s": 0.060097455978393555,
      "layout_dir": "/root/placement/flow_tap/baseline/ATPlace_pub/result_wlsweep_xerox8/xerox8_m_bump/wl19/seed1"
    }
  ],
  "layout_json": "/root/placement/flow_tap/baseline/ATPlace_pub/result_wlsweep_xerox8/xerox8_m_bump/wl19/layout.json",
  "layout_png": "/root/placement/flow_tap/baseline/ATPlace_pub/result_wlsweep_xerox8/xerox8_m_bump/wl19/layout.png",
  "layout_chiplets": 8,
  "visualized": true
}
