{
  "case": "syn4_bump",
  "mode": "thermal",
  "base_seed": 1,
  "status": "completed",
  "error": null,
  "legal_found": true,
  "num_legal": 1,
  "num_illegal": 0,
  "attempts": 1,
  "best_hpwl": 81451706.22533393,
  "twl_m": 81.45170622533394,
  "best_seed": 1,
  "best_legal": true,
  "best_overlaps": 0,
  "best_legalize_method": "milp",
  "best_legalize_s": 0.19779682159423828,
  "total_legalize_s": 0.19779682159423828,
  "runtime_s": 2683.1543383598328,
  "attempt_log": [
    {
      "seed": 1,
      "iterations": 100,
      "overlaps": 0,
      "overlaps_raw": 0,
      "hpwl": 81451706.22533393,
      "hpwl_raw": 81451008.0,
      "run_s": 2670.2035677433014,
      "legal": true,
      "legalize_method": "milp",
      "legalize_s": 0.19779682159423828,
      "layout_dir": "/root/placement/flow_tap/baseline/ATPlace_pub/result_wlsweep/syn4_bump/wl32/seed1"
    }
  ],
  "layout_json": "/root/placement/flow_tap/baseline/ATPlace_pub/result_wlsweep/syn4_bump/wl32/layout.json",
  "layout_png": "/root/placement/flow_tap/baseline/ATPlace_pub/result_wlsweep/syn4_bump/wl32/layout.png",
  "layout_chiplets": 13,
  "visualized": true
}
