{
  "case": "Case7_bump",
  "mode": "thermal",
  "base_seed": 1,
  "status": "completed",
  "error": null,
  "legal_found": true,
  "num_legal": 1,
  "num_illegal": 0,
  "attempts": 1,
  "best_hpwl": 17364672.30663681,
  "twl_m": 17.36467230663681,
  "best_seed": 1,
  "best_legal": true,
  "best_overlaps": 0,
  "best_legalize_method": "milp",
  "best_legalize_s": 0.05942845344543457,
  "total_legalize_s": 0.05942845344543457,
  "runtime_s": 3179.871743917465,
  "attempt_log": [
    {
      "seed": 1,
      "iterations": 100,
      "overlaps": 0,
      "overlaps_raw": 0,
      "hpwl": 17364672.30663681,
      "hpwl_raw": 17364558.0,
      "run_s": 3178.866159439087,
      "legal": true,
      "legalize_method": "milp",
      "legalize_s": 0.05942845344543457,
      "layout_dir": "/root/placement/flow_tap/baseline/ATPlace_pub/result_wlsweep_c7/Case7_bump/wl49/seed1"
    }
  ],
  "layout_json": "/root/placement/flow_tap/baseline/ATPlace_pub/result_wlsweep_c7/Case7_bump/wl49/layout.json",
  "layout_png": "/root/placement/flow_tap/baseline/ATPlace_pub/result_wlsweep_c7/Case7_bump/wl49/layout.png",
  "layout_chiplets": 28,
  "visualized": true
}
