Run name: Case6_seed4
Run directory: /root/placement/flow_tap/baseline/RL/runs/shard1/Case6_seed4
Training log: /root/placement/flow_tap/baseline/RL/runs/shard1/Case6_seed4/train.log

生成/检查 fastTM 热阻表...
  热阻表阶段状态: ok
  热阻表阶段耗时: 68.313s
  热阻表日志: /root/placement/flow_tap/baseline/RL/runs/shard1/Case6_seed4/thermal_tables.log
======================================================================
PPO训练 - 芯片布局优化
======================================================================

环境信息:
  芯片数量: 20
  放置顺序: ['GPU_0', 'GPU_1', 'GPU_2', 'GPU_3', 'CPU2_0', 'CPU2_1', 'CPU2_2', 'CPU2_3', 'CPU2_4', 'CPU2_5', 'CPU2_6', 'CPU2_7', 'HBM_0', 'HBM_1', 'HBM_2', 'HBM_3', 'DRAM_0', 'DRAM_1', 'DRAM_2', 'DRAM_3']
  观察维度: 10
  动作维度: 70000
  rollout batch: 480 transitions
  minibatches: 4
  PPO update epochs: 4
  随机种子: 4
  剩余总时间预算: 3531.7s

开始训练...
----------------------------------------------------------------------
BEST_COST_LAYOUT
  epoch: 1/600, rollout: 6
  rlplanner_cost: 77.8131
  reward: -28.8259
  温度: 103.0303
  CPLEX平均线长: 18.7945
BEST_LAYOUT
  epoch: 1/600, rollout: 6
  reward: -28.8259
  温度: 103.0303
  CPLEX平均线长: 18.7945
BEST_COST_LAYOUT
  epoch: 1/600, rollout: 11
  rlplanner_cost: 64.9197
  reward: -15.9558
  温度: 95.2953
  CPLEX平均线长: 30.2518
BEST_LAYOUT
  epoch: 1/600, rollout: 11
  reward: -15.9558
  温度: 95.2953
  CPLEX平均线长: 30.2518
Epoch 1/600
  rollouts: 26, samples: 488
  平均奖励: 14.4906, 成功率: 30.8%
  optimizer steps: 16, KL: 0.000480
  累计RL时间: 27.09s
BEST_COST_LAYOUT
  epoch: 2/600, rollout: 37
  rlplanner_cost: 63.2743
  reward: -14.8683
  温度: 95.3531
  CPLEX平均线长: 28.4361
BEST_LAYOUT
  epoch: 2/600, rollout: 37
  reward: -14.8683
  温度: 95.3531
  CPLEX平均线长: 28.4361
Epoch 2/600
  rollouts: 26, samples: 494
  平均奖励: 1.1069, 成功率: 50.0%
  optimizer steps: 16, KL: 0.000281
  累计RL时间: 65.26s
Epoch 3/600
  rollouts: 26, samples: 499
  平均奖励: -3.2297, 成功率: 57.7%
  optimizer steps: 16, KL: 0.000340
  累计RL时间: 107.65s
Epoch 4/600
  rollouts: 25, samples: 484
  平均奖励: 1.6566, 成功率: 52.0%
  optimizer steps: 16, KL: 0.001014
  累计RL时间: 144.97s
Epoch 5/600
  rollouts: 26, samples: 493
  平均奖励: 12.4202, 成功率: 30.8%
  optimizer steps: 16, KL: 0.001901
  累计RL时间: 169.89s
Epoch 6/600
  rollouts: 26, samples: 499
  平均奖励: 5.6489, 成功率: 42.3%
  optimizer steps: 16, KL: 0.002131
  累计RL时间: 202.65s
Epoch 7/600
  rollouts: 26, samples: 494
  平均奖励: 18.3570, 成功率: 23.1%
  optimizer steps: 16, KL: 0.001709
  累计RL时间: 222.77s
Epoch 8/600
  rollouts: 26, samples: 490
  平均奖励: 10.4809, 成功率: 34.6%
  optimizer steps: 16, KL: 0.003036
  累计RL时间: 250.52s
BEST_COST_LAYOUT
  epoch: 9/600, rollout: 210
  rlplanner_cost: 62.2676
  reward: -13.6623
  温度: 96.0207
  CPLEX平均线长: 25.4476
BEST_LAYOUT
  epoch: 9/600, rollout: 210
  reward: -13.6623
  温度: 96.0207
  CPLEX平均线长: 25.4476
BEST_COST_LAYOUT
  epoch: 9/600, rollout: 229
  rlplanner_cost: 60.5180
  reward: -11.0850
  温度: 96.5781
  CPLEX平均线长: 22.0238
BEST_LAYOUT
  epoch: 9/600, rollout: 229
  reward: -11.0850
  温度: 96.5781
  CPLEX平均线长: 22.0238
Epoch 9/600
  rollouts: 26, samples: 497
  平均奖励: 11.7259, 成功率: 38.5%
  optimizer steps: 16, KL: 0.004716
  累计RL时间: 282.40s
Epoch 10/600
  rollouts: 25, samples: 481
  平均奖励: 2.8743, 成功率: 48.0%
  optimizer steps: 16, KL: 0.003833
  累计RL时间: 317.25s
Epoch 11/600
  rollouts: 26, samples: 497
  平均奖励: 4.4064, 成功率: 46.2%
  optimizer steps: 16, KL: 0.004861
  累计RL时间: 351.71s
Epoch 12/600
  rollouts: 26, samples: 498
  平均奖励: 4.9546, 成功率: 46.2%
  optimizer steps: 14, KL: 0.005094
  累计RL时间: 386.51s
Epoch 13/600
  rollouts: 26, samples: 496
  平均奖励: 1.2903, 成功率: 50.0%
  optimizer steps: 14, KL: 0.005001
  累计RL时间: 424.11s
Epoch 14/600
  rollouts: 26, samples: 495
  平均奖励: 10.9573, 成功率: 34.6%
  optimizer steps: 12, KL: 0.004861
  累计RL时间: 451.49s
Epoch 15/600
  rollouts: 26, samples: 495
  平均奖励: 6.4997, 成功率: 42.3%
  optimizer steps: 12, KL: 0.004769
  累计RL时间: 483.84s
Epoch 16/600
  rollouts: 25, samples: 481
  平均奖励: -2.5154, 成功率: 60.0%
  optimizer steps: 12, KL: 0.005323
  累计RL时间: 527.37s
Epoch 17/600
  rollouts: 26, samples: 497
  平均奖励: 6.9948, 成功率: 42.3%
  optimizer steps: 10, KL: 0.004876
  累计RL时间: 560.03s
Epoch 18/600
  rollouts: 25, samples: 484
  平均奖励: -3.2926, 成功率: 60.0%
  optimizer steps: 12, KL: 0.005557
  累计RL时间: 602.40s
Epoch 19/600
  rollouts: 25, samples: 480
  平均奖励: 2.0059, 成功率: 48.0%
  optimizer steps: 9, KL: 0.004561
  累计RL时间: 637.15s
Epoch 20/600
  rollouts: 25, samples: 485
  平均奖励: 0.6307, 成功率: 52.0%
  optimizer steps: 10, KL: 0.005328
  累计RL时间: 674.40s
Epoch 21/600
  rollouts: 25, samples: 480
  平均奖励: 0.2410, 成功率: 52.0%
  optimizer steps: 9, KL: 0.005911
  累计RL时间: 711.34s
Epoch 22/600
  rollouts: 25, samples: 485
  平均奖励: 1.4610, 成功率: 52.0%
  optimizer steps: 9, KL: 0.005585
  累计RL时间: 748.18s
Epoch 23/600
  rollouts: 26, samples: 498
  平均奖励: 2.6344, 成功率: 50.0%
  optimizer steps: 8, KL: 0.005050
  累计RL时间: 785.21s
Epoch 24/600
  rollouts: 25, samples: 484
  平均奖励: -5.8829, 成功率: 64.0%
  optimizer steps: 11, KL: 0.005463
  累计RL时间: 831.16s
Epoch 25/600
  rollouts: 26, samples: 498
  平均奖励: -0.4745, 成功率: 53.8%
  optimizer steps: 12, KL: 0.005889
  累计RL时间: 870.94s
Epoch 26/600
  rollouts: 25, samples: 480
  平均奖励: -1.2493, 成功率: 56.0%
  optimizer steps: 10, KL: 0.006459
  累计RL时间: 910.63s
BEST_COST_LAYOUT
  epoch: 27/600, rollout: 672
  rlplanner_cost: 60.4114
  reward: -11.5257
  温度: 95.2428
  CPLEX平均线长: 25.8984
BEST_COST_LAYOUT
  epoch: 27/600, rollout: 681
  rlplanner_cost: 57.6814
  reward: -8.9104
  温度: 94.0431
  CPLEX平均线长: 26.6573
BEST_LAYOUT
  epoch: 27/600, rollout: 681
  reward: -8.9104
  温度: 94.0431
  CPLEX平均线长: 26.6573
Epoch 27/600
  rollouts: 25, samples: 486
  平均奖励: -1.7539, 成功率: 60.0%
  optimizer steps: 9, KL: 0.006473
  累计RL时间: 953.82s
Epoch 28/600
  rollouts: 25, samples: 485
  平均奖励: 1.2669, 成功率: 52.0%
  optimizer steps: 10, KL: 0.005746
  累计RL时间: 990.80s
Epoch 29/600
  rollouts: 26, samples: 496
  平均奖励: 12.4032, 成功率: 34.6%
  optimizer steps: 12, KL: 0.004402
  累计RL时间: 1018.70s
Epoch 30/600
  rollouts: 25, samples: 480
  平均奖励: 3.1511, 成功率: 48.0%
  optimizer steps: 10, KL: 0.005262
  累计RL时间: 1053.60s
Epoch 31/600
  rollouts: 26, samples: 487
  平均奖励: 18.5057, 成功率: 23.1%
  optimizer steps: 14, KL: 0.006084
  累计RL时间: 1073.93s
Epoch 32/600
  rollouts: 25, samples: 482
  平均奖励: -3.4900, 成功率: 60.0%
  optimizer steps: 13, KL: 0.005489
  累计RL时间: 1116.30s
Epoch 33/600
  rollouts: 25, samples: 485
  平均奖励: -1.7329, 成功率: 56.0%
  optimizer steps: 13, KL: 0.005671
  累计RL时间: 1156.21s
Epoch 34/600
  rollouts: 25, samples: 482
  平均奖励: -2.0795, 成功率: 56.0%
  optimizer steps: 12, KL: 0.005601
  累计RL时间: 1195.63s
Epoch 35/600
  rollouts: 25, samples: 483
  平均奖励: 3.1703, 成功率: 52.0%
  optimizer steps: 9, KL: 0.004614
  累计RL时间: 1233.79s
Epoch 36/600
  rollouts: 26, samples: 494
  平均奖励: 7.5375, 成功率: 42.3%
  optimizer steps: 14, KL: 0.006168
  累计RL时间: 1265.87s
Epoch 37/600
  rollouts: 25, samples: 482
  平均奖励: -1.6056, 成功率: 60.0%
  optimizer steps: 12, KL: 0.005553
  累计RL时间: 1307.98s
Epoch 38/600
  rollouts: 25, samples: 480
  平均奖励: 4.5721, 成功率: 48.0%
  optimizer steps: 9, KL: 0.006271
  累计RL时间: 1343.07s
Epoch 39/600
  rollouts: 26, samples: 496
  平均奖励: 8.7854, 成功率: 38.5%
  optimizer steps: 11, KL: 0.005472
  累计RL时间: 1373.09s
Epoch 40/600
  rollouts: 26, samples: 492
  平均奖励: 9.0475, 成功率: 38.5%
  optimizer steps: 11, KL: 0.005365
  累计RL时间: 1402.65s
Epoch 41/600
  rollouts: 26, samples: 499
  平均奖励: 8.2287, 成功率: 42.3%
  optimizer steps: 10, KL: 0.005326
  累计RL时间: 1436.46s
Epoch 42/600
  rollouts: 25, samples: 485
  平均奖励: -4.2938, 成功率: 60.0%
  optimizer steps: 13, KL: 0.005651
  累计RL时间: 1478.94s
Epoch 43/600
  rollouts: 25, samples: 486
  平均奖励: -4.9488, 成功率: 64.0%
  optimizer steps: 12, KL: 0.005205
  累计RL时间: 1523.28s
Epoch 44/600
  rollouts: 26, samples: 492
  平均奖励: 12.7748, 成功率: 30.8%
  optimizer steps: 13, KL: 0.005077
  累计RL时间: 1548.49s
Epoch 45/600
  rollouts: 26, samples: 498
  平均奖励: 11.7090, 成功率: 38.5%
  optimizer steps: 15, KL: 0.005480
  累计RL时间: 1578.74s
BEST_LAYOUT
  epoch: 46/600, rollout: 1150
  reward: -8.4907
  温度: 94.4174
  CPLEX平均线长: 25.9278
Epoch 46/600
  rollouts: 26, samples: 493
  平均奖励: 11.8139, 成功率: 34.6%
  optimizer steps: 10, KL: 0.004974
  累计RL时间: 1606.76s
Epoch 47/600
  rollouts: 26, samples: 490
  平均奖励: 10.8422, 成功率: 34.6%
  optimizer steps: 9, KL: 0.004950
  累计RL时间: 1635.51s
Epoch 48/600
  rollouts: 26, samples: 496
  平均奖励: 12.1583, 成功率: 34.6%
  optimizer steps: 12, KL: 0.005677
  累计RL时间: 1663.01s
Epoch 49/600
  rollouts: 26, samples: 499
  平均奖励: 10.1356, 成功率: 38.5%
  optimizer steps: 11, KL: 0.005416
  累计RL时间: 1692.90s
Epoch 50/600
  rollouts: 26, samples: 496
  平均奖励: 5.3726, 成功率: 46.2%
  optimizer steps: 11, KL: 0.005149
  累计RL时间: 1727.68s
Epoch 51/600
  rollouts: 25, samples: 482
  平均奖励: 1.6566, 成功率: 52.0%
  optimizer steps: 13, KL: 0.006083
  累计RL时间: 1764.66s
Epoch 52/600
  rollouts: 26, samples: 490
  平均奖励: 14.0970, 成功率: 30.8%
  optimizer steps: 15, KL: 0.005388
  累计RL时间: 1789.57s
Epoch 53/600
  rollouts: 26, samples: 499
  平均奖励: 9.1039, 成功率: 38.5%
  optimizer steps: 9, KL: 0.005111
  累计RL时间: 1819.04s
Epoch 54/600
  rollouts: 26, samples: 489
  平均奖励: 7.3496, 成功率: 38.5%
  optimizer steps: 11, KL: 0.004845
  累计RL时间: 1849.10s
BEST_COST_LAYOUT
  epoch: 55/600, rollout: 1398
  rlplanner_cost: 54.2216
  reward: -4.5501
  温度: 94.2566
  CPLEX平均线长: 22.5827
BEST_LAYOUT
  epoch: 55/600, rollout: 1398
  reward: -4.5501
  温度: 94.2566
  CPLEX平均线长: 22.5827
Epoch 55/600
  rollouts: 25, samples: 483
  平均奖励: 5.3770, 成功率: 48.0%
  optimizer steps: 11, KL: 0.006339
  累计RL时间: 1884.85s
Epoch 56/600
  rollouts: 26, samples: 495
  平均奖励: 8.9750, 成功率: 38.5%
  optimizer steps: 9, KL: 0.004148
  累计RL时间: 1915.01s
Epoch 57/600
  rollouts: 25, samples: 482
  平均奖励: -2.5956, 成功率: 60.0%
  optimizer steps: 15, KL: 0.006146
  累计RL时间: 1957.65s
Epoch 58/600
  rollouts: 26, samples: 490
  平均奖励: 12.3482, 成功率: 34.6%
  optimizer steps: 13, KL: 0.004475
  累计RL时间: 1985.08s
Epoch 59/600
  rollouts: 26, samples: 498
  平均奖励: 6.0353, 成功率: 46.2%
  optimizer steps: 10, KL: 0.004749
  累计RL时间: 2019.70s
Epoch 60/600
  rollouts: 25, samples: 480
  平均奖励: 9.7170, 成功率: 36.0%
  optimizer steps: 11, KL: 0.004962
  累计RL时间: 2046.92s
Epoch 61/600
  rollouts: 26, samples: 496
  平均奖励: 6.0613, 成功率: 42.3%
  optimizer steps: 11, KL: 0.004713
  累计RL时间: 2079.17s
Epoch 62/600
  rollouts: 26, samples: 492
  平均奖励: 6.9221, 成功率: 42.3%
  optimizer steps: 9, KL: 0.005390
  累计RL时间: 2111.33s
Epoch 63/600
  rollouts: 25, samples: 487
  平均奖励: -4.8129, 成功率: 60.0%
  optimizer steps: 15, KL: 0.006499
  累计RL时间: 2153.49s
Epoch 64/600
  rollouts: 26, samples: 494
  平均奖励: 16.1357, 成功率: 26.9%
  optimizer steps: 13, KL: 0.004903
  累计RL时间: 2175.83s
Epoch 65/600
  rollouts: 26, samples: 494
  平均奖励: 12.0984, 成功率: 34.6%
  optimizer steps: 11, KL: 0.005794
  累计RL时间: 2203.33s
Epoch 66/600
  rollouts: 26, samples: 496
  平均奖励: 1.6461, 成功率: 50.0%
  optimizer steps: 13, KL: 0.006369
  累计RL时间: 2240.44s
Epoch 67/600
  rollouts: 25, samples: 481
  平均奖励: 5.9005, 成功率: 44.0%
  optimizer steps: 9, KL: 0.005236
  累计RL时间: 2272.67s
Epoch 68/600
  rollouts: 26, samples: 490
  平均奖励: 18.0500, 成功率: 23.1%
  optimizer steps: 13, KL: 0.004981
  累计RL时间: 2293.16s
Epoch 69/600
  rollouts: 25, samples: 482
  平均奖励: 4.9074, 成功率: 44.0%
  optimizer steps: 9, KL: 0.004184
  累计RL时间: 2325.37s
Epoch 70/600
  rollouts: 26, samples: 492
  平均奖励: 12.2317, 成功率: 30.8%
  optimizer steps: 13, KL: 0.005880
  累计RL时间: 2350.38s
Epoch 71/600
  rollouts: 26, samples: 495
  平均奖励: 0.8827, 成功率: 53.8%
  optimizer steps: 14, KL: 0.005856
  累计RL时间: 2389.99s
Epoch 72/600
  rollouts: 25, samples: 485
  平均奖励: -1.2424, 成功率: 56.0%
  optimizer steps: 13, KL: 0.006052
  累计RL时间: 2429.83s
Epoch 73/600
  rollouts: 26, samples: 491
  平均奖励: 13.2362, 成功率: 30.8%
  optimizer steps: 10, KL: 0.004966
  累计RL时间: 2454.59s
Epoch 74/600
  rollouts: 25, samples: 482
  平均奖励: -1.1461, 成功率: 56.0%
  optimizer steps: 12, KL: 0.005379
  累计RL时间: 2494.29s
Epoch 75/600
  rollouts: 26, samples: 492
  平均奖励: 14.3174, 成功率: 30.8%
  optimizer steps: 13, KL: 0.005468
  累计RL时间: 2520.59s
Epoch 76/600
  rollouts: 25, samples: 480
  平均奖励: 6.4893, 成功率: 44.0%
  optimizer steps: 9, KL: 0.004828
  累计RL时间: 2553.08s
Epoch 77/600
  rollouts: 26, samples: 491
  平均奖励: 6.8774, 成功率: 42.3%
  optimizer steps: 11, KL: 0.005567
  累计RL时间: 2585.54s
Epoch 78/600
  rollouts: 25, samples: 485
  平均奖励: 2.1929, 成功率: 52.0%
  optimizer steps: 11, KL: 0.005588
  累计RL时间: 2622.76s
Epoch 79/600
  rollouts: 26, samples: 494
  平均奖励: 14.7210, 成功率: 30.8%
  optimizer steps: 14, KL: 0.005937
  累计RL时间: 2647.87s
Epoch 80/600
  rollouts: 25, samples: 483
  平均奖励: 2.1409, 成功率: 52.0%
  optimizer steps: 10, KL: 0.005142
  累计RL时间: 2685.15s
Epoch 81/600
  rollouts: 25, samples: 481
  平均奖励: 0.3350, 成功率: 56.0%
  optimizer steps: 11, KL: 0.005804
  累计RL时间: 2725.01s
Epoch 82/600
  rollouts: 26, samples: 498
  平均奖励: 1.4358, 成功率: 50.0%
  optimizer steps: 9, KL: 0.005563
  累计RL时间: 2761.76s
Epoch 83/600
  rollouts: 25, samples: 485
  平均奖励: -4.6870, 成功率: 60.0%
  optimizer steps: 11, KL: 0.005604
  累计RL时间: 2803.47s
Epoch 84/600
  rollouts: 26, samples: 492
  平均奖励: 12.2538, 成功率: 34.6%
  optimizer steps: 12, KL: 0.005511
  累计RL时间: 2830.99s
Epoch 85/600
  rollouts: 26, samples: 492
  平均奖励: 11.4600, 成功率: 34.6%
  optimizer steps: 12, KL: 0.004177
  累计RL时间: 2858.39s
Epoch 86/600
  rollouts: 26, samples: 489
  平均奖励: 12.3978, 成功率: 34.6%
  optimizer steps: 14, KL: 0.006097
  累计RL时间: 2885.86s
Epoch 87/600
  rollouts: 25, samples: 480
  平均奖励: 7.0361, 成功率: 44.0%
  optimizer steps: 10, KL: 0.005367
  累计RL时间: 2918.04s
Epoch 88/600
  rollouts: 26, samples: 492
  平均奖励: 7.6491, 成功率: 42.3%
  optimizer steps: 10, KL: 0.005153
  累计RL时间: 2950.12s
Epoch 89/600
  rollouts: 26, samples: 497
  平均奖励: 4.8119, 成功率: 46.2%
  optimizer steps: 10, KL: 0.004545
  累计RL时间: 2984.96s
Epoch 90/600
  rollouts: 26, samples: 494
  平均奖励: 2.0411, 成功率: 50.0%
  optimizer steps: 11, KL: 0.004757
  累计RL时间: 3022.47s
Epoch 91/600
  rollouts: 26, samples: 489
  平均奖励: 11.8572, 成功率: 34.6%
  optimizer steps: 10, KL: 0.006092
  累计RL时间: 3049.58s
Epoch 92/600
  rollouts: 26, samples: 493
  平均奖励: 8.2851, 成功率: 38.5%
  optimizer steps: 9, KL: 0.006249
  累计RL时间: 3079.50s
Epoch 93/600
  rollouts: 26, samples: 493
  平均奖励: 3.7280, 成功率: 46.2%
  optimizer steps: 11, KL: 0.006472
  累计RL时间: 3115.17s
Epoch 94/600
  rollouts: 26, samples: 490
  平均奖励: 13.4517, 成功率: 30.8%
  optimizer steps: 10, KL: 0.004764
  累计RL时间: 3139.90s
Epoch 95/600
  rollouts: 26, samples: 495
  平均奖励: 9.1825, 成功率: 38.5%
  optimizer steps: 9, KL: 0.006024
  累计RL时间: 3169.66s
Epoch 96/600
  rollouts: 26, samples: 495
  平均奖励: 9.6487, 成功率: 38.5%
  optimizer steps: 9, KL: 0.004681
  累计RL时间: 3199.06s
Epoch 97/600
  rollouts: 26, samples: 488
  平均奖励: 11.7045, 成功率: 30.8%
  optimizer steps: 11, KL: 0.005348
  累计RL时间: 3223.83s
Epoch 98/600
  rollouts: 25, samples: 484
  平均奖励: 0.4710, 成功率: 56.0%
  optimizer steps: 11, KL: 0.004429
  累计RL时间: 3263.46s
Epoch 99/600
  rollouts: 26, samples: 498
  平均奖励: 6.4717, 成功率: 42.3%
  optimizer steps: 10, KL: 0.004438
  累计RL时间: 3295.81s
Epoch 100/600
  rollouts: 26, samples: 491
  平均奖励: 14.2447, 成功率: 30.8%
  optimizer steps: 8, KL: 0.005135
  累计RL时间: 3320.51s
Epoch 101/600
  rollouts: 26, samples: 489
  平均奖励: 10.2001, 成功率: 38.5%
  optimizer steps: 12, KL: 0.005358
  累计RL时间: 3350.30s
Epoch 102/600
  rollouts: 26, samples: 492
  平均奖励: 0.4240, 成功率: 50.0%
  optimizer steps: 12, KL: 0.005839
  累计RL时间: 3387.36s
Epoch 103/600
  rollouts: 26, samples: 489
  平均奖励: 11.0272, 成功率: 34.6%
  optimizer steps: 9, KL: 0.004755
  累计RL时间: 3414.33s
Epoch 104/600
  rollouts: 26, samples: 493
  平均奖励: 10.1406, 成功率: 38.5%
  optimizer steps: 9, KL: 0.005887
  累计RL时间: 3443.93s
Epoch 105/600
  rollouts: 26, samples: 496
  平均奖励: 6.3616, 成功率: 42.3%
  optimizer steps: 10, KL: 0.005445
  累计RL时间: 3476.30s
Epoch 106/600
  rollouts: 19, samples: 362
  平均奖励: 4.0297, 成功率: 47.4%
  optimizer steps: 10, KL: 0.004717
  累计RL时间: 3502.30s
模型已保存到 /root/placement/flow_tap/baseline/RL/runs/shard1/Case6_seed4/checkpoints/ppo_best.pt
模型已保存到 /root/placement/flow_tap/baseline/RL/runs/shard1/Case6_seed4/checkpoints/ppo_best_cost.pt

======================================================================
训练完成！
  请求epochs: 600
  完整epochs: 105
  已执行epoch轮次: 106
  总rollouts: 2712
  总transitions: 51803
  最终成功率: 43.9%
  最近平均奖励: 5.9931
  optimizer steps: 1235
  终止原因: time_limit
======================================================================

运行时间统计:
  热阻表: 68.313s
  RL求解: 3502.626s
  总时间: 3570.940s
  best layout发现时间: 2026-09-12T03:08:37
  best layout累计RL时间: 1872.395s
  best layout累计总时间: 1940.709s
