{
  "case": "hp6_m_bump",
  "mode": "thermal",
  "base_seed": 1,
  "status": "completed",
  "error": null,
  "legal_found": true,
  "num_legal": 1,
  "num_illegal": 0,
  "attempts": 1,
  "best_hpwl": 14198446.866945267,
  "twl_m": 14.198446866945266,
  "best_seed": 1,
  "best_legal": true,
  "best_overlaps": 0,
  "best_legalize_method": "milp",
  "best_legalize_s": 0.007814645767211914,
  "total_legalize_s": 0.007814645767211914,
  "runtime_s": 535.567928314209,
  "attempt_log": [
    {
      "seed": 1,
      "iterations": 100,
      "overlaps": 0,
      "overlaps_raw": 0,
      "hpwl": 14198446.866945267,
      "hpwl_raw": 14198475.0,
      "run_s": 534.6675064563751,
      "legal": true,
      "legalize_method": "milp",
      "legalize_s": 0.007814645767211914,
      "layout_dir": "/root/placement/flow_tap/baseline/ATPlace_pub/result_wlsweep/hp6_m_bump/wl35/seed1"
    }
  ],
  "layout_json": "/root/placement/flow_tap/baseline/ATPlace_pub/result_wlsweep/hp6_m_bump/wl35/layout.json",
  "layout_png": "/root/placement/flow_tap/baseline/ATPlace_pub/result_wlsweep/hp6_m_bump/wl35/layout.png",
  "layout_chiplets": 6,
  "visualized": true
}
