{
  "case": "xerox7_m_bump",
  "mode": "thermal",
  "base_seed": 1,
  "status": "completed",
  "error": null,
  "legal_found": true,
  "num_legal": 1,
  "num_illegal": 0,
  "attempts": 1,
  "best_hpwl": 58652980.65354574,
  "twl_m": 58.65298065354574,
  "best_seed": 1,
  "best_legal": true,
  "best_overlaps": 0,
  "best_legalize_method": "milp",
  "best_legalize_s": 0.01814579963684082,
  "total_legalize_s": 0.01814579963684082,
  "runtime_s": 585.3022906780243,
  "attempt_log": [
    {
      "seed": 1,
      "iterations": 100,
      "overlaps": 0,
      "overlaps_raw": 0,
      "hpwl": 58652980.65354574,
      "hpwl_raw": 58652644.0,
      "run_s": 584.2342104911804,
      "legal": true,
      "legalize_method": "milp",
      "legalize_s": 0.01814579963684082,
      "layout_dir": "/root/placement/flow_tap/baseline/ATPlace_pub/result_wlsweep/xerox7_m_bump/wl31/seed1"
    }
  ],
  "layout_json": "/root/placement/flow_tap/baseline/ATPlace_pub/result_wlsweep/xerox7_m_bump/wl31/layout.json",
  "layout_png": "/root/placement/flow_tap/baseline/ATPlace_pub/result_wlsweep/xerox7_m_bump/wl31/layout.png",
  "layout_chiplets": 7,
  "visualized": true
}
