command: /root/anaconda3/envs/chipdiffusion/bin/python /root/placement/flow_tap/baseline/RL/generate_thermal_tables.py /root/placement/flow_tap/baseline/RL/examples/syn4.json --intp-size 37.419514 --overwrite-config --force
cwd: /root/placement/flow_tap/baseline/RL/fastTM
hotspot: /root/placement/flow_tap/baseline/RL/fastTM/util/hotspot
started_at: 2026-09-12T04:37:20

Config: /root/placement/flow_tap/baseline/RL/fastTM/configs/benchmark_syn4.cfg
Output: /root/placement/flow_tap/baseline/RL/fastTM/outputs/benchmark_syn4
#info# Characterizing R_self for Chiplet0 at [ 4.6 , 3.6 ] [mm]
#info# Characterizing R_self for Chiplet0 at [ 18.66765943 , 3.6 ] [mm]
#info# Characterizing R_self for Chiplet0 at [ 4.6 , 18.657659430000002 ] [mm]
#info# Characterizing R_self for Chiplet0 at [ 18.66765943 , 18.657659430000002 ] [mm]
#info# R_self characterization done for: Chiplet0 . Saved to file: /root/placement/flow_tap/baseline/RL/fastTM/outputs/benchmark_syn4/Chiplet0.rself
#info# Characterizing R_mutu for Chiplet0 at [ 4.6 , 3.6 ] [mm]
#info# R_mutual characterization done for: Chiplet0 Saved to file: /root/placement/flow_tap/baseline/RL/fastTM/outputs/benchmark_syn4/Chiplet0.rmutu
#info# Characterizing R_self for Chiplet1 at [ 4.1 , 3.6 ] [mm]
#info# Characterizing R_self for Chiplet1 at [ 18.66265943 , 3.6 ] [mm]
#info# Characterizing R_self for Chiplet1 at [ 4.1 , 18.657659430000002 ] [mm]
#info# Characterizing R_self for Chiplet1 at [ 18.66265943 , 18.657659430000002 ] [mm]
#info# R_self characterization done for: Chiplet1 . Saved to file: /root/placement/flow_tap/baseline/RL/fastTM/outputs/benchmark_syn4/Chiplet1.rself
#info# Characterizing R_mutu for Chiplet1 at [ 4.1 , 3.6 ] [mm]
#info# R_mutual characterization done for: Chiplet1 Saved to file: /root/placement/flow_tap/baseline/RL/fastTM/outputs/benchmark_syn4/Chiplet1.rmutu
#info# Characterizing R_self for Chiplet2 at [ 3.6 , 3.1 ] [mm]
#info# Characterizing R_self for Chiplet2 at [ 18.657659430000002 , 3.1 ] [mm]
#info# Characterizing R_self for Chiplet2 at [ 3.6 , 18.652659430000003 ] [mm]
#info# Characterizing R_self for Chiplet2 at [ 18.657659430000002 , 18.652659430000003 ] [mm]
#info# R_self characterization done for: Chiplet2 . Saved to file: /root/placement/flow_tap/baseline/RL/fastTM/outputs/benchmark_syn4/Chiplet2.rself
#info# Characterizing R_mutu for Chiplet2 at [ 3.6 , 3.1 ] [mm]
#info# R_mutual characterization done for: Chiplet2 Saved to file: /root/placement/flow_tap/baseline/RL/fastTM/outputs/benchmark_syn4/Chiplet2.rmutu
#info# Characterizing R_self for Chiplet3 at [ 3.6 , 3.6 ] [mm]
#info# Characterizing R_self for Chiplet3 at [ 18.657659430000002 , 3.6 ] [mm]
#info# Characterizing R_self for Chiplet3 at [ 3.6 , 18.657659430000002 ] [mm]
#info# Characterizing R_self for Chiplet3 at [ 18.657659430000002 , 18.657659430000002 ] [mm]
#info# R_self characterization done for: Chiplet3 . Saved to file: /root/placement/flow_tap/baseline/RL/fastTM/outputs/benchmark_syn4/Chiplet3.rself
#info# Characterizing R_mutu for Chiplet3 at [ 3.6 , 3.6 ] [mm]
#info# R_mutual characterization done for: Chiplet3 Saved to file: /root/placement/flow_tap/baseline/RL/fastTM/outputs/benchmark_syn4/Chiplet3.rmutu
#info# Characterizing R_self for Chiplet4 at [ 3.1 , 4.1 ] [mm]
#info# Characterizing R_self for Chiplet4 at [ 18.652659430000003 , 4.1 ] [mm]
#info# Characterizing R_self for Chiplet4 at [ 3.1 , 18.66265943 ] [mm]
#info# Characterizing R_self for Chiplet4 at [ 18.652659430000003 , 18.66265943 ] [mm]
#info# R_self characterization done for: Chiplet4 . Saved to file: /root/placement/flow_tap/baseline/RL/fastTM/outputs/benchmark_syn4/Chiplet4.rself
#info# Characterizing R_mutu for Chiplet4 at [ 3.1 , 4.1 ] [mm]
#info# R_mutual characterization done for: Chiplet4 Saved to file: /root/placement/flow_tap/baseline/RL/fastTM/outputs/benchmark_syn4/Chiplet4.rmutu
#info# Characterizing R_self for Chiplet5 at [ 4.6 , 2.6 ] [mm]
#info# Characterizing R_self for Chiplet5 at [ 18.66765943 , 2.6 ] [mm]
#info# Characterizing R_self for Chiplet5 at [ 4.6 , 18.64765943 ] [mm]
#info# Characterizing R_self for Chiplet5 at [ 18.66765943 , 18.64765943 ] [mm]
#info# R_self characterization done for: Chiplet5 . Saved to file: /root/placement/flow_tap/baseline/RL/fastTM/outputs/benchmark_syn4/Chiplet5.rself
#info# Characterizing R_mutu for Chiplet5 at [ 4.6 , 2.6 ] [mm]
#info# R_mutual characterization done for: Chiplet5 Saved to file: /root/placement/flow_tap/baseline/RL/fastTM/outputs/benchmark_syn4/Chiplet5.rmutu
#info# Characterizing R_self for Chiplet6 at [ 3.6 , 2.6 ] [mm]
#info# Characterizing R_self for Chiplet6 at [ 18.657659430000002 , 2.6 ] [mm]
#info# Characterizing R_self for Chiplet6 at [ 3.6 , 18.64765943 ] [mm]
#info# Characterizing R_self for Chiplet6 at [ 18.657659430000002 , 18.64765943 ] [mm]
#info# R_self characterization done for: Chiplet6 . Saved to file: /root/placement/flow_tap/baseline/RL/fastTM/outputs/benchmark_syn4/Chiplet6.rself
#info# Characterizing R_mutu for Chiplet6 at [ 3.6 , 2.6 ] [mm]
#info# R_mutual characterization done for: Chiplet6 Saved to file: /root/placement/flow_tap/baseline/RL/fastTM/outputs/benchmark_syn4/Chiplet6.rmutu
#info# Characterizing R_self for Chiplet7 at [ 3.1 , 2.6 ] [mm]
#info# Characterizing R_self for Chiplet7 at [ 18.652659430000003 , 2.6 ] [mm]
#info# Characterizing R_self for Chiplet7 at [ 3.1 , 18.64765943 ] [mm]
#info# Characterizing R_self for Chiplet7 at [ 18.652659430000003 , 18.64765943 ] [mm]
#info# R_self characterization done for: Chiplet7 . Saved to file: /root/placement/flow_tap/baseline/RL/fastTM/outputs/benchmark_syn4/Chiplet7.rself
#info# Characterizing R_mutu for Chiplet7 at [ 3.1 , 2.6 ] [mm]
#info# R_mutual characterization done for: Chiplet7 Saved to file: /root/placement/flow_tap/baseline/RL/fastTM/outputs/benchmark_syn4/Chiplet7.rmutu
#info# Characterizing R_self for Chiplet8 at [ 4.6 , 4.1 ] [mm]
#info# Characterizing R_self for Chiplet8 at [ 18.66765943 , 4.1 ] [mm]
#info# Characterizing R_self for Chiplet8 at [ 4.6 , 18.66265943 ] [mm]
#info# Characterizing R_self for Chiplet8 at [ 18.66765943 , 18.66265943 ] [mm]
#info# R_self characterization done for: Chiplet8 . Saved to file: /root/placement/flow_tap/baseline/RL/fastTM/outputs/benchmark_syn4/Chiplet8.rself
#info# Characterizing R_mutu for Chiplet8 at [ 4.6 , 4.1 ] [mm]
#info# R_mutual characterization done for: Chiplet8 Saved to file: /root/placement/flow_tap/baseline/RL/fastTM/outputs/benchmark_syn4/Chiplet8.rmutu
Thermal tables generated.
