{
  "case": "Case6_bump",
  "mode": "thermal",
  "base_seed": 4,
  "status": "completed",
  "error": null,
  "legal_found": false,
  "num_legal": 0,
  "num_illegal": 1,
  "attempts": 1,
  "best_hpwl": 35561395.63035202,
  "twl_m": 35.56139563035202,
  "best_seed": 4,
  "best_legal": false,
  "best_overlaps": 1,
  "best_legalize_method": "milp",
  "best_legalize_s": 0.03301668167114258,
  "total_legalize_s": 0.03301668167114258,
  "runtime_s": 999.8488669395447,
  "attempt_log": [
    {
      "seed": 4,
      "iterations": 100,
      "overlaps": 1,
      "overlaps_raw": 0,
      "hpwl": 35561395.63035202,
      "hpwl_raw": 35561384.0,
      "run_s": 998.9533863067627,
      "legal": false,
      "legalize_method": "milp",
      "legalize_s": 0.03301668167114258,
      "layout_dir": "/root/placement/flow_tap/baseline/ATPlace_pub/result_0wl/Case6_bump/seed4"
    }
  ],
  "layout_json": "/root/placement/flow_tap/baseline/ATPlace_pub/result_0wl/Case6_bump/layout.json",
  "layout_png": "/root/placement/flow_tap/baseline/ATPlace_pub/result_0wl/Case6_bump/layout.png",
  "layout_chiplets": 20,
  "visualized": true
}
