{
  "case": "Case6_bump",
  "mode": "thermal",
  "base_seed": 5,
  "status": "completed",
  "error": null,
  "legal_found": true,
  "num_legal": 1,
  "num_illegal": 0,
  "attempts": 1,
  "best_hpwl": 34832378.328063965,
  "twl_m": 34.83237832806397,
  "best_seed": 5,
  "best_legal": true,
  "best_overlaps": 0,
  "best_legalize_method": "milp",
  "best_legalize_s": 0.02999091148376465,
  "total_legalize_s": 0.02999091148376465,
  "runtime_s": 1002.6547682285309,
  "attempt_log": [
    {
      "seed": 5,
      "iterations": 100,
      "overlaps": 0,
      "overlaps_raw": 0,
      "hpwl": 34832378.328063965,
      "hpwl_raw": 34832336.0,
      "run_s": 1001.7629427909851,
      "legal": true,
      "legalize_method": "milp",
      "legalize_s": 0.02999091148376465,
      "layout_dir": "/root/placement/flow_tap/baseline/ATPlace_pub/result_0wl/Case6_bump/seed5"
    }
  ],
  "layout_json": "/root/placement/flow_tap/baseline/ATPlace_pub/result_0wl/Case6_bump/layout.json",
  "layout_png": "/root/placement/flow_tap/baseline/ATPlace_pub/result_0wl/Case6_bump/layout.png",
  "layout_chiplets": 20,
  "visualized": true
}
