{
  "case": "acend910_bump",
  "mode": "thermal",
  "base_seed": 1,
  "status": "completed",
  "error": null,
  "legal_found": true,
  "num_legal": 1,
  "num_illegal": 0,
  "attempts": 1,
  "best_hpwl": 36222197.1699276,
  "twl_m": 36.2221971699276,
  "best_seed": 1,
  "best_legal": true,
  "best_overlaps": 0,
  "best_legalize_method": "milp",
  "best_legalize_s": 0.009598970413208008,
  "total_legalize_s": 0.009598970413208008,
  "runtime_s": 544.6498873233795,
  "attempt_log": [
    {
      "seed": 1,
      "iterations": 100,
      "overlaps": 0,
      "overlaps_raw": 0,
      "hpwl": 36222197.1699276,
      "hpwl_raw": 36222184.0,
      "run_s": 543.8425967693329,
      "legal": true,
      "legalize_method": "milp",
      "legalize_s": 0.009598970413208008,
      "layout_dir": "/root/placement/flow_tap/baseline/ATPlace_pub/result_wlsweep/acend910_bump/wl27/seed1"
    }
  ],
  "layout_json": "/root/placement/flow_tap/baseline/ATPlace_pub/result_wlsweep/acend910_bump/wl27/layout.json",
  "layout_png": "/root/placement/flow_tap/baseline/ATPlace_pub/result_wlsweep/acend910_bump/wl27/layout.png",
  "layout_chiplets": 6,
  "visualized": true
}
