{
  "case": "syn1_bump",
  "mode": "thermal",
  "base_seed": 3,
  "status": "completed",
  "error": null,
  "legal_found": true,
  "num_legal": 1,
  "num_illegal": 0,
  "attempts": 1,
  "best_hpwl": 70001871.00193787,
  "twl_m": 70.00187100193787,
  "best_seed": 3,
  "best_legal": true,
  "best_overlaps": 0,
  "best_legalize_method": "milp",
  "best_legalize_s": 0.012466669082641602,
  "total_legalize_s": 0.012466669082641602,
  "runtime_s": 363.931104183197,
  "attempt_log": [
    {
      "seed": 3,
      "iterations": 100,
      "overlaps": 0,
      "overlaps_raw": 0,
      "hpwl": 70001871.00193787,
      "hpwl_raw": 70001872.0,
      "run_s": 363.38151383399963,
      "legal": true,
      "legalize_method": "milp",
      "legalize_s": 0.012466669082641602,
      "layout_dir": "/root/placement/flow_tap/baseline/ATPlace_pub/result_0wl/syn1_bump/seed3"
    }
  ],
  "layout_json": "/root/placement/flow_tap/baseline/ATPlace_pub/result_0wl/syn1_bump/layout.json",
  "layout_png": "/root/placement/flow_tap/baseline/ATPlace_pub/result_0wl/syn1_bump/layout.png",
  "layout_chiplets": 10,
  "visualized": true
}
