{
  "case": "Case7_bump",
  "mode": "thermal",
  "base_seed": 1,
  "status": "completed",
  "error": null,
  "legal_found": false,
  "num_legal": 0,
  "num_illegal": 1,
  "attempts": 1,
  "best_hpwl": 21473186.199943542,
  "twl_m": 21.47318619994354,
  "best_seed": 1,
  "best_legal": false,
  "best_overlaps": 1,
  "best_legalize_method": "milp",
  "best_legalize_s": 0.10631155967712402,
  "total_legalize_s": 0.10631155967712402,
  "runtime_s": 2544.645144224167,
  "attempt_log": [
    {
      "seed": 1,
      "iterations": 100,
      "overlaps": 1,
      "overlaps_raw": 0,
      "hpwl": 21473186.199943542,
      "hpwl_raw": 21473166.0,
      "run_s": 2540.253174304962,
      "legal": false,
      "legalize_method": "milp",
      "legalize_s": 0.10631155967712402,
      "layout_dir": "/root/placement/flow_tap/baseline/ATPlace_pub/result_wlsweep_c7/Case7_bump/wl34/seed1"
    }
  ],
  "layout_json": "/root/placement/flow_tap/baseline/ATPlace_pub/result_wlsweep_c7/Case7_bump/wl34/layout.json",
  "layout_png": "/root/placement/flow_tap/baseline/ATPlace_pub/result_wlsweep_c7/Case7_bump/wl34/layout.png",
  "layout_chiplets": 28,
  "visualized": true
}
