{
  "case": "multigpu_bump",
  "mode": "thermal",
  "base_seed": 1,
  "status": "completed",
  "error": null,
  "legal_found": true,
  "num_legal": 1,
  "num_illegal": 0,
  "attempts": 1,
  "best_hpwl": 68196011.09858704,
  "twl_m": 68.19601109858704,
  "best_seed": 1,
  "best_legal": true,
  "best_overlaps": 0,
  "best_legalize_method": "milp",
  "best_legalize_s": 0.014619588851928711,
  "total_legalize_s": 0.014619588851928711,
  "runtime_s": 498.0102174282074,
  "attempt_log": [
    {
      "seed": 1,
      "iterations": 100,
      "overlaps": 0,
      "overlaps_raw": 0,
      "hpwl": 68196011.09858704,
      "hpwl_raw": 68195840.0,
      "run_s": 497.15930914878845,
      "legal": true,
      "legalize_method": "milp",
      "legalize_s": 0.014619588851928711,
      "layout_dir": "/root/placement/flow_tap/baseline/ATPlace_pub/result_wlsweep/multigpu_bump/wl19/seed1"
    }
  ],
  "layout_json": "/root/placement/flow_tap/baseline/ATPlace_pub/result_wlsweep/multigpu_bump/wl19/layout.json",
  "layout_png": "/root/placement/flow_tap/baseline/ATPlace_pub/result_wlsweep/multigpu_bump/wl19/layout.png",
  "layout_chiplets": 6,
  "visualized": true
}
