command: /root/anaconda3/envs/chipdiffusion/bin/python /root/placement/flow_tap/baseline/RL/train.py --json /root/placement/flow_tap/baseline/RL/examples/Case7.json --name Case7_seed2 --runs-dir /root/placement/flow_tap/baseline/RL/runs/shard1 --seed 2 --time_limit_seconds 3600.0 --max_width 27.549672 --max_height 27.549672 --thermal_intp_size 27.549672 --footprint_mode json_first --save_checkpoint --log_interval 1 --force_thermal_tables
started_at: 2026-09-12T05:38:32

使用设备: cuda
Run name: Case7_seed2
Run directory: /root/placement/flow_tap/baseline/RL/runs/shard1/Case7_seed2
Training log: /root/placement/flow_tap/baseline/RL/runs/shard1/Case7_seed2/train.log

生成/检查 fastTM 热阻表...
  热阻表阶段状态: ok
  热阻表阶段耗时: 165.332s
  热阻表日志: /root/placement/flow_tap/baseline/RL/runs/shard1/Case7_seed2/thermal_tables.log
======================================================================
PPO训练 - 芯片布局优化
======================================================================

环境信息:
  芯片数量: 28
  放置顺序: ['CPU2_0', 'CPU2_1', 'DRAM_0', 'DRAM_1', 'CPU1_0', 'CPU1_1', 'CPU1_2', 'CPU1_3', 'CPU1_4', 'CPU1_5', 'CPU1_6', 'CPU1_7', 'Analog_0', 'Analog_1', 'Analog_2', 'Analog_3', 'Analog_4', 'Analog_5', 'Analog_6', 'Analog_7', 'MEMS_0', 'MEMS_1', 'MEMS_2', 'MEMS_3', 'MEMS_4', 'MEMS_5', 'MEMS_6', 'MEMS_7']
  观察维度: 10
  动作维度: 70000
  rollout batch: 480 transitions
  minibatches: 4
  PPO update epochs: 4
  随机种子: 2
  剩余总时间预算: 3434.7s

开始训练...
----------------------------------------------------------------------
BEST_COST_LAYOUT
  epoch: 1/600, rollout: 1
  rlplanner_cost: 17.5434
  reward: 37.3720
  温度: 81.2112
  CPLEX平均线长: 16.5549
BEST_LAYOUT
  epoch: 1/600, rollout: 1
  reward: 37.3720
  温度: 81.2112
  CPLEX平均线长: 16.5549
BEST_COST_LAYOUT
  epoch: 1/600, rollout: 2
  rlplanner_cost: 14.3515
  reward: 41.9876
  温度: 79.1412
  CPLEX平均线长: 14.3515
BEST_LAYOUT
  epoch: 1/600, rollout: 2
  reward: 41.9876
  温度: 79.1412
  CPLEX平均线长: 14.3515
BEST_COST_LAYOUT
  epoch: 1/600, rollout: 5
  rlplanner_cost: 13.9857
  reward: 41.3563
  温度: 79.4952
  CPLEX平均线长: 13.9857
BEST_COST_LAYOUT
  epoch: 1/600, rollout: 6
  rlplanner_cost: 13.8850
  reward: 43.9292
  温度: 78.8867
  CPLEX平均线长: 13.8850
BEST_LAYOUT
  epoch: 1/600, rollout: 6
  reward: 43.9292
  温度: 78.8867
  CPLEX平均线长: 13.8850
BEST_COST_LAYOUT
  epoch: 1/600, rollout: 8
  rlplanner_cost: 10.5002
  reward: 46.0918
  温度: 79.4111
  CPLEX平均线长: 10.5002
BEST_LAYOUT
  epoch: 1/600, rollout: 8
  reward: 46.0918
  温度: 79.4111
  CPLEX平均线长: 10.5002
Epoch 1/600
  rollouts: 18, samples: 504
  平均奖励: 41.2060, 成功率: 100.0%
  optimizer steps: 16, KL: 0.000288
  累计RL时间: 158.87s
Epoch 2/600
  rollouts: 18, samples: 504
  平均奖励: 40.6572, 成功率: 100.0%
  optimizer steps: 16, KL: 0.000973
  累计RL时间: 313.53s
BEST_LAYOUT
  epoch: 3/600, rollout: 39
  reward: 46.1700
  温度: 79.8939
  CPLEX平均线长: 11.9178
Epoch 3/600
  rollouts: 18, samples: 504
  平均奖励: 40.7355, 成功率: 100.0%
  optimizer steps: 16, KL: 0.002772
  累计RL时间: 469.35s
Epoch 4/600
  rollouts: 18, samples: 504
  平均奖励: 40.8312, 成功率: 100.0%
  optimizer steps: 16, KL: 0.005191
  累计RL时间: 625.76s
Epoch 5/600
  rollouts: 18, samples: 504
  平均奖励: 40.1618, 成功率: 100.0%
  optimizer steps: 13, KL: 0.004979
  累计RL时间: 779.96s
Epoch 6/600
  rollouts: 18, samples: 504
  平均奖励: 39.6402, 成功率: 100.0%
  optimizer steps: 13, KL: 0.005111
  累计RL时间: 934.91s
Epoch 7/600
  rollouts: 18, samples: 504
  平均奖励: 39.3912, 成功率: 100.0%
  optimizer steps: 11, KL: 0.005199
  累计RL时间: 1090.57s
Epoch 8/600
  rollouts: 18, samples: 504
  平均奖励: 40.4271, 成功率: 100.0%
  optimizer steps: 10, KL: 0.004969
  累计RL时间: 1244.57s
Epoch 9/600
  rollouts: 18, samples: 504
  平均奖励: 38.6845, 成功率: 100.0%
  optimizer steps: 11, KL: 0.004884
  累计RL时间: 1400.35s
Epoch 10/600
  rollouts: 18, samples: 504
  平均奖励: 40.1104, 成功率: 100.0%
  optimizer steps: 11, KL: 0.006226
  累计RL时间: 1555.32s
Epoch 11/600
  rollouts: 18, samples: 504
  平均奖励: 39.7958, 成功率: 100.0%
  optimizer steps: 11, KL: 0.004993
  累计RL时间: 1709.10s
Epoch 12/600
  rollouts: 18, samples: 504
  平均奖励: 39.9919, 成功率: 100.0%
  optimizer steps: 10, KL: 0.005672
  累计RL时间: 1863.57s
Epoch 13/600
  rollouts: 18, samples: 504
  平均奖励: 39.3762, 成功率: 100.0%
  optimizer steps: 10, KL: 0.005532
  累计RL时间: 2019.04s
Epoch 14/600
  rollouts: 18, samples: 504
  平均奖励: 40.1466, 成功率: 100.0%
  optimizer steps: 10, KL: 0.004831
  累计RL时间: 2173.86s
Epoch 15/600
  rollouts: 18, samples: 504
  平均奖励: 39.9073, 成功率: 100.0%
  optimizer steps: 11, KL: 0.006346
  累计RL时间: 2334.58s
Epoch 16/600
  rollouts: 18, samples: 504
  平均奖励: 39.9033, 成功率: 100.0%
  optimizer steps: 11, KL: 0.005519
  累计RL时间: 2490.46s
Epoch 17/600
  rollouts: 18, samples: 504
  平均奖励: 39.7417, 成功率: 100.0%
  optimizer steps: 11, KL: 0.006686
  累计RL时间: 2645.53s
Epoch 18/600
  rollouts: 18, samples: 504
  平均奖励: 39.9841, 成功率: 100.0%
  optimizer steps: 9, KL: 0.006042
  累计RL时间: 2801.69s
Epoch 19/600
  rollouts: 18, samples: 504
  平均奖励: 40.5499, 成功率: 100.0%
  optimizer steps: 10, KL: 0.007003
  累计RL时间: 2955.99s
Epoch 20/600
  rollouts: 18, samples: 504
  平均奖励: 39.5789, 成功率: 100.0%
  optimizer steps: 10, KL: 0.006356
  累计RL时间: 3110.72s
Epoch 21/600
  rollouts: 18, samples: 504
  平均奖励: 38.8122, 成功率: 100.0%
  optimizer steps: 10, KL: 0.004441
  累计RL时间: 3266.02s
Epoch 22/600
  rollouts: 17, samples: 476
  平均奖励: 39.7285, 成功率: 100.0%
  optimizer steps: 11, KL: 0.006079
  累计RL时间: 3411.41s
模型已保存到 /root/placement/flow_tap/baseline/RL/runs/shard1/Case7_seed2/checkpoints/ppo_best.pt
模型已保存到 /root/placement/flow_tap/baseline/RL/runs/shard1/Case7_seed2/checkpoints/ppo_best_cost.pt

======================================================================
训练完成！
  请求epochs: 600
  完整epochs: 21
  已执行epoch轮次: 22
  总rollouts: 395
  总transitions: 11060
  最终成功率: 100.0%
  最近平均奖励: 39.9710
  optimizer steps: 257
  终止原因: time_limit
======================================================================

运行时间统计:
  热阻表: 165.332s
  RL求解: 3411.717s
  总时间: 3577.049s
  best layout发现时间: 2026-09-12T05:47:11
  best layout累计RL时间: 339.364s
  best layout累计总时间: 504.697s

Model saved to /root/placement/flow_tap/baseline/RL/runs/shard1/Case7_seed2/checkpoints/ppo_best.pt
