{
  "case": "syn4_bump",
  "mode": "thermal",
  "base_seed": 1,
  "status": "completed",
  "error": null,
  "legal_found": false,
  "num_legal": 0,
  "num_illegal": 1,
  "attempts": 1,
  "best_hpwl": 64017637.57996702,
  "twl_m": 64.01763757996702,
  "best_seed": 1,
  "best_legal": false,
  "best_overlaps": 1,
  "best_legalize_method": "milp",
  "best_legalize_s": 0.7948780059814453,
  "total_legalize_s": 0.7948780059814453,
  "runtime_s": 2429.7969946861267,
  "attempt_log": [
    {
      "seed": 1,
      "iterations": 100,
      "overlaps": 1,
      "overlaps_raw": 0,
      "hpwl": 64017637.57996702,
      "hpwl_raw": 64017624.0,
      "run_s": 2413.477777481079,
      "legal": false,
      "legalize_method": "milp",
      "legalize_s": 0.7948780059814453,
      "layout_dir": "/root/placement/flow_tap/baseline/ATPlace_pub/result_wlsweep/syn4_bump/wl40/seed1"
    }
  ],
  "layout_json": "/root/placement/flow_tap/baseline/ATPlace_pub/result_wlsweep/syn4_bump/wl40/layout.json",
  "layout_png": "/root/placement/flow_tap/baseline/ATPlace_pub/result_wlsweep/syn4_bump/wl40/layout.png",
  "layout_chiplets": 13,
  "visualized": true
}
