{
  "case": "xerox7_m_bump",
  "mode": "thermal",
  "base_seed": 1,
  "status": "completed",
  "error": null,
  "legal_found": true,
  "num_legal": 1,
  "num_illegal": 0,
  "attempts": 1,
  "best_hpwl": 58189121.828350425,
  "twl_m": 58.18912182835042,
  "best_seed": 1,
  "best_legal": true,
  "best_overlaps": 0,
  "best_legalize_method": "milp",
  "best_legalize_s": 0.006339311599731445,
  "total_legalize_s": 0.006339311599731445,
  "runtime_s": 346.8976483345032,
  "attempt_log": [
    {
      "seed": 1,
      "iterations": 100,
      "overlaps": 0,
      "overlaps_raw": 0,
      "hpwl": 58189121.828350425,
      "hpwl_raw": 58188712.0,
      "run_s": 346.31876945495605,
      "legal": true,
      "legalize_method": "milp",
      "legalize_s": 0.006339311599731445,
      "layout_dir": "/root/placement/flow_tap/baseline/ATPlace_pub/result/xerox7_m_bump/seed1"
    }
  ],
  "layout_json": "/root/placement/flow_tap/baseline/ATPlace_pub/result/xerox7_m_bump/layout.json",
  "layout_png": "/root/placement/flow_tap/baseline/ATPlace_pub/result/xerox7_m_bump/layout.png",
  "layout_chiplets": 7,
  "visualized": true
}
