{
  "case": "xerox6_m_bump",
  "mode": "thermal",
  "base_seed": 1,
  "status": "completed",
  "error": null,
  "legal_found": true,
  "num_legal": 1,
  "num_illegal": 0,
  "attempts": 1,
  "best_hpwl": 55776490.36657715,
  "twl_m": 55.77649036657715,
  "best_seed": 1,
  "best_legal": true,
  "best_overlaps": 0,
  "best_legalize_method": "milp",
  "best_legalize_s": 0.018566608428955078,
  "total_legalize_s": 0.018566608428955078,
  "runtime_s": 514.8438429832458,
  "attempt_log": [
    {
      "seed": 1,
      "iterations": 100,
      "overlaps": 0,
      "overlaps_raw": 0,
      "hpwl": 55776490.36657715,
      "hpwl_raw": 55776288.0,
      "run_s": 513.9542534351349,
      "legal": true,
      "legalize_method": "milp",
      "legalize_s": 0.018566608428955078,
      "layout_dir": "/root/placement/flow_tap/baseline/ATPlace_pub/result_wlsweep/xerox6_m_bump/wl14/seed1"
    }
  ],
  "layout_json": "/root/placement/flow_tap/baseline/ATPlace_pub/result_wlsweep/xerox6_m_bump/wl14/layout.json",
  "layout_png": "/root/placement/flow_tap/baseline/ATPlace_pub/result_wlsweep/xerox6_m_bump/wl14/layout.png",
  "layout_chiplets": 6,
  "visualized": true
}
