{
  "case": "xerox6_m_bump",
  "mode": "thermal",
  "base_seed": 1,
  "status": "completed",
  "error": null,
  "legal_found": true,
  "num_legal": 1,
  "num_illegal": 0,
  "attempts": 1,
  "best_hpwl": 74410263.68359184,
  "twl_m": 74.41026368359184,
  "best_seed": 1,
  "best_legal": true,
  "best_overlaps": 0,
  "best_legalize_method": "milp",
  "best_legalize_s": 0.09831833839416504,
  "total_legalize_s": 0.09831833839416504,
  "runtime_s": 591.3847334384918,
  "attempt_log": [
    {
      "seed": 1,
      "iterations": 100,
      "overlaps": 0,
      "overlaps_raw": 0,
      "hpwl": 74410263.68359184,
      "hpwl_raw": 74410360.0,
      "run_s": 580.9827482700348,
      "legal": true,
      "legalize_method": "milp",
      "legalize_s": 0.09831833839416504,
      "layout_dir": "/root/placement/flow_tap/baseline/ATPlace_pub/result_wlsweep/xerox6_m_bump/wl02/seed1"
    }
  ],
  "layout_json": "/root/placement/flow_tap/baseline/ATPlace_pub/result_wlsweep/xerox6_m_bump/wl02/layout.json",
  "layout_png": "/root/placement/flow_tap/baseline/ATPlace_pub/result_wlsweep/xerox6_m_bump/wl02/layout.png",
  "layout_chiplets": 6,
  "visualized": true
}
