{
  "case": "cpu-dram_bump",
  "mode": "thermal",
  "base_seed": 1,
  "status": "completed",
  "error": null,
  "legal_found": true,
  "num_legal": 1,
  "num_illegal": 0,
  "attempts": 1,
  "best_hpwl": 69615579.26833487,
  "twl_m": 69.61557926833487,
  "best_seed": 1,
  "best_legal": true,
  "best_overlaps": 0,
  "best_legalize_method": "milp",
  "best_legalize_s": 0.03813314437866211,
  "total_legalize_s": 0.03813314437866211,
  "runtime_s": 689.207512140274,
  "attempt_log": [
    {
      "seed": 1,
      "iterations": 100,
      "overlaps": 0,
      "overlaps_raw": 0,
      "hpwl": 69615579.26833487,
      "hpwl_raw": 69615336.0,
      "run_s": 687.002692937851,
      "legal": true,
      "legalize_method": "milp",
      "legalize_s": 0.03813314437866211,
      "layout_dir": "/root/placement/flow_tap/baseline/ATPlace_pub/result_wlsweep_cpudram/cpu-dram_bump/wl29/seed1"
    }
  ],
  "layout_json": "/root/placement/flow_tap/baseline/ATPlace_pub/result_wlsweep_cpudram/cpu-dram_bump/wl29/layout.json",
  "layout_png": "/root/placement/flow_tap/baseline/ATPlace_pub/result_wlsweep_cpudram/cpu-dram_bump/wl29/layout.png",
  "layout_chiplets": 8,
  "visualized": true
}
