{
  "case": "Case7_bump",
  "mode": "thermal",
  "base_seed": 1,
  "status": "completed",
  "error": null,
  "legal_found": true,
  "num_legal": 1,
  "num_illegal": 0,
  "attempts": 1,
  "best_hpwl": 16532503.041790009,
  "twl_m": 16.532503041790008,
  "best_seed": 1,
  "best_legal": true,
  "best_overlaps": 0,
  "best_legalize_method": "milp",
  "best_legalize_s": 0.2578392028808594,
  "total_legalize_s": 0.2578392028808594,
  "runtime_s": 3093.5117161273956,
  "attempt_log": [
    {
      "seed": 1,
      "iterations": 100,
      "overlaps": 0,
      "overlaps_raw": 0,
      "hpwl": 16532503.041790009,
      "hpwl_raw": 16532325.0,
      "run_s": 3087.890017747879,
      "legal": true,
      "legalize_method": "milp",
      "legalize_s": 0.2578392028808594,
      "layout_dir": "/root/placement/flow_tap/baseline/ATPlace_pub/result_wlsweep_c7/Case7_bump/wl44/seed1"
    }
  ],
  "layout_json": "/root/placement/flow_tap/baseline/ATPlace_pub/result_wlsweep_c7/Case7_bump/wl44/layout.json",
  "layout_png": "/root/placement/flow_tap/baseline/ATPlace_pub/result_wlsweep_c7/Case7_bump/wl44/layout.png",
  "layout_chiplets": 28,
  "visualized": true
}
