{
  "case": "hp6_m_bump",
  "mode": "thermal",
  "base_seed": 1,
  "status": "completed",
  "error": null,
  "legal_found": true,
  "num_legal": 1,
  "num_illegal": 0,
  "attempts": 1,
  "best_hpwl": 12452073.842298508,
  "twl_m": 12.452073842298507,
  "best_seed": 1,
  "best_legal": true,
  "best_overlaps": 0,
  "best_legalize_method": "milp",
  "best_legalize_s": 0.043311357498168945,
  "total_legalize_s": 0.043311357498168945,
  "runtime_s": 548.169511795044,
  "attempt_log": [
    {
      "seed": 1,
      "iterations": 100,
      "overlaps": 0,
      "overlaps_raw": 0,
      "hpwl": 12452073.842298508,
      "hpwl_raw": 12452023.0,
      "run_s": 546.5138671398163,
      "legal": true,
      "legalize_method": "milp",
      "legalize_s": 0.043311357498168945,
      "layout_dir": "/root/placement/flow_tap/baseline/ATPlace_pub/result_wlsweep/hp6_m_bump/wl42/seed1"
    }
  ],
  "layout_json": "/root/placement/flow_tap/baseline/ATPlace_pub/result_wlsweep/hp6_m_bump/wl42/layout.json",
  "layout_png": "/root/placement/flow_tap/baseline/ATPlace_pub/result_wlsweep/hp6_m_bump/wl42/layout.png",
  "layout_chiplets": 6,
  "visualized": true
}
