{
  "case": "acend910_bump",
  "mode": "thermal",
  "base_seed": 1,
  "status": "completed",
  "error": null,
  "legal_found": true,
  "num_legal": 1,
  "num_illegal": 0,
  "attempts": 1,
  "best_hpwl": 33001135.72180748,
  "twl_m": 33.00113572180748,
  "best_seed": 1,
  "best_legal": true,
  "best_overlaps": 0,
  "best_legalize_method": "milp",
  "best_legalize_s": 0.011850118637084961,
  "total_legalize_s": 0.011850118637084961,
  "runtime_s": 547.9550552368164,
  "attempt_log": [
    {
      "seed": 1,
      "iterations": 100,
      "overlaps": 0,
      "overlaps_raw": 0,
      "hpwl": 33001135.72180748,
      "hpwl_raw": 33001126.0,
      "run_s": 547.1586878299713,
      "legal": true,
      "legalize_method": "milp",
      "legalize_s": 0.011850118637084961,
      "layout_dir": "/root/placement/flow_tap/baseline/ATPlace_pub/result_wlsweep/acend910_bump/wl33/seed1"
    }
  ],
  "layout_json": "/root/placement/flow_tap/baseline/ATPlace_pub/result_wlsweep/acend910_bump/wl33/layout.json",
  "layout_png": "/root/placement/flow_tap/baseline/ATPlace_pub/result_wlsweep/acend910_bump/wl33/layout.png",
  "layout_chiplets": 6,
  "visualized": true
}
