{
  "case": "cpu-dram_bump",
  "mode": "thermal",
  "base_seed": 3,
  "status": "completed",
  "error": null,
  "legal_found": true,
  "num_legal": 1,
  "num_illegal": 0,
  "attempts": 1,
  "best_hpwl": 105981380.3828125,
  "twl_m": 105.9813803828125,
  "best_seed": 3,
  "best_legal": true,
  "best_overlaps": 0,
  "best_legalize_method": "milp",
  "best_legalize_s": 0.014225482940673828,
  "total_legalize_s": 0.014225482940673828,
  "runtime_s": 297.12722277641296,
  "attempt_log": [
    {
      "seed": 3,
      "iterations": 100,
      "overlaps": 0,
      "overlaps_raw": 0,
      "hpwl": 105981380.3828125,
      "hpwl_raw": 105981616.0,
      "run_s": 296.44311904907227,
      "legal": true,
      "legalize_method": "milp",
      "legalize_s": 0.014225482940673828,
      "layout_dir": "/root/placement/flow_tap/baseline/ATPlace_pub/result_0wl/cpu-dram_bump/seed3"
    }
  ],
  "layout_json": "/root/placement/flow_tap/baseline/ATPlace_pub/result_0wl/cpu-dram_bump/layout.json",
  "layout_png": "/root/placement/flow_tap/baseline/ATPlace_pub/result_0wl/cpu-dram_bump/layout.png",
  "layout_chiplets": 8,
  "visualized": true
}
