{
  "case": "cpu-dram_bump",
  "mode": "thermal",
  "base_seed": 2,
  "status": "completed",
  "error": null,
  "legal_found": false,
  "num_legal": 0,
  "num_illegal": 1,
  "attempts": 1,
  "best_hpwl": 108880029.02960682,
  "twl_m": 108.88002902960682,
  "best_seed": 2,
  "best_legal": false,
  "best_overlaps": 1,
  "best_legalize_method": "milp",
  "best_legalize_s": 0.014547586441040039,
  "total_legalize_s": 0.014547586441040039,
  "runtime_s": 298.51276874542236,
  "attempt_log": [
    {
      "seed": 2,
      "iterations": 100,
      "overlaps": 1,
      "overlaps_raw": 0,
      "hpwl": 108880029.02960682,
      "hpwl_raw": 108880184.0,
      "run_s": 297.8346269130707,
      "legal": false,
      "legalize_method": "milp",
      "legalize_s": 0.014547586441040039,
      "layout_dir": "/root/placement/flow_tap/baseline/ATPlace_pub/result_0wl/cpu-dram_bump/seed2"
    }
  ],
  "layout_json": "/root/placement/flow_tap/baseline/ATPlace_pub/result_0wl/cpu-dram_bump/layout.json",
  "layout_png": "/root/placement/flow_tap/baseline/ATPlace_pub/result_0wl/cpu-dram_bump/layout.png",
  "layout_chiplets": 8,
  "visualized": true
}
