{
  "case": "cpu-dram_bump",
  "mode": "thermal",
  "base_seed": 1,
  "status": "completed",
  "error": null,
  "legal_found": true,
  "num_legal": 1,
  "num_illegal": 0,
  "attempts": 1,
  "best_hpwl": 95115057.06234407,
  "twl_m": 95.11505706234408,
  "best_seed": 1,
  "best_legal": true,
  "best_overlaps": 0,
  "best_legalize_method": "milp",
  "best_legalize_s": 0.013231515884399414,
  "total_legalize_s": 0.013231515884399414,
  "runtime_s": 297.0959093570709,
  "attempt_log": [
    {
      "seed": 1,
      "iterations": 100,
      "overlaps": 0,
      "overlaps_raw": 0,
      "hpwl": 95115057.06234407,
      "hpwl_raw": 95114952.0,
      "run_s": 296.4298186302185,
      "legal": true,
      "legalize_method": "milp",
      "legalize_s": 0.013231515884399414,
      "layout_dir": "/root/placement/flow_tap/baseline/ATPlace_pub/result_0wl/cpu-dram_bump/seed1"
    }
  ],
  "layout_json": "/root/placement/flow_tap/baseline/ATPlace_pub/result_0wl/cpu-dram_bump/layout.json",
  "layout_png": "/root/placement/flow_tap/baseline/ATPlace_pub/result_0wl/cpu-dram_bump/layout.png",
  "layout_chiplets": 8,
  "visualized": true
}
