{
  "case": "Case8_bump",
  "mode": "thermal",
  "base_seed": 4,
  "status": "completed",
  "error": null,
  "legal_found": true,
  "num_legal": 1,
  "num_illegal": 0,
  "attempts": 1,
  "best_hpwl": 23866977.91300583,
  "twl_m": 23.86697791300583,
  "best_seed": 4,
  "best_legal": true,
  "best_overlaps": 0,
  "best_legalize_method": "milp",
  "best_legalize_s": 0.056528329849243164,
  "total_legalize_s": 0.056528329849243164,
  "runtime_s": 1575.4769077301025,
  "attempt_log": [
    {
      "seed": 4,
      "iterations": 100,
      "overlaps": 0,
      "overlaps_raw": 0,
      "hpwl": 23866977.91300583,
      "hpwl_raw": 23867024.0,
      "run_s": 1574.8297481536865,
      "legal": true,
      "legalize_method": "milp",
      "legalize_s": 0.056528329849243164,
      "layout_dir": "/root/placement/ATPlace_pub/result/Case8_bump/seed4"
    }
  ],
  "layout_json": "/root/placement/ATPlace_pub/result/Case8_bump/layout.json",
  "layout_png": "/root/placement/ATPlace_pub/result/Case8_bump/layout.png",
  "layout_chiplets": 36,
  "visualized": true
}
