{
  "case": "Case8_bump",
  "mode": "thermal",
  "base_seed": 3,
  "status": "completed",
  "error": null,
  "legal_found": true,
  "num_legal": 1,
  "num_illegal": 0,
  "attempts": 1,
  "best_hpwl": 23255387.557720184,
  "twl_m": 23.255387557720184,
  "best_seed": 3,
  "best_legal": true,
  "best_overlaps": 0,
  "best_legalize_method": "milp",
  "best_legalize_s": 0.06044125556945801,
  "total_legalize_s": 0.06044125556945801,
  "runtime_s": 1648.004742860794,
  "attempt_log": [
    {
      "seed": 3,
      "iterations": 100,
      "overlaps": 0,
      "overlaps_raw": 0,
      "hpwl": 23255387.557720184,
      "hpwl_raw": 23255424.0,
      "run_s": 1647.3371469974518,
      "legal": true,
      "legalize_method": "milp",
      "legalize_s": 0.06044125556945801,
      "layout_dir": "/root/placement/ATPlace_pub/result/Case8_bump/seed3"
    }
  ],
  "layout_json": "/root/placement/ATPlace_pub/result/Case8_bump/layout.json",
  "layout_png": "/root/placement/ATPlace_pub/result/Case8_bump/layout.png",
  "layout_chiplets": 36,
  "visualized": true
}
