{
  "case": "Case8_bump",
  "mode": "thermal",
  "base_seed": 1,
  "status": "completed",
  "error": null,
  "legal_found": true,
  "num_legal": 1,
  "num_illegal": 0,
  "attempts": 1,
  "best_hpwl": 23841465.947360992,
  "twl_m": 23.84146594736099,
  "best_seed": 1,
  "best_legal": true,
  "best_overlaps": 0,
  "best_legalize_method": "milp",
  "best_legalize_s": 0.0567629337310791,
  "total_legalize_s": 0.0567629337310791,
  "runtime_s": 1517.7304446697235,
  "attempt_log": [
    {
      "seed": 1,
      "iterations": 100,
      "overlaps": 0,
      "overlaps_raw": 0,
      "hpwl": 23841465.947360992,
      "hpwl_raw": 23841504.0,
      "run_s": 1517.1073698997498,
      "legal": true,
      "legalize_method": "milp",
      "legalize_s": 0.0567629337310791,
      "layout_dir": "/root/placement/ATPlace_pub/result/Case8_bump/seed1"
    }
  ],
  "layout_json": "/root/placement/ATPlace_pub/result/Case8_bump/layout.json",
  "layout_png": "/root/placement/ATPlace_pub/result/Case8_bump/layout.png",
  "layout_chiplets": 36,
  "visualized": true
}
