{
  "case": "acend910_bump",
  "mode": "thermal",
  "base_seed": 1,
  "status": "completed",
  "error": null,
  "legal_found": true,
  "num_legal": 1,
  "num_illegal": 0,
  "attempts": 1,
  "best_hpwl": 34767043.2696476,
  "twl_m": 34.7670432696476,
  "best_seed": 1,
  "best_legal": true,
  "best_overlaps": 0,
  "best_legalize_method": "milp",
  "best_legalize_s": 0.012192964553833008,
  "total_legalize_s": 0.012192964553833008,
  "runtime_s": 536.7681107521057,
  "attempt_log": [
    {
      "seed": 1,
      "iterations": 100,
      "overlaps": 0,
      "overlaps_raw": 0,
      "hpwl": 34767043.2696476,
      "hpwl_raw": 34767072.0,
      "run_s": 535.8310339450836,
      "legal": true,
      "legalize_method": "milp",
      "legalize_s": 0.012192964553833008,
      "layout_dir": "/root/placement/flow_tap/baseline/ATPlace_pub/result_wlsweep/acend910_bump/wl24/seed1"
    }
  ],
  "layout_json": "/root/placement/flow_tap/baseline/ATPlace_pub/result_wlsweep/acend910_bump/wl24/layout.json",
  "layout_png": "/root/placement/flow_tap/baseline/ATPlace_pub/result_wlsweep/acend910_bump/wl24/layout.png",
  "layout_chiplets": 6,
  "visualized": true
}
