{
  "case": "acend910_bump",
  "mode": "thermal",
  "base_seed": 2,
  "status": "completed",
  "error": null,
  "legal_found": true,
  "num_legal": 1,
  "num_illegal": 0,
  "attempts": 1,
  "best_hpwl": 37177738.02258873,
  "twl_m": 37.17773802258873,
  "best_seed": 2,
  "best_legal": true,
  "best_overlaps": 0,
  "best_legalize_method": "milp",
  "best_legalize_s": 0.003930330276489258,
  "total_legalize_s": 0.003930330276489258,
  "runtime_s": 282.0667586326599,
  "attempt_log": [
    {
      "seed": 2,
      "iterations": 100,
      "overlaps": 0,
      "overlaps_raw": 0,
      "hpwl": 37177738.02258873,
      "hpwl_raw": 37177724.0,
      "run_s": 281.6660454273224,
      "legal": true,
      "legalize_method": "milp",
      "legalize_s": 0.003930330276489258,
      "layout_dir": "/root/placement/ATPlace_pub/result/acend910_bump/seed2"
    }
  ],
  "layout_json": "/root/placement/ATPlace_pub/result/acend910_bump/layout.json",
  "layout_png": "/root/placement/ATPlace_pub/result/acend910_bump/layout.png",
  "layout_chiplets": 6,
  "visualized": true
}
