{
  "case": "Case7_bump",
  "mode": "thermal",
  "base_seed": 1,
  "status": "completed",
  "error": null,
  "legal_found": true,
  "num_legal": 1,
  "num_illegal": 0,
  "attempts": 1,
  "best_hpwl": 28430564.08711624,
  "twl_m": 28.43056408711624,
  "best_seed": 1,
  "best_legal": true,
  "best_overlaps": 0,
  "best_legalize_method": "milp",
  "best_legalize_s": 0.055022239685058594,
  "total_legalize_s": 0.055022239685058594,
  "runtime_s": 1138.488935470581,
  "attempt_log": [
    {
      "seed": 1,
      "iterations": 100,
      "overlaps": 0,
      "overlaps_raw": 0,
      "hpwl": 28430564.08711624,
      "hpwl_raw": 28430528.0,
      "run_s": 1137.5016479492188,
      "legal": true,
      "legalize_method": "milp",
      "legalize_s": 0.055022239685058594,
      "layout_dir": "/root/placement/flow_tap/baseline/ATPlace_pub/result_wlsweep_c7/Case7_bump/wl03/seed1"
    }
  ],
  "layout_json": "/root/placement/flow_tap/baseline/ATPlace_pub/result_wlsweep_c7/Case7_bump/wl03/layout.json",
  "layout_png": "/root/placement/flow_tap/baseline/ATPlace_pub/result_wlsweep_c7/Case7_bump/wl03/layout.png",
  "layout_chiplets": 28,
  "visualized": true
}
