{
  "case": "syn4_bump",
  "mode": "thermal",
  "base_seed": 1,
  "status": "completed",
  "error": null,
  "legal_found": false,
  "num_legal": 0,
  "num_illegal": 1,
  "attempts": 1,
  "best_hpwl": 85219056.26963592,
  "twl_m": 85.21905626963591,
  "best_seed": 1,
  "best_legal": false,
  "best_overlaps": 1,
  "best_legalize_method": "milp",
  "best_legalize_s": 0.1590595245361328,
  "total_legalize_s": 0.1590595245361328,
  "runtime_s": 2617.038386106491,
  "attempt_log": [
    {
      "seed": 1,
      "iterations": 100,
      "overlaps": 1,
      "overlaps_raw": 0,
      "hpwl": 85219056.26963592,
      "hpwl_raw": 85219384.0,
      "run_s": 2613.2261443138123,
      "legal": false,
      "legalize_method": "milp",
      "legalize_s": 0.1590595245361328,
      "layout_dir": "/root/placement/flow_tap/baseline/ATPlace_pub/result_wlsweep/syn4_bump/wl28/seed1"
    }
  ],
  "layout_json": "/root/placement/flow_tap/baseline/ATPlace_pub/result_wlsweep/syn4_bump/wl28/layout.json",
  "layout_png": "/root/placement/flow_tap/baseline/ATPlace_pub/result_wlsweep/syn4_bump/wl28/layout.png",
  "layout_chiplets": 13,
  "visualized": true
}
