{
  "case": "syn1_bump",
  "mode": "thermal",
  "base_seed": 5,
  "status": "completed",
  "error": null,
  "legal_found": true,
  "num_legal": 1,
  "num_illegal": 0,
  "attempts": 1,
  "best_hpwl": 69690921.95160294,
  "twl_m": 69.69092195160293,
  "best_seed": 5,
  "best_legal": true,
  "best_overlaps": 0,
  "best_legalize_method": "milp",
  "best_legalize_s": 0.013382434844970703,
  "total_legalize_s": 0.013382434844970703,
  "runtime_s": 357.4246575832367,
  "attempt_log": [
    {
      "seed": 5,
      "iterations": 100,
      "overlaps": 0,
      "overlaps_raw": 0,
      "hpwl": 69690921.95160294,
      "hpwl_raw": 69690920.0,
      "run_s": 356.8423652648926,
      "legal": true,
      "legalize_method": "milp",
      "legalize_s": 0.013382434844970703,
      "layout_dir": "/root/placement/flow_tap/baseline/ATPlace_pub/result_0wl/syn1_bump/seed5"
    }
  ],
  "layout_json": "/root/placement/flow_tap/baseline/ATPlace_pub/result_0wl/syn1_bump/layout.json",
  "layout_png": "/root/placement/flow_tap/baseline/ATPlace_pub/result_0wl/syn1_bump/layout.png",
  "layout_chiplets": 10,
  "visualized": true
}
