{
  "case": "hp6_m_bump",
  "mode": "thermal",
  "base_seed": 1,
  "status": "completed",
  "error": null,
  "legal_found": true,
  "num_legal": 1,
  "num_illegal": 0,
  "attempts": 1,
  "best_hpwl": 14363460.345561981,
  "twl_m": 14.36346034556198,
  "best_seed": 1,
  "best_legal": true,
  "best_overlaps": 0,
  "best_legalize_method": "milp",
  "best_legalize_s": 0.01159811019897461,
  "total_legalize_s": 0.01159811019897461,
  "runtime_s": 550.9403581619263,
  "attempt_log": [
    {
      "seed": 1,
      "iterations": 100,
      "overlaps": 0,
      "overlaps_raw": 0,
      "hpwl": 14363460.345561981,
      "hpwl_raw": 14363380.0,
      "run_s": 549.9970128536224,
      "legal": true,
      "legalize_method": "milp",
      "legalize_s": 0.01159811019897461,
      "layout_dir": "/root/placement/flow_tap/baseline/ATPlace_pub/result_wlsweep/hp6_m_bump/wl30/seed1"
    }
  ],
  "layout_json": "/root/placement/flow_tap/baseline/ATPlace_pub/result_wlsweep/hp6_m_bump/wl30/layout.json",
  "layout_png": "/root/placement/flow_tap/baseline/ATPlace_pub/result_wlsweep/hp6_m_bump/wl30/layout.png",
  "layout_chiplets": 6,
  "visualized": true
}
