{
  "case": "acend910_bump",
  "mode": "thermal",
  "base_seed": 2,
  "status": "completed",
  "error": null,
  "legal_found": false,
  "num_legal": 0,
  "num_illegal": 1,
  "attempts": 1,
  "best_hpwl": 41891814.13452721,
  "twl_m": 41.89181413452721,
  "best_seed": 2,
  "best_legal": false,
  "best_overlaps": 1,
  "best_legalize_method": "milp",
  "best_legalize_s": 0.004331111907958984,
  "total_legalize_s": 0.004331111907958984,
  "runtime_s": 275.4817419052124,
  "attempt_log": [
    {
      "seed": 2,
      "iterations": 100,
      "overlaps": 1,
      "overlaps_raw": 0,
      "hpwl": 41891814.13452721,
      "hpwl_raw": 41891828.0,
      "run_s": 275.0900344848633,
      "legal": false,
      "legalize_method": "milp",
      "legalize_s": 0.004331111907958984,
      "layout_dir": "/root/placement/flow_tap/baseline/ATPlace_pub/result_0wl/acend910_bump/seed2"
    }
  ],
  "layout_json": "/root/placement/flow_tap/baseline/ATPlace_pub/result_0wl/acend910_bump/layout.json",
  "layout_png": "/root/placement/flow_tap/baseline/ATPlace_pub/result_0wl/acend910_bump/layout.png",
  "layout_chiplets": 6,
  "visualized": true
}
