{
  "case": "xerox8_m_bump",
  "mode": "thermal",
  "base_seed": 1,
  "status": "completed",
  "error": null,
  "legal_found": false,
  "num_legal": 0,
  "num_illegal": 1,
  "attempts": 1,
  "best_hpwl": 90085433.90067661,
  "twl_m": 90.0854339006766,
  "best_seed": 1,
  "best_legal": false,
  "best_overlaps": 2,
  "best_legalize_method": "milp",
  "best_legalize_s": 0.020920276641845703,
  "total_legalize_s": 0.020920276641845703,
  "runtime_s": 798.0136950016022,
  "attempt_log": [
    {
      "seed": 1,
      "iterations": 100,
      "overlaps": 2,
      "overlaps_raw": 0,
      "hpwl": 90085433.90067661,
      "hpwl_raw": 90085424.0,
      "run_s": 794.124519109726,
      "legal": false,
      "legalize_method": "milp",
      "legalize_s": 0.020920276641845703,
      "layout_dir": "/root/placement/flow_tap/baseline/ATPlace_pub/result_wlsweep_xerox8/xerox8_m_bump/wl45/seed1"
    }
  ],
  "layout_json": "/root/placement/flow_tap/baseline/ATPlace_pub/result_wlsweep_xerox8/xerox8_m_bump/wl45/layout.json",
  "layout_png": "/root/placement/flow_tap/baseline/ATPlace_pub/result_wlsweep_xerox8/xerox8_m_bump/wl45/layout.png",
  "layout_chiplets": 8,
  "visualized": true
}
