{
  "case": "acend910_bump",
  "mode": "thermal",
  "base_seed": 1,
  "status": "completed",
  "error": null,
  "legal_found": true,
  "num_legal": 1,
  "num_illegal": 0,
  "attempts": 1,
  "best_hpwl": 34252982.213983536,
  "twl_m": 34.252982213983536,
  "best_seed": 1,
  "best_legal": true,
  "best_overlaps": 0,
  "best_legalize_method": "milp",
  "best_legalize_s": 0.015215635299682617,
  "total_legalize_s": 0.015215635299682617,
  "runtime_s": 530.4509236812592,
  "attempt_log": [
    {
      "seed": 1,
      "iterations": 100,
      "overlaps": 0,
      "overlaps_raw": 0,
      "hpwl": 34252982.213983536,
      "hpwl_raw": 34252992.0,
      "run_s": 529.5953001976013,
      "legal": true,
      "legalize_method": "milp",
      "legalize_s": 0.015215635299682617,
      "layout_dir": "/root/placement/flow_tap/baseline/ATPlace_pub/result_wlsweep/acend910_bump/wl25/seed1"
    }
  ],
  "layout_json": "/root/placement/flow_tap/baseline/ATPlace_pub/result_wlsweep/acend910_bump/wl25/layout.json",
  "layout_png": "/root/placement/flow_tap/baseline/ATPlace_pub/result_wlsweep/acend910_bump/wl25/layout.png",
  "layout_chiplets": 6,
  "visualized": true
}
