{
  "case": "xerox7_m_bump",
  "mode": "thermal",
  "base_seed": 1,
  "status": "completed",
  "error": null,
  "legal_found": true,
  "num_legal": 1,
  "num_illegal": 0,
  "attempts": 1,
  "best_hpwl": 86675217.28210962,
  "twl_m": 86.67521728210961,
  "best_seed": 1,
  "best_legal": true,
  "best_overlaps": 0,
  "best_legalize_method": "milp",
  "best_legalize_s": 0.0348360538482666,
  "total_legalize_s": 0.0348360538482666,
  "runtime_s": 579.3699560165405,
  "attempt_log": [
    {
      "seed": 1,
      "iterations": 100,
      "overlaps": 0,
      "overlaps_raw": 0,
      "hpwl": 86675217.28210962,
      "hpwl_raw": 86674920.0,
      "run_s": 578.2835178375244,
      "legal": true,
      "legalize_method": "milp",
      "legalize_s": 0.0348360538482666,
      "layout_dir": "/root/placement/flow_tap/baseline/ATPlace_pub/result_wlsweep/xerox7_m_bump/wl07/seed1"
    }
  ],
  "layout_json": "/root/placement/flow_tap/baseline/ATPlace_pub/result_wlsweep/xerox7_m_bump/wl07/layout.json",
  "layout_png": "/root/placement/flow_tap/baseline/ATPlace_pub/result_wlsweep/xerox7_m_bump/wl07/layout.png",
  "layout_chiplets": 7,
  "visualized": true
}
