{
  "case": "Case7_bump",
  "mode": "thermal",
  "base_seed": 1,
  "status": "completed",
  "error": null,
  "legal_found": true,
  "num_legal": 1,
  "num_illegal": 0,
  "attempts": 1,
  "best_hpwl": 32009051.104484558,
  "twl_m": 32.009051104484556,
  "best_seed": 1,
  "best_legal": true,
  "best_overlaps": 0,
  "best_legalize_method": "milp",
  "best_legalize_s": 0.14016199111938477,
  "total_legalize_s": 0.14016199111938477,
  "runtime_s": 2065.6052556037903,
  "attempt_log": [
    {
      "seed": 1,
      "iterations": 100,
      "overlaps": 0,
      "overlaps_raw": 0,
      "hpwl": 32009051.104484558,
      "hpwl_raw": 32009064.0,
      "run_s": 2063.087227344513,
      "legal": true,
      "legalize_method": "milp",
      "legalize_s": 0.14016199111938477,
      "layout_dir": "/root/placement/flow_tap/baseline/ATPlace_pub/result_wlsweep_c7/Case7_bump/wl07/seed1"
    }
  ],
  "layout_json": "/root/placement/flow_tap/baseline/ATPlace_pub/result_wlsweep_c7/Case7_bump/wl07/layout.json",
  "layout_png": "/root/placement/flow_tap/baseline/ATPlace_pub/result_wlsweep_c7/Case7_bump/wl07/layout.png",
  "layout_chiplets": 28,
  "visualized": true
}
