{
  "case": "syn1_bump",
  "mode": "thermal",
  "base_seed": 1,
  "status": "completed",
  "error": null,
  "legal_found": false,
  "num_legal": 0,
  "num_illegal": 1,
  "attempts": 1,
  "best_hpwl": 40243704.00578308,
  "twl_m": 40.24370400578308,
  "best_seed": 1,
  "best_legal": false,
  "best_overlaps": 3,
  "best_legalize_method": "milp",
  "best_legalize_s": 0.040494441986083984,
  "total_legalize_s": 0.040494441986083984,
  "runtime_s": 1058.1659636497498,
  "attempt_log": [
    {
      "seed": 1,
      "iterations": 100,
      "overlaps": 3,
      "overlaps_raw": 0,
      "hpwl": 40243704.00578308,
      "hpwl_raw": 40243680.0,
      "run_s": 1056.392576932907,
      "legal": false,
      "legalize_method": "milp",
      "legalize_s": 0.040494441986083984,
      "layout_dir": "/root/placement/flow_tap/baseline/ATPlace_pub/result_wlsweep/syn1_bump/wl46/seed1"
    }
  ],
  "layout_json": "/root/placement/flow_tap/baseline/ATPlace_pub/result_wlsweep/syn1_bump/wl46/layout.json",
  "layout_png": "/root/placement/flow_tap/baseline/ATPlace_pub/result_wlsweep/syn1_bump/wl46/layout.png",
  "layout_chiplets": 10,
  "visualized": true
}
