{
  "case": "hp6_m_bump",
  "mode": "thermal",
  "base_seed": 1,
  "status": "completed",
  "error": null,
  "legal_found": true,
  "num_legal": 1,
  "num_illegal": 0,
  "attempts": 1,
  "best_hpwl": 15028093.137807846,
  "twl_m": 15.028093137807845,
  "best_seed": 1,
  "best_legal": true,
  "best_overlaps": 0,
  "best_legalize_method": "milp",
  "best_legalize_s": 0.005953073501586914,
  "total_legalize_s": 0.005953073501586914,
  "runtime_s": 360.7667090892792,
  "attempt_log": [
    {
      "seed": 1,
      "iterations": 100,
      "overlaps": 0,
      "overlaps_raw": 0,
      "hpwl": 15028093.137807846,
      "hpwl_raw": 15028095.0,
      "run_s": 360.33531069755554,
      "legal": true,
      "legalize_method": "milp",
      "legalize_s": 0.005953073501586914,
      "layout_dir": "/root/placement/flow_tap/baseline/ATPlace_pub/result/hp6_m_bump/seed1"
    }
  ],
  "layout_json": "/root/placement/flow_tap/baseline/ATPlace_pub/result/hp6_m_bump/layout.json",
  "layout_png": "/root/placement/flow_tap/baseline/ATPlace_pub/result/hp6_m_bump/layout.png",
  "layout_chiplets": 6,
  "visualized": true
}
