{
  "case": "hp11_m_bump",
  "mode": "thermal",
  "base_seed": 1,
  "status": "completed",
  "error": null,
  "legal_found": true,
  "num_legal": 1,
  "num_illegal": 0,
  "attempts": 1,
  "best_hpwl": 90759193.52195132,
  "twl_m": 90.75919352195132,
  "best_seed": 1,
  "best_legal": true,
  "best_overlaps": 0,
  "best_legalize_method": "milp",
  "best_legalize_s": 0.11193728446960449,
  "total_legalize_s": 0.11193728446960449,
  "runtime_s": 1265.1228816509247,
  "attempt_log": [
    {
      "seed": 1,
      "iterations": 100,
      "overlaps": 0,
      "overlaps_raw": 0,
      "hpwl": 90759193.52195132,
      "hpwl_raw": 90758744.0,
      "run_s": 1262.757972240448,
      "legal": true,
      "legalize_method": "milp",
      "legalize_s": 0.11193728446960449,
      "layout_dir": "/root/placement/flow_tap/baseline/ATPlace_pub/result_wlsweep/hp11_m_bump/wl35/seed1"
    }
  ],
  "layout_json": "/root/placement/flow_tap/baseline/ATPlace_pub/result_wlsweep/hp11_m_bump/wl35/layout.json",
  "layout_png": "/root/placement/flow_tap/baseline/ATPlace_pub/result_wlsweep/hp11_m_bump/wl35/layout.png",
  "layout_chiplets": 11,
  "visualized": true
}
