{
  "case": "syn4_bump",
  "mode": "thermal",
  "base_seed": 5,
  "status": "completed",
  "error": null,
  "legal_found": false,
  "num_legal": 0,
  "num_illegal": 1,
  "attempts": 1,
  "best_hpwl": 78934230.61219549,
  "twl_m": 78.93423061219549,
  "best_seed": 5,
  "best_legal": false,
  "best_overlaps": 2,
  "best_legalize_method": "milp",
  "best_legalize_s": 0.023136615753173828,
  "total_legalize_s": 0.023136615753173828,
  "runtime_s": 368.2590591907501,
  "attempt_log": [
    {
      "seed": 5,
      "iterations": 100,
      "overlaps": 2,
      "overlaps_raw": 0,
      "hpwl": 78934230.61219549,
      "hpwl_raw": 78934240.0,
      "run_s": 367.4316005706787,
      "legal": false,
      "legalize_method": "milp",
      "legalize_s": 0.023136615753173828,
      "layout_dir": "/root/placement/flow_tap/baseline/ATPlace_pub/result_0wl/syn4_bump/seed5"
    }
  ],
  "layout_json": "/root/placement/flow_tap/baseline/ATPlace_pub/result_0wl/syn4_bump/layout.json",
  "layout_png": "/root/placement/flow_tap/baseline/ATPlace_pub/result_0wl/syn4_bump/layout.png",
  "layout_chiplets": 13,
  "visualized": true
}
