{
  "case": "syn4_bump",
  "mode": "thermal",
  "base_seed": 4,
  "status": "completed",
  "error": null,
  "legal_found": false,
  "num_legal": 0,
  "num_illegal": 1,
  "attempts": 1,
  "best_hpwl": 130413795.26776934,
  "twl_m": 130.41379526776933,
  "best_seed": 4,
  "best_legal": false,
  "best_overlaps": 1,
  "best_legalize_method": "milp",
  "best_legalize_s": 0.021557092666625977,
  "total_legalize_s": 0.021557092666625977,
  "runtime_s": 376.2793028354645,
  "attempt_log": [
    {
      "seed": 4,
      "iterations": 100,
      "overlaps": 1,
      "overlaps_raw": 0,
      "hpwl": 130413795.26776934,
      "hpwl_raw": 130413616.0,
      "run_s": 375.47693037986755,
      "legal": false,
      "legalize_method": "milp",
      "legalize_s": 0.021557092666625977,
      "layout_dir": "/root/placement/flow_tap/baseline/ATPlace_pub/result_0wl/syn4_bump/seed4"
    }
  ],
  "layout_json": "/root/placement/flow_tap/baseline/ATPlace_pub/result_0wl/syn4_bump/layout.json",
  "layout_png": "/root/placement/flow_tap/baseline/ATPlace_pub/result_0wl/syn4_bump/layout.png",
  "layout_chiplets": 13,
  "visualized": true
}
