{
  "case": "hp11_m_bump",
  "mode": "thermal",
  "base_seed": 1,
  "status": "completed",
  "error": null,
  "legal_found": false,
  "num_legal": 0,
  "num_illegal": 1,
  "attempts": 1,
  "best_hpwl": 73249769.2894783,
  "twl_m": 73.24976928947831,
  "best_seed": 1,
  "best_legal": false,
  "best_overlaps": 2,
  "best_legalize_method": "milp",
  "best_legalize_s": 0.05796933174133301,
  "total_legalize_s": 0.05796933174133301,
  "runtime_s": 974.1410036087036,
  "attempt_log": [
    {
      "seed": 1,
      "iterations": 100,
      "overlaps": 2,
      "overlaps_raw": 0,
      "hpwl": 73249769.2894783,
      "hpwl_raw": 73249800.0,
      "run_s": 972.4776091575623,
      "legal": false,
      "legalize_method": "milp",
      "legalize_s": 0.05796933174133301,
      "layout_dir": "/root/placement/flow_tap/baseline/ATPlace_pub/result_wlsweep/hp11_m_bump/wl45/seed1"
    }
  ],
  "layout_json": "/root/placement/flow_tap/baseline/ATPlace_pub/result_wlsweep/hp11_m_bump/wl45/layout.json",
  "layout_png": "/root/placement/flow_tap/baseline/ATPlace_pub/result_wlsweep/hp11_m_bump/wl45/layout.png",
  "layout_chiplets": 11,
  "visualized": true
}
