{
  "case": "acend910_bump",
  "mode": "thermal",
  "base_seed": 3,
  "status": "completed",
  "error": null,
  "legal_found": true,
  "num_legal": 1,
  "num_illegal": 0,
  "attempts": 1,
  "best_hpwl": 43519072.22852135,
  "twl_m": 43.519072228521345,
  "best_seed": 3,
  "best_legal": true,
  "best_overlaps": 0,
  "best_legalize_method": "milp",
  "best_legalize_s": 0.005380153656005859,
  "total_legalize_s": 0.005380153656005859,
  "runtime_s": 276.4454176425934,
  "attempt_log": [
    {
      "seed": 3,
      "iterations": 100,
      "overlaps": 0,
      "overlaps_raw": 0,
      "hpwl": 43519072.22852135,
      "hpwl_raw": 43519076.0,
      "run_s": 276.02076745033264,
      "legal": true,
      "legalize_method": "milp",
      "legalize_s": 0.005380153656005859,
      "layout_dir": "/root/placement/flow_tap/baseline/ATPlace_pub/result_0wl/acend910_bump/seed3"
    }
  ],
  "layout_json": "/root/placement/flow_tap/baseline/ATPlace_pub/result_0wl/acend910_bump/layout.json",
  "layout_png": "/root/placement/flow_tap/baseline/ATPlace_pub/result_0wl/acend910_bump/layout.png",
  "layout_chiplets": 6,
  "visualized": true
}
