{
  "case": "acend910_bump",
  "mode": "thermal",
  "base_seed": 1,
  "status": "completed",
  "error": null,
  "legal_found": true,
  "num_legal": 1,
  "num_illegal": 0,
  "attempts": 1,
  "best_hpwl": 42730635.577631,
  "twl_m": 42.730635577631,
  "best_seed": 1,
  "best_legal": true,
  "best_overlaps": 0,
  "best_legalize_method": "milp",
  "best_legalize_s": 0.0048656463623046875,
  "total_legalize_s": 0.0048656463623046875,
  "runtime_s": 274.2972733974457,
  "attempt_log": [
    {
      "seed": 1,
      "iterations": 100,
      "overlaps": 0,
      "overlaps_raw": 0,
      "hpwl": 42730635.577631,
      "hpwl_raw": 42730608.0,
      "run_s": 273.86593651771545,
      "legal": true,
      "legalize_method": "milp",
      "legalize_s": 0.0048656463623046875,
      "layout_dir": "/root/placement/flow_tap/baseline/ATPlace_pub/result_0wl/acend910_bump/seed1"
    }
  ],
  "layout_json": "/root/placement/flow_tap/baseline/ATPlace_pub/result_0wl/acend910_bump/layout.json",
  "layout_png": "/root/placement/flow_tap/baseline/ATPlace_pub/result_0wl/acend910_bump/layout.png",
  "layout_chiplets": 6,
  "visualized": true
}
