{
  "case": "hp11_m_bump",
  "mode": "thermal",
  "base_seed": 1,
  "status": "completed",
  "error": null,
  "legal_found": false,
  "num_legal": 0,
  "num_illegal": 1,
  "attempts": 1,
  "best_hpwl": 83282111.2936269,
  "twl_m": 83.2821112936269,
  "best_seed": 1,
  "best_legal": false,
  "best_overlaps": 1,
  "best_legalize_method": "milp",
  "best_legalize_s": 0.2833425998687744,
  "total_legalize_s": 0.2833425998687744,
  "runtime_s": 1195.8460459709167,
  "attempt_log": [
    {
      "seed": 1,
      "iterations": 100,
      "overlaps": 1,
      "overlaps_raw": 0,
      "hpwl": 83282111.2936269,
      "hpwl_raw": 83282224.0,
      "run_s": 1191.3303422927856,
      "legal": false,
      "legalize_method": "milp",
      "legalize_s": 0.2833425998687744,
      "layout_dir": "/root/placement/flow_tap/baseline/ATPlace_pub/result_wlsweep/hp11_m_bump/wl02/seed1"
    }
  ],
  "layout_json": "/root/placement/flow_tap/baseline/ATPlace_pub/result_wlsweep/hp11_m_bump/wl02/layout.json",
  "layout_png": "/root/placement/flow_tap/baseline/ATPlace_pub/result_wlsweep/hp11_m_bump/wl02/layout.png",
  "layout_chiplets": 11,
  "visualized": true
}
