{
  "case": "multigpu_bump",
  "mode": "thermal",
  "base_seed": 1,
  "status": "completed",
  "error": null,
  "legal_found": true,
  "num_legal": 1,
  "num_illegal": 0,
  "attempts": 1,
  "best_hpwl": 67732800.79032898,
  "twl_m": 67.73280079032898,
  "best_seed": 1,
  "best_legal": true,
  "best_overlaps": 0,
  "best_legalize_method": "milp",
  "best_legalize_s": 0.023797035217285156,
  "total_legalize_s": 0.023797035217285156,
  "runtime_s": 497.0449604988098,
  "attempt_log": [
    {
      "seed": 1,
      "iterations": 100,
      "overlaps": 0,
      "overlaps_raw": 0,
      "hpwl": 67732800.79032898,
      "hpwl_raw": 67732568.0,
      "run_s": 496.11503529548645,
      "legal": true,
      "legalize_method": "milp",
      "legalize_s": 0.023797035217285156,
      "layout_dir": "/root/placement/flow_tap/baseline/ATPlace_pub/result_wlsweep/multigpu_bump/wl25/seed1"
    }
  ],
  "layout_json": "/root/placement/flow_tap/baseline/ATPlace_pub/result_wlsweep/multigpu_bump/wl25/layout.json",
  "layout_png": "/root/placement/flow_tap/baseline/ATPlace_pub/result_wlsweep/multigpu_bump/wl25/layout.png",
  "layout_chiplets": 6,
  "visualized": true
}
