{
  "case": "xerox7_m_bump",
  "mode": "thermal",
  "base_seed": 1,
  "status": "completed",
  "error": null,
  "legal_found": true,
  "num_legal": 1,
  "num_illegal": 0,
  "attempts": 1,
  "best_hpwl": 107103813.89698064,
  "twl_m": 107.10381389698064,
  "best_seed": 1,
  "best_legal": true,
  "best_overlaps": 0,
  "best_legalize_method": "milp",
  "best_legalize_s": 0.03368735313415527,
  "total_legalize_s": 0.03368735313415527,
  "runtime_s": 569.8126697540283,
  "attempt_log": [
    {
      "seed": 1,
      "iterations": 100,
      "overlaps": 0,
      "overlaps_raw": 0,
      "hpwl": 107103813.89698064,
      "hpwl_raw": 107103872.0,
      "run_s": 568.7000558376312,
      "legal": true,
      "legalize_method": "milp",
      "legalize_s": 0.03368735313415527,
      "layout_dir": "/root/placement/flow_tap/baseline/ATPlace_pub/result_wlsweep/xerox7_m_bump/wl00/seed1"
    }
  ],
  "layout_json": "/root/placement/flow_tap/baseline/ATPlace_pub/result_wlsweep/xerox7_m_bump/wl00/layout.json",
  "layout_png": "/root/placement/flow_tap/baseline/ATPlace_pub/result_wlsweep/xerox7_m_bump/wl00/layout.png",
  "layout_chiplets": 7,
  "visualized": true
}
