{
  "case": "hp6_m_bump",
  "mode": "thermal",
  "base_seed": 1,
  "status": "completed",
  "error": null,
  "legal_found": true,
  "num_legal": 1,
  "num_illegal": 0,
  "attempts": 1,
  "best_hpwl": 14971020.66871643,
  "twl_m": 14.971020668716431,
  "best_seed": 1,
  "best_legal": true,
  "best_overlaps": 0,
  "best_legalize_method": "milp",
  "best_legalize_s": 0.011605978012084961,
  "total_legalize_s": 0.011605978012084961,
  "runtime_s": 547.3716666698456,
  "attempt_log": [
    {
      "seed": 1,
      "iterations": 100,
      "overlaps": 0,
      "overlaps_raw": 0,
      "hpwl": 14971020.66871643,
      "hpwl_raw": 14970978.0,
      "run_s": 546.7511141300201,
      "legal": true,
      "legalize_method": "milp",
      "legalize_s": 0.011605978012084961,
      "layout_dir": "/root/placement/flow_tap/baseline/ATPlace_pub/result_wlsweep/hp6_m_bump/wl15/seed1"
    }
  ],
  "layout_json": "/root/placement/flow_tap/baseline/ATPlace_pub/result_wlsweep/hp6_m_bump/wl15/layout.json",
  "layout_png": "/root/placement/flow_tap/baseline/ATPlace_pub/result_wlsweep/hp6_m_bump/wl15/layout.png",
  "layout_chiplets": 6,
  "visualized": true
}
