{
  "case": "acend910_bump",
  "mode": "thermal",
  "base_seed": 1,
  "status": "completed",
  "error": null,
  "legal_found": true,
  "num_legal": 1,
  "num_illegal": 0,
  "attempts": 1,
  "best_hpwl": 28960049.412958145,
  "twl_m": 28.960049412958146,
  "best_seed": 1,
  "best_legal": true,
  "best_overlaps": 0,
  "best_legalize_method": "milp",
  "best_legalize_s": 0.010981559753417969,
  "total_legalize_s": 0.010981559753417969,
  "runtime_s": 546.462185382843,
  "attempt_log": [
    {
      "seed": 1,
      "iterations": 100,
      "overlaps": 0,
      "overlaps_raw": 0,
      "hpwl": 28960049.412958145,
      "hpwl_raw": 28960052.0,
      "run_s": 545.647744178772,
      "legal": true,
      "legalize_method": "milp",
      "legalize_s": 0.010981559753417969,
      "layout_dir": "/root/placement/flow_tap/baseline/ATPlace_pub/result_wlsweep/acend910_bump/wl39/seed1"
    }
  ],
  "layout_json": "/root/placement/flow_tap/baseline/ATPlace_pub/result_wlsweep/acend910_bump/wl39/layout.json",
  "layout_png": "/root/placement/flow_tap/baseline/ATPlace_pub/result_wlsweep/acend910_bump/wl39/layout.png",
  "layout_chiplets": 6,
  "visualized": true
}
