{
  "case": "hp11_m_bump",
  "mode": "thermal",
  "base_seed": 1,
  "status": "completed",
  "error": null,
  "legal_found": false,
  "num_legal": 0,
  "num_illegal": 1,
  "attempts": 1,
  "best_hpwl": 74613766.90235806,
  "twl_m": 74.61376690235805,
  "best_seed": 1,
  "best_legal": false,
  "best_overlaps": 2,
  "best_legalize_method": "milp",
  "best_legalize_s": 1.573890209197998,
  "total_legalize_s": 1.573890209197998,
  "runtime_s": 1371.3581392765045,
  "attempt_log": [
    {
      "seed": 1,
      "iterations": 100,
      "overlaps": 2,
      "overlaps_raw": 0,
      "hpwl": 74613766.90235806,
      "hpwl_raw": 74613808.0,
      "run_s": 1355.5379405021667,
      "legal": false,
      "legalize_method": "milp",
      "legalize_s": 1.573890209197998,
      "layout_dir": "/root/placement/flow_tap/baseline/ATPlace_pub/result_wlsweep/hp11_m_bump/wl18/seed1"
    }
  ],
  "layout_json": "/root/placement/flow_tap/baseline/ATPlace_pub/result_wlsweep/hp11_m_bump/wl18/layout.json",
  "layout_png": "/root/placement/flow_tap/baseline/ATPlace_pub/result_wlsweep/hp11_m_bump/wl18/layout.png",
  "layout_chiplets": 11,
  "visualized": true
}
