{
  "case": "syn1_bump",
  "mode": "thermal",
  "base_seed": 1,
  "status": "completed",
  "error": null,
  "legal_found": true,
  "num_legal": 1,
  "num_illegal": 0,
  "attempts": 1,
  "best_hpwl": 40370239.65130997,
  "twl_m": 40.370239651309966,
  "best_seed": 1,
  "best_legal": true,
  "best_overlaps": 0,
  "best_legalize_method": "milp",
  "best_legalize_s": 0.04282784461975098,
  "total_legalize_s": 0.04282784461975098,
  "runtime_s": 972.1440613269806,
  "attempt_log": [
    {
      "seed": 1,
      "iterations": 100,
      "overlaps": 0,
      "overlaps_raw": 0,
      "hpwl": 40370239.65130997,
      "hpwl_raw": 40369980.0,
      "run_s": 966.1232495307922,
      "legal": true,
      "legalize_method": "milp",
      "legalize_s": 0.04282784461975098,
      "layout_dir": "/root/placement/flow_tap/baseline/ATPlace_pub/result_wlsweep/syn1_bump/wl21/seed1"
    }
  ],
  "layout_json": "/root/placement/flow_tap/baseline/ATPlace_pub/result_wlsweep/syn1_bump/wl21/layout.json",
  "layout_png": "/root/placement/flow_tap/baseline/ATPlace_pub/result_wlsweep/syn1_bump/wl21/layout.png",
  "layout_chiplets": 10,
  "visualized": true
}
