Run name: syn1_seed4
Run directory: /root/placement/flow_tap/baseline/RL/runs/shard4/syn1_seed4
Training log: /root/placement/flow_tap/baseline/RL/runs/shard4/syn1_seed4/train.log

生成/检查 fastTM 热阻表...
  热阻表阶段状态: ok
  热阻表阶段耗时: 232.087s
  热阻表日志: /root/placement/flow_tap/baseline/RL/runs/shard4/syn1_seed4/thermal_tables.log
======================================================================
PPO训练 - 芯片布局优化
======================================================================

环境信息:
  芯片数量: 10
  放置顺序: ['B', 'E', 'G', 'J', 'C', 'I', 'H', 'A', 'F', 'D']
  观察维度: 10
  动作维度: 70000
  rollout batch: 480 transitions
  minibatches: 4
  PPO update epochs: 4
  随机种子: 4
  剩余总时间预算: 3367.9s

开始训练...
----------------------------------------------------------------------
BEST_COST_LAYOUT
  epoch: 1/600, rollout: 1
  rlplanner_cost: 44.3403
  reward: -2.4139
  温度: 92.4897
  CPLEX平均线长: 17.7014
BEST_LAYOUT
  epoch: 1/600, rollout: 1
  reward: -2.4139
  温度: 92.4897
  CPLEX平均线长: 17.7014
BEST_COST_LAYOUT
  epoch: 1/600, rollout: 2
  rlplanner_cost: 39.2140
  reward: -0.1902
  温度: 87.2435
  CPLEX平均线长: 26.1035
BEST_LAYOUT
  epoch: 1/600, rollout: 2
  reward: -0.1902
  温度: 87.2435
  CPLEX平均线长: 26.1035
BEST_COST_LAYOUT
  epoch: 1/600, rollout: 6
  rlplanner_cost: 36.3921
  reward: 2.2948
  温度: 86.3395
  CPLEX平均线长: 25.3790
BEST_LAYOUT
  epoch: 1/600, rollout: 6
  reward: 2.2948
  温度: 86.3395
  CPLEX平均线长: 25.3790
BEST_COST_LAYOUT
  epoch: 1/600, rollout: 30
  rlplanner_cost: 34.3362
  reward: 5.2224
  温度: 86.1890
  CPLEX平均线长: 23.6650
BEST_LAYOUT
  epoch: 1/600, rollout: 30
  reward: 5.2224
  温度: 86.1890
  CPLEX平均线长: 23.6650
BEST_COST_LAYOUT
  epoch: 1/600, rollout: 37
  rlplanner_cost: 33.6266
  reward: 5.9521
  温度: 88.5876
  CPLEX平均线长: 17.2603
BEST_LAYOUT
  epoch: 1/600, rollout: 37
  reward: 5.9521
  温度: 88.5876
  CPLEX平均线长: 17.2603
BEST_COST_LAYOUT
  epoch: 1/600, rollout: 38
  rlplanner_cost: 31.8798
  reward: 6.5998
  温度: 86.6110
  CPLEX平均线长: 20.2448
BEST_LAYOUT
  epoch: 1/600, rollout: 38
  reward: 6.5998
  温度: 86.6110
  CPLEX平均线长: 20.2448
BEST_LAYOUT
  epoch: 1/600, rollout: 39
  reward: 7.8237
  温度: 88.9350
  CPLEX平均线长: 16.3611
BEST_COST_LAYOUT
  epoch: 1/600, rollout: 42
  rlplanner_cost: 28.1194
  reward: 11.0262
  温度: 85.6327
  CPLEX平均线长: 18.6922
BEST_LAYOUT
  epoch: 1/600, rollout: 42
  reward: 11.0262
  温度: 85.6327
  CPLEX平均线长: 18.6922
Epoch 1/600
  rollouts: 50, samples: 489
  平均奖励: -0.1741, 成功率: 86.0%
  optimizer steps: 16, KL: 0.000476
  累计RL时间: 32.37s
Epoch 2/600
  rollouts: 49, samples: 483
  平均奖励: -4.0785, 成功率: 93.9%
  optimizer steps: 16, KL: 0.001196
  累计RL时间: 59.78s
Epoch 3/600
  rollouts: 50, samples: 487
  平均奖励: -1.9250, 成功率: 90.0%
  optimizer steps: 16, KL: 0.003533
  累计RL时间: 86.93s
Epoch 4/600
  rollouts: 49, samples: 483
  平均奖励: -1.5331, 成功率: 91.8%
  optimizer steps: 14, KL: 0.005377
  累计RL时间: 113.75s
BEST_COST_LAYOUT
  epoch: 5/600, rollout: 245
  rlplanner_cost: 27.2953
  reward: 12.0495
  温度: 85.3267
  CPLEX平均线长: 18.5397
BEST_LAYOUT
  epoch: 5/600, rollout: 245
  reward: 12.0495
  温度: 85.3267
  CPLEX平均线长: 18.5397
Epoch 5/600
  rollouts: 49, samples: 486
  平均奖励: -1.8675, 成功率: 95.9%
  optimizer steps: 13, KL: 0.006051
  累计RL时间: 142.46s
Epoch 6/600
  rollouts: 49, samples: 486
  平均奖励: -1.4345, 成功率: 95.9%
  optimizer steps: 13, KL: 0.006183
  累计RL时间: 170.64s
Epoch 7/600
  rollouts: 49, samples: 486
  平均奖励: -2.1789, 成功率: 95.9%
  optimizer steps: 12, KL: 0.005674
  累计RL时间: 199.50s
Epoch 8/600
  rollouts: 49, samples: 484
  平均奖励: -1.4608, 成功率: 91.8%
  optimizer steps: 11, KL: 0.005963
  累计RL时间: 226.44s
BEST_COST_LAYOUT
  epoch: 9/600, rollout: 402
  rlplanner_cost: 25.0653
  reward: 12.9717
  温度: 83.8212
  CPLEX平均线长: 19.4748
BEST_LAYOUT
  epoch: 9/600, rollout: 402
  reward: 12.9717
  温度: 83.8212
  CPLEX平均线长: 19.4748
Epoch 9/600
  rollouts: 49, samples: 487
  平均奖励: -1.7508, 成功率: 98.0%
  optimizer steps: 11, KL: 0.005821
  累计RL时间: 255.97s
Epoch 10/600
  rollouts: 49, samples: 487
  平均奖励: -3.4228, 成功率: 98.0%
  optimizer steps: 11, KL: 0.005194
  累计RL时间: 284.91s
Epoch 11/600
  rollouts: 49, samples: 485
  平均奖励: -1.8996, 成功率: 95.9%
  optimizer steps: 14, KL: 0.006251
  累计RL时间: 312.67s
Epoch 12/600
  rollouts: 49, samples: 489
  平均奖励: -3.9667, 成功率: 98.0%
  optimizer steps: 13, KL: 0.005426
  累计RL时间: 341.15s
Epoch 13/600
  rollouts: 49, samples: 483
  平均奖励: -2.6121, 成功率: 93.9%
  optimizer steps: 11, KL: 0.005560
  累计RL时间: 369.94s
Epoch 14/600
  rollouts: 49, samples: 481
  平均奖励: -0.8232, 成功率: 91.8%
  optimizer steps: 13, KL: 0.005407
  累计RL时间: 397.86s
Epoch 15/600
  rollouts: 49, samples: 484
  平均奖励: -1.7135, 成功率: 91.8%
  optimizer steps: 12, KL: 0.005088
  累计RL时间: 424.88s
BEST_LAYOUT
  epoch: 16/600, rollout: 769
  reward: 12.9831
  温度: 86.6867
  CPLEX平均线长: 14.8329
Epoch 16/600
  rollouts: 49, samples: 488
  平均奖励: -2.0764, 成功率: 95.9%
  optimizer steps: 9, KL: 0.005865
  累计RL时间: 453.31s
Epoch 17/600
  rollouts: 49, samples: 489
  平均奖励: -1.5751, 成功率: 98.0%
  optimizer steps: 10, KL: 0.004855
  累计RL时间: 481.63s
Epoch 18/600
  rollouts: 49, samples: 485
  平均奖励: -1.1521, 成功率: 93.9%
  optimizer steps: 10, KL: 0.005039
  累计RL时间: 509.12s
Epoch 19/600
  rollouts: 48, samples: 480
  平均奖励: -3.9854, 成功率: 100.0%
  optimizer steps: 12, KL: 0.004988
  累计RL时间: 537.72s
BEST_LAYOUT
  epoch: 20/600, rollout: 936
  reward: 13.0022
  温度: 85.1964
  CPLEX平均线长: 17.4997
Epoch 20/600
  rollouts: 49, samples: 488
  平均奖励: -3.4499, 成功率: 98.0%
  optimizer steps: 10, KL: 0.005699
  累计RL时间: 566.53s
Epoch 21/600
  rollouts: 49, samples: 486
  平均奖励: -1.2348, 成功率: 95.9%
  optimizer steps: 13, KL: 0.005628
  累计RL时间: 594.50s
Epoch 22/600
  rollouts: 49, samples: 484
  平均奖励: -2.0390, 成功率: 95.9%
  optimizer steps: 12, KL: 0.005107
  累计RL时间: 622.17s
Epoch 23/600
  rollouts: 49, samples: 489
  平均奖励: -3.2924, 成功率: 98.0%
  optimizer steps: 9, KL: 0.005000
  累计RL时间: 650.54s
Epoch 24/600
  rollouts: 49, samples: 489
  平均奖励: -2.5368, 成功率: 98.0%
  optimizer steps: 11, KL: 0.006402
  累计RL时间: 680.83s
Epoch 25/600
  rollouts: 49, samples: 483
  平均奖励: -1.2409, 成功率: 89.8%
  optimizer steps: 11, KL: 0.005558
  累计RL时间: 707.15s
Epoch 26/600
  rollouts: 49, samples: 486
  平均奖励: -0.4955, 成功率: 95.9%
  optimizer steps: 10, KL: 0.005402
  累计RL时间: 735.00s
Epoch 27/600
  rollouts: 48, samples: 480
  平均奖励: -2.8441, 成功率: 100.0%
  optimizer steps: 11, KL: 0.005281
  累计RL时间: 763.52s
Epoch 28/600
  rollouts: 49, samples: 488
  平均奖励: -1.8472, 成功率: 98.0%
  optimizer steps: 11, KL: 0.005215
  累计RL时间: 791.96s
Epoch 29/600
  rollouts: 49, samples: 488
  平均奖励: -1.1671, 成功率: 95.9%
  optimizer steps: 11, KL: 0.005863
  累计RL时间: 820.57s
Epoch 30/600
  rollouts: 49, samples: 486
  平均奖励: -2.0239, 成功率: 95.9%
  optimizer steps: 9, KL: 0.004821
  累计RL时间: 848.64s
Epoch 31/600
  rollouts: 49, samples: 486
  平均奖励: -2.6245, 成功率: 95.9%
  optimizer steps: 8, KL: 0.005080
  累计RL时间: 876.49s
Epoch 32/600
  rollouts: 49, samples: 485
  平均奖励: 0.5861, 成功率: 93.9%
  optimizer steps: 11, KL: 0.005096
  累计RL时间: 904.10s
Epoch 33/600
  rollouts: 49, samples: 487
  平均奖励: -1.5653, 成功率: 95.9%
  optimizer steps: 11, KL: 0.004608
  累计RL时间: 931.95s
Epoch 34/600
  rollouts: 49, samples: 486
  平均奖励: -1.5269, 成功率: 95.9%
  optimizer steps: 10, KL: 0.005236
  累计RL时间: 959.84s
Epoch 35/600
  rollouts: 50, samples: 489
  平均奖励: -0.2750, 成功率: 88.0%
  optimizer steps: 10, KL: 0.005306
  累计RL时间: 986.30s
Epoch 36/600
  rollouts: 49, samples: 487
  平均奖励: -2.7093, 成功率: 98.0%
  optimizer steps: 11, KL: 0.004880
  累计RL时间: 1014.78s
Epoch 37/600
  rollouts: 49, samples: 486
  平均奖励: -0.5191, 成功率: 95.9%
  optimizer steps: 12, KL: 0.005422
  累计RL时间: 1044.12s
Epoch 38/600
  rollouts: 48, samples: 480
  平均奖励: -2.3345, 成功率: 100.0%
  optimizer steps: 11, KL: 0.005233
  累计RL时间: 1072.38s
Epoch 39/600
  rollouts: 49, samples: 486
  平均奖励: -3.0904, 成功率: 95.9%
  optimizer steps: 10, KL: 0.006446
  累计RL时间: 1099.93s
BEST_COST_LAYOUT
  epoch: 40/600, rollout: 1923
  rlplanner_cost: 24.6892
  reward: 13.2487
  温度: 82.0112
  CPLEX平均线长: 22.5017
BEST_LAYOUT
  epoch: 40/600, rollout: 1923
  reward: 13.2487
  温度: 82.0112
  CPLEX平均线长: 22.5017
Epoch 40/600
  rollouts: 49, samples: 484
  平均奖励: -0.0305, 成功率: 93.9%
  optimizer steps: 12, KL: 0.005510
  累计RL时间: 1127.78s
Epoch 41/600
  rollouts: 49, samples: 486
  平均奖励: -2.4279, 成功率: 95.9%
  optimizer steps: 11, KL: 0.004694
  累计RL时间: 1156.04s
Epoch 42/600
  rollouts: 48, samples: 480
  平均奖励: -3.3567, 成功率: 100.0%
  optimizer steps: 9, KL: 0.005193
  累计RL时间: 1184.35s
Epoch 43/600
  rollouts: 49, samples: 487
  平均奖励: -1.9074, 成功率: 98.0%
  optimizer steps: 11, KL: 0.005613
  累计RL时间: 1212.92s
Epoch 44/600
  rollouts: 50, samples: 488
  平均奖励: 0.0875, 成功率: 90.0%
  optimizer steps: 11, KL: 0.005811
  累计RL时间: 1239.76s
Epoch 45/600
  rollouts: 49, samples: 488
  平均奖励: -3.0575, 成功率: 95.9%
  optimizer steps: 10, KL: 0.005454
  累计RL时间: 1269.17s
Epoch 46/600
  rollouts: 49, samples: 483
  平均奖励: -2.7686, 成功率: 93.9%
  optimizer steps: 9, KL: 0.006015
  累计RL时间: 1296.68s
BEST_COST_LAYOUT
  epoch: 47/600, rollout: 2303
  rlplanner_cost: 23.0413
  reward: 14.6754
  温度: 84.5971
  CPLEX平均线长: 15.8489
BEST_LAYOUT
  epoch: 47/600, rollout: 2303
  reward: 14.6754
  温度: 84.5971
  CPLEX平均线长: 15.8489
Epoch 47/600
  rollouts: 49, samples: 483
  平均奖励: -1.1894, 成功率: 91.8%
  optimizer steps: 11, KL: 0.006374
  累计RL时间: 1324.58s
Epoch 48/600
  rollouts: 49, samples: 487
  平均奖励: -1.6557, 成功率: 98.0%
  optimizer steps: 8, KL: 0.006202
  累计RL时间: 1352.62s
Epoch 49/600
  rollouts: 49, samples: 483
  平均奖励: -0.9606, 成功率: 93.9%
  optimizer steps: 9, KL: 0.005356
  累计RL时间: 1379.81s
Epoch 50/600
  rollouts: 49, samples: 489
  平均奖励: -2.5372, 成功率: 98.0%
  optimizer steps: 8, KL: 0.004986
  累计RL时间: 1408.45s
Epoch 51/600
  rollouts: 49, samples: 489
  平均奖励: -1.9324, 成功率: 98.0%
  optimizer steps: 9, KL: 0.005854
  累计RL时间: 1436.68s
Epoch 52/600
  rollouts: 49, samples: 484
  平均奖励: -1.3362, 成功率: 93.9%
  optimizer steps: 8, KL: 0.004538
  累计RL时间: 1463.93s
Epoch 53/600
  rollouts: 49, samples: 483
  平均奖励: -2.4717, 成功率: 93.9%
  optimizer steps: 9, KL: 0.005344
  累计RL时间: 1492.23s
Epoch 54/600
  rollouts: 50, samples: 489
  平均奖励: -1.5519, 成功率: 92.0%
  optimizer steps: 9, KL: 0.006686
  累计RL时间: 1519.33s
Epoch 55/600
  rollouts: 49, samples: 486
  平均奖励: -0.3724, 成功率: 93.9%
  optimizer steps: 9, KL: 0.004922
  累计RL时间: 1546.49s
Epoch 56/600
  rollouts: 50, samples: 489
  平均奖励: -2.2170, 成功率: 90.0%
  optimizer steps: 11, KL: 0.005875
  累计RL时间: 1573.71s
Epoch 57/600
  rollouts: 49, samples: 482
  平均奖励: 0.8346, 成功率: 89.8%
  optimizer steps: 12, KL: 0.005607
  累计RL时间: 1600.03s
Epoch 58/600
  rollouts: 49, samples: 483
  平均奖励: -1.5584, 成功率: 93.9%
  optimizer steps: 11, KL: 0.005472
  累计RL时间: 1627.02s
Epoch 59/600
  rollouts: 49, samples: 488
  平均奖励: -3.1796, 成功率: 95.9%
  optimizer steps: 9, KL: 0.005919
  累计RL时间: 1654.68s
Epoch 60/600
  rollouts: 49, samples: 484
  平均奖励: -1.0536, 成功率: 93.9%
  optimizer steps: 12, KL: 0.005535
  累计RL时间: 1681.73s
Epoch 61/600
  rollouts: 49, samples: 484
  平均奖励: -3.0293, 成功率: 95.9%
  optimizer steps: 9, KL: 0.005268
  累计RL时间: 1709.56s
Epoch 62/600
  rollouts: 50, samples: 489
  平均奖励: -0.2129, 成功率: 90.0%
  optimizer steps: 13, KL: 0.006286
  累计RL时间: 1736.42s
Epoch 63/600
  rollouts: 50, samples: 488
  平均奖励: -1.2002, 成功率: 92.0%
  optimizer steps: 11, KL: 0.005253
  累计RL时间: 1764.44s
Epoch 64/600
  rollouts: 49, samples: 486
  平均奖励: -1.7324, 成功率: 95.9%
  optimizer steps: 9, KL: 0.005229
  累计RL时间: 1792.36s
Epoch 65/600
  rollouts: 49, samples: 487
  平均奖励: -3.4344, 成功率: 98.0%
  optimizer steps: 7, KL: 0.005124
  累计RL时间: 1820.59s
Epoch 66/600
  rollouts: 48, samples: 480
  平均奖励: -5.5257, 成功率: 100.0%
  optimizer steps: 9, KL: 0.005238
  累计RL时间: 1848.61s
Epoch 67/600
  rollouts: 49, samples: 483
  平均奖励: -1.0889, 成功率: 91.8%
  optimizer steps: 12, KL: 0.005721
  累计RL时间: 1875.06s
Epoch 68/600
  rollouts: 49, samples: 486
  平均奖励: -0.7865, 成功率: 95.9%
  optimizer steps: 11, KL: 0.006962
  累计RL时间: 1902.54s
Epoch 69/600
  rollouts: 49, samples: 483
  平均奖励: -1.0386, 成功率: 93.9%
  optimizer steps: 10, KL: 0.005621
  累计RL时间: 1930.02s
Epoch 70/600
  rollouts: 49, samples: 485
  平均奖励: -2.1185, 成功率: 93.9%
  optimizer steps: 9, KL: 0.004883
  累计RL时间: 1957.27s
Epoch 71/600
  rollouts: 49, samples: 483
  平均奖励: -1.1202, 成功率: 93.9%
  optimizer steps: 10, KL: 0.004894
  累计RL时间: 1984.18s
Epoch 72/600
  rollouts: 49, samples: 487
  平均奖励: -2.2865, 成功率: 95.9%
  optimizer steps: 11, KL: 0.005535
  累计RL时间: 2011.94s
Epoch 73/600
  rollouts: 49, samples: 486
  平均奖励: -2.5122, 成功率: 95.9%
  optimizer steps: 10, KL: 0.006136
  累计RL时间: 2039.64s
Epoch 74/600
  rollouts: 49, samples: 489
  平均奖励: -3.2651, 成功率: 98.0%
  optimizer steps: 10, KL: 0.005846
  累计RL时间: 2067.77s
Epoch 75/600
  rollouts: 49, samples: 485
  平均奖励: -1.8370, 成功率: 93.9%
  optimizer steps: 10, KL: 0.004727
  累计RL时间: 2095.43s
Epoch 76/600
  rollouts: 49, samples: 484
  平均奖励: -1.8601, 成功率: 95.9%
  optimizer steps: 11, KL: 0.005677
  累计RL时间: 2123.09s
Epoch 77/600
  rollouts: 49, samples: 483
  平均奖励: -2.1728, 成功率: 93.9%
  optimizer steps: 9, KL: 0.005614
  累计RL时间: 2150.39s
Epoch 78/600
  rollouts: 49, samples: 486
  平均奖励: -1.1842, 成功率: 95.9%
  optimizer steps: 9, KL: 0.005296
  累计RL时间: 2178.08s
BEST_LAYOUT
  epoch: 79/600, rollout: 3868
  reward: 15.5581
  温度: 84.2319
  CPLEX平均线长: 18.9762
Epoch 79/600
  rollouts: 49, samples: 484
  平均奖励: -0.5778, 成功率: 93.9%
  optimizer steps: 11, KL: 0.005544
  累计RL时间: 2205.61s
Epoch 80/600
  rollouts: 49, samples: 487
  平均奖励: -0.2562, 成功率: 93.9%
  optimizer steps: 10, KL: 0.005192
  累计RL时间: 2232.97s
Epoch 81/600
  rollouts: 49, samples: 483
  平均奖励: -1.1390, 成功率: 93.9%
  optimizer steps: 11, KL: 0.005554
  累计RL时间: 2260.43s
Epoch 82/600
  rollouts: 48, samples: 480
  平均奖励: -2.0252, 成功率: 100.0%
  optimizer steps: 9, KL: 0.006772
  累计RL时间: 2289.14s
Epoch 83/600
  rollouts: 49, samples: 484
  平均奖励: -1.6625, 成功率: 91.8%
  optimizer steps: 10, KL: 0.006533
  累计RL时间: 2316.13s
Epoch 84/600
  rollouts: 49, samples: 486
  平均奖励: -2.3094, 成功率: 93.9%
  optimizer steps: 9, KL: 0.005211
  累计RL时间: 2344.51s
Epoch 85/600
  rollouts: 49, samples: 489
  平均奖励: -2.9805, 成功率: 98.0%
  optimizer steps: 9, KL: 0.005346
  累计RL时间: 2373.32s
Epoch 86/600
  rollouts: 49, samples: 489
  平均奖励: -4.2810, 成功率: 98.0%
  optimizer steps: 10, KL: 0.004100
  累计RL时间: 2401.69s
Epoch 87/600
  rollouts: 49, samples: 480
  平均奖励: -0.1839, 成功率: 91.8%
  optimizer steps: 13, KL: 0.005925
  累计RL时间: 2428.48s
Epoch 88/600
  rollouts: 48, samples: 480
  平均奖励: -2.7111, 成功率: 100.0%
  optimizer steps: 11, KL: 0.005970
  累计RL时间: 2456.71s
Epoch 89/600
  rollouts: 49, samples: 489
  平均奖励: -1.7796, 成功率: 98.0%
  optimizer steps: 9, KL: 0.006328
  累计RL时间: 2484.77s
Epoch 90/600
  rollouts: 50, samples: 487
  平均奖励: 0.9745, 成功率: 86.0%
  optimizer steps: 13, KL: 0.006760
  累计RL时间: 2510.56s
Epoch 91/600
  rollouts: 49, samples: 489
  平均奖励: -2.6152, 成功率: 98.0%
  optimizer steps: 14, KL: 0.005339
  累计RL时间: 2538.64s
Epoch 92/600
  rollouts: 49, samples: 482
  平均奖励: -1.2225, 成功率: 91.8%
  optimizer steps: 11, KL: 0.005602
  累计RL时间: 2565.16s
Epoch 93/600
  rollouts: 48, samples: 480
  平均奖励: -0.6421, 成功率: 100.0%
  optimizer steps: 10, KL: 0.004700
  累计RL时间: 2593.15s
Epoch 94/600
  rollouts: 49, samples: 485
  平均奖励: -0.8942, 成功率: 93.9%
  optimizer steps: 10, KL: 0.005586
  累计RL时间: 2620.37s
Epoch 95/600
  rollouts: 49, samples: 482
  平均奖励: 0.2328, 成功率: 93.9%
  optimizer steps: 10, KL: 0.005693
  累计RL时间: 2647.39s
Epoch 96/600
  rollouts: 49, samples: 481
  平均奖励: -0.1348, 成功率: 89.8%
  optimizer steps: 9, KL: 0.005099
  累计RL时间: 2674.47s
Epoch 97/600
  rollouts: 49, samples: 481
  平均奖励: -1.4256, 成功率: 89.8%
  optimizer steps: 9, KL: 0.004255
  累计RL时间: 2700.47s
Epoch 98/600
  rollouts: 49, samples: 483
  平均奖励: -2.7588, 成功率: 93.9%
  optimizer steps: 9, KL: 0.004411
  累计RL时间: 2727.88s
Epoch 99/600
  rollouts: 49, samples: 481
  平均奖励: -0.9547, 成功率: 89.8%
  optimizer steps: 11, KL: 0.005293
  累计RL时间: 2754.37s
Epoch 100/600
  rollouts: 50, samples: 488
  平均奖励: -0.9184, 成功率: 90.0%
  optimizer steps: 10, KL: 0.005780
  累计RL时间: 2781.04s
Epoch 101/600
  rollouts: 48, samples: 480
  平均奖励: -2.1375, 成功率: 100.0%
  optimizer steps: 11, KL: 0.005756
  累计RL时间: 2809.20s
Epoch 102/600
  rollouts: 49, samples: 485
  平均奖励: -1.5660, 成功率: 93.9%
  optimizer steps: 9, KL: 0.005008
  累计RL时间: 2836.02s
Epoch 103/600
  rollouts: 50, samples: 483
  平均奖励: 0.0150, 成功率: 82.0%
  optimizer steps: 10, KL: 0.006222
  累计RL时间: 2860.89s
Epoch 104/600
  rollouts: 48, samples: 480
  平均奖励: -3.9456, 成功率: 100.0%
  optimizer steps: 11, KL: 0.005446
  累计RL时间: 2888.82s
Epoch 105/600
  rollouts: 48, samples: 480
  平均奖励: -3.3288, 成功率: 100.0%
  optimizer steps: 9, KL: 0.005498
  累计RL时间: 2916.97s
Epoch 106/600
  rollouts: 49, samples: 489
  平均奖励: -2.3157, 成功率: 98.0%
  optimizer steps: 9, KL: 0.005537
  累计RL时间: 2945.98s
Epoch 107/600
  rollouts: 49, samples: 480
  平均奖励: -0.8988, 成功率: 91.8%
  optimizer steps: 10, KL: 0.005546
  累计RL时间: 2972.34s
Epoch 108/600
  rollouts: 49, samples: 488
  平均奖励: -0.9616, 成功率: 95.9%
  optimizer steps: 10, KL: 0.005774
  累计RL时间: 2999.83s
Epoch 109/600
  rollouts: 49, samples: 487
  平均奖励: -0.5035, 成功率: 93.9%
  optimizer steps: 9, KL: 0.005510
  累计RL时间: 3026.78s
Epoch 110/600
  rollouts: 49, samples: 485
  平均奖励: -2.2566, 成功率: 93.9%
  optimizer steps: 10, KL: 0.004318
  累计RL时间: 3054.96s
Epoch 111/600
  rollouts: 48, samples: 480
  平均奖励: -2.4234, 成功率: 100.0%
  optimizer steps: 11, KL: 0.005860
  累计RL时间: 3083.01s
Epoch 112/600
  rollouts: 49, samples: 488
  平均奖励: -2.5247, 成功率: 95.9%
  optimizer steps: 9, KL: 0.005365
  累计RL时间: 3110.63s
Epoch 113/600
  rollouts: 49, samples: 482
  平均奖励: -2.4345, 成功率: 93.9%
  optimizer steps: 10, KL: 0.005498
  累计RL时间: 3138.10s
Epoch 114/600
  rollouts: 49, samples: 481
  平均奖励: -1.4337, 成功率: 91.8%
  optimizer steps: 11, KL: 0.006219
  累计RL时间: 3164.66s
Epoch 115/600
  rollouts: 48, samples: 480
  平均奖励: -4.3101, 成功率: 100.0%
  optimizer steps: 10, KL: 0.004354
  累计RL时间: 3192.95s
Epoch 116/600
  rollouts: 49, samples: 487
  平均奖励: -2.2864, 成功率: 98.0%
  optimizer steps: 9, KL: 0.006074
  累计RL时间: 3220.64s
Epoch 117/600
  rollouts: 49, samples: 480
  平均奖励: -1.0827, 成功率: 91.8%
  optimizer steps: 12, KL: 0.005828
  累计RL时间: 3247.20s
Epoch 118/600
  rollouts: 49, samples: 486
  平均奖励: -3.2982, 成功率: 95.9%
  optimizer steps: 11, KL: 0.005096
  累计RL时间: 3274.72s
Epoch 119/600
  rollouts: 49, samples: 488
  平均奖励: -2.2469, 成功率: 95.9%
  optimizer steps: 13, KL: 0.005574
  累计RL时间: 3302.12s
Epoch 120/600
  rollouts: 49, samples: 483
  平均奖励: -1.4248, 成功率: 93.9%
  optimizer steps: 10, KL: 0.007609
  累计RL时间: 3329.19s
Epoch 121/600
  rollouts: 17, samples: 168
  平均奖励: -2.2317, 成功率: 88.2%
  optimizer steps: 8, KL: 0.005725
  累计RL时间: 3338.02s
模型已保存到 /root/placement/flow_tap/baseline/RL/runs/shard4/syn1_seed4/checkpoints/ppo_best.pt
模型已保存到 /root/placement/flow_tap/baseline/RL/runs/shard4/syn1_seed4/checkpoints/ppo_best_cost.pt

======================================================================
训练完成！
  请求epochs: 600
  完整epochs: 120
  已执行epoch轮次: 121
  总rollouts: 5895
  总transitions: 58360
  最终成功率: 94.9%
  最近平均奖励: -1.7645
  optimizer steps: 1277
  终止原因: time_limit
======================================================================

运行时间统计:
  热阻表: 232.087s
  RL求解: 3338.334s
  总时间: 3570.422s
  best layout发现时间: 2026-09-12T03:17:00
  best layout累计RL时间: 2201.519s
  best layout累计总时间: 2433.607s
