{
  "case": "Case8_bump",
  "mode": "thermal",
  "base_seed": 3,
  "status": "completed",
  "error": null,
  "legal_found": false,
  "num_legal": 0,
  "num_illegal": 1,
  "attempts": 1,
  "best_hpwl": 17050321.443572998,
  "twl_m": 17.050321443572997,
  "best_seed": 3,
  "best_legal": false,
  "best_overlaps": 2,
  "best_legalize_method": "milp",
  "best_legalize_s": 0.07102465629577637,
  "total_legalize_s": 0.07102465629577637,
  "runtime_s": 2004.1263422966003,
  "attempt_log": [
    {
      "seed": 3,
      "iterations": 100,
      "overlaps": 2,
      "overlaps_raw": 0,
      "hpwl": 17050321.443572998,
      "hpwl_raw": 17050310.0,
      "run_s": 2003.2580046653748,
      "legal": false,
      "legalize_method": "milp",
      "legalize_s": 0.07102465629577637,
      "layout_dir": "/root/placement/flow_tap/baseline/ATPlace_pub/result_0wl/Case8_bump/seed3"
    }
  ],
  "layout_json": "/root/placement/flow_tap/baseline/ATPlace_pub/result_0wl/Case8_bump/layout.json",
  "layout_png": "/root/placement/flow_tap/baseline/ATPlace_pub/result_0wl/Case8_bump/layout.png",
  "layout_chiplets": 36,
  "visualized": true
}
