{
  "case": "hp6_m_bump",
  "mode": "thermal",
  "base_seed": 1,
  "status": "completed",
  "error": null,
  "legal_found": true,
  "num_legal": 1,
  "num_illegal": 0,
  "attempts": 1,
  "best_hpwl": 14858488.203420639,
  "twl_m": 14.85848820342064,
  "best_seed": 1,
  "best_legal": true,
  "best_overlaps": 0,
  "best_legalize_method": "milp",
  "best_legalize_s": 0.00726008415222168,
  "total_legalize_s": 0.00726008415222168,
  "runtime_s": 543.2348713874817,
  "attempt_log": [
    {
      "seed": 1,
      "iterations": 100,
      "overlaps": 0,
      "overlaps_raw": 0,
      "hpwl": 14858488.203420639,
      "hpwl_raw": 14858482.0,
      "run_s": 542.5440757274628,
      "legal": true,
      "legalize_method": "milp",
      "legalize_s": 0.00726008415222168,
      "layout_dir": "/root/placement/flow_tap/baseline/ATPlace_pub/result_wlsweep/hp6_m_bump/wl25/seed1"
    }
  ],
  "layout_json": "/root/placement/flow_tap/baseline/ATPlace_pub/result_wlsweep/hp6_m_bump/wl25/layout.json",
  "layout_png": "/root/placement/flow_tap/baseline/ATPlace_pub/result_wlsweep/hp6_m_bump/wl25/layout.png",
  "layout_chiplets": 6,
  "visualized": true
}
