case,seed,n_chiplets,n_connections,total_wirelength_mm,avg_wirelength_mm,avg_temp_C,max_temp_C,bbox_area_mm2,bbox_width_mm,bbox_height_mm,wirelength_time_s,thermal_time_s,error
acend910_wl00,1,6,5,43198.520920,17.646455,62.096494,73.730000,2009.131450,44.823336,44.823336,0.338000,29.870000,
acend910_wl01,1,6,5,43254.043536,17.669135,62.090437,73.730000,2009.131450,44.823336,44.823336,0.367000,30.253000,
acend910_wl02,1,6,5,44024.166816,17.983728,62.281838,73.760000,2009.135574,44.823336,44.823428,0.342000,31.269000,
acend910_wl03,1,6,5,43246.535274,17.666068,62.080679,73.720000,2009.131450,44.823336,44.823336,0.314000,31.923000,
acend910_wl04,1,6,5,44024.166816,17.983728,62.281838,73.760000,2009.135574,44.823336,44.823428,0.332000,31.446000,
acend910_wl05,1,6,5,42807.565552,17.486751,62.259490,73.820000,2009.131450,44.823336,44.823336,0.319000,33.372000,
acend910_wl06,1,6,5,43331.995000,17.700978,62.093040,73.730000,2009.131450,44.823336,44.823336,0.296000,32.326000,
acend910_wl07,1,6,5,43209.573176,17.650969,62.092693,73.740000,2009.131450,44.823336,44.823336,0.445000,32.082000,
acend910_wl08,1,6,5,43186.709264,17.641630,62.164873,73.740000,2009.131450,44.823336,44.823336,0.288000,31.412000,
acend910_wl09,1,6,5,41900.835254,17.116354,62.256946,73.840000,2009.131450,44.823336,44.823336,0.288000,31.266000,
acend910_wl10,1,6,5,42693.784468,17.440271,62.216462,73.720000,2009.131450,44.823336,44.823336,0.210000,30.636000,
acend910_wl11,1,6,5,42285.266460,17.273393,62.301443,73.750000,2009.131450,44.823336,44.823336,0.263000,30.798000,
acend910_wl12,1,6,5,42536.040900,17.375834,62.280242,73.780000,2009.131450,44.823336,44.823336,0.306000,30.167000,
acend910_wl13,1,6,5,41842.309176,17.092447,62.318010,73.770000,2009.131450,44.823336,44.823336,0.319000,30.232000,
acend910_wl14,1,6,5,44024.166816,17.983728,62.281838,73.760000,2009.135574,44.823336,44.823428,0.402000,31.165000,
acend910_wl15,1,6,5,42451.952910,17.341484,62.284482,73.790000,2009.131450,44.823336,44.823336,0.262000,31.858000,
acend910_wl16,1,6,5,42283.183828,17.272542,62.332424,73.750000,2009.131450,44.823336,44.823336,0.255000,31.799000,
acend910_wl17,1,6,5,42920.461632,17.532868,62.349490,73.820000,2009.131450,44.823336,44.823336,0.332000,32.218000,
acend910_wl18,1,6,5,42354.311998,17.301598,62.364744,73.820000,2009.131450,44.823336,44.823336,0.305000,32.664000,
acend910_wl19,1,6,5,41873.970740,17.105380,62.371465,73.810000,2009.131450,44.823336,44.823336,0.213000,32.881000,
acend910_wl20,1,6,5,36751.857846,15.013014,62.678777,74.250000,1652.094932,44.823336,36.857920,0.266000,33.470000,
acend910_wl21,1,6,5,34383.968702,14.045739,62.658269,74.250000,1876.854289,44.823336,41.872258,0.231000,34.377000,
acend910_wl22,1,6,5,32060.328004,13.096539,62.695557,74.420000,2009.131450,44.823336,44.823336,0.355000,33.118000,
acend910_wl23,1,6,5,30947.428854,12.641924,62.765281,74.600000,1749.026069,44.823336,39.020435,0.210000,32.569000,
acend910_wl24,1,6,5,29687.453604,12.127228,62.814199,74.720000,1721.741073,44.823336,38.411712,0.413000,33.857000,
acend910_wl25,1,6,5,29113.503032,11.892771,62.801580,74.700000,1698.865260,44.823336,37.901357,0.290000,33.158000,
acend910_wl26,1,6,5,29698.587602,12.131776,62.776145,74.690000,1679.648554,44.823336,37.472636,0.258000,33.601000,
acend910_wl27,1,6,5,33161.022656,13.546169,62.776335,74.500000,1573.635000,44.823336,35.107494,0.299000,33.948000,
acend910_wl28,1,6,5,30979.097888,12.654860,62.813843,74.700000,1493.175946,44.823336,33.312468,0.323000,32.715000,
acend910_wl29,1,6,5,28930.883486,11.818171,62.531829,74.660000,1739.153460,44.823336,38.800179,0.215000,32.949000,
acend910_wl30,1,6,5,28454.818640,11.623700,62.819324,74.800000,1617.262404,44.823336,36.080813,0.434000,32.744000,
acend910_wl31,1,6,5,28587.891820,11.678060,62.783433,74.790000,1624.099353,44.823336,36.233344,0.308000,33.642000,
acend910_wl32,1,6,5,30792.296834,12.578553,62.831738,74.630000,1599.841098,44.823336,35.692147,0.293000,32.610000,
acend910_wl33,1,6,5,28079.564508,11.470410,62.826160,74.660000,1894.752382,44.823336,42.271561,0.250000,33.125000,
acend910_wl34,1,6,5,26612.066916,10.870942,62.838542,74.950000,1671.034630,44.823336,37.280461,0.287000,34.069000,
acend910_wl35,1,6,5,27673.215912,11.304418,62.798875,74.880000,1526.452791,44.823336,34.054868,0.233000,33.559000,
acend910_wl36,1,6,5,27177.675906,11.101992,62.846736,74.980000,1476.019994,44.823336,32.929722,0.314000,33.163000,
acend910_wl37,1,6,5,25439.457340,10.391935,62.862793,75.010000,1684.753260,44.823336,37.586521,0.327000,33.071000,
acend910_wl38,1,6,5,25542.138700,10.433880,62.838818,75.040000,1630.159154,44.823336,36.368537,0.342000,35.205000,
acend910_wl39,1,6,5,24315.600028,9.932843,62.861882,75.090000,1666.599898,44.823336,37.181523,0.261000,35.849000,
acend910_wl40,1,6,5,25731.856264,10.511379,62.853452,75.040000,1606.203143,44.823336,35.834083,0.309000,35.148000,
acend910_wl41,1,6,5,28333.063586,11.573964,62.789768,74.900000,1513.291673,44.823336,33.761246,0.309000,34.915000,
acend910_wl42,1,6,5,27117.007164,11.077209,62.940110,75.000000,1433.091385,44.823336,31.971993,0.277000,36.386000,
acend910_wl43,1,6,5,27674.174208,11.304810,62.906853,74.950000,1516.203801,44.823336,33.826215,0.308000,35.812000,
acend910_wl44,1,6,5,22629.685086,9.244152,62.803196,74.790000,1958.975482,44.823336,43.704366,0.226000,34.713000,
acend910_wl45,1,6,5,28094.686604,11.476588,62.855608,74.940000,1477.124575,44.823336,32.954365,0.327000,37.073000,
acend910_wl46,1,6,5,26869.151456,10.975961,62.903242,75.010000,1415.520951,44.823336,31.580000,0.220000,35.130000,
acend910_wl47,1,6,5,24503.321532,10.009527,62.769060,74.740000,1875.074355,44.823336,41.832548,0.417000,34.673000,
acend910_wl48,1,6,5,25823.654682,10.548879,62.883254,75.040000,1570.290417,44.823336,35.032877,0.263000,34.963000,
acend910_wl49,1,6,5,27748.268890,11.335077,62.863269,74.910000,1453.827736,44.823336,32.434617,0.299000,32.646000,
cpu-dram_wl00,1,8,8,174027.089504,16.994833,81.212705,97.730000,1288.416207,35.894515,35.894515,0.160000,8.767000,
cpu-dram_wl01,1,8,8,176453.054042,17.231744,82.400488,100.550000,1288.413623,35.894515,35.894443,0.165000,8.781000,
cpu-dram_wl02,1,8,8,179340.665552,17.513737,82.180859,100.390000,1288.418791,35.894587,35.894515,0.171000,8.436000,
cpu-dram_wl03,1,8,8,148844.231152,14.535569,82.969258,100.970000,1288.413623,35.894443,35.894515,0.160000,8.687000,
cpu-dram_wl04,1,8,8,139997.175264,13.671599,83.828311,101.700000,1274.055067,35.605197,35.782840,0.161000,9.083000,
cpu-dram_wl05,1,8,8,143409.082888,14.004793,82.147820,100.660000,1276.416707,35.894515,35.560216,0.162000,8.731000,
cpu-dram_wl06,1,8,8,139272.804184,13.600860,82.813301,101.470000,1288.421412,35.894515,35.894660,0.161000,8.132000,
cpu-dram_wl07,1,8,8,120622.387284,11.779530,85.129536,103.970000,1150.678615,35.894515,32.057227,0.172000,9.191000,
cpu-dram_wl08,1,8,8,120322.955238,11.750289,84.773381,102.920000,1199.061191,35.894515,33.405137,0.192000,8.370000,
cpu-dram_wl09,1,8,8,135678.553642,13.249859,83.584995,102.360000,1276.414146,35.894443,35.560216,0.162000,8.409000,
cpu-dram_wl10,1,8,8,111492.815868,10.887970,86.468303,106.190000,1054.548938,35.894587,29.379052,0.159000,8.684000,
cpu-dram_wl11,1,8,8,118598.915876,11.581925,85.859116,108.720000,1138.269594,35.894515,31.711519,0.162000,8.408000,
cpu-dram_wl12,1,8,8,92826.402872,9.065078,88.132371,113.020000,1024.477736,35.894515,28.541345,0.158000,8.460000,
cpu-dram_wl13,1,8,8,109204.167256,10.664469,86.866653,107.190000,1032.412506,35.894515,28.762403,0.159000,8.509000,
cpu-dram_wl14,1,8,8,80163.363832,7.828453,88.829099,119.850000,898.698446,35.894587,25.037158,0.158000,8.752000,
cpu-dram_wl15,1,8,8,100294.422556,9.794377,87.617153,111.820000,993.005784,35.894515,27.664555,0.159000,8.870000,
cpu-dram_wl16,1,8,8,79250.022686,7.739260,88.900276,119.490000,826.542853,35.894515,23.026996,0.160000,9.000000,
cpu-dram_wl17,1,8,8,100549.022054,9.819240,87.711006,113.000000,1092.567731,35.894587,30.438231,0.164000,9.832000,
cpu-dram_wl18,1,8,8,98845.239770,9.652855,88.118462,115.210000,1034.599020,35.894515,28.823318,0.160000,8.889000,
cpu-dram_wl19,1,8,8,86106.092482,8.408798,88.149507,117.010000,988.181167,35.894515,27.530144,0.167000,9.047000,
cpu-dram_wl20,1,8,8,96077.901712,9.382608,88.270217,116.600000,1036.876027,35.894443,28.886812,0.159000,8.851000,
cpu-dram_wl21,1,8,8,94942.099864,9.271689,88.128091,115.710000,1008.768574,35.894515,28.103697,0.158000,8.717000,
cpu-dram_wl22,1,8,8,94185.070252,9.197761,88.231372,116.750000,986.042069,35.894515,27.470550,0.161000,9.148000,
cpu-dram_wl23,1,8,8,96955.658274,9.468326,87.922996,113.280000,1080.313319,35.894587,30.096831,0.161000,8.735000,
cpu-dram_wl24,1,8,8,90096.147174,8.798452,88.225403,115.870000,1039.210676,35.894515,28.951796,0.160000,8.965000,
cpu-dram_wl25,1,8,8,93700.191540,9.150409,88.946445,116.850000,954.796920,35.560216,26.850144,0.181000,9.468000,
cpu-dram_wl26,1,8,8,85969.391408,8.395448,88.131770,116.900000,1081.317203,35.894515,30.124859,0.166000,8.624000,
cpu-dram_wl27,1,8,8,89494.908128,8.739737,88.218118,116.510000,992.844798,35.894515,27.660070,0.165000,8.743000,
cpu-dram_wl28,1,8,8,87001.037032,8.496195,88.155913,116.110000,1026.831748,35.894587,28.606869,0.159000,8.930000,
cpu-dram_wl29,1,8,8,96829.506902,9.456007,88.719072,118.210000,960.485553,35.772082,26.850144,0.157000,9.985000,
cpu-dram_wl30,1,8,8,95109.971700,9.288083,89.006033,116.850000,995.396837,35.560216,27.991867,0.158000,8.770000,
cpu-dram_wl31,1,8,8,94261.819118,9.205256,88.515112,116.710000,963.774830,35.894587,26.850144,0.163000,8.758000,
cpu-dram_wl32,1,8,8,89730.686558,8.762762,88.181257,117.010000,1000.264301,35.894515,27.866773,0.159000,9.231000,
cpu-dram_wl33,1,8,8,75716.264030,7.394166,88.348645,120.510000,980.402000,35.894515,27.313421,0.159000,9.044000,
cpu-dram_wl34,1,8,8,91185.894012,8.904872,88.538240,116.060000,973.830044,35.815553,27.190144,0.157000,8.428000,
cpu-dram_wl35,1,8,8,76571.482910,7.477684,88.947527,120.230000,769.150395,35.894515,21.428076,0.242000,9.279000,
cpu-dram_wl36,1,8,8,87133.829324,8.509163,88.210422,117.170000,1001.726931,35.894515,27.907521,0.160000,9.145000,
cpu-dram_wl37,1,8,8,89043.803090,8.695684,88.216619,116.850000,988.181167,35.894515,27.530144,0.159000,9.137000,
cpu-dram_wl38,1,8,8,90245.004340,8.812989,88.193376,116.620000,1034.777661,35.894587,28.828237,0.169000,9.676000,
cpu-dram_wl39,1,8,8,86739.269998,8.470632,88.176177,116.730000,1001.534608,35.894515,27.902163,0.166000,9.617000,
cpu-dram_wl40,1,8,8,93434.055724,9.124420,88.889871,117.870000,954.796920,35.560216,26.850144,0.159000,9.089000,
cpu-dram_wl41,1,8,8,80053.423198,7.817717,88.876580,120.600000,848.652639,35.894443,23.643009,0.163000,8.829000,
cpu-dram_wl42,1,8,8,92821.413144,9.064591,88.133201,116.210000,1035.291497,35.894515,28.842610,0.170000,8.702000,
cpu-dram_wl43,1,8,8,88292.881820,8.622352,88.172251,117.070000,1050.969683,35.894515,29.279395,0.158000,8.952000,
cpu-dram_wl44,1,8,8,87254.766128,8.520973,88.179814,117.010000,1082.341956,35.894515,30.153408,0.159000,8.550000,
cpu-dram_wl45,1,8,8,99767.258760,9.742896,88.688130,118.420000,959.938938,35.751724,26.850144,0.157000,9.230000,
cpu-dram_wl46,1,8,8,94988.792026,9.276249,88.858298,117.230000,1070.733907,35.400951,30.245908,0.158000,8.713000,
cpu-dram_wl47,1,8,8,76889.937982,7.508783,88.919087,120.630000,793.982710,35.894443,22.119934,0.160000,8.919000,
cpu-dram_wl48,1,8,8,93670.164658,9.147477,88.911824,118.060000,954.796920,35.560216,26.850144,0.159000,7.937000,
cpu-dram_wl49,1,8,8,96093.575914,9.384138,88.975520,118.340000,954.786027,35.560001,26.850000,0.158000,7.936000,
hp11_m_wl00,1,11,22,120197.315164,10.433795,73.658010,100.290000,1697.937166,43.360377,39.158727,4.555000,34.947000,
hp11_m_wl01,1,11,22,114282.502526,9.920356,73.465422,100.160000,1676.970385,43.360377,38.675180,4.451000,34.637000,
hp11_m_wl02,1,11,22,141316.925640,12.267094,74.408899,98.020000,1536.338541,41.646476,36.890001,4.365000,36.904000,
hp11_m_wl03,1,11,22,271501.124556,23.567806,69.666394,87.540000,1880.134131,43.360470,43.360557,4.713000,32.226000,
hp11_m_wl04,1,11,22,234555.463988,20.360717,70.216072,88.990000,1880.137903,43.360557,43.360557,4.371000,32.653000,
hp11_m_wl05,1,11,22,151079.732240,13.114560,73.102361,94.050000,1635.166439,43.103818,37.935536,4.271000,34.564000,
hp11_m_wl06,1,11,22,140461.514702,12.192840,74.459084,98.500000,1536.239445,41.643792,36.889999,4.153000,35.684000,
hp11_m_wl07,1,11,22,213840.453758,18.562539,71.329917,92.170000,1880.130359,43.360470,43.360470,4.303000,32.632000,
hp11_m_wl08,1,11,22,137472.211090,11.933352,74.130269,98.710000,1521.211874,42.450001,35.835379,4.213000,36.433000,
hp11_m_wl09,1,11,22,143500.020814,12.456599,73.905491,96.590000,1508.429913,41.701560,36.172026,4.158000,35.409000,
hp11_m_wl10,1,11,22,153205.869618,13.299121,73.608562,99.660000,1880.126586,43.360470,43.360383,4.560000,35.140000,
hp11_m_wl11,1,11,22,150250.534242,13.042581,72.398289,92.940000,1880.130359,43.360470,43.360470,3.880000,34.689000,
hp11_m_wl12,1,11,22,132659.921910,11.515618,73.261606,97.190000,1840.663189,43.360557,42.450174,4.912000,34.598000,
hp11_m_wl13,1,11,22,153847.284530,13.354799,73.605876,99.160000,1880.130315,43.360470,43.360469,4.728000,34.313000,
hp11_m_wl14,1,11,22,150765.226296,13.087259,73.665693,97.710000,1880.122814,43.360383,43.360383,5.094000,34.534000,
hp11_m_wl15,1,11,22,119267.675392,10.353097,73.713562,99.590000,1740.702599,43.360470,40.144920,4.624000,24.198000,
hp11_m_wl16,1,11,22,110992.945752,9.634804,73.694541,100.130000,1641.688965,43.360557,37.861344,4.507000,16.702000,
hp11_m_wl17,1,11,22,114062.471292,9.901256,73.563533,100.190000,1710.693225,43.360377,39.452914,4.759000,15.965000,
hp11_m_wl18,1,11,22,119489.958422,10.372392,73.647866,98.630000,1670.197017,43.360377,38.518969,4.198000,16.101000,
hp11_m_wl19,1,11,22,108657.052370,9.432036,73.558865,100.460000,1676.658364,43.360377,38.667984,3.984000,15.962000,
hp11_m_wl20,1,11,22,111380.497974,9.668446,73.578547,99.480000,1684.874505,43.360377,38.857469,4.078000,14.349000,
hp11_m_wl21,1,11,22,120445.142986,10.455308,73.483330,100.770000,1656.800005,43.360377,38.210000,4.553000,13.741000,
hp11_m_wl22,1,11,22,133647.347552,11.601332,73.987649,102.670000,1808.944781,41.718754,43.360470,4.576000,12.418000,
hp11_m_wl23,1,11,22,122216.587990,10.609079,73.722441,97.810000,1695.401407,43.360377,39.100246,0.936000,8.523000,
hp11_m_wl24,1,11,22,115972.683682,10.067073,73.813845,99.820000,1736.587084,43.360470,40.050006,1.056000,8.478000,
hp11_m_wl25,1,11,22,143305.022016,12.439672,72.247322,96.640000,1851.648552,43.001592,43.060000,0.896000,8.326000,
hp11_m_wl26,1,11,22,120587.010858,10.467622,73.937437,99.540000,1515.539578,42.450001,35.701756,1.016000,8.921000,
hp11_m_wl27,1,11,22,122492.659152,10.633043,73.859824,99.880000,1517.559459,42.570762,35.647928,1.031000,8.722000,
hp11_m_wl28,1,11,22,127021.732516,11.026192,74.429873,98.720000,1531.278586,41.207710,37.160002,0.970000,8.658000,
hp11_m_wl29,1,11,22,142623.632096,12.380524,72.174023,97.410000,1828.722073,42.469161,43.060000,0.889000,8.347000,
hp11_m_wl30,1,11,22,108900.242552,9.453146,73.665515,100.410000,1708.301620,43.360557,39.397594,0.934000,8.559000,
hp11_m_wl31,1,11,22,107389.311068,9.321989,73.619033,99.440000,1672.149579,43.360377,38.564000,0.956000,8.608000,
hp11_m_wl32,1,11,22,110335.901020,9.577769,73.968899,99.100000,1664.640949,43.360377,38.390832,0.922000,8.683000,
hp11_m_wl33,1,11,22,116480.400120,10.111146,73.847476,99.740000,1651.056660,43.210067,38.210000,0.929000,9.332000,
hp11_m_wl34,1,11,22,128438.264184,11.149155,74.570413,98.610000,1528.137621,41.123189,37.159998,0.919000,10.097000,
hp11_m_wl35,1,11,22,136029.177284,11.808088,73.941218,99.410000,1880.126586,43.360470,43.360383,0.920000,9.158000,
hp11_m_wl36,1,11,22,107285.759254,9.313000,73.635520,98.950000,1725.504835,43.360557,39.794342,0.967000,9.639000,
hp11_m_wl37,1,11,22,112686.791324,9.781840,73.506343,99.490000,1742.031590,43.360377,40.175656,0.975000,10.030000,
hp11_m_wl38,1,11,22,122606.834662,10.642954,73.861775,102.410000,1813.951574,43.360383,41.834307,0.971000,12.341000,
hp11_m_wl39,1,11,22,125931.164206,10.931525,74.161619,98.770000,1656.321921,41.910703,39.520261,0.927000,50.368000,
hp11_m_wl40,1,11,22,123166.044194,10.691497,73.920300,99.250000,1512.430200,42.450001,35.628508,2.309000,57.736000,
hp11_m_wl41,1,11,22,121272.380068,10.527116,73.710828,98.740000,1695.094535,42.870377,39.539996,1.975000,58.364000,
hp11_m_wl42,1,11,22,103020.237212,8.942729,73.738989,100.730000,1652.128098,43.360377,38.102254,1.866000,52.576000,
hp11_m_wl43,1,11,22,130471.982938,11.325693,73.986521,100.830000,1558.805856,43.360383,35.950002,5.197000,61.456000,
hp11_m_wl44,1,11,22,103489.266468,8.983443,73.603779,98.920000,1778.312183,43.360557,41.012208,4.733000,63.011000,
hp11_m_wl45,1,11,22,114476.512346,9.937197,73.782703,100.580000,1656.800005,43.360377,38.210000,2.539000,57.889000,
hp11_m_wl46,1,11,22,129429.094818,11.235164,74.236602,102.560000,1804.658750,43.360383,41.619991,15.215000,51.401000,
hp11_m_wl47,1,11,22,119333.431990,10.358805,73.428208,99.030000,1672.048289,43.360377,38.561664,6.574000,53.692000,
hp11_m_wl48,1,11,22,113499.998506,9.852430,73.395686,99.840000,1840.655251,43.360370,42.450174,5.783000,45.898000,
hp11_m_wl49,1,11,22,141533.714442,12.285913,73.049070,97.660000,1713.617052,43.360469,39.520261,6.322000,43.250000,
xerox8_m_wl00,1,8,16,209957.444904,21.029392,61.913081,75.860000,2642.309737,51.403402,51.403402,2.181000,38.736000,
xerox8_m_wl01,1,8,16,211520.172230,21.185915,61.651858,75.430000,2642.309737,51.403402,51.403402,2.112000,37.739000,
xerox8_m_wl02,1,8,16,209856.452116,21.019276,61.653291,75.400000,2642.309737,51.403402,51.403402,2.173000,38.443000,
xerox8_m_wl03,1,8,16,209243.478390,20.957880,61.970820,75.960000,2642.309737,51.403402,51.403402,2.246000,43.463000,
xerox8_m_wl04,1,8,16,205504.023538,20.583336,62.066484,76.010000,2642.309737,51.403402,51.403402,1.914000,38.100000,
xerox8_m_wl05,1,8,16,193386.826558,19.369674,62.256963,76.060000,2642.309737,51.403402,51.403402,2.141000,41.932000,
xerox8_m_wl06,1,8,16,171788.997210,17.206430,62.487441,75.970000,2620.205143,50.973380,51.403402,2.127000,41.975000,
xerox8_m_wl07,1,8,16,165551.945490,16.581725,62.777593,76.180000,2642.309737,51.403402,51.403402,1.813000,43.762000,
xerox8_m_wl08,1,8,16,149793.085170,15.003314,63.222427,76.470000,2384.504867,51.403402,46.388075,2.210000,43.828000,
xerox8_m_wl09,1,8,16,158337.926926,15.859167,62.710112,75.480000,2532.889371,51.403402,49.274742,2.147000,43.157000,
xerox8_m_wl10,1,8,16,132812.723148,13.302556,63.519783,76.340000,2328.404969,51.313327,45.376223,1.812000,42.922000,
xerox8_m_wl11,1,8,16,129467.687716,12.967517,63.622495,76.540000,2288.944915,51.403402,44.529055,2.304000,47.492000,
xerox8_m_wl12,1,8,16,123288.392504,12.348597,63.877107,76.660000,2354.587770,50.317891,46.794246,1.501000,45.751000,
xerox8_m_wl13,1,8,16,121904.451660,12.209981,63.838857,76.740000,2415.412402,50.513617,47.817055,1.889000,45.123000,
xerox8_m_wl14,1,8,16,127330.417202,12.753447,63.989067,77.110000,2345.696773,47.483402,49.400352,1.969000,44.150000,
xerox8_m_wl15,1,8,16,121100.033608,12.129410,64.459431,77.680000,2071.931306,49.561441,41.805308,2.264000,44.309000,
xerox8_m_wl16,1,8,16,117839.154734,11.802800,64.529829,78.310000,2186.222749,49.838887,43.865802,2.550000,44.134000,
xerox8_m_wl17,1,8,16,112545.230520,11.272559,64.620315,78.980000,2097.353053,49.870206,42.056234,2.315000,43.908000,
xerox8_m_wl18,1,8,16,107016.339446,10.718784,64.953018,79.410000,2075.279720,49.039059,42.318914,2.391000,44.236000,
xerox8_m_wl19,1,8,16,108491.251332,10.866512,64.964365,80.380000,2293.587440,48.901233,46.902446,2.099000,47.515000,
xerox8_m_wl20,1,8,16,109068.812608,10.924360,65.572322,79.540000,1913.131581,47.097980,40.620247,2.301000,45.555000,
xerox8_m_wl21,1,8,16,105401.087392,10.557000,65.245637,81.090000,1925.273503,48.520000,39.679998,2.115000,43.210000,
xerox8_m_wl22,1,8,16,103861.680030,10.402813,65.293271,80.920000,1839.551907,48.520206,37.913110,2.008000,42.375000,
xerox8_m_wl23,1,8,16,106076.634176,10.624663,65.351289,81.460000,1720.445282,48.520206,35.458326,2.211000,44.818000,
xerox8_m_wl24,1,8,16,104119.932022,10.428679,65.358159,81.490000,1720.333831,48.520206,35.456029,2.334000,43.293000,
xerox8_m_wl25,1,8,16,100984.392496,10.114623,65.219924,80.720000,1870.140683,48.601047,38.479432,2.242000,43.188000,
xerox8_m_wl26,1,8,16,101188.335462,10.135050,65.314492,81.130000,1975.734880,48.520206,40.719837,2.162000,42.368000,
xerox8_m_wl27,1,8,16,99904.847860,10.006495,65.359063,81.060000,1820.557023,48.520206,37.521626,1.697000,44.825000,
xerox8_m_wl28,1,8,16,100199.211914,10.035979,65.319963,81.550000,2147.861138,48.520000,44.267542,1.240000,45.274000,
xerox8_m_wl29,1,8,16,99439.562142,9.959892,65.361770,81.610000,1964.173928,48.520000,40.481738,2.099000,46.543000,
xerox8_m_wl30,1,8,16,99437.865440,9.959722,65.380859,81.330000,1781.186757,48.520206,36.710206,2.087000,47.242000,
xerox8_m_wl31,1,8,16,117710.579718,11.789922,65.379556,79.490000,2141.779653,47.345589,45.237153,1.733000,46.102000,
xerox8_m_wl32,1,8,16,102440.286290,10.260445,65.235354,81.100000,1970.765526,48.758207,40.419155,2.056000,45.433000,
xerox8_m_wl33,1,8,16,103253.817392,10.341929,65.493113,83.220000,1960.773064,48.520000,40.411646,2.113000,47.216000,
xerox8_m_wl34,1,8,16,100419.267388,10.058020,65.416809,82.320000,1925.291818,48.520206,39.680207,2.091000,47.084000,
xerox8_m_wl35,1,8,16,99252.916876,9.941198,65.421370,82.260000,1961.791353,48.520000,40.432633,1.996000,48.590000,
xerox8_m_wl36,1,8,16,108437.812948,10.861159,65.339622,81.620000,1857.420122,48.522270,38.279745,1.748000,47.161000,
xerox8_m_wl37,1,8,16,108324.722960,10.849832,65.253591,80.790000,1925.273697,48.520000,39.680002,2.265000,49.216000,
xerox8_m_wl38,1,8,16,97761.330024,9.791800,65.389973,81.620000,1820.811075,48.520206,37.526862,2.163000,47.651000,
xerox8_m_wl39,1,8,16,106255.259548,10.642554,65.334355,81.780000,2029.495600,48.590727,41.767138,2.062000,47.752000,
xerox8_m_wl40,1,8,16,106455.114726,10.662572,65.342336,81.600000,1925.273503,48.520000,39.679998,2.388000,47.810000,
xerox8_m_wl41,1,8,16,107118.878812,10.729054,65.449287,82.370000,1727.814531,48.520206,35.610206,2.306000,57.374000,
xerox8_m_wl42,1,8,16,98061.420384,9.821857,65.452461,82.560000,2019.420969,48.520206,41.620206,2.430000,47.416000,
xerox8_m_wl43,1,8,16,105009.803888,10.517809,65.420051,82.810000,1687.057558,48.520206,34.770206,2.269000,46.042000,
xerox8_m_wl44,1,8,16,97640.013848,9.779649,65.431301,82.400000,1696.996534,48.520206,34.975048,2.256000,45.617000,
xerox8_m_wl45,1,8,16,108352.850158,10.852649,65.354287,81.620000,1925.273600,48.520000,39.680000,2.101000,42.499000,
xerox8_m_wl46,1,8,16,104332.758460,10.449996,66.657009,82.890000,1677.050514,45.374364,36.960309,2.012000,44.081000,
xerox8_m_wl47,1,8,16,104773.801764,10.494171,65.477427,83.060000,1925.291769,48.520206,39.680206,2.388000,43.710000,
xerox8_m_wl48,1,8,16,97230.202208,9.738602,65.428928,82.710000,1925.273600,48.520000,39.680000,2.598000,43.394000,
xerox8_m_wl49,1,8,16,115804.878296,11.599046,65.209885,80.260000,1925.273737,48.520001,39.680002,2.250000,39.571000,
