{
  "case": "hp11_m_bump",
  "mode": "thermal",
  "base_seed": 1,
  "status": "completed",
  "error": null,
  "legal_found": true,
  "num_legal": 1,
  "num_illegal": 0,
  "attempts": 1,
  "best_hpwl": 81454297.07354677,
  "twl_m": 81.45429707354677,
  "best_seed": 1,
  "best_legal": true,
  "best_overlaps": 0,
  "best_legalize_method": "milp",
  "best_legalize_s": 0.06004738807678223,
  "total_legalize_s": 0.06004738807678223,
  "runtime_s": 650.8108053207397,
  "attempt_log": [
    {
      "seed": 1,
      "iterations": 100,
      "overlaps": 0,
      "overlaps_raw": 0,
      "hpwl": 81454297.07354677,
      "hpwl_raw": 81453872.0,
      "run_s": 648.1766848564148,
      "legal": true,
      "legalize_method": "milp",
      "legalize_s": 0.06004738807678223,
      "layout_dir": "/root/placement/flow_tap/baseline/ATPlace_pub/result_wlsweep/hp11_m_bump/wl49/seed1"
    }
  ],
  "layout_json": "/root/placement/flow_tap/baseline/ATPlace_pub/result_wlsweep/hp11_m_bump/wl49/layout.json",
  "layout_png": "/root/placement/flow_tap/baseline/ATPlace_pub/result_wlsweep/hp11_m_bump/wl49/layout.png",
  "layout_chiplets": 11,
  "visualized": true
}
