{
  "case": "syn4_bump",
  "mode": "thermal",
  "base_seed": 2,
  "status": "completed",
  "error": null,
  "legal_found": false,
  "num_legal": 0,
  "num_illegal": 1,
  "attempts": 1,
  "best_hpwl": 122766536.10125017,
  "twl_m": 122.76653610125017,
  "best_seed": 2,
  "best_legal": false,
  "best_overlaps": 1,
  "best_legalize_method": "milp",
  "best_legalize_s": 0.020470857620239258,
  "total_legalize_s": 0.020470857620239258,
  "runtime_s": 373.70899868011475,
  "attempt_log": [
    {
      "seed": 2,
      "iterations": 100,
      "overlaps": 1,
      "overlaps_raw": 0,
      "hpwl": 122766536.10125017,
      "hpwl_raw": 122766680.0,
      "run_s": 372.9232728481293,
      "legal": false,
      "legalize_method": "milp",
      "legalize_s": 0.020470857620239258,
      "layout_dir": "/root/placement/flow_tap/baseline/ATPlace_pub/result_0wl/syn4_bump/seed2"
    }
  ],
  "layout_json": "/root/placement/flow_tap/baseline/ATPlace_pub/result_0wl/syn4_bump/layout.json",
  "layout_png": "/root/placement/flow_tap/baseline/ATPlace_pub/result_0wl/syn4_bump/layout.png",
  "layout_chiplets": 13,
  "visualized": true
}
