{
  "case": "syn4_bump",
  "mode": "thermal",
  "base_seed": 3,
  "status": "completed",
  "error": null,
  "legal_found": false,
  "num_legal": 0,
  "num_illegal": 1,
  "attempts": 1,
  "best_hpwl": 122313839.22757769,
  "twl_m": 122.31383922757769,
  "best_seed": 3,
  "best_legal": false,
  "best_overlaps": 2,
  "best_legalize_method": "milp",
  "best_legalize_s": 0.019325733184814453,
  "total_legalize_s": 0.019325733184814453,
  "runtime_s": 381.76458859443665,
  "attempt_log": [
    {
      "seed": 3,
      "iterations": 100,
      "overlaps": 2,
      "overlaps_raw": 0,
      "hpwl": 122313839.22757769,
      "hpwl_raw": 122313920.0,
      "run_s": 380.9817101955414,
      "legal": false,
      "legalize_method": "milp",
      "legalize_s": 0.019325733184814453,
      "layout_dir": "/root/placement/flow_tap/baseline/ATPlace_pub/result_0wl/syn4_bump/seed3"
    }
  ],
  "layout_json": "/root/placement/flow_tap/baseline/ATPlace_pub/result_0wl/syn4_bump/layout.json",
  "layout_png": "/root/placement/flow_tap/baseline/ATPlace_pub/result_0wl/syn4_bump/layout.png",
  "layout_chiplets": 13,
  "visualized": true
}
