{
  "case": "syn4_bump",
  "mode": "thermal",
  "base_seed": 1,
  "status": "completed",
  "error": null,
  "legal_found": false,
  "num_legal": 0,
  "num_illegal": 1,
  "attempts": 1,
  "best_hpwl": 122759261.83562517,
  "twl_m": 122.75926183562517,
  "best_seed": 1,
  "best_legal": false,
  "best_overlaps": 1,
  "best_legalize_method": "milp",
  "best_legalize_s": 0.02954697608947754,
  "total_legalize_s": 0.02954697608947754,
  "runtime_s": 378.7939865589142,
  "attempt_log": [
    {
      "seed": 1,
      "iterations": 100,
      "overlaps": 1,
      "overlaps_raw": 0,
      "hpwl": 122759261.83562517,
      "hpwl_raw": 122759176.0,
      "run_s": 378.0014727115631,
      "legal": false,
      "legalize_method": "milp",
      "legalize_s": 0.02954697608947754,
      "layout_dir": "/root/placement/flow_tap/baseline/ATPlace_pub/result_0wl/syn4_bump/seed1"
    }
  ],
  "layout_json": "/root/placement/flow_tap/baseline/ATPlace_pub/result_0wl/syn4_bump/layout.json",
  "layout_png": "/root/placement/flow_tap/baseline/ATPlace_pub/result_0wl/syn4_bump/layout.png",
  "layout_chiplets": 13,
  "visualized": true
}
