{
  "case": "Case9_bump",
  "mode": "thermal",
  "base_seed": 4,
  "status": "completed",
  "error": null,
  "legal_found": false,
  "num_legal": 0,
  "num_illegal": 1,
  "attempts": 1,
  "best_hpwl": 90771335.72726822,
  "twl_m": 90.77133572726822,
  "best_seed": 4,
  "best_legal": false,
  "best_overlaps": 1,
  "best_legalize_method": "milp",
  "best_legalize_s": 0.1102759838104248,
  "total_legalize_s": 0.1102759838104248,
  "runtime_s": 2278.359811782837,
  "attempt_log": [
    {
      "seed": 4,
      "iterations": 100,
      "overlaps": 1,
      "overlaps_raw": 0,
      "hpwl": 90771335.72726822,
      "hpwl_raw": 90771096.0,
      "run_s": 2277.379749774933,
      "legal": false,
      "legalize_method": "milp",
      "legalize_s": 0.1102759838104248,
      "layout_dir": "/root/placement/flow_tap/baseline/ATPlace_pub/result_0wl/Case9_bump/seed4"
    }
  ],
  "layout_json": "/root/placement/flow_tap/baseline/ATPlace_pub/result_0wl/Case9_bump/layout.json",
  "layout_png": "/root/placement/flow_tap/baseline/ATPlace_pub/result_0wl/Case9_bump/layout.png",
  "layout_chiplets": 44,
  "visualized": true
}
