{
  "case": "Case9_bump",
  "mode": "thermal",
  "base_seed": 3,
  "status": "completed",
  "error": null,
  "legal_found": true,
  "num_legal": 1,
  "num_illegal": 0,
  "attempts": 1,
  "best_hpwl": 87568609.45048141,
  "twl_m": 87.56860945048142,
  "best_seed": 3,
  "best_legal": true,
  "best_overlaps": 0,
  "best_legalize_method": "milp",
  "best_legalize_s": 0.08972358703613281,
  "total_legalize_s": 0.08972358703613281,
  "runtime_s": 2192.0475878715515,
  "attempt_log": [
    {
      "seed": 3,
      "iterations": 100,
      "overlaps": 0,
      "overlaps_raw": 0,
      "hpwl": 87568609.45048141,
      "hpwl_raw": 87567952.0,
      "run_s": 2191.119748353958,
      "legal": true,
      "legalize_method": "milp",
      "legalize_s": 0.08972358703613281,
      "layout_dir": "/root/placement/flow_tap/baseline/ATPlace_pub/result_0wl/Case9_bump/seed3"
    }
  ],
  "layout_json": "/root/placement/flow_tap/baseline/ATPlace_pub/result_0wl/Case9_bump/layout.json",
  "layout_png": "/root/placement/flow_tap/baseline/ATPlace_pub/result_0wl/Case9_bump/layout.png",
  "layout_chiplets": 44,
  "visualized": true
}
