{
  "case": "xerox8_m_bump",
  "mode": "thermal",
  "base_seed": 4,
  "status": "completed",
  "error": null,
  "legal_found": true,
  "num_legal": 1,
  "num_illegal": 0,
  "attempts": 1,
  "best_hpwl": 160714047.73986495,
  "twl_m": 160.71404773986495,
  "best_seed": 4,
  "best_legal": true,
  "best_overlaps": 0,
  "best_legalize_method": "milp",
  "best_legalize_s": 0.013994455337524414,
  "total_legalize_s": 0.013994455337524414,
  "runtime_s": 358.461403131485,
  "attempt_log": [
    {
      "seed": 4,
      "iterations": 100,
      "overlaps": 0,
      "overlaps_raw": 0,
      "hpwl": 160714047.73986495,
      "hpwl_raw": 160714224.0,
      "run_s": 357.7745056152344,
      "legal": true,
      "legalize_method": "milp",
      "legalize_s": 0.013994455337524414,
      "layout_dir": "/root/placement/flow_tap/baseline/ATPlace_pub/result_0wl/xerox8_m_bump/seed4"
    }
  ],
  "layout_json": "/root/placement/flow_tap/baseline/ATPlace_pub/result_0wl/xerox8_m_bump/layout.json",
  "layout_png": "/root/placement/flow_tap/baseline/ATPlace_pub/result_0wl/xerox8_m_bump/layout.png",
  "layout_chiplets": 8,
  "visualized": true
}
