{
  "case": "xerox8_m_bump",
  "mode": "thermal",
  "base_seed": 1,
  "status": "completed",
  "error": null,
  "legal_found": true,
  "num_legal": 1,
  "num_illegal": 0,
  "attempts": 1,
  "best_hpwl": 148612919.875656,
  "twl_m": 148.61291987565602,
  "best_seed": 1,
  "best_legal": true,
  "best_overlaps": 0,
  "best_legalize_method": "milp",
  "best_legalize_s": 0.0146942138671875,
  "total_legalize_s": 0.0146942138671875,
  "runtime_s": 368.4644274711609,
  "attempt_log": [
    {
      "seed": 1,
      "iterations": 100,
      "overlaps": 0,
      "overlaps_raw": 0,
      "hpwl": 148612919.875656,
      "hpwl_raw": 148612944.0,
      "run_s": 367.78272557258606,
      "legal": true,
      "legalize_method": "milp",
      "legalize_s": 0.0146942138671875,
      "layout_dir": "/root/placement/flow_tap/baseline/ATPlace_pub/result_0wl/xerox8_m_bump/seed1"
    }
  ],
  "layout_json": "/root/placement/flow_tap/baseline/ATPlace_pub/result_0wl/xerox8_m_bump/layout.json",
  "layout_png": "/root/placement/flow_tap/baseline/ATPlace_pub/result_0wl/xerox8_m_bump/layout.png",
  "layout_chiplets": 8,
  "visualized": true
}
