{
  "case": "xerox8_m_bump",
  "mode": "thermal",
  "base_seed": 3,
  "status": "completed",
  "error": null,
  "legal_found": true,
  "num_legal": 1,
  "num_illegal": 0,
  "attempts": 1,
  "best_hpwl": 159673471.7672192,
  "twl_m": 159.67347176721918,
  "best_seed": 3,
  "best_legal": true,
  "best_overlaps": 0,
  "best_legalize_method": "milp",
  "best_legalize_s": 0.014822244644165039,
  "total_legalize_s": 0.014822244644165039,
  "runtime_s": 367.6039924621582,
  "attempt_log": [
    {
      "seed": 3,
      "iterations": 100,
      "overlaps": 0,
      "overlaps_raw": 0,
      "hpwl": 159673471.7672192,
      "hpwl_raw": 159673424.0,
      "run_s": 366.9206199645996,
      "legal": true,
      "legalize_method": "milp",
      "legalize_s": 0.014822244644165039,
      "layout_dir": "/root/placement/flow_tap/baseline/ATPlace_pub/result_0wl/xerox8_m_bump/seed3"
    }
  ],
  "layout_json": "/root/placement/flow_tap/baseline/ATPlace_pub/result_0wl/xerox8_m_bump/layout.json",
  "layout_png": "/root/placement/flow_tap/baseline/ATPlace_pub/result_0wl/xerox8_m_bump/layout.png",
  "layout_chiplets": 8,
  "visualized": true
}
