{
  "case": "Case7_bump",
  "mode": "thermal",
  "base_seed": 1,
  "status": "completed",
  "error": null,
  "legal_found": true,
  "num_legal": 1,
  "num_illegal": 0,
  "attempts": 1,
  "best_hpwl": 20785697.494796753,
  "twl_m": 20.785697494796754,
  "best_seed": 1,
  "best_legal": true,
  "best_overlaps": 0,
  "best_legalize_method": "milp",
  "best_legalize_s": 0.20685529708862305,
  "total_legalize_s": 0.20685529708862305,
  "runtime_s": 2356.361183643341,
  "attempt_log": [
    {
      "seed": 1,
      "iterations": 100,
      "overlaps": 0,
      "overlaps_raw": 0,
      "hpwl": 20785697.494796753,
      "hpwl_raw": 20785702.0,
      "run_s": 2353.2860174179077,
      "legal": true,
      "legalize_method": "milp",
      "legalize_s": 0.20685529708862305,
      "layout_dir": "/root/placement/flow_tap/baseline/ATPlace_pub/result_wlsweep_c7/Case7_bump/wl28/seed1"
    }
  ],
  "layout_json": "/root/placement/flow_tap/baseline/ATPlace_pub/result_wlsweep_c7/Case7_bump/wl28/layout.json",
  "layout_png": "/root/placement/flow_tap/baseline/ATPlace_pub/result_wlsweep_c7/Case7_bump/wl28/layout.png",
  "layout_chiplets": 28,
  "visualized": true
}
