{
  "case": "xerox7_m_bump",
  "mode": "thermal",
  "base_seed": 1,
  "status": "completed",
  "error": null,
  "legal_found": true,
  "num_legal": 1,
  "num_illegal": 0,
  "attempts": 1,
  "best_hpwl": 77187117.4147942,
  "twl_m": 77.1871174147942,
  "best_seed": 1,
  "best_legal": true,
  "best_overlaps": 0,
  "best_legalize_method": "milp",
  "best_legalize_s": 0.04759526252746582,
  "total_legalize_s": 0.04759526252746582,
  "runtime_s": 569.6948742866516,
  "attempt_log": [
    {
      "seed": 1,
      "iterations": 100,
      "overlaps": 0,
      "overlaps_raw": 0,
      "hpwl": 77187117.4147942,
      "hpwl_raw": 77186768.0,
      "run_s": 568.6387691497803,
      "legal": true,
      "legalize_method": "milp",
      "legalize_s": 0.04759526252746582,
      "layout_dir": "/root/placement/flow_tap/baseline/ATPlace_pub/result_wlsweep/xerox7_m_bump/wl39/seed1"
    }
  ],
  "layout_json": "/root/placement/flow_tap/baseline/ATPlace_pub/result_wlsweep/xerox7_m_bump/wl39/layout.json",
  "layout_png": "/root/placement/flow_tap/baseline/ATPlace_pub/result_wlsweep/xerox7_m_bump/wl39/layout.png",
  "layout_chiplets": 7,
  "visualized": true
}
