{
  "case": "hp11_m_bump",
  "mode": "thermal",
  "base_seed": 1,
  "status": "completed",
  "error": null,
  "legal_found": true,
  "num_legal": 1,
  "num_illegal": 0,
  "attempts": 1,
  "best_hpwl": 92752863.07360423,
  "twl_m": 92.75286307360423,
  "best_seed": 1,
  "best_legal": true,
  "best_overlaps": 0,
  "best_legalize_method": "milp",
  "best_legalize_s": 0.020310640335083008,
  "total_legalize_s": 0.020310640335083008,
  "runtime_s": 387.2537727355957,
  "attempt_log": [
    {
      "seed": 1,
      "iterations": 100,
      "overlaps": 0,
      "overlaps_raw": 0,
      "hpwl": 92752863.07360423,
      "hpwl_raw": 92753064.0,
      "run_s": 386.488214969635,
      "legal": true,
      "legalize_method": "milp",
      "legalize_s": 0.020310640335083008,
      "layout_dir": "/root/placement/flow_tap/baseline/ATPlace_pub/result_0wl/hp11_m_bump/seed1"
    }
  ],
  "layout_json": "/root/placement/flow_tap/baseline/ATPlace_pub/result_0wl/hp11_m_bump/layout.json",
  "layout_png": "/root/placement/flow_tap/baseline/ATPlace_pub/result_0wl/hp11_m_bump/layout.png",
  "layout_chiplets": 11,
  "visualized": true
}
