experiment=rl_3cases_5seeds_1h_par3_20260918_120548_xerox7_m
started_at=2026-09-18 12:05:48
python=/root/anaconda3/envs/chipdiffusion/bin/python3
cases=xerox7_m
seeds=0 1 2 3 4
time_limit_seconds=3600 (includes forced thermal tables, RL, and checkpoint)
max_epochs=600
rollout_batch_size=480
num_minibatches=4
ppo_update_epochs=4
grid_resolution=auto
max_auto_grid_resolution=100
exact_action_slots=50000
thermal_intp_size=50
placement_area_weight=1.0
placement_pin_weight=1.0
thermal_reuse_across_seeds=disabled (--force_thermal_tables)
checkpoint=best policy only (no optimizer state)
batch_dir=/root/placement/flow_tap/baseline/RL/runs/rl_3cases_5seeds_1h_par3_20260918_120548_xerox7_m

Checking PyTorch and CPLEX...
torch=2.11.0+cu130, cplex=22.1.0.0
======================================================================
Starting complete round for seed=0
----------------------------------------------------------------------
run=1, seed=0, case=xerox7_m
command: /root/anaconda3/envs/chipdiffusion/bin/python3 train.py --name rl_3cases_5seeds_1h_par3_20260918_120548_xerox7_m_seed0_xerox7_m --json examples/xerox7_m.json --num_epochs 600 --rollout_batch_size 480 --num_minibatches 4 --ppo_update_epochs 4 --log_interval 1 --grid_resolution auto --max_auto_grid_resolution 100 --exact_action_slots 50000 --thermal_intp_size 50 --placement_area_weight 1.0 --placement_pin_weight 1.0 --seed 0 --time_limit_seconds 3600 --force_thermal_tables --save_checkpoint
使用设备: cuda
Run name: rl_3cases_5seeds_1h_par3_20260918_120548_xerox7_m_seed0_xerox7_m
Run directory: /root/placement/flow_tap/baseline/RL/runs/rl_3cases_5seeds_1h_par3_20260918_120548_xerox7_m_seed0_xerox7_m
Training log: /root/placement/flow_tap/baseline/RL/runs/rl_3cases_5seeds_1h_par3_20260918_120548_xerox7_m_seed0_xerox7_m/train.log
Default RL canvas aligned to fastTM interposer: 50.0 x 50.0

生成/检查 fastTM 热阻表...
  热阻表阶段状态: ok
  热阻表阶段耗时: 442.179s
  热阻表日志: /root/placement/flow_tap/baseline/RL/runs/rl_3cases_5seeds_1h_par3_20260918_120548_xerox7_m_seed0_xerox7_m/thermal_tables.log
======================================================================
PPO训练 - 芯片布局优化
======================================================================

环境信息:
  芯片数量: 7
  放置顺序: ['E', 'F', 'G', 'D', 'A', 'C', 'B']
  观察维度: 10
  动作维度: 70000
  rollout batch: 480 transitions
  minibatches: 4
  PPO update epochs: 4
  随机种子: 0
  剩余总时间预算: 3157.8s

开始训练...
----------------------------------------------------------------------
BEST_COST_LAYOUT
  epoch: 1/600, rollout: 1
  rlplanner_cost: 22.3345
  reward: 9.8833
  温度: 81.3280
  CPLEX平均线长: 21.1915
BEST_LAYOUT
  epoch: 1/600, rollout: 1
  reward: 9.8833
  温度: 81.3280
  CPLEX平均线长: 21.1915
BEST_COST_LAYOUT
  epoch: 1/600, rollout: 2
  rlplanner_cost: 20.2202
  reward: 13.8648
  温度: 78.2894
  CPLEX平均线长: 20.2202
BEST_LAYOUT
  epoch: 1/600, rollout: 2
  reward: 13.8648
  温度: 78.2894
  CPLEX平均线长: 20.2202
BEST_COST_LAYOUT
  epoch: 1/600, rollout: 3
  rlplanner_cost: 19.8330
  reward: 13.2370
  温度: 78.4527
  CPLEX平均线长: 19.8330
BEST_COST_LAYOUT
  epoch: 1/600, rollout: 11
  rlplanner_cost: 19.2849
  reward: 16.2905
  温度: 81.0532
  CPLEX平均线长: 18.4918
BEST_LAYOUT
  epoch: 1/600, rollout: 11
  reward: 16.2905
  温度: 81.0532
  CPLEX平均线长: 18.4918
BEST_COST_LAYOUT
  epoch: 1/600, rollout: 15
  rlplanner_cost: 19.2286
  reward: 14.1157
  温度: 81.0258
  CPLEX平均线长: 18.4677
BEST_COST_LAYOUT
  epoch: 1/600, rollout: 18
  rlplanner_cost: 17.3477
  reward: 14.2851
  温度: 78.9565
  CPLEX平均线长: 17.3477
BEST_COST_LAYOUT
  epoch: 1/600, rollout: 19
  rlplanner_cost: 17.1094
  reward: 18.6263
  温度: 80.9636
  CPLEX平均线长: 16.4196
BEST_LAYOUT
  epoch: 1/600, rollout: 19
  reward: 18.6263
  温度: 80.9636
  CPLEX平均线长: 16.4196
BEST_LAYOUT
  epoch: 1/600, rollout: 23
  reward: 19.6253
  温度: 79.8241
  CPLEX平均线长: 17.5065
BEST_COST_LAYOUT
  epoch: 1/600, rollout: 31
  rlplanner_cost: 16.8863
  reward: 16.3031
  温度: 78.4168
  CPLEX平均线长: 16.8863
BEST_COST_LAYOUT
  epoch: 1/600, rollout: 66
  rlplanner_cost: 16.0778
  reward: 18.2510
  温度: 79.0785
  CPLEX平均线长: 16.0778
Epoch 1/600
  rollouts: 69, samples: 483
  平均奖励: 10.6727, 成功率: 100.0%
  optimizer steps: 16, KL: 0.000232
  累计RL时间: 72.80s
BEST_COST_LAYOUT
  epoch: 2/600, rollout: 80
  rlplanner_cost: 14.6053
  reward: 20.2848
  温度: 79.5174
  CPLEX平均线长: 14.6053
BEST_LAYOUT
  epoch: 2/600, rollout: 80
  reward: 20.2848
  温度: 79.5174
  CPLEX平均线长: 14.6053
Epoch 2/600
  rollouts: 69, samples: 483
  平均奖励: 10.2650, 成功率: 100.0%
  optimizer steps: 16, KL: 0.000504
  累计RL时间: 127.37s
BEST_LAYOUT
  epoch: 3/600, rollout: 146
  reward: 20.8214
  温度: 78.3023
  CPLEX平均线长: 15.4710
BEST_LAYOUT
  epoch: 3/600, rollout: 176
  reward: 22.1120
  温度: 78.7061
  CPLEX平均线长: 15.4882
Epoch 3/600
  rollouts: 69, samples: 483
  平均奖励: 10.5121, 成功率: 100.0%
  optimizer steps: 16, KL: 0.001466
  累计RL时间: 182.92s
Epoch 4/600
  rollouts: 69, samples: 483
  平均奖励: 9.3334, 成功率: 100.0%
  optimizer steps: 16, KL: 0.002934
  累计RL时间: 234.35s
Epoch 5/600
  rollouts: 69, samples: 483
  平均奖励: 9.2993, 成功率: 100.0%
  optimizer steps: 16, KL: 0.004684
  累计RL时间: 286.68s
Epoch 6/600
  rollouts: 69, samples: 483
  平均奖励: 8.8780, 成功率: 100.0%
  optimizer steps: 16, KL: 0.005174
  累计RL时间: 336.59s
Epoch 7/600
  rollouts: 69, samples: 483
  平均奖励: 9.4717, 成功率: 100.0%
  optimizer steps: 15, KL: 0.005017
  累计RL时间: 386.33s
Epoch 8/600
  rollouts: 69, samples: 483
  平均奖励: 9.9799, 成功率: 100.0%
  optimizer steps: 16, KL: 0.005107
  累计RL时间: 434.41s
Epoch 9/600
  rollouts: 69, samples: 483
  平均奖励: 9.4501, 成功率: 100.0%
  optimizer steps: 14, KL: 0.005678
  累计RL时间: 484.51s
Epoch 10/600
  rollouts: 69, samples: 483
  平均奖励: 9.8456, 成功率: 100.0%
  optimizer steps: 14, KL: 0.005179
  累计RL时间: 529.75s
Epoch 11/600
  rollouts: 69, samples: 483
  平均奖励: 9.8672, 成功率: 100.0%
  optimizer steps: 15, KL: 0.005837
  累计RL时间: 575.58s
BEST_COST_LAYOUT
  epoch: 12/600, rollout: 775
  rlplanner_cost: 14.2334
  reward: 19.5371
  温度: 78.2819
  CPLEX平均线长: 14.2334
Epoch 12/600
  rollouts: 69, samples: 483
  平均奖励: 10.3193, 成功率: 100.0%
  optimizer steps: 13, KL: 0.005884
  累计RL时间: 623.44s
Epoch 13/600
  rollouts: 69, samples: 483
  平均奖励: 10.2528, 成功率: 100.0%
  optimizer steps: 13, KL: 0.005633
  累计RL时间: 668.48s
Epoch 14/600
  rollouts: 69, samples: 483
  平均奖励: 9.4460, 成功率: 100.0%
  optimizer steps: 13, KL: 0.005464
  累计RL时间: 713.71s
Epoch 15/600
  rollouts: 69, samples: 483
  平均奖励: 10.2005, 成功率: 100.0%
  optimizer steps: 13, KL: 0.004653
  累计RL时间: 759.60s
BEST_COST_LAYOUT
  epoch: 16/600, rollout: 1094
  rlplanner_cost: 13.5407
  reward: 18.3669
  温度: 76.6622
  CPLEX平均线长: 13.5407
Epoch 16/600
  rollouts: 69, samples: 483
  平均奖励: 11.1640, 成功率: 100.0%
  optimizer steps: 11, KL: 0.005460
  累计RL时间: 807.17s
Epoch 17/600
  rollouts: 69, samples: 483
  平均奖励: 11.5763, 成功率: 100.0%
  optimizer steps: 11, KL: 0.005610
  累计RL时间: 854.41s
Epoch 18/600
  rollouts: 69, samples: 483
  平均奖励: 11.2405, 成功率: 100.0%
  optimizer steps: 12, KL: 0.005585
  累计RL时间: 902.79s
BEST_LAYOUT
  epoch: 19/600, rollout: 1270
  reward: 22.4213
  温度: 79.6553
  CPLEX平均线长: 14.8545
Epoch 19/600
  rollouts: 69, samples: 483
  平均奖励: 11.3705, 成功率: 100.0%
  optimizer steps: 10, KL: 0.004395
  累计RL时间: 950.75s
Epoch 20/600
  rollouts: 69, samples: 483
  平均奖励: 12.0774, 成功率: 100.0%
  optimizer steps: 11, KL: 0.005171
  累计RL时间: 997.87s
Epoch 21/600
  rollouts: 69, samples: 483
  平均奖励: 11.3632, 成功率: 100.0%
  optimizer steps: 11, KL: 0.004759
  累计RL时间: 1045.52s
Epoch 22/600
  rollouts: 69, samples: 483
  平均奖励: 10.8768, 成功率: 100.0%
  optimizer steps: 11, KL: 0.004953
  累计RL时间: 1094.94s
BEST_COST_LAYOUT
  epoch: 23/600, rollout: 1554
  rlplanner_cost: 12.4633
  reward: 20.3252
  温度: 78.0236
  CPLEX平均线长: 12.4633
Epoch 23/600
  rollouts: 69, samples: 483
  平均奖励: 12.4255, 成功率: 100.0%
  optimizer steps: 11, KL: 0.004528
  累计RL时间: 1146.10s
BEST_LAYOUT
  epoch: 24/600, rollout: 1625
  reward: 22.4257
  温度: 79.6289
  CPLEX平均线长: 13.5249
Epoch 24/600
  rollouts: 69, samples: 483
  平均奖励: 12.4702, 成功率: 100.0%
  optimizer steps: 10, KL: 0.004570
  累计RL时间: 1197.65s
Epoch 25/600
  rollouts: 69, samples: 483
  平均奖励: 12.1090, 成功率: 100.0%
  optimizer steps: 10, KL: 0.005336
  累计RL时间: 1248.18s
BEST_COST_LAYOUT
  epoch: 26/600, rollout: 1750
  rlplanner_cost: 12.1824
  reward: 18.7925
  温度: 78.4712
  CPLEX平均线长: 12.1824
Epoch 26/600
  rollouts: 69, samples: 483
  平均奖励: 12.4972, 成功率: 100.0%
  optimizer steps: 10, KL: 0.005219
  累计RL时间: 1300.70s
Epoch 27/600
  rollouts: 69, samples: 483
  平均奖励: 11.4870, 成功率: 100.0%
  optimizer steps: 12, KL: 0.005945
  累计RL时间: 1350.46s
Epoch 28/600
  rollouts: 69, samples: 483
  平均奖励: 12.6619, 成功率: 100.0%
  optimizer steps: 12, KL: 0.005172
  累计RL时间: 1399.67s
Epoch 29/600
  rollouts: 69, samples: 483
  平均奖励: 12.0983, 成功率: 100.0%
  optimizer steps: 12, KL: 0.005634
  累计RL时间: 1446.94s
Epoch 30/600
  rollouts: 69, samples: 483
  平均奖励: 12.2078, 成功率: 100.0%
  optimizer steps: 11, KL: 0.004820
  累计RL时间: 1495.15s
BEST_COST_LAYOUT
  epoch: 31/600, rollout: 2103
  rlplanner_cost: 12.0277
  reward: 22.3388
  温度: 77.9288
  CPLEX平均线长: 12.0277
Epoch 31/600
  rollouts: 69, samples: 483
  平均奖励: 12.3902, 成功率: 100.0%
  optimizer steps: 10, KL: 0.005528
  累计RL时间: 1542.77s
Epoch 32/600
  rollouts: 69, samples: 483
  平均奖励: 11.9200, 成功率: 100.0%
  optimizer steps: 9, KL: 0.005383
  累计RL时间: 1591.86s
BEST_LAYOUT
  epoch: 33/600, rollout: 2268
  reward: 22.7700
  温度: 80.9889
  CPLEX平均线长: 15.4624
Epoch 33/600
  rollouts: 69, samples: 483
  平均奖励: 13.0902, 成功率: 100.0%
  optimizer steps: 11, KL: 0.005266
  累计RL时间: 1640.43s
Epoch 34/600
  rollouts: 69, samples: 483
  平均奖励: 11.7857, 成功率: 100.0%
  optimizer steps: 11, KL: 0.004990
  累计RL时间: 1686.63s
Epoch 35/600
  rollouts: 69, samples: 483
  平均奖励: 12.1444, 成功率: 100.0%
  optimizer steps: 11, KL: 0.004793
  累计RL时间: 1735.70s
Epoch 36/600
  rollouts: 69, samples: 483
  平均奖励: 13.4257, 成功率: 100.0%
  optimizer steps: 9, KL: 0.004234
  累计RL时间: 1783.88s
Epoch 37/600
  rollouts: 69, samples: 483
  平均奖励: 12.3582, 成功率: 100.0%
  optimizer steps: 11, KL: 0.005539
  累计RL时间: 1834.44s
Epoch 38/600
  rollouts: 69, samples: 483
  平均奖励: 13.0195, 成功率: 100.0%
  optimizer steps: 11, KL: 0.004699
  累计RL时间: 1884.05s
Epoch 39/600
  rollouts: 69, samples: 483
  平均奖励: 12.6075, 成功率: 100.0%
  optimizer steps: 10, KL: 0.005472
  累计RL时间: 1933.59s
BEST_LAYOUT
  epoch: 40/600, rollout: 2739
  reward: 24.2511
  温度: 79.3457
  CPLEX平均线长: 15.0754
Epoch 40/600
  rollouts: 69, samples: 483
  平均奖励: 13.3725, 成功率: 100.0%
  optimizer steps: 10, KL: 0.004642
  累计RL时间: 1984.70s
Epoch 41/600
  rollouts: 69, samples: 483
  平均奖励: 12.8741, 成功率: 100.0%
  optimizer steps: 9, KL: 0.004417
  累计RL时间: 2031.15s
Epoch 42/600
  rollouts: 69, samples: 483
  平均奖励: 12.3093, 成功率: 100.0%
  optimizer steps: 9, KL: 0.004925
  累计RL时间: 2077.73s
Epoch 43/600
  rollouts: 69, samples: 483
  平均奖励: 12.6651, 成功率: 100.0%
  optimizer steps: 9, KL: 0.004815
  累计RL时间: 2125.78s
Epoch 44/600
  rollouts: 69, samples: 483
  平均奖励: 12.2211, 成功率: 100.0%
  optimizer steps: 9, KL: 0.004658
  累计RL时间: 2193.60s
Epoch 45/600
  rollouts: 69, samples: 483
  平均奖励: 14.0024, 成功率: 100.0%
  optimizer steps: 11, KL: 0.005421
  累计RL时间: 2261.65s
BEST_LAYOUT
  epoch: 46/600, rollout: 3155
  reward: 24.5151
  温度: 81.6796
  CPLEX平均线长: 14.8185
Epoch 46/600
  rollouts: 69, samples: 483
  平均奖励: 13.6709, 成功率: 100.0%
  optimizer steps: 10, KL: 0.005292
  累计RL时间: 2326.24s
Epoch 47/600
  rollouts: 69, samples: 483
  平均奖励: 13.0447, 成功率: 100.0%
  optimizer steps: 9, KL: 0.005434
  累计RL时间: 2397.66s
Epoch 48/600
  rollouts: 69, samples: 483
  平均奖励: 14.1643, 成功率: 100.0%
  optimizer steps: 10, KL: 0.005221
  累计RL时间: 2454.10s
Epoch 49/600
  rollouts: 69, samples: 483
  平均奖励: 12.9905, 成功率: 100.0%
  optimizer steps: 11, KL: 0.005314
  累计RL时间: 2503.42s
Epoch 50/600
  rollouts: 69, samples: 483
  平均奖励: 13.5231, 成功率: 100.0%
  optimizer steps: 9, KL: 0.005073
  累计RL时间: 2551.75s
Epoch 51/600
  rollouts: 69, samples: 483
  平均奖励: 13.9256, 成功率: 100.0%
  optimizer steps: 9, KL: 0.005584
  累计RL时间: 2602.61s
BEST_COST_LAYOUT
  epoch: 52/600, rollout: 3530
  rlplanner_cost: 10.8395
  reward: 23.8501
  温度: 80.3344
  CPLEX平均线长: 10.6992
Epoch 52/600
  rollouts: 69, samples: 483
  平均奖励: 13.4770, 成功率: 100.0%
  optimizer steps: 9, KL: 0.004396
  累计RL时间: 2654.38s
Epoch 53/600
  rollouts: 69, samples: 483
  平均奖励: 13.8016, 成功率: 100.0%
  optimizer steps: 9, KL: 0.004665
  累计RL时间: 2708.44s
Epoch 54/600
  rollouts: 69, samples: 483
  平均奖励: 13.1452, 成功率: 100.0%
  optimizer steps: 10, KL: 0.005678
  累计RL时间: 2760.95s
Epoch 55/600
  rollouts: 69, samples: 483
  平均奖励: 13.5266, 成功率: 100.0%
  optimizer steps: 9, KL: 0.005458
  累计RL时间: 2813.68s
Epoch 56/600
  rollouts: 69, samples: 483
  平均奖励: 12.5278, 成功率: 100.0%
  optimizer steps: 9, KL: 0.005485
  累计RL时间: 2866.44s
BEST_LAYOUT
  epoch: 57/600, rollout: 3908
  reward: 26.5921
  温度: 78.9997
  CPLEX平均线长: 13.0642
Epoch 57/600
  rollouts: 69, samples: 483
  平均奖励: 14.0147, 成功率: 100.0%
  optimizer steps: 10, KL: 0.004937
  累计RL时间: 2923.16s
Epoch 58/600
  rollouts: 69, samples: 483
  平均奖励: 13.6855, 成功率: 100.0%
  optimizer steps: 9, KL: 0.006391
  累计RL时间: 2978.74s
Epoch 59/600
  rollouts: 69, samples: 483
  平均奖励: 13.2058, 成功率: 100.0%
  optimizer steps: 9, KL: 0.006349
  累计RL时间: 3032.35s
Epoch 60/600
  rollouts: 69, samples: 483
  平均奖励: 13.9655, 成功率: 100.0%
  optimizer steps: 9, KL: 0.004685
  累计RL时间: 3086.25s
Epoch 61/600
  rollouts: 54, samples: 378
  平均奖励: 13.1625, 成功率: 100.0%
  optimizer steps: 9, KL: 0.005742
  累计RL时间: 3129.34s
模型已保存到 /root/placement/flow_tap/baseline/RL/runs/rl_3cases_5seeds_1h_par3_20260918_120548_xerox7_m_seed0_xerox7_m/checkpoints/ppo_best.pt
模型已保存到 /root/placement/flow_tap/baseline/RL/runs/rl_3cases_5seeds_1h_par3_20260918_120548_xerox7_m_seed0_xerox7_m/checkpoints/ppo_best_cost.pt

======================================================================
训练完成！
  请求epochs: 600
  完整epochs: 60
  已执行epoch轮次: 61
  总rollouts: 4194
  总transitions: 29358
  最终成功率: 100.0%
  最近平均奖励: 11.9908
  optimizer steps: 687
  终止原因: time_limit
======================================================================

运行时间统计:
  热阻表: 442.179s
  RL求解: 3130.672s
  总时间: 3572.851s
  best layout发现时间: 2026-09-18T13:03:30
  best layout累计RL时间: 2900.760s
  best layout累计总时间: 3342.939s

Model saved to /root/placement/flow_tap/baseline/RL/runs/rl_3cases_5seeds_1h_par3_20260918_120548_xerox7_m_seed0_xerox7_m/checkpoints/ppo_best.pt
status=ok, wall_seconds=3702, checkpoint=/root/placement/flow_tap/baseline/RL/runs/rl_3cases_5seeds_1h_par3_20260918_120548_xerox7_m_seed0_xerox7_m/checkpoints/ppo_best.pt
Completed round seed=0; summary=/root/placement/flow_tap/baseline/RL/runs/rl_3cases_5seeds_1h_par3_20260918_120548_xerox7_m/seed_0_summary.tsv
======================================================================
Starting complete round for seed=1
----------------------------------------------------------------------
run=2, seed=1, case=xerox7_m
command: /root/anaconda3/envs/chipdiffusion/bin/python3 train.py --name rl_3cases_5seeds_1h_par3_20260918_120548_xerox7_m_seed1_xerox7_m --json examples/xerox7_m.json --num_epochs 600 --rollout_batch_size 480 --num_minibatches 4 --ppo_update_epochs 4 --log_interval 1 --grid_resolution auto --max_auto_grid_resolution 100 --exact_action_slots 50000 --thermal_intp_size 50 --placement_area_weight 1.0 --placement_pin_weight 1.0 --seed 1 --time_limit_seconds 3600 --force_thermal_tables --save_checkpoint
使用设备: cuda
Run name: rl_3cases_5seeds_1h_par3_20260918_120548_xerox7_m_seed1_xerox7_m
Run directory: /root/placement/flow_tap/baseline/RL/runs/rl_3cases_5seeds_1h_par3_20260918_120548_xerox7_m_seed1_xerox7_m
Training log: /root/placement/flow_tap/baseline/RL/runs/rl_3cases_5seeds_1h_par3_20260918_120548_xerox7_m_seed1_xerox7_m/train.log
Default RL canvas aligned to fastTM interposer: 50.0 x 50.0

生成/检查 fastTM 热阻表...
  热阻表阶段状态: ok
  热阻表阶段耗时: 372.127s
  热阻表日志: /root/placement/flow_tap/baseline/RL/runs/rl_3cases_5seeds_1h_par3_20260918_120548_xerox7_m_seed1_xerox7_m/thermal_tables.log
======================================================================
PPO训练 - 芯片布局优化
======================================================================

环境信息:
  芯片数量: 7
  放置顺序: ['E', 'F', 'G', 'D', 'A', 'C', 'B']
  观察维度: 10
  动作维度: 70000
  rollout batch: 480 transitions
  minibatches: 4
  PPO update epochs: 4
  随机种子: 1
  剩余总时间预算: 3227.9s

开始训练...
----------------------------------------------------------------------
BEST_COST_LAYOUT
  epoch: 1/600, rollout: 1
  rlplanner_cost: 24.0313
  reward: 11.5678
  温度: 83.2460
  CPLEX平均线长: 19.5833
BEST_LAYOUT
  epoch: 1/600, rollout: 1
  reward: 11.5678
  温度: 83.2460
  CPLEX平均线长: 19.5833
BEST_COST_LAYOUT
  epoch: 1/600, rollout: 2
  rlplanner_cost: 20.4302
  reward: 11.5395
  温度: 77.1255
  CPLEX平均线长: 20.4302
BEST_COST_LAYOUT
  epoch: 1/600, rollout: 4
  rlplanner_cost: 18.6345
  reward: 13.7455
  温度: 79.0000
  CPLEX平均线长: 18.6345
BEST_LAYOUT
  epoch: 1/600, rollout: 4
  reward: 13.7455
  温度: 79.0000
  CPLEX平均线长: 18.6345
BEST_LAYOUT
  epoch: 1/600, rollout: 7
  reward: 14.4806
  温度: 79.0684
  CPLEX平均线长: 20.8154
BEST_COST_LAYOUT
  epoch: 1/600, rollout: 12
  rlplanner_cost: 17.3081
  reward: 14.0930
  温度: 77.5907
  CPLEX平均线长: 17.3081
BEST_COST_LAYOUT
  epoch: 1/600, rollout: 17
  rlplanner_cost: 16.8519
  reward: 17.2430
  温度: 78.0170
  CPLEX平均线长: 16.8519
BEST_LAYOUT
  epoch: 1/600, rollout: 17
  reward: 17.2430
  温度: 78.0170
  CPLEX平均线长: 16.8519
BEST_COST_LAYOUT
  epoch: 1/600, rollout: 46
  rlplanner_cost: 15.5146
  reward: 19.1138
  温度: 79.9883
  CPLEX平均线长: 15.5146
BEST_LAYOUT
  epoch: 1/600, rollout: 46
  reward: 19.1138
  温度: 79.9883
  CPLEX平均线长: 15.5146
Epoch 1/600
  rollouts: 69, samples: 483
  平均奖励: 9.7260, 成功率: 100.0%
  optimizer steps: 16, KL: 0.000306
  累计RL时间: 70.95s
BEST_COST_LAYOUT
  epoch: 2/600, rollout: 78
  rlplanner_cost: 15.4071
  reward: 23.3265
  温度: 79.4199
  CPLEX平均线长: 15.4071
BEST_LAYOUT
  epoch: 2/600, rollout: 78
  reward: 23.3265
  温度: 79.4199
  CPLEX平均线长: 15.4071
Epoch 2/600
  rollouts: 69, samples: 483
  平均奖励: 10.2600, 成功率: 100.0%
  optimizer steps: 16, KL: 0.000815
  累计RL时间: 127.49s
BEST_COST_LAYOUT
  epoch: 3/600, rollout: 139
  rlplanner_cost: 13.3023
  reward: 19.3210
  温度: 79.6089
  CPLEX平均线长: 13.3023
Epoch 3/600
  rollouts: 69, samples: 483
  平均奖励: 10.4284, 成功率: 100.0%
  optimizer steps: 16, KL: 0.002479
  累计RL时间: 182.53s
Epoch 4/600
  rollouts: 69, samples: 483
  平均奖励: 10.0768, 成功率: 100.0%
  optimizer steps: 16, KL: 0.003440
  累计RL时间: 233.71s
Epoch 5/600
  rollouts: 69, samples: 483
  平均奖励: 9.2383, 成功率: 100.0%
  optimizer steps: 16, KL: 0.003421
  累计RL时间: 288.33s
Epoch 6/600
  rollouts: 69, samples: 483
  平均奖励: 9.1418, 成功率: 100.0%
  optimizer steps: 16, KL: 0.004835
  累计RL时间: 347.43s
Epoch 7/600
  rollouts: 69, samples: 483
  平均奖励: 9.4391, 成功率: 100.0%
  optimizer steps: 15, KL: 0.005284
  累计RL时间: 404.58s
Epoch 8/600
  rollouts: 69, samples: 483
  平均奖励: 9.1928, 成功率: 100.0%
  optimizer steps: 15, KL: 0.005607
  累计RL时间: 458.69s
Epoch 9/600
  rollouts: 69, samples: 483
  平均奖励: 9.4113, 成功率: 100.0%
  optimizer steps: 15, KL: 0.005623
  累计RL时间: 512.78s
Epoch 10/600
  rollouts: 69, samples: 483
  平均奖励: 9.0632, 成功率: 100.0%
  optimizer steps: 16, KL: 0.005833
  累计RL时间: 568.42s
Epoch 11/600
  rollouts: 69, samples: 483
  平均奖励: 9.7851, 成功率: 100.0%
  optimizer steps: 16, KL: 0.005490
  累计RL时间: 624.47s
Epoch 12/600
  rollouts: 69, samples: 483
  平均奖励: 10.5269, 成功率: 100.0%
  optimizer steps: 14, KL: 0.005082
  累计RL时间: 677.74s
Epoch 13/600
  rollouts: 69, samples: 483
  平均奖励: 10.8172, 成功率: 100.0%
  optimizer steps: 13, KL: 0.005444
  累计RL时间: 735.13s
Epoch 14/600
  rollouts: 69, samples: 483
  平均奖励: 10.3574, 成功率: 100.0%
  optimizer steps: 13, KL: 0.004937
  累计RL时间: 793.60s
Epoch 15/600
  rollouts: 69, samples: 483
  平均奖励: 9.6180, 成功率: 100.0%
  optimizer steps: 12, KL: 0.004548
  累计RL时间: 851.38s
Epoch 16/600
  rollouts: 69, samples: 483
  平均奖励: 10.5108, 成功率: 100.0%
  optimizer steps: 13, KL: 0.004798
  累计RL时间: 910.65s
Epoch 17/600
  rollouts: 69, samples: 483
  平均奖励: 11.4641, 成功率: 100.0%
  optimizer steps: 13, KL: 0.005821
  累计RL时间: 967.05s
Epoch 18/600
  rollouts: 69, samples: 483
  平均奖励: 10.0741, 成功率: 100.0%
  optimizer steps: 12, KL: 0.004590
  累计RL时间: 1025.75s
Epoch 19/600
  rollouts: 69, samples: 483
  平均奖励: 11.0728, 成功率: 100.0%
  optimizer steps: 13, KL: 0.005068
  累计RL时间: 1081.39s
Epoch 20/600
  rollouts: 69, samples: 483
  平均奖励: 9.7942, 成功率: 100.0%
  optimizer steps: 13, KL: 0.005386
  累计RL时间: 1135.27s
Epoch 21/600
  rollouts: 69, samples: 483
  平均奖励: 10.3298, 成功率: 100.0%
  optimizer steps: 13, KL: 0.005595
  累计RL时间: 1189.10s
Epoch 22/600
  rollouts: 69, samples: 483
  平均奖励: 11.7336, 成功率: 100.0%
  optimizer steps: 12, KL: 0.005027
  累计RL时间: 1242.91s
Epoch 23/600
  rollouts: 69, samples: 483
  平均奖励: 11.1434, 成功率: 100.0%
  optimizer steps: 12, KL: 0.005305
  累计RL时间: 1299.68s
Epoch 24/600
  rollouts: 69, samples: 483
  平均奖励: 11.3022, 成功率: 100.0%
  optimizer steps: 11, KL: 0.004439
  累计RL时间: 1356.36s
Epoch 25/600
  rollouts: 69, samples: 483
  平均奖励: 10.6395, 成功率: 100.0%
  optimizer steps: 12, KL: 0.005453
  累计RL时间: 1411.44s
Epoch 26/600
  rollouts: 69, samples: 483
  平均奖励: 10.9737, 成功率: 100.0%
  optimizer steps: 10, KL: 0.004373
  累计RL时间: 1467.43s
Epoch 27/600
  rollouts: 69, samples: 483
  平均奖励: 10.5874, 成功率: 100.0%
  optimizer steps: 12, KL: 0.005969
  累计RL时间: 1522.41s
Epoch 28/600
  rollouts: 69, samples: 483
  平均奖励: 11.4521, 成功率: 100.0%
  optimizer steps: 12, KL: 0.005571
  累计RL时间: 1581.90s
Epoch 29/600
  rollouts: 69, samples: 483
  平均奖励: 12.0202, 成功率: 100.0%
  optimizer steps: 10, KL: 0.005284
  累计RL时间: 1639.08s
Epoch 30/600
  rollouts: 69, samples: 483
  平均奖励: 11.8051, 成功率: 100.0%
  optimizer steps: 11, KL: 0.005634
  累计RL时间: 1712.36s
Epoch 31/600
  rollouts: 69, samples: 483
  平均奖励: 12.3760, 成功率: 100.0%
  optimizer steps: 10, KL: 0.004880
  累计RL时间: 1789.72s
Epoch 32/600
  rollouts: 69, samples: 483
  平均奖励: 12.8385, 成功率: 100.0%
  optimizer steps: 10, KL: 0.005743
  累计RL时间: 1867.48s
BEST_COST_LAYOUT
  epoch: 33/600, rollout: 2264
  rlplanner_cost: 12.1669
  reward: 21.0271
  温度: 81.1074
  CPLEX平均线长: 11.3087
Epoch 33/600
  rollouts: 69, samples: 483
  平均奖励: 11.6274, 成功率: 100.0%
  optimizer steps: 10, KL: 0.004639
  累计RL时间: 1973.22s
Epoch 34/600
  rollouts: 69, samples: 483
  平均奖励: 12.2727, 成功率: 100.0%
  optimizer steps: 11, KL: 0.005487
  累计RL时间: 2047.71s
Epoch 35/600
  rollouts: 69, samples: 483
  平均奖励: 12.1210, 成功率: 100.0%
  optimizer steps: 9, KL: 0.004685
  累计RL时间: 2102.14s
Epoch 36/600
  rollouts: 69, samples: 483
  平均奖励: 12.7554, 成功率: 100.0%
  optimizer steps: 10, KL: 0.004204
  累计RL时间: 2151.83s
Epoch 37/600
  rollouts: 69, samples: 483
  平均奖励: 12.9972, 成功率: 100.0%
  optimizer steps: 9, KL: 0.005063
  累计RL时间: 2201.96s
Epoch 38/600
  rollouts: 69, samples: 483
  平均奖励: 12.8130, 成功率: 100.0%
  optimizer steps: 10, KL: 0.005945
  累计RL时间: 2254.22s
Epoch 39/600
  rollouts: 69, samples: 483
  平均奖励: 12.3217, 成功率: 100.0%
  optimizer steps: 10, KL: 0.005861
  累计RL时间: 2304.98s
Epoch 40/600
  rollouts: 69, samples: 483
  平均奖励: 12.5012, 成功率: 100.0%
  optimizer steps: 9, KL: 0.004815
  累计RL时间: 2354.95s
Epoch 41/600
  rollouts: 69, samples: 483
  平均奖励: 12.7001, 成功率: 100.0%
  optimizer steps: 9, KL: 0.005254
  累计RL时间: 2406.54s
Epoch 42/600
  rollouts: 69, samples: 483
  平均奖励: 14.0678, 成功率: 100.0%
  optimizer steps: 11, KL: 0.005012
  累计RL时间: 2457.33s
Epoch 43/600
  rollouts: 69, samples: 483
  平均奖励: 11.9469, 成功率: 100.0%
  optimizer steps: 13, KL: 0.005435
  累计RL时间: 2506.20s
BEST_LAYOUT
  epoch: 44/600, rollout: 3003
  reward: 23.5526
  温度: 79.6594
  CPLEX平均线长: 15.8416
BEST_COST_LAYOUT
  epoch: 44/600, rollout: 3024
  rlplanner_cost: 11.7884
  reward: 22.2294
  温度: 78.2364
  CPLEX平均线长: 11.7884
Epoch 44/600
  rollouts: 69, samples: 483
  平均奖励: 13.3401, 成功率: 100.0%
  optimizer steps: 12, KL: 0.005382
  累计RL时间: 2558.60s
Epoch 45/600
  rollouts: 69, samples: 483
  平均奖励: 13.5446, 成功率: 100.0%
  optimizer steps: 9, KL: 0.005132
  累计RL时间: 2607.99s
Epoch 46/600
  rollouts: 69, samples: 483
  平均奖励: 12.6293, 成功率: 100.0%
  optimizer steps: 9, KL: 0.004357
  累计RL时间: 2657.72s
Epoch 47/600
  rollouts: 69, samples: 483
  平均奖励: 12.6234, 成功率: 100.0%
  optimizer steps: 10, KL: 0.005669
  累计RL时间: 2706.18s
Epoch 48/600
  rollouts: 69, samples: 483
  平均奖励: 12.0947, 成功率: 100.0%
  optimizer steps: 10, KL: 0.005746
  累计RL时间: 2754.42s
Epoch 49/600
  rollouts: 69, samples: 483
  平均奖励: 12.6893, 成功率: 100.0%
  optimizer steps: 11, KL: 0.005973
  累计RL时间: 2801.21s
Epoch 50/600
  rollouts: 69, samples: 483
  平均奖励: 13.4128, 成功率: 100.0%
  optimizer steps: 8, KL: 0.006081
  累计RL时间: 2847.93s
Epoch 51/600
  rollouts: 69, samples: 483
  平均奖励: 12.4300, 成功率: 100.0%
  optimizer steps: 10, KL: 0.005733
  累计RL时间: 2894.85s
Epoch 52/600
  rollouts: 69, samples: 483
  平均奖励: 13.3023, 成功率: 100.0%
  optimizer steps: 11, KL: 0.005795
  累计RL时间: 2945.34s
Epoch 53/600
  rollouts: 69, samples: 483
  平均奖励: 13.4841, 成功率: 100.0%
  optimizer steps: 9, KL: 0.006923
  累计RL时间: 2993.78s
Epoch 54/600
  rollouts: 69, samples: 483
  平均奖励: 13.6294, 成功率: 100.0%
  optimizer steps: 9, KL: 0.005557
  累计RL时间: 3045.47s
Epoch 55/600
  rollouts: 69, samples: 483
  平均奖励: 12.5224, 成功率: 100.0%
  optimizer steps: 12, KL: 0.005929
  累计RL时间: 3096.58s
Epoch 56/600
  rollouts: 69, samples: 483
  平均奖励: 12.2821, 成功率: 100.0%
  optimizer steps: 9, KL: 0.007150
  累计RL时间: 3149.66s
BEST_LAYOUT
  epoch: 57/600, rollout: 3900
  reward: 24.6849
  温度: 80.0722
  CPLEX平均线长: 12.6035
Epoch 57/600
  rollouts: 63, samples: 441
  平均奖励: 12.8236, 成功率: 100.0%
  optimizer steps: 9, KL: 0.005680
  累计RL时间: 3199.24s
模型已保存到 /root/placement/flow_tap/baseline/RL/runs/rl_3cases_5seeds_1h_par3_20260918_120548_xerox7_m_seed1_xerox7_m/checkpoints/ppo_best.pt
模型已保存到 /root/placement/flow_tap/baseline/RL/runs/rl_3cases_5seeds_1h_par3_20260918_120548_xerox7_m_seed1_xerox7_m/checkpoints/ppo_best_cost.pt

======================================================================
训练完成！
  请求epochs: 600
  完整epochs: 56
  已执行epoch轮次: 57
  总rollouts: 3927
  总transitions: 27489
  最终成功率: 100.0%
  最近平均奖励: 11.5111
  optimizer steps: 673
  终止原因: time_limit
======================================================================

运行时间统计:
  热阻表: 372.127s
  RL求解: 3201.260s
  总时间: 3573.389s
  best layout发现时间: 2026-09-18T14:08:52
  best layout累计RL时间: 3176.693s
  best layout累计总时间: 3548.822s

Model saved to /root/placement/flow_tap/baseline/RL/runs/rl_3cases_5seeds_1h_par3_20260918_120548_xerox7_m_seed1_xerox7_m/checkpoints/ppo_best.pt
status=ok, wall_seconds=3707, checkpoint=/root/placement/flow_tap/baseline/RL/runs/rl_3cases_5seeds_1h_par3_20260918_120548_xerox7_m_seed1_xerox7_m/checkpoints/ppo_best.pt
Completed round seed=1; summary=/root/placement/flow_tap/baseline/RL/runs/rl_3cases_5seeds_1h_par3_20260918_120548_xerox7_m/seed_1_summary.tsv
======================================================================
Starting complete round for seed=2
----------------------------------------------------------------------
run=3, seed=2, case=xerox7_m
command: /root/anaconda3/envs/chipdiffusion/bin/python3 train.py --name rl_3cases_5seeds_1h_par3_20260918_120548_xerox7_m_seed2_xerox7_m --json examples/xerox7_m.json --num_epochs 600 --rollout_batch_size 480 --num_minibatches 4 --ppo_update_epochs 4 --log_interval 1 --grid_resolution auto --max_auto_grid_resolution 100 --exact_action_slots 50000 --thermal_intp_size 50 --placement_area_weight 1.0 --placement_pin_weight 1.0 --seed 2 --time_limit_seconds 3600 --force_thermal_tables --save_checkpoint
