{
  "case": "acend910_bump",
  "mode": "thermal",
  "base_seed": 1,
  "status": "completed",
  "error": null,
  "legal_found": true,
  "num_legal": 1,
  "num_illegal": 0,
  "attempts": 1,
  "best_hpwl": 29980058.490839005,
  "twl_m": 29.980058490839003,
  "best_seed": 1,
  "best_legal": true,
  "best_overlaps": 0,
  "best_legalize_method": "milp",
  "best_legalize_s": 0.032708168029785156,
  "total_legalize_s": 0.032708168029785156,
  "runtime_s": 549.3232288360596,
  "attempt_log": [
    {
      "seed": 1,
      "iterations": 100,
      "overlaps": 0,
      "overlaps_raw": 0,
      "hpwl": 29980058.490839005,
      "hpwl_raw": 29980064.0,
      "run_s": 548.4112017154694,
      "legal": true,
      "legalize_method": "milp",
      "legalize_s": 0.032708168029785156,
      "layout_dir": "/root/placement/flow_tap/baseline/ATPlace_pub/result_wlsweep/acend910_bump/wl38/seed1"
    }
  ],
  "layout_json": "/root/placement/flow_tap/baseline/ATPlace_pub/result_wlsweep/acend910_bump/wl38/layout.json",
  "layout_png": "/root/placement/flow_tap/baseline/ATPlace_pub/result_wlsweep/acend910_bump/wl38/layout.png",
  "layout_chiplets": 6,
  "visualized": true
}
