Run name: rl_3cases_5seeds_1h_par5_20260918_120058_seed0_hp6_m
Run directory: /root/placement/flow_tap/baseline/RL/runs/rl_3cases_5seeds_1h_par5_20260918_120058_seed0_hp6_m
Training log: /root/placement/flow_tap/baseline/RL/runs/rl_3cases_5seeds_1h_par5_20260918_120058_seed0_hp6_m/train.log
Default RL canvas aligned to fastTM interposer: 50.0 x 50.0

生成/检查 fastTM 热阻表...
  热阻表阶段状态: ok
  热阻表阶段耗时: 191.679s
  热阻表日志: /root/placement/flow_tap/baseline/RL/runs/rl_3cases_5seeds_1h_par5_20260918_120058_seed0_hp6_m/thermal_tables.log
======================================================================
PPO训练 - 芯片布局优化
======================================================================

环境信息:
  芯片数量: 6
  放置顺序: ['A', 'C', 'F', 'B', 'D', 'E']
  观察维度: 10
  动作维度: 70000
  rollout batch: 480 transitions
  minibatches: 4
  PPO update epochs: 4
  随机种子: 0
  剩余总时间预算: 3408.3s

开始训练...
----------------------------------------------------------------------
BEST_COST_LAYOUT
  epoch: 1/600, rollout: 1
  rlplanner_cost: 32.4575
  reward: -11.7405
  温度: 80.0804
  CPLEX平均线长: 32.4379
BEST_LAYOUT
  epoch: 1/600, rollout: 1
  reward: -11.7405
  温度: 80.0804
  CPLEX平均线长: 32.4379
BEST_COST_LAYOUT
  epoch: 1/600, rollout: 2
  rlplanner_cost: 26.0991
  reward: -5.3077
  温度: 82.0281
  CPLEX平均线长: 23.8834
BEST_LAYOUT
  epoch: 1/600, rollout: 2
  reward: -5.3077
  温度: 82.0281
  CPLEX平均线长: 23.8834
BEST_LAYOUT
  epoch: 1/600, rollout: 3
  reward: -4.8114
  温度: 82.8560
  CPLEX平均线长: 22.5342
BEST_COST_LAYOUT
  epoch: 1/600, rollout: 5
  rlplanner_cost: 22.0171
  reward: -0.8220
  温度: 80.8011
  CPLEX平均线长: 21.4998
BEST_LAYOUT
  epoch: 1/600, rollout: 5
  reward: -0.8220
  温度: 80.8011
  CPLEX平均线长: 21.4998
BEST_COST_LAYOUT
  epoch: 1/600, rollout: 19
  rlplanner_cost: 15.9188
  reward: 5.1858
  温度: 81.7397
  CPLEX平均线长: 14.1715
BEST_LAYOUT
  epoch: 1/600, rollout: 19
  reward: 5.1858
  温度: 81.7397
  CPLEX平均线长: 14.1715
Epoch 1/600
  rollouts: 80, samples: 480
  平均奖励: -8.3100, 成功率: 100.0%
  optimizer steps: 16, KL: 0.000196
  累计RL时间: 51.38s
