{
  "case": "xerox6_m_bump",
  "mode": "thermal",
  "base_seed": 1,
  "status": "completed",
  "error": null,
  "legal_found": true,
  "num_legal": 1,
  "num_illegal": 0,
  "attempts": 1,
  "best_hpwl": 51444752.81285095,
  "twl_m": 51.44475281285095,
  "best_seed": 1,
  "best_legal": true,
  "best_overlaps": 0,
  "best_legalize_method": "milp",
  "best_legalize_s": 0.024766206741333008,
  "total_legalize_s": 0.024766206741333008,
  "runtime_s": 527.304473400116,
  "attempt_log": [
    {
      "seed": 1,
      "iterations": 100,
      "overlaps": 0,
      "overlaps_raw": 0,
      "hpwl": 51444752.81285095,
      "hpwl_raw": 51444704.0,
      "run_s": 526.4515438079834,
      "legal": true,
      "legalize_method": "milp",
      "legalize_s": 0.024766206741333008,
      "layout_dir": "/root/placement/flow_tap/baseline/ATPlace_pub/result_wlsweep/xerox6_m_bump/wl32/seed1"
    }
  ],
  "layout_json": "/root/placement/flow_tap/baseline/ATPlace_pub/result_wlsweep/xerox6_m_bump/wl32/layout.json",
  "layout_png": "/root/placement/flow_tap/baseline/ATPlace_pub/result_wlsweep/xerox6_m_bump/wl32/layout.png",
  "layout_chiplets": 6,
  "visualized": true
}
