{
  "case": "Case7_bump",
  "mode": "thermal",
  "base_seed": 4,
  "status": "completed",
  "error": null,
  "legal_found": true,
  "num_legal": 1,
  "num_illegal": 0,
  "attempts": 1,
  "best_hpwl": 16191283.636379242,
  "twl_m": 16.191283636379243,
  "best_seed": 4,
  "best_legal": true,
  "best_overlaps": 0,
  "best_legalize_method": "milp",
  "best_legalize_s": 0.03284335136413574,
  "total_legalize_s": 0.03284335136413574,
  "runtime_s": 708.035058259964,
  "attempt_log": [
    {
      "seed": 4,
      "iterations": 100,
      "overlaps": 0,
      "overlaps_raw": 0,
      "hpwl": 16191283.636379242,
      "hpwl_raw": 16191282.0,
      "run_s": 707.2707855701447,
      "legal": true,
      "legalize_method": "milp",
      "legalize_s": 0.03284335136413574,
      "layout_dir": "/root/placement/ATPlace_pub/result/Case7_bump/seed4"
    }
  ],
  "layout_json": "/root/placement/ATPlace_pub/result/Case7_bump/layout.json",
  "layout_png": "/root/placement/ATPlace_pub/result/Case7_bump/layout.png",
  "layout_chiplets": 28,
  "visualized": true
}
