{
  "case": "Case7_bump",
  "mode": "thermal",
  "base_seed": 3,
  "status": "completed",
  "error": null,
  "legal_found": true,
  "num_legal": 1,
  "num_illegal": 0,
  "attempts": 1,
  "best_hpwl": 18147641.826595306,
  "twl_m": 18.147641826595308,
  "best_seed": 3,
  "best_legal": true,
  "best_overlaps": 0,
  "best_legalize_method": "milp",
  "best_legalize_s": 0.032811641693115234,
  "total_legalize_s": 0.032811641693115234,
  "runtime_s": 717.1943759918213,
  "attempt_log": [
    {
      "seed": 3,
      "iterations": 100,
      "overlaps": 0,
      "overlaps_raw": 0,
      "hpwl": 18147641.826595306,
      "hpwl_raw": 18147664.0,
      "run_s": 716.4079246520996,
      "legal": true,
      "legalize_method": "milp",
      "legalize_s": 0.032811641693115234,
      "layout_dir": "/root/placement/ATPlace_pub/result/Case7_bump/seed3"
    }
  ],
  "layout_json": "/root/placement/ATPlace_pub/result/Case7_bump/layout.json",
  "layout_png": "/root/placement/ATPlace_pub/result/Case7_bump/layout.png",
  "layout_chiplets": 28,
  "visualized": true
}
