{
  "case": "xerox6_m_bump",
  "mode": "thermal",
  "base_seed": 1,
  "status": "completed",
  "error": null,
  "legal_found": true,
  "num_legal": 1,
  "num_illegal": 0,
  "attempts": 1,
  "best_hpwl": 49040509.86731148,
  "twl_m": 49.04050986731148,
  "best_seed": 1,
  "best_legal": true,
  "best_overlaps": 0,
  "best_legalize_method": "milp",
  "best_legalize_s": 0.03719902038574219,
  "total_legalize_s": 0.03719902038574219,
  "runtime_s": 513.6114773750305,
  "attempt_log": [
    {
      "seed": 1,
      "iterations": 100,
      "overlaps": 0,
      "overlaps_raw": 0,
      "hpwl": 49040509.86731148,
      "hpwl_raw": 49040284.0,
      "run_s": 512.6390151977539,
      "legal": true,
      "legalize_method": "milp",
      "legalize_s": 0.03719902038574219,
      "layout_dir": "/root/placement/flow_tap/baseline/ATPlace_pub/result_wlsweep/xerox6_m_bump/wl45/seed1"
    }
  ],
  "layout_json": "/root/placement/flow_tap/baseline/ATPlace_pub/result_wlsweep/xerox6_m_bump/wl45/layout.json",
  "layout_png": "/root/placement/flow_tap/baseline/ATPlace_pub/result_wlsweep/xerox6_m_bump/wl45/layout.png",
  "layout_chiplets": 6,
  "visualized": true
}
