{
  "case": "Case7_bump",
  "mode": "thermal",
  "base_seed": 5,
  "status": "completed",
  "error": null,
  "legal_found": true,
  "num_legal": 1,
  "num_illegal": 0,
  "attempts": 1,
  "best_hpwl": 41670240.762664795,
  "twl_m": 41.6702407626648,
  "best_seed": 5,
  "best_legal": true,
  "best_overlaps": 0,
  "best_legalize_method": "milp",
  "best_legalize_s": 0.03698396682739258,
  "total_legalize_s": 0.03698396682739258,
  "runtime_s": 672.8415269851685,
  "attempt_log": [
    {
      "seed": 5,
      "iterations": 100,
      "overlaps": 0,
      "overlaps_raw": 0,
      "hpwl": 41670240.762664795,
      "hpwl_raw": 41670140.0,
      "run_s": 672.1814157962799,
      "legal": true,
      "legalize_method": "milp",
      "legalize_s": 0.03698396682739258,
      "layout_dir": "/root/placement/flow_tap/baseline/ATPlace_pub/result_0wl/Case7_bump/seed5"
    }
  ],
  "layout_json": "/root/placement/flow_tap/baseline/ATPlace_pub/result_0wl/Case7_bump/layout.json",
  "layout_png": "/root/placement/flow_tap/baseline/ATPlace_pub/result_0wl/Case7_bump/layout.png",
  "layout_chiplets": 28,
  "visualized": true
}
