{
  "case": "xerox7_m_bump",
  "mode": "thermal",
  "base_seed": 1,
  "status": "completed",
  "error": null,
  "legal_found": true,
  "num_legal": 1,
  "num_illegal": 0,
  "attempts": 1,
  "best_hpwl": 58229393.81351888,
  "twl_m": 58.22939381351888,
  "best_seed": 1,
  "best_legal": true,
  "best_overlaps": 0,
  "best_legalize_method": "milp",
  "best_legalize_s": 0.06494545936584473,
  "total_legalize_s": 0.06494545936584473,
  "runtime_s": 566.9229335784912,
  "attempt_log": [
    {
      "seed": 1,
      "iterations": 100,
      "overlaps": 0,
      "overlaps_raw": 0,
      "hpwl": 58229393.81351888,
      "hpwl_raw": 58229016.0,
      "run_s": 564.8704373836517,
      "legal": true,
      "legalize_method": "milp",
      "legalize_s": 0.06494545936584473,
      "layout_dir": "/root/placement/flow_tap/baseline/ATPlace_pub/result_wlsweep/xerox7_m_bump/wl33/seed1"
    }
  ],
  "layout_json": "/root/placement/flow_tap/baseline/ATPlace_pub/result_wlsweep/xerox7_m_bump/wl33/layout.json",
  "layout_png": "/root/placement/flow_tap/baseline/ATPlace_pub/result_wlsweep/xerox7_m_bump/wl33/layout.png",
  "layout_chiplets": 7,
  "visualized": true
}
