{
  "case": "xerox6_m_bump",
  "mode": "thermal",
  "base_seed": 1,
  "status": "completed",
  "error": null,
  "legal_found": true,
  "num_legal": 1,
  "num_illegal": 0,
  "attempts": 1,
  "best_hpwl": 48429096.74773598,
  "twl_m": 48.429096747735976,
  "best_seed": 1,
  "best_legal": true,
  "best_overlaps": 0,
  "best_legalize_method": "milp",
  "best_legalize_s": 0.025668859481811523,
  "total_legalize_s": 0.025668859481811523,
  "runtime_s": 539.9640684127808,
  "attempt_log": [
    {
      "seed": 1,
      "iterations": 100,
      "overlaps": 0,
      "overlaps_raw": 0,
      "hpwl": 48429096.74773598,
      "hpwl_raw": 48428888.0,
      "run_s": 538.899448633194,
      "legal": true,
      "legalize_method": "milp",
      "legalize_s": 0.025668859481811523,
      "layout_dir": "/root/placement/flow_tap/baseline/ATPlace_pub/result_wlsweep/xerox6_m_bump/wl26/seed1"
    }
  ],
  "layout_json": "/root/placement/flow_tap/baseline/ATPlace_pub/result_wlsweep/xerox6_m_bump/wl26/layout.json",
  "layout_png": "/root/placement/flow_tap/baseline/ATPlace_pub/result_wlsweep/xerox6_m_bump/wl26/layout.png",
  "layout_chiplets": 6,
  "visualized": true
}
