{
  "case": "acend910_bump",
  "mode": "thermal",
  "base_seed": 1,
  "status": "completed",
  "error": null,
  "legal_found": true,
  "num_legal": 1,
  "num_illegal": 0,
  "attempts": 1,
  "best_hpwl": 43404871.830560684,
  "twl_m": 43.40487183056069,
  "best_seed": 1,
  "best_legal": true,
  "best_overlaps": 0,
  "best_legalize_method": "milp",
  "best_legalize_s": 0.006193399429321289,
  "total_legalize_s": 0.006193399429321289,
  "runtime_s": 527.1619875431061,
  "attempt_log": [
    {
      "seed": 1,
      "iterations": 100,
      "overlaps": 0,
      "overlaps_raw": 0,
      "hpwl": 43404871.830560684,
      "hpwl_raw": 43404868.0,
      "run_s": 526.271511554718,
      "legal": true,
      "legalize_method": "milp",
      "legalize_s": 0.006193399429321289,
      "layout_dir": "/root/placement/flow_tap/baseline/ATPlace_pub/result_wlsweep/acend910_bump/wl08/seed1"
    }
  ],
  "layout_json": "/root/placement/flow_tap/baseline/ATPlace_pub/result_wlsweep/acend910_bump/wl08/layout.json",
  "layout_png": "/root/placement/flow_tap/baseline/ATPlace_pub/result_wlsweep/acend910_bump/wl08/layout.png",
  "layout_chiplets": 6,
  "visualized": true
}
