{
  "case": "syn4_bump",
  "mode": "thermal",
  "base_seed": 1,
  "status": "completed",
  "error": null,
  "legal_found": true,
  "num_legal": 1,
  "num_illegal": 0,
  "attempts": 1,
  "best_hpwl": 82241553.49694586,
  "twl_m": 82.24155349694585,
  "best_seed": 1,
  "best_legal": true,
  "best_overlaps": 0,
  "best_legalize_method": "milp",
  "best_legalize_s": 0.15404319763183594,
  "total_legalize_s": 0.15404319763183594,
  "runtime_s": 1511.2260925769806,
  "attempt_log": [
    {
      "seed": 1,
      "iterations": 100,
      "overlaps": 0,
      "overlaps_raw": 0,
      "hpwl": 82241553.49694586,
      "hpwl_raw": 82241200.0,
      "run_s": 1502.3824381828308,
      "legal": true,
      "legalize_method": "milp",
      "legalize_s": 0.15404319763183594,
      "layout_dir": "/root/placement/flow_tap/baseline/ATPlace_pub/result_wlsweep/syn4_bump/wl07/seed1"
    }
  ],
  "layout_json": "/root/placement/flow_tap/baseline/ATPlace_pub/result_wlsweep/syn4_bump/wl07/layout.json",
  "layout_png": "/root/placement/flow_tap/baseline/ATPlace_pub/result_wlsweep/syn4_bump/wl07/layout.png",
  "layout_chiplets": 13,
  "visualized": true
}
