{
  "case": "syn1_bump",
  "mode": "thermal",
  "base_seed": 1,
  "status": "completed",
  "error": null,
  "legal_found": true,
  "num_legal": 1,
  "num_illegal": 0,
  "attempts": 1,
  "best_hpwl": 45491760.126449585,
  "twl_m": 45.491760126449584,
  "best_seed": 1,
  "best_legal": true,
  "best_overlaps": 0,
  "best_legalize_method": "milp",
  "best_legalize_s": 0.15547442436218262,
  "total_legalize_s": 0.15547442436218262,
  "runtime_s": 955.9373626708984,
  "attempt_log": [
    {
      "seed": 1,
      "iterations": 100,
      "overlaps": 0,
      "overlaps_raw": 0,
      "hpwl": 45491760.126449585,
      "hpwl_raw": 45491384.0,
      "run_s": 950.6577801704407,
      "legal": true,
      "legalize_method": "milp",
      "legalize_s": 0.15547442436218262,
      "layout_dir": "/root/placement/flow_tap/baseline/ATPlace_pub/result_wlsweep/syn1_bump/wl26/seed1"
    }
  ],
  "layout_json": "/root/placement/flow_tap/baseline/ATPlace_pub/result_wlsweep/syn1_bump/wl26/layout.json",
  "layout_png": "/root/placement/flow_tap/baseline/ATPlace_pub/result_wlsweep/syn1_bump/wl26/layout.png",
  "layout_chiplets": 10,
  "visualized": true
}
