{
  "case": "xerox6_m_bump",
  "mode": "thermal",
  "base_seed": 1,
  "status": "completed",
  "error": null,
  "legal_found": true,
  "num_legal": 1,
  "num_illegal": 0,
  "attempts": 1,
  "best_hpwl": 49676695.31855869,
  "twl_m": 49.67669531855869,
  "best_seed": 1,
  "best_legal": true,
  "best_overlaps": 0,
  "best_legalize_method": "milp",
  "best_legalize_s": 0.026150941848754883,
  "total_legalize_s": 0.026150941848754883,
  "runtime_s": 511.22270584106445,
  "attempt_log": [
    {
      "seed": 1,
      "iterations": 100,
      "overlaps": 0,
      "overlaps_raw": 0,
      "hpwl": 49676695.31855869,
      "hpwl_raw": 49676500.0,
      "run_s": 510.2011034488678,
      "legal": true,
      "legalize_method": "milp",
      "legalize_s": 0.026150941848754883,
      "layout_dir": "/root/placement/flow_tap/baseline/ATPlace_pub/result_wlsweep/xerox6_m_bump/wl39/seed1"
    }
  ],
  "layout_json": "/root/placement/flow_tap/baseline/ATPlace_pub/result_wlsweep/xerox6_m_bump/wl39/layout.json",
  "layout_png": "/root/placement/flow_tap/baseline/ATPlace_pub/result_wlsweep/xerox6_m_bump/wl39/layout.png",
  "layout_chiplets": 6,
  "visualized": true
}
