{
  "case": "syn1_bump",
  "mode": "thermal",
  "base_seed": 1,
  "status": "completed",
  "error": null,
  "legal_found": true,
  "num_legal": 1,
  "num_illegal": 0,
  "attempts": 1,
  "best_hpwl": 39100470.14776993,
  "twl_m": 39.100470147769926,
  "best_seed": 1,
  "best_legal": true,
  "best_overlaps": 0,
  "best_legalize_method": "milp",
  "best_legalize_s": 0.02244091033935547,
  "total_legalize_s": 0.02244091033935547,
  "runtime_s": 926.6505761146545,
  "attempt_log": [
    {
      "seed": 1,
      "iterations": 100,
      "overlaps": 0,
      "overlaps_raw": 0,
      "hpwl": 39100470.14776993,
      "hpwl_raw": 39100172.0,
      "run_s": 924.9964787960052,
      "legal": true,
      "legalize_method": "milp",
      "legalize_s": 0.02244091033935547,
      "layout_dir": "/root/placement/flow_tap/baseline/ATPlace_pub/result_wlsweep/syn1_bump/wl29/seed1"
    }
  ],
  "layout_json": "/root/placement/flow_tap/baseline/ATPlace_pub/result_wlsweep/syn1_bump/wl29/layout.json",
  "layout_png": "/root/placement/flow_tap/baseline/ATPlace_pub/result_wlsweep/syn1_bump/wl29/layout.png",
  "layout_chiplets": 10,
  "visualized": true
}
