{
  "case": "multigpu_bump",
  "mode": "thermal",
  "base_seed": 1,
  "status": "completed",
  "error": null,
  "legal_found": true,
  "num_legal": 1,
  "num_illegal": 0,
  "attempts": 1,
  "best_hpwl": 63510766.94745636,
  "twl_m": 63.51076694745636,
  "best_seed": 1,
  "best_legal": true,
  "best_overlaps": 0,
  "best_legalize_method": "milp",
  "best_legalize_s": 0.0235135555267334,
  "total_legalize_s": 0.0235135555267334,
  "runtime_s": 496.0130019187927,
  "attempt_log": [
    {
      "seed": 1,
      "iterations": 100,
      "overlaps": 0,
      "overlaps_raw": 0,
      "hpwl": 63510766.94745636,
      "hpwl_raw": 63510532.0,
      "run_s": 495.0972020626068,
      "legal": true,
      "legalize_method": "milp",
      "legalize_s": 0.0235135555267334,
      "layout_dir": "/root/placement/flow_tap/baseline/ATPlace_pub/result_wlsweep/multigpu_bump/wl35/seed1"
    }
  ],
  "layout_json": "/root/placement/flow_tap/baseline/ATPlace_pub/result_wlsweep/multigpu_bump/wl35/layout.json",
  "layout_png": "/root/placement/flow_tap/baseline/ATPlace_pub/result_wlsweep/multigpu_bump/wl35/layout.png",
  "layout_chiplets": 6,
  "visualized": true
}
