{
  "case": "hp6_m_bump",
  "mode": "thermal",
  "base_seed": 1,
  "status": "completed",
  "error": null,
  "legal_found": true,
  "num_legal": 1,
  "num_illegal": 0,
  "attempts": 1,
  "best_hpwl": 29180441.64897728,
  "twl_m": 29.18044164897728,
  "best_seed": 1,
  "best_legal": true,
  "best_overlaps": 0,
  "best_legalize_method": "milp",
  "best_legalize_s": 0.00907754898071289,
  "total_legalize_s": 0.00907754898071289,
  "runtime_s": 571.5648713111877,
  "attempt_log": [
    {
      "seed": 1,
      "iterations": 100,
      "overlaps": 0,
      "overlaps_raw": 0,
      "hpwl": 29180441.64897728,
      "hpwl_raw": 29180444.0,
      "run_s": 570.7666518688202,
      "legal": true,
      "legalize_method": "milp",
      "legalize_s": 0.00907754898071289,
      "layout_dir": "/root/placement/flow_tap/baseline/ATPlace_pub/result_wlsweep/hp6_m_bump/wl01/seed1"
    }
  ],
  "layout_json": "/root/placement/flow_tap/baseline/ATPlace_pub/result_wlsweep/hp6_m_bump/wl01/layout.json",
  "layout_png": "/root/placement/flow_tap/baseline/ATPlace_pub/result_wlsweep/hp6_m_bump/wl01/layout.png",
  "layout_chiplets": 6,
  "visualized": true
}
