{
  "case": "syn4_bump",
  "mode": "thermal",
  "base_seed": 1,
  "status": "completed",
  "error": null,
  "legal_found": true,
  "num_legal": 1,
  "num_illegal": 0,
  "attempts": 1,
  "best_hpwl": 89146639.77767706,
  "twl_m": 89.14663977767707,
  "best_seed": 1,
  "best_legal": true,
  "best_overlaps": 0,
  "best_legalize_method": "milp",
  "best_legalize_s": 0.6787106990814209,
  "total_legalize_s": 0.6787106990814209,
  "runtime_s": 2447.320959329605,
  "attempt_log": [
    {
      "seed": 1,
      "iterations": 100,
      "overlaps": 0,
      "overlaps_raw": 0,
      "hpwl": 89146639.77767706,
      "hpwl_raw": 89145856.0,
      "run_s": 2439.3510200977325,
      "legal": true,
      "legalize_method": "milp",
      "legalize_s": 0.6787106990814209,
      "layout_dir": "/root/placement/flow_tap/baseline/ATPlace_pub/result_wlsweep/syn4_bump/wl43/seed1"
    }
  ],
  "layout_json": "/root/placement/flow_tap/baseline/ATPlace_pub/result_wlsweep/syn4_bump/wl43/layout.json",
  "layout_png": "/root/placement/flow_tap/baseline/ATPlace_pub/result_wlsweep/syn4_bump/wl43/layout.png",
  "layout_chiplets": 13,
  "visualized": true
}
