command: /root/anaconda3/envs/chipdiffusion/bin/python /root/placement/flow_tap/baseline/RL/generate_thermal_tables.py /root/placement/flow_tap/baseline/RL/examples/Case8.json --intp-size 23.677382 --overwrite-config --force
cwd: /root/placement/flow_tap/baseline/RL/fastTM
hotspot: /root/placement/flow_tap/baseline/RL/fastTM/util/hotspot
started_at: 2026-09-12T09:44:49

Config: /root/placement/flow_tap/baseline/RL/fastTM/configs/benchmark_Case8.cfg
Output: /root/placement/flow_tap/baseline/RL/fastTM/outputs/benchmark_Case8
#info# Characterizing R_self for Chiplet0 at [ 1.35 , 1.85 ] [mm]
#info# Characterizing R_self for Chiplet0 at [ 11.83280409 , 1.85 ] [mm]
#info# Characterizing R_self for Chiplet0 at [ 1.35 , 11.83780409 ] [mm]
#info# Characterizing R_self for Chiplet0 at [ 11.83280409 , 11.83780409 ] [mm]
#info# R_self characterization done for: Chiplet0 . Saved to file: /root/placement/flow_tap/baseline/RL/fastTM/outputs/benchmark_Case8/Chiplet0.rself
#info# Characterizing R_mutu for Chiplet0 at [ 1.35 , 1.85 ] [mm]
#info# R_mutual characterization done for: Chiplet0 Saved to file: /root/placement/flow_tap/baseline/RL/fastTM/outputs/benchmark_Case8/Chiplet0.rmutu
#info# Characterizing R_self for Chiplet1 at [ 1.6 , 1.1 ] [mm]
#info# Characterizing R_self for Chiplet1 at [ 11.835304090000001 , 1.1 ] [mm]
#info# Characterizing R_self for Chiplet1 at [ 1.6 , 11.83030409 ] [mm]
#info# Characterizing R_self for Chiplet1 at [ 11.835304090000001 , 11.83030409 ] [mm]
#info# R_self characterization done for: Chiplet1 . Saved to file: /root/placement/flow_tap/baseline/RL/fastTM/outputs/benchmark_Case8/Chiplet1.rself
#info# Characterizing R_mutu for Chiplet1 at [ 1.6 , 1.1 ] [mm]
#info# R_mutual characterization done for: Chiplet1 Saved to file: /root/placement/flow_tap/baseline/RL/fastTM/outputs/benchmark_Case8/Chiplet1.rmutu
Thermal tables generated.
