Run name: syn4_seed3
Run directory: /root/placement/flow_tap/baseline/RL/runs/shard4/syn4_seed3
Training log: /root/placement/flow_tap/baseline/RL/runs/shard4/syn4_seed3/train.log

生成/检查 fastTM 热阻表...
  热阻表阶段状态: ok
  热阻表阶段耗时: 237.032s
  热阻表日志: /root/placement/flow_tap/baseline/RL/runs/shard4/syn4_seed3/thermal_tables.log
======================================================================
PPO训练 - 芯片布局优化
======================================================================

环境信息:
  芯片数量: 13
  放置顺序: ['M', 'I', 'H', 'L', 'B', 'J', 'G', 'E', 'C', 'D', 'F', 'A', 'K']
  观察维度: 10
  动作维度: 70000
  rollout batch: 480 transitions
  minibatches: 4
  PPO update epochs: 4
  随机种子: 3
  剩余总时间预算: 3363.0s

开始训练...
----------------------------------------------------------------------
BEST_COST_LAYOUT
  epoch: 1/600, rollout: 3
  rlplanner_cost: 44.7519
  reward: -2.0937
  温度: 92.1286
  CPLEX平均线长: 19.1100
BEST_LAYOUT
  epoch: 1/600, rollout: 3
  reward: -2.0937
  温度: 92.1286
  CPLEX平均线长: 19.1100
BEST_COST_LAYOUT
  epoch: 1/600, rollout: 7
  rlplanner_cost: 29.2267
  reward: 10.7032
  温度: 85.7970
  CPLEX平均线长: 19.4352
BEST_LAYOUT
  epoch: 1/600, rollout: 7
  reward: 10.7032
  温度: 85.7970
  CPLEX平均线长: 19.4352
BEST_COST_LAYOUT
  epoch: 1/600, rollout: 12
  rlplanner_cost: 25.2668
  reward: 17.0968
  温度: 86.1034
  CPLEX平均线长: 14.7888
BEST_LAYOUT
  epoch: 1/600, rollout: 12
  reward: 17.0968
  温度: 86.1034
  CPLEX平均线长: 14.7888
Epoch 1/600
  rollouts: 39, samples: 489
  平均奖励: 12.3595, 成功率: 64.1%
  optimizer steps: 16, KL: 0.000280
  累计RL时间: 45.78s
Epoch 2/600
  rollouts: 39, samples: 490
  平均奖励: 13.8891, 成功率: 64.1%
  optimizer steps: 16, KL: 0.000387
  累计RL时间: 88.57s
Epoch 3/600
  rollouts: 39, samples: 486
  平均奖励: 12.6529, 成功率: 64.1%
  optimizer steps: 16, KL: 0.000920
  累计RL时间: 130.36s
Epoch 4/600
  rollouts: 39, samples: 481
  平均奖励: 14.8491, 成功率: 53.8%
  optimizer steps: 16, KL: 0.001331
  累计RL时间: 166.94s
BEST_COST_LAYOUT
  epoch: 5/600, rollout: 177
  rlplanner_cost: 21.5812
  reward: 20.5672
  温度: 82.9859
  CPLEX平均线长: 17.6348
BEST_LAYOUT
  epoch: 5/600, rollout: 177
  reward: 20.5672
  温度: 82.9859
  CPLEX平均线长: 17.6348
Epoch 5/600
  rollouts: 39, samples: 491
  平均奖励: 10.2210, 成功率: 79.5%
  optimizer steps: 16, KL: 0.001441
  累计RL时间: 218.70s
Epoch 6/600
  rollouts: 38, samples: 482
  平均奖励: 10.3470, 成功率: 73.7%
  optimizer steps: 16, KL: 0.002771
  累计RL时间: 265.06s
Epoch 7/600
  rollouts: 39, samples: 490
  平均奖励: 11.1998, 成功率: 71.8%
  optimizer steps: 16, KL: 0.004732
  累计RL时间: 311.80s
Epoch 8/600
  rollouts: 38, samples: 485
  平均奖励: 11.5290, 成功率: 78.9%
  optimizer steps: 14, KL: 0.004592
  累计RL时间: 361.45s
Epoch 9/600
  rollouts: 39, samples: 490
  平均奖励: 12.9894, 成功率: 61.5%
  optimizer steps: 16, KL: 0.005061
  累计RL时间: 402.10s
Epoch 10/600
  rollouts: 39, samples: 491
  平均奖励: 12.2802, 成功率: 69.2%
  optimizer steps: 15, KL: 0.005724
  累计RL时间: 448.23s
Epoch 11/600
  rollouts: 38, samples: 482
  平均奖励: 10.1247, 成功率: 78.9%
  optimizer steps: 14, KL: 0.004476
  累计RL时间: 498.13s
Epoch 12/600
  rollouts: 39, samples: 484
  平均奖励: 13.4090, 成功率: 64.1%
  optimizer steps: 16, KL: 0.005389
  累计RL时间: 539.88s
Epoch 13/600
  rollouts: 38, samples: 485
  平均奖励: 9.6781, 成功率: 84.2%
  optimizer steps: 15, KL: 0.005009
  累计RL时间: 592.72s
Epoch 14/600
  rollouts: 38, samples: 481
  平均奖励: 11.8361, 成功率: 73.7%
  optimizer steps: 12, KL: 0.005258
  累计RL时间: 638.81s
Epoch 15/600
  rollouts: 38, samples: 487
  平均奖励: 9.1176, 成功率: 84.2%
  optimizer steps: 13, KL: 0.004713
  累计RL时间: 692.20s
Epoch 16/600
  rollouts: 39, samples: 492
  平均奖励: 11.3500, 成功率: 71.8%
  optimizer steps: 14, KL: 0.005335
  累计RL时间: 738.74s
Epoch 17/600
  rollouts: 39, samples: 492
  平均奖励: 12.8819, 成功率: 71.8%
  optimizer steps: 11, KL: 0.004626
  累计RL时间: 785.58s
Epoch 18/600
  rollouts: 38, samples: 483
  平均奖励: 10.8973, 成功率: 81.6%
  optimizer steps: 13, KL: 0.005370
  累计RL时间: 836.15s
Epoch 19/600
  rollouts: 38, samples: 484
  平均奖励: 9.6853, 成功率: 84.2%
  optimizer steps: 11, KL: 0.004137
  累计RL时间: 888.43s
Epoch 20/600
  rollouts: 38, samples: 483
  平均奖励: 9.5522, 成功率: 78.9%
  optimizer steps: 11, KL: 0.005380
  累计RL时间: 937.32s
Epoch 21/600
  rollouts: 39, samples: 483
  平均奖励: 14.4144, 成功率: 53.8%
  optimizer steps: 14, KL: 0.005468
  累计RL时间: 973.03s
Epoch 22/600
  rollouts: 38, samples: 485
  平均奖励: 9.0779, 成功率: 78.9%
  optimizer steps: 15, KL: 0.005584
  累计RL时间: 1022.80s
Epoch 23/600
  rollouts: 38, samples: 486
  平均奖励: 11.0548, 成功率: 78.9%
  optimizer steps: 11, KL: 0.004833
  累计RL时间: 1071.63s
Epoch 24/600
  rollouts: 38, samples: 481
  平均奖励: 10.8873, 成功率: 78.9%
  optimizer steps: 11, KL: 0.005333
  累计RL时间: 1120.65s
Epoch 25/600
  rollouts: 38, samples: 480
  平均奖励: 12.1268, 成功率: 73.7%
  optimizer steps: 11, KL: 0.004978
  累计RL时间: 1166.73s
Epoch 26/600
  rollouts: 38, samples: 481
  平均奖励: 11.3875, 成功率: 71.1%
  optimizer steps: 11, KL: 0.005194
  累计RL时间: 1211.48s
Epoch 27/600
  rollouts: 38, samples: 483
  平均奖励: 11.2606, 成功率: 76.3%
  optimizer steps: 10, KL: 0.005060
  累计RL时间: 1259.01s
Epoch 28/600
  rollouts: 38, samples: 487
  平均奖励: 10.9687, 成功率: 84.2%
  optimizer steps: 10, KL: 0.005382
  累计RL时间: 1311.09s
Epoch 29/600
  rollouts: 39, samples: 491
  平均奖励: 10.8058, 成功率: 76.9%
  optimizer steps: 10, KL: 0.005281
  累计RL时间: 1359.95s
Epoch 30/600
  rollouts: 38, samples: 480
  平均奖励: 11.6851, 成功率: 76.3%
  optimizer steps: 11, KL: 0.005374
  累计RL时间: 1407.88s
Epoch 31/600
  rollouts: 38, samples: 483
  平均奖励: 9.6511, 成功率: 86.8%
  optimizer steps: 14, KL: 0.005701
  累计RL时间: 1461.64s
Epoch 32/600
  rollouts: 38, samples: 485
  平均奖励: 9.5797, 成功率: 81.6%
  optimizer steps: 11, KL: 0.004738
  累计RL时间: 1513.67s
Epoch 33/600
  rollouts: 38, samples: 488
  平均奖励: 9.6158, 成功率: 89.5%
  optimizer steps: 11, KL: 0.005818
  累计RL时间: 1570.15s
Epoch 34/600
  rollouts: 38, samples: 487
  平均奖励: 9.3956, 成功率: 84.2%
  optimizer steps: 11, KL: 0.004884
  累计RL时间: 1622.35s
Epoch 35/600
  rollouts: 39, samples: 492
  平均奖励: 10.8354, 成功率: 76.9%
  optimizer steps: 11, KL: 0.005240
  累计RL时间: 1671.61s
Epoch 36/600
  rollouts: 38, samples: 480
  平均奖励: 10.9220, 成功率: 76.3%
  optimizer steps: 11, KL: 0.005736
  累计RL时间: 1718.74s
Epoch 37/600
  rollouts: 38, samples: 486
  平均奖励: 9.6456, 成功率: 84.2%
  optimizer steps: 13, KL: 0.005267
  累计RL时间: 1770.79s
Epoch 38/600
  rollouts: 38, samples: 486
  平均奖励: 9.9442, 成功率: 84.2%
  optimizer steps: 11, KL: 0.006266
  累计RL时间: 1822.31s
Epoch 39/600
  rollouts: 38, samples: 488
  平均奖励: 9.8601, 成功率: 84.2%
  optimizer steps: 11, KL: 0.006313
  累计RL时间: 1873.99s
Epoch 40/600
  rollouts: 39, samples: 491
  平均奖励: 11.6282, 成功率: 74.4%
  optimizer steps: 13, KL: 0.004861
  累计RL时间: 1921.95s
Epoch 41/600
  rollouts: 38, samples: 486
  平均奖励: 10.9378, 成功率: 81.6%
  optimizer steps: 13, KL: 0.005400
  累计RL时间: 1972.76s
Epoch 42/600
  rollouts: 39, samples: 491
  平均奖励: 13.0952, 成功率: 74.4%
  optimizer steps: 13, KL: 0.006531
  累计RL时间: 2020.57s
Epoch 43/600
  rollouts: 38, samples: 483
  平均奖励: 10.6422, 成功率: 78.9%
  optimizer steps: 13, KL: 0.005897
  累计RL时间: 2070.59s
Epoch 44/600
  rollouts: 39, samples: 491
  平均奖励: 12.7202, 成功率: 71.8%
  optimizer steps: 14, KL: 0.005150
  累计RL时间: 2116.54s
Epoch 45/600
  rollouts: 38, samples: 483
  平均奖励: 10.4693, 成功率: 78.9%
  optimizer steps: 15, KL: 0.005894
  累计RL时间: 2165.76s
Epoch 46/600
  rollouts: 39, samples: 492
  平均奖励: 12.4714, 成功率: 71.8%
  optimizer steps: 16, KL: 0.006199
  累计RL时间: 2212.51s
Epoch 47/600
  rollouts: 38, samples: 482
  平均奖励: 11.7750, 成功率: 76.3%
  optimizer steps: 13, KL: 0.006078
  累计RL时间: 2261.10s
Epoch 48/600
  rollouts: 38, samples: 488
  平均奖励: 9.2693, 成功率: 86.8%
  optimizer steps: 13, KL: 0.005300
  累计RL时间: 2314.83s
Epoch 49/600
  rollouts: 38, samples: 485
  平均奖励: 11.0663, 成功率: 76.3%
  optimizer steps: 14, KL: 0.005265
  累计RL时间: 2362.53s
Epoch 50/600
  rollouts: 38, samples: 484
  平均奖励: 10.2617, 成功率: 81.6%
  optimizer steps: 12, KL: 0.005616
  累计RL时间: 2413.41s
Epoch 51/600
  rollouts: 38, samples: 480
  平均奖励: 10.6385, 成功率: 76.3%
  optimizer steps: 12, KL: 0.005299
  累计RL时间: 2462.38s
Epoch 52/600
  rollouts: 38, samples: 483
  平均奖励: 11.6619, 成功率: 76.3%
  optimizer steps: 10, KL: 0.005510
  累计RL时间: 2510.59s
Epoch 53/600
  rollouts: 38, samples: 488
  平均奖励: 9.7381, 成功率: 89.5%
  optimizer steps: 13, KL: 0.005643
  累计RL时间: 2565.35s
Epoch 54/600
  rollouts: 39, samples: 491
  平均奖励: 10.2253, 成功率: 76.9%
  optimizer steps: 13, KL: 0.005902
  累计RL时间: 2614.47s
Epoch 55/600
  rollouts: 38, samples: 482
  平均奖励: 11.9111, 成功率: 78.9%
  optimizer steps: 11, KL: 0.005337
  累计RL时间: 2663.21s
BEST_COST_LAYOUT
  epoch: 56/600, rollout: 2125
  rlplanner_cost: 20.6498
  reward: 20.6853
  温度: 82.3893
  CPLEX平均线长: 17.8076
BEST_LAYOUT
  epoch: 56/600, rollout: 2125
  reward: 20.6853
  温度: 82.3893
  CPLEX平均线长: 17.8076
Epoch 56/600
  rollouts: 38, samples: 482
  平均奖励: 12.2880, 成功率: 68.4%
  optimizer steps: 11, KL: 0.004474
  累计RL时间: 2707.05s
Epoch 57/600
  rollouts: 38, samples: 485
  平均奖励: 10.9012, 成功率: 78.9%
  optimizer steps: 15, KL: 0.004545
  累计RL时间: 2756.41s
Epoch 58/600
  rollouts: 38, samples: 486
  平均奖励: 9.7875, 成功率: 84.2%
  optimizer steps: 12, KL: 0.005136
  累计RL时间: 2808.65s
Epoch 59/600
  rollouts: 39, samples: 490
  平均奖励: 13.9900, 成功率: 64.1%
  optimizer steps: 13, KL: 0.004765
  累计RL时间: 2851.81s
Epoch 60/600
  rollouts: 39, samples: 491
  平均奖励: 12.5859, 成功率: 71.8%
  optimizer steps: 11, KL: 0.005783
  累计RL时间: 2897.60s
Epoch 61/600
  rollouts: 38, samples: 484
  平均奖励: 11.6904, 成功率: 78.9%
  optimizer steps: 12, KL: 0.005002
  累计RL时间: 2946.47s
Epoch 62/600
  rollouts: 38, samples: 482
  平均奖励: 11.5457, 成功率: 73.7%
  optimizer steps: 12, KL: 0.005199
  累计RL时间: 2992.32s
Epoch 63/600
  rollouts: 38, samples: 484
  平均奖励: 9.6149, 成功率: 81.6%
  optimizer steps: 13, KL: 0.005405
  累计RL时间: 3042.44s
Epoch 64/600
  rollouts: 38, samples: 485
  平均奖励: 10.7317, 成功率: 78.9%
  optimizer steps: 14, KL: 0.005582
  累计RL时间: 3091.54s
Epoch 65/600
  rollouts: 39, samples: 487
  平均奖励: 14.1287, 成功率: 61.5%
  optimizer steps: 15, KL: 0.005489
  累计RL时间: 3132.05s
Epoch 66/600
  rollouts: 39, samples: 485
  平均奖励: 13.0595, 成功率: 66.7%
  optimizer steps: 14, KL: 0.005762
  累计RL时间: 3175.05s
Epoch 67/600
  rollouts: 39, samples: 492
  平均奖励: 12.9293, 成功率: 69.2%
  optimizer steps: 13, KL: 0.005000
  累计RL时间: 3219.42s
Epoch 68/600
  rollouts: 39, samples: 489
  平均奖励: 12.8007, 成功率: 66.7%
  optimizer steps: 13, KL: 0.006758
  累计RL时间: 3262.36s
Epoch 69/600
  rollouts: 39, samples: 489
  平均奖励: 13.3576, 成功率: 66.7%
  optimizer steps: 12, KL: 0.005659
  累计RL时间: 3305.44s
Epoch 70/600
  rollouts: 24, samples: 304
  平均奖励: 12.9495, 成功率: 70.8%
  optimizer steps: 10, KL: 0.005323
  累计RL时间: 3333.56s
模型已保存到 /root/placement/flow_tap/baseline/RL/runs/shard4/syn4_seed3/checkpoints/ppo_best.pt
模型已保存到 /root/placement/flow_tap/baseline/RL/runs/shard4/syn4_seed3/checkpoints/ppo_best_cost.pt

======================================================================
训练完成！
  请求epochs: 600
  完整epochs: 69
  已执行epoch轮次: 70
  总rollouts: 2672
  总transitions: 33835
  最终成功率: 75.4%
  最近平均奖励: 11.3549
  optimizer steps: 903
  终止原因: time_limit
======================================================================

运行时间统计:
  热阻表: 237.032s
  RL求解: 3333.920s
  总时间: 3570.952s
  best layout发现时间: 2026-09-12T07:29:37
  best layout累计RL时间: 2684.739s
  best layout累计总时间: 2921.771s
