{
  "case": "hp11_m_bump",
  "mode": "thermal",
  "base_seed": 1,
  "status": "completed",
  "error": null,
  "legal_found": false,
  "num_legal": 0,
  "num_illegal": 1,
  "attempts": 1,
  "best_hpwl": 82939681.14909565,
  "twl_m": 82.93968114909565,
  "best_seed": 1,
  "best_legal": false,
  "best_overlaps": 3,
  "best_legalize_method": "milp",
  "best_legalize_s": 0.22690606117248535,
  "total_legalize_s": 0.22690606117248535,
  "runtime_s": 1218.6923081874847,
  "attempt_log": [
    {
      "seed": 1,
      "iterations": 100,
      "overlaps": 3,
      "overlaps_raw": 0,
      "hpwl": 82939681.14909565,
      "hpwl_raw": 82939592.0,
      "run_s": 1214.5263381004333,
      "legal": false,
      "legalize_method": "milp",
      "legalize_s": 0.22690606117248535,
      "layout_dir": "/root/placement/flow_tap/baseline/ATPlace_pub/result_wlsweep/hp11_m_bump/wl06/seed1"
    }
  ],
  "layout_json": "/root/placement/flow_tap/baseline/ATPlace_pub/result_wlsweep/hp11_m_bump/wl06/layout.json",
  "layout_png": "/root/placement/flow_tap/baseline/ATPlace_pub/result_wlsweep/hp11_m_bump/wl06/layout.png",
  "layout_chiplets": 11,
  "visualized": true
}
