Run name: syn1_seed5
Run directory: /root/placement/flow_tap/baseline/RL/runs/shard4/syn1_seed5
Training log: /root/placement/flow_tap/baseline/RL/runs/shard4/syn1_seed5/train.log

生成/检查 fastTM 热阻表...
  热阻表阶段状态: ok
  热阻表阶段耗时: 232.115s
  热阻表日志: /root/placement/flow_tap/baseline/RL/runs/shard4/syn1_seed5/thermal_tables.log
======================================================================
PPO训练 - 芯片布局优化
======================================================================

环境信息:
  芯片数量: 10
  放置顺序: ['B', 'E', 'G', 'J', 'C', 'I', 'H', 'A', 'F', 'D']
  观察维度: 10
  动作维度: 70000
  rollout batch: 480 transitions
  minibatches: 4
  PPO update epochs: 4
  随机种子: 5
  剩余总时间预算: 3367.9s

开始训练...
----------------------------------------------------------------------
BEST_COST_LAYOUT
  epoch: 1/600, rollout: 1
  rlplanner_cost: 40.7055
  reward: -0.2111
  温度: 90.8922
  CPLEX平均线长: 18.4087
BEST_LAYOUT
  epoch: 1/600, rollout: 1
  reward: -0.2111
  温度: 90.8922
  CPLEX平均线长: 18.4087
BEST_COST_LAYOUT
  epoch: 1/600, rollout: 2
  rlplanner_cost: 38.0115
  reward: 0.4040
  温度: 87.0815
  CPLEX平均线长: 25.2823
BEST_LAYOUT
  epoch: 1/600, rollout: 2
  reward: 0.4040
  温度: 87.0815
  CPLEX平均线长: 25.2823
BEST_COST_LAYOUT
  epoch: 1/600, rollout: 7
  rlplanner_cost: 36.3928
  reward: 4.1387
  温度: 88.3570
  CPLEX平均线长: 20.5963
BEST_LAYOUT
  epoch: 1/600, rollout: 7
  reward: 4.1387
  温度: 88.3570
  CPLEX平均线长: 20.5963
BEST_COST_LAYOUT
  epoch: 1/600, rollout: 12
  rlplanner_cost: 34.0228
  reward: 4.2621
  温度: 87.8840
  CPLEX平均线长: 19.3806
BEST_LAYOUT
  epoch: 1/600, rollout: 12
  reward: 4.2621
  温度: 87.8840
  CPLEX平均线长: 19.3806
BEST_LAYOUT
  epoch: 1/600, rollout: 38
  reward: 4.6454
  温度: 87.1891
  CPLEX平均线长: 21.2494
BEST_LAYOUT
  epoch: 1/600, rollout: 49
  reward: 5.1177
  温度: 88.0582
  CPLEX平均线长: 19.8807
Epoch 1/600
  rollouts: 49, samples: 482
  平均奖励: -3.1620, 成功率: 91.8%
  optimizer steps: 16, KL: 0.000311
  累计RL时间: 31.95s
BEST_LAYOUT
  epoch: 2/600, rollout: 50
  reward: 5.2366
  温度: 87.8408
  CPLEX平均线长: 20.6165
BEST_COST_LAYOUT
  epoch: 2/600, rollout: 53
  rlplanner_cost: 33.9523
  reward: 4.7732
  温度: 87.6466
  CPLEX平均线长: 19.8819
BEST_COST_LAYOUT
  epoch: 2/600, rollout: 56
  rlplanner_cost: 33.8881
  reward: 6.8204
  温度: 85.9794
  CPLEX平均线长: 23.6891
BEST_LAYOUT
  epoch: 2/600, rollout: 56
  reward: 6.8204
  温度: 85.9794
  CPLEX平均线长: 23.6891
BEST_COST_LAYOUT
  epoch: 2/600, rollout: 63
  rlplanner_cost: 33.0849
  reward: 4.5377
  温度: 87.6160
  CPLEX平均线长: 19.0881
BEST_COST_LAYOUT
  epoch: 2/600, rollout: 67
  rlplanner_cost: 32.8285
  reward: 5.4101
  温度: 87.6452
  CPLEX平均线长: 18.7616
BEST_COST_LAYOUT
  epoch: 2/600, rollout: 68
  rlplanner_cost: 29.9824
  reward: 8.0758
  温度: 85.1221
  CPLEX平均线长: 21.6705
BEST_LAYOUT
  epoch: 2/600, rollout: 68
  reward: 8.0758
  温度: 85.1221
  CPLEX平均线长: 21.6705
Epoch 2/600
  rollouts: 49, samples: 487
  平均奖励: -2.9148, 成功率: 98.0%
  optimizer steps: 16, KL: 0.001152
  累计RL时间: 63.78s
BEST_COST_LAYOUT
  epoch: 3/600, rollout: 108
  rlplanner_cost: 29.0932
  reward: 11.5036
  温度: 86.2472
  CPLEX平均线长: 18.2900
BEST_LAYOUT
  epoch: 3/600, rollout: 108
  reward: 11.5036
  温度: 86.2472
  CPLEX平均线长: 18.2900
Epoch 3/600
  rollouts: 50, samples: 489
  平均奖励: -2.3271, 成功率: 90.0%
  optimizer steps: 16, KL: 0.002528
  累计RL时间: 91.32s
Epoch 4/600
  rollouts: 49, samples: 480
  平均奖励: -1.8744, 成功率: 87.8%
  optimizer steps: 16, KL: 0.004952
  累计RL时间: 116.98s
BEST_COST_LAYOUT
  epoch: 5/600, rollout: 201
  rlplanner_cost: 27.4526
  reward: 11.0503
  温度: 85.1918
  CPLEX平均线长: 18.9899
BEST_COST_LAYOUT
  epoch: 5/600, rollout: 223
  rlplanner_cost: 26.2821
  reward: 12.9156
  温度: 84.5704
  CPLEX平均线长: 19.1459
BEST_LAYOUT
  epoch: 5/600, rollout: 223
  reward: 12.9156
  温度: 84.5704
  CPLEX平均线长: 19.1459
Epoch 5/600
  rollouts: 49, samples: 486
  平均奖励: -1.8268, 成功率: 95.9%
  optimizer steps: 15, KL: 0.006497
  累计RL时间: 146.32s
Epoch 6/600
  rollouts: 50, samples: 489
  平均奖励: -3.4435, 成功率: 92.0%
  optimizer steps: 11, KL: 0.004749
  累计RL时间: 173.62s
Epoch 7/600
  rollouts: 50, samples: 487
  平均奖励: 0.8630, 成功率: 86.0%
  optimizer steps: 16, KL: 0.006742
  累计RL时间: 200.00s
Epoch 8/600
  rollouts: 49, samples: 487
  平均奖励: -1.1330, 成功率: 93.9%
  optimizer steps: 12, KL: 0.005584
  累计RL时间: 227.30s
Epoch 9/600
  rollouts: 49, samples: 488
  平均奖励: -3.7704, 成功率: 98.0%
  optimizer steps: 12, KL: 0.005692
  累计RL时间: 255.65s
BEST_LAYOUT
  epoch: 10/600, rollout: 478
  reward: 13.1252
  温度: 87.1850
  CPLEX平均线长: 14.2558
Epoch 10/600
  rollouts: 49, samples: 487
  平均奖励: -2.1136, 成功率: 95.9%
  optimizer steps: 11, KL: 0.004264
  累计RL时间: 284.08s
Epoch 11/600
  rollouts: 49, samples: 480
  平均奖励: -2.0579, 成功率: 91.8%
  optimizer steps: 10, KL: 0.005213
  累计RL时间: 310.73s
Epoch 12/600
  rollouts: 48, samples: 480
  平均奖励: -1.9226, 成功率: 100.0%
  optimizer steps: 11, KL: 0.005784
  累计RL时间: 338.78s
Epoch 13/600
  rollouts: 49, samples: 485
  平均奖励: -2.4752, 成功率: 93.9%
  optimizer steps: 12, KL: 0.006011
  累计RL时间: 366.18s
Epoch 14/600
  rollouts: 49, samples: 486
  平均奖励: -1.8121, 成功率: 95.9%
  optimizer steps: 13, KL: 0.005460
  累计RL时间: 394.42s
Epoch 15/600
  rollouts: 49, samples: 480
  平均奖励: -2.0811, 成功率: 91.8%
  optimizer steps: 12, KL: 0.005111
  累计RL时间: 421.43s
Epoch 16/600
  rollouts: 49, samples: 487
  平均奖励: -3.5655, 成功率: 98.0%
  optimizer steps: 13, KL: 0.006520
  累计RL时间: 450.84s
BEST_COST_LAYOUT
  epoch: 17/600, rollout: 814
  rlplanner_cost: 25.1467
  reward: 12.8783
  温度: 84.8356
  CPLEX平均线长: 17.4493
Epoch 17/600
  rollouts: 48, samples: 480
  平均奖励: -2.6723, 成功率: 100.0%
  optimizer steps: 13, KL: 0.005685
  累计RL时间: 479.55s
Epoch 18/600
  rollouts: 49, samples: 487
  平均奖励: -2.3982, 成功率: 98.0%
  optimizer steps: 11, KL: 0.005797
  累计RL时间: 507.77s
Epoch 19/600
  rollouts: 49, samples: 483
  平均奖励: -3.5148, 成功率: 93.9%
  optimizer steps: 11, KL: 0.005081
  累计RL时间: 535.10s
Epoch 20/600
  rollouts: 49, samples: 489
  平均奖励: -2.0634, 成功率: 98.0%
  optimizer steps: 13, KL: 0.005815
  累计RL时间: 563.61s
Epoch 21/600
  rollouts: 49, samples: 482
  平均奖励: -2.7788, 成功率: 93.9%
  optimizer steps: 13, KL: 0.006125
  累计RL时间: 591.27s
Epoch 22/600
  rollouts: 49, samples: 486
  平均奖励: -1.9043, 成功率: 95.9%
  optimizer steps: 14, KL: 0.006218
  累计RL时间: 618.71s
Epoch 23/600
  rollouts: 48, samples: 480
  平均奖励: -3.9928, 成功率: 100.0%
  optimizer steps: 13, KL: 0.004887
  累计RL时间: 648.13s
Epoch 24/600
  rollouts: 49, samples: 482
  平均奖励: 0.4304, 成功率: 93.9%
  optimizer steps: 15, KL: 0.005661
  累计RL时间: 675.58s
Epoch 25/600
  rollouts: 49, samples: 487
  平均奖励: -1.7764, 成功率: 93.9%
  optimizer steps: 12, KL: 0.005912
  累计RL时间: 702.54s
Epoch 26/600
  rollouts: 49, samples: 487
  平均奖励: -2.3536, 成功率: 98.0%
  optimizer steps: 11, KL: 0.005644
  累计RL时间: 730.48s
Epoch 27/600
  rollouts: 49, samples: 486
  平均奖励: -0.9819, 成功率: 95.9%
  optimizer steps: 13, KL: 0.005519
  累计RL时间: 758.34s
Epoch 28/600
  rollouts: 49, samples: 489
  平均奖励: -2.9299, 成功率: 98.0%
  optimizer steps: 12, KL: 0.005344
  累计RL时间: 786.41s
Epoch 29/600
  rollouts: 49, samples: 486
  平均奖励: -0.8348, 成功率: 95.9%
  optimizer steps: 12, KL: 0.005218
  累计RL时间: 813.84s
Epoch 30/600
  rollouts: 49, samples: 480
  平均奖励: -0.8882, 成功率: 91.8%
  optimizer steps: 11, KL: 0.005277
  累计RL时间: 840.77s
Epoch 31/600
  rollouts: 49, samples: 483
  平均奖励: -1.8853, 成功率: 93.9%
  optimizer steps: 10, KL: 0.005645
  累计RL时间: 867.89s
Epoch 32/600
  rollouts: 49, samples: 487
  平均奖励: -2.0588, 成功率: 98.0%
  optimizer steps: 11, KL: 0.005547
  累计RL时间: 896.08s
Epoch 33/600
  rollouts: 49, samples: 489
  平均奖励: -2.9745, 成功率: 98.0%
  optimizer steps: 11, KL: 0.006327
  累计RL时间: 924.51s
Epoch 34/600
  rollouts: 48, samples: 480
  平均奖励: -4.0114, 成功率: 100.0%
  optimizer steps: 11, KL: 0.005682
  累计RL时间: 952.83s
Epoch 35/600
  rollouts: 49, samples: 482
  平均奖励: -0.9289, 成功率: 91.8%
  optimizer steps: 12, KL: 0.005265
  累计RL时间: 979.29s
Epoch 36/600
  rollouts: 49, samples: 484
  平均奖励: -2.9649, 成功率: 95.9%
  optimizer steps: 12, KL: 0.004754
  累计RL时间: 1008.82s
BEST_COST_LAYOUT
  epoch: 37/600, rollout: 1771
  rlplanner_cost: 23.7135
  reward: 14.0525
  温度: 85.2229
  CPLEX平均线长: 15.1835
BEST_LAYOUT
  epoch: 37/600, rollout: 1771
  reward: 14.0525
  温度: 85.2229
  CPLEX平均线长: 15.1835
Epoch 37/600
  rollouts: 49, samples: 483
  平均奖励: -1.9361, 成功率: 93.9%
  optimizer steps: 10, KL: 0.006114
  累计RL时间: 1036.76s
Epoch 38/600
  rollouts: 49, samples: 481
  平均奖励: -0.9542, 成功率: 89.8%
  optimizer steps: 10, KL: 0.005756
  累计RL时间: 1062.82s
Epoch 39/600
  rollouts: 50, samples: 489
  平均奖励: 0.8117, 成功率: 90.0%
  optimizer steps: 10, KL: 0.004843
  累计RL时间: 1089.56s
Epoch 40/600
  rollouts: 49, samples: 484
  平均奖励: -1.3206, 成功率: 93.9%
  optimizer steps: 12, KL: 0.005400
  累计RL时间: 1116.70s
Epoch 41/600
  rollouts: 49, samples: 484
  平均奖励: -1.6253, 成功率: 95.9%
  optimizer steps: 9, KL: 0.005158
  累计RL时间: 1144.02s
Epoch 42/600
  rollouts: 49, samples: 486
  平均奖励: -0.2483, 成功率: 95.9%
  optimizer steps: 12, KL: 0.006371
  累计RL时间: 1173.15s
Epoch 43/600
  rollouts: 49, samples: 487
  平均奖励: -1.6579, 成功率: 98.0%
  optimizer steps: 12, KL: 0.006794
  累计RL时间: 1201.22s
Epoch 44/600
  rollouts: 49, samples: 487
  平均奖励: -1.8648, 成功率: 93.9%
  optimizer steps: 10, KL: 0.005013
  累计RL时间: 1227.98s
Epoch 45/600
  rollouts: 49, samples: 486
  平均奖励: -2.7523, 成功率: 95.9%
  optimizer steps: 11, KL: 0.005944
  累计RL时间: 1255.35s
Epoch 46/600
  rollouts: 49, samples: 484
  平均奖励: -2.1930, 成功率: 93.9%
  optimizer steps: 13, KL: 0.006050
  累计RL时间: 1282.22s
Epoch 47/600
  rollouts: 49, samples: 484
  平均奖励: -2.0752, 成功率: 95.9%
  optimizer steps: 9, KL: 0.005190
  累计RL时间: 1310.03s
Epoch 48/600
  rollouts: 49, samples: 487
  平均奖励: -2.7528, 成功率: 95.9%
  optimizer steps: 9, KL: 0.005030
  累计RL时间: 1337.33s
Epoch 49/600
  rollouts: 49, samples: 487
  平均奖励: -1.5096, 成功率: 95.9%
  optimizer steps: 12, KL: 0.005401
  累计RL时间: 1364.55s
Epoch 50/600
  rollouts: 49, samples: 482
  平均奖励: -2.7055, 成功率: 93.9%
  optimizer steps: 10, KL: 0.005502
  累计RL时间: 1391.46s
Epoch 51/600
  rollouts: 49, samples: 484
  平均奖励: -1.5642, 成功率: 93.9%
  optimizer steps: 11, KL: 0.005089
  累计RL时间: 1418.74s
Epoch 52/600
  rollouts: 48, samples: 480
  平均奖励: -3.3300, 成功率: 100.0%
  optimizer steps: 11, KL: 0.005347
  累计RL时间: 1446.85s
Epoch 53/600
  rollouts: 49, samples: 487
  平均奖励: -2.0582, 成功率: 98.0%
  optimizer steps: 9, KL: 0.004935
  累计RL时间: 1474.86s
Epoch 54/600
  rollouts: 49, samples: 484
  平均奖励: -1.2220, 成功率: 93.9%
  optimizer steps: 11, KL: 0.006907
  累计RL时间: 1501.55s
Epoch 55/600
  rollouts: 49, samples: 486
  平均奖励: -1.8941, 成功率: 95.9%
  optimizer steps: 11, KL: 0.005531
  累计RL时间: 1529.05s
Epoch 56/600
  rollouts: 49, samples: 487
  平均奖励: -1.9597, 成功率: 98.0%
  optimizer steps: 10, KL: 0.005850
  累计RL时间: 1556.91s
Epoch 57/600
  rollouts: 48, samples: 480
  平均奖励: -3.8023, 成功率: 100.0%
  optimizer steps: 12, KL: 0.006393
  累计RL时间: 1585.08s
Epoch 58/600
  rollouts: 49, samples: 483
  平均奖励: -0.4560, 成功率: 93.9%
  optimizer steps: 13, KL: 0.005726
  累计RL时间: 1611.75s
Epoch 59/600
  rollouts: 48, samples: 480
  平均奖励: -3.8266, 成功率: 100.0%
  optimizer steps: 13, KL: 0.006516
  累计RL时间: 1639.43s
Epoch 60/600
  rollouts: 49, samples: 487
  平均奖励: -3.6250, 成功率: 98.0%
  optimizer steps: 10, KL: 0.006802
  累计RL时间: 1667.41s
Epoch 61/600
  rollouts: 49, samples: 489
  平均奖励: -3.1617, 成功率: 98.0%
  optimizer steps: 10, KL: 0.005952
  累计RL时间: 1695.65s
Epoch 62/600
  rollouts: 48, samples: 480
  平均奖励: -4.4843, 成功率: 100.0%
  optimizer steps: 10, KL: 0.005026
  累计RL时间: 1724.71s
Epoch 63/600
  rollouts: 48, samples: 480
  平均奖励: -2.1619, 成功率: 100.0%
  optimizer steps: 10, KL: 0.005069
  累计RL时间: 1752.42s
Epoch 64/600
  rollouts: 49, samples: 483
  平均奖励: -0.7638, 成功率: 93.9%
  optimizer steps: 11, KL: 0.005551
  累计RL时间: 1779.11s
BEST_LAYOUT
  epoch: 65/600, rollout: 3154
  reward: 14.4263
  温度: 86.0694
  CPLEX平均线长: 15.9177
Epoch 65/600
  rollouts: 49, samples: 483
  平均奖励: -0.7383, 成功率: 89.8%
  optimizer steps: 9, KL: 0.006167
  累计RL时间: 1805.42s
Epoch 66/600
  rollouts: 49, samples: 484
  平均奖励: -1.7240, 成功率: 93.9%
  optimizer steps: 9, KL: 0.005026
  累计RL时间: 1832.32s
Epoch 67/600
  rollouts: 48, samples: 480
  平均奖励: -1.8799, 成功率: 100.0%
  optimizer steps: 9, KL: 0.005501
  累计RL时间: 1860.54s
Epoch 68/600
  rollouts: 49, samples: 483
  平均奖励: 0.4192, 成功率: 93.9%
  optimizer steps: 11, KL: 0.006317
  累计RL时间: 1888.32s
Epoch 69/600
  rollouts: 49, samples: 484
  平均奖励: -0.5909, 成功率: 91.8%
  optimizer steps: 10, KL: 0.005434
  累计RL时间: 1915.33s
Epoch 70/600
  rollouts: 49, samples: 489
  平均奖励: -2.4957, 成功率: 98.0%
  optimizer steps: 10, KL: 0.006278
  累计RL时间: 1945.28s
Epoch 71/600
  rollouts: 50, samples: 486
  平均奖励: -1.2400, 成功率: 88.0%
  optimizer steps: 10, KL: 0.006211
  累计RL时间: 1971.25s
Epoch 72/600
  rollouts: 49, samples: 484
  平均奖励: -1.8934, 成功率: 93.9%
  optimizer steps: 8, KL: 0.004781
  累计RL时间: 1998.86s
Epoch 73/600
  rollouts: 49, samples: 489
  平均奖励: -2.6989, 成功率: 98.0%
  optimizer steps: 9, KL: 0.005417
  累计RL时间: 2026.73s
Epoch 74/600
  rollouts: 49, samples: 487
  平均奖励: -2.6223, 成功率: 98.0%
  optimizer steps: 10, KL: 0.006464
  累计RL时间: 2054.91s
Epoch 75/600
  rollouts: 49, samples: 485
  平均奖励: -2.6635, 成功率: 95.9%
  optimizer steps: 8, KL: 0.004498
  累计RL时间: 2082.45s
Epoch 76/600
  rollouts: 49, samples: 489
  平均奖励: -2.9251, 成功率: 98.0%
  optimizer steps: 9, KL: 0.005975
  累计RL时间: 2110.19s
Epoch 77/600
  rollouts: 49, samples: 487
  平均奖励: -2.3733, 成功率: 98.0%
  optimizer steps: 9, KL: 0.005901
  累计RL时间: 2138.27s
Epoch 78/600
  rollouts: 49, samples: 484
  平均奖励: -1.6851, 成功率: 93.9%
  optimizer steps: 10, KL: 0.006627
  累计RL时间: 2165.45s
Epoch 79/600
  rollouts: 49, samples: 485
  平均奖励: -3.2119, 成功率: 95.9%
  optimizer steps: 12, KL: 0.005728
  累计RL时间: 2193.00s
Epoch 80/600
  rollouts: 49, samples: 486
  平均奖励: 0.0730, 成功率: 95.9%
  optimizer steps: 12, KL: 0.005092
  累计RL时间: 2220.52s
Epoch 81/600
  rollouts: 49, samples: 489
  平均奖励: -1.6228, 成功率: 98.0%
  optimizer steps: 9, KL: 0.004696
  累计RL时间: 2248.53s
Epoch 82/600
  rollouts: 49, samples: 480
  平均奖励: -0.6418, 成功率: 91.8%
  optimizer steps: 9, KL: 0.006230
  累计RL时间: 2274.90s
Epoch 83/600
  rollouts: 49, samples: 484
  平均奖励: -0.8392, 成功率: 93.9%
  optimizer steps: 8, KL: 0.005510
  累计RL时间: 2302.00s
Epoch 84/600
  rollouts: 49, samples: 480
  平均奖励: -0.9815, 成功率: 87.8%
  optimizer steps: 9, KL: 0.005333
  累计RL时间: 2327.62s
Epoch 85/600
  rollouts: 49, samples: 483
  平均奖励: -1.9786, 成功率: 93.9%
  optimizer steps: 9, KL: 0.004478
  累计RL时间: 2354.81s
Epoch 86/600
  rollouts: 49, samples: 484
  平均奖励: -2.1510, 成功率: 95.9%
  optimizer steps: 10, KL: 0.005532
  累计RL时间: 2383.11s
Epoch 87/600
  rollouts: 48, samples: 480
  平均奖励: -3.3309, 成功率: 100.0%
  optimizer steps: 8, KL: 0.004519
  累计RL时间: 2411.65s
Epoch 88/600
  rollouts: 49, samples: 487
  平均奖励: -2.9060, 成功率: 98.0%
  optimizer steps: 9, KL: 0.007468
  累计RL时间: 2439.74s
Epoch 89/600
  rollouts: 50, samples: 489
  平均奖励: -0.8527, 成功率: 88.0%
  optimizer steps: 9, KL: 0.005143
  累计RL时间: 2465.66s
Epoch 90/600
  rollouts: 49, samples: 486
  平均奖励: -1.9843, 成功率: 95.9%
  optimizer steps: 9, KL: 0.005261
  累计RL时间: 2493.19s
Epoch 91/600
  rollouts: 49, samples: 483
  平均奖励: 0.0171, 成功率: 93.9%
  optimizer steps: 11, KL: 0.005426
  累计RL时间: 2521.67s
Epoch 92/600
  rollouts: 49, samples: 485
  平均奖励: -1.7886, 成功率: 95.9%
  optimizer steps: 10, KL: 0.005113
  累计RL时间: 2549.45s
Epoch 93/600
  rollouts: 49, samples: 489
  平均奖励: -3.5035, 成功率: 98.0%
  optimizer steps: 8, KL: 0.004968
  累计RL时间: 2577.42s
Epoch 94/600
  rollouts: 49, samples: 484
  平均奖励: -0.8853, 成功率: 93.9%
  optimizer steps: 12, KL: 0.005166
  累计RL时间: 2604.06s
Epoch 95/600
  rollouts: 49, samples: 483
  平均奖励: -0.3255, 成功率: 93.9%
  optimizer steps: 10, KL: 0.006316
  累计RL时间: 2630.86s
Epoch 96/600
  rollouts: 49, samples: 489
  平均奖励: -3.4425, 成功率: 98.0%
  optimizer steps: 13, KL: 0.006595
  累计RL时间: 2659.51s
Epoch 97/600
  rollouts: 49, samples: 483
  平均奖励: -1.4580, 成功率: 91.8%
  optimizer steps: 10, KL: 0.007078
  累计RL时间: 2685.85s
Epoch 98/600
  rollouts: 49, samples: 482
  平均奖励: -0.3530, 成功率: 85.7%
  optimizer steps: 10, KL: 0.005974
  累计RL时间: 2710.83s
Epoch 99/600
  rollouts: 49, samples: 483
  平均奖励: -0.5920, 成功率: 93.9%
  optimizer steps: 8, KL: 0.006357
  累计RL时间: 2737.74s
Epoch 100/600
  rollouts: 49, samples: 487
  平均奖励: -2.4085, 成功率: 95.9%
  optimizer steps: 10, KL: 0.005709
  累计RL时间: 2765.26s
Epoch 101/600
  rollouts: 49, samples: 485
  平均奖励: -2.7563, 成功率: 95.9%
  optimizer steps: 10, KL: 0.005992
  累计RL时间: 2792.63s
Epoch 102/600
  rollouts: 49, samples: 480
  平均奖励: -1.9401, 成功率: 91.8%
  optimizer steps: 10, KL: 0.005199
  累计RL时间: 2818.99s
Epoch 103/600
  rollouts: 49, samples: 486
  平均奖励: -2.8934, 成功率: 95.9%
  optimizer steps: 10, KL: 0.006017
  累计RL时间: 2846.49s
Epoch 104/600
  rollouts: 49, samples: 487
  平均奖励: -1.2387, 成功率: 93.9%
  optimizer steps: 11, KL: 0.005633
  累计RL时间: 2873.59s
Epoch 105/600
  rollouts: 49, samples: 489
  平均奖励: -3.1705, 成功率: 98.0%
  optimizer steps: 9, KL: 0.004431
  累计RL时间: 2901.30s
Epoch 106/600
  rollouts: 49, samples: 484
  平均奖励: -1.0470, 成功率: 91.8%
  optimizer steps: 11, KL: 0.007151
  累计RL时间: 2927.77s
Epoch 107/600
  rollouts: 49, samples: 489
  平均奖励: -2.7035, 成功率: 98.0%
  optimizer steps: 10, KL: 0.005585
  累计RL时间: 2955.86s
Epoch 108/600
  rollouts: 49, samples: 486
  平均奖励: -1.1803, 成功率: 91.8%
  optimizer steps: 10, KL: 0.005043
  累计RL时间: 2982.26s
Epoch 109/600
  rollouts: 49, samples: 488
  平均奖励: -1.7632, 成功率: 95.9%
  optimizer steps: 10, KL: 0.006126
  累计RL时间: 3009.62s
Epoch 110/600
  rollouts: 49, samples: 482
  平均奖励: -0.9249, 成功率: 93.9%
  optimizer steps: 9, KL: 0.006616
  累计RL时间: 3036.40s
Epoch 111/600
  rollouts: 49, samples: 486
  平均奖励: -3.1173, 成功率: 95.9%
  optimizer steps: 12, KL: 0.005744
  累计RL时间: 3063.85s
Epoch 112/600
  rollouts: 49, samples: 482
  平均奖励: -2.6424, 成功率: 91.8%
  optimizer steps: 9, KL: 0.006549
  累计RL时间: 3090.26s
Epoch 113/600
  rollouts: 49, samples: 486
  平均奖励: -2.8785, 成功率: 95.9%
  optimizer steps: 8, KL: 0.005658
  累计RL时间: 3117.40s
Epoch 114/600
  rollouts: 49, samples: 487
  平均奖励: -5.2163, 成功率: 95.9%
  optimizer steps: 10, KL: 0.004756
  累计RL时间: 3144.86s
Epoch 115/600
  rollouts: 49, samples: 485
  平均奖励: -2.1206, 成功率: 93.9%
  optimizer steps: 14, KL: 0.006096
  累计RL时间: 3172.45s
Epoch 116/600
  rollouts: 49, samples: 487
  平均奖励: -0.5782, 成功率: 95.9%
  optimizer steps: 10, KL: 0.005387
  累计RL时间: 3199.88s
Epoch 117/600
  rollouts: 49, samples: 488
  平均奖励: -2.5038, 成功率: 95.9%
  optimizer steps: 10, KL: 0.006408
  累计RL时间: 3227.46s
Epoch 118/600
  rollouts: 50, samples: 489
  平均奖励: -0.7635, 成功率: 90.0%
  optimizer steps: 8, KL: 0.007237
  累计RL时间: 3253.90s
Epoch 119/600
  rollouts: 49, samples: 484
  平均奖励: -0.1692, 成功率: 93.9%
  optimizer steps: 9, KL: 0.005047
  累计RL时间: 3280.89s
Epoch 120/600
  rollouts: 49, samples: 480
  平均奖励: -0.0390, 成功率: 89.8%
  optimizer steps: 9, KL: 0.006523
  累计RL时间: 3307.17s
Epoch 121/600
  rollouts: 49, samples: 484
  平均奖励: -2.7521, 成功率: 91.8%
  optimizer steps: 11, KL: 0.006900
  累计RL时间: 3334.04s
Epoch 122/600
  rollouts: 7, samples: 70
  平均奖励: -5.8117, 成功率: 100.0%
  optimizer steps: 7, KL: 0.005698
  累计RL时间: 3338.08s
模型已保存到 /root/placement/flow_tap/baseline/RL/runs/shard4/syn1_seed5/checkpoints/ppo_best.pt
模型已保存到 /root/placement/flow_tap/baseline/RL/runs/shard4/syn1_seed5/checkpoints/ppo_best_cost.pt

======================================================================
训练完成！
  请求epochs: 600
  完整epochs: 121
  已执行epoch轮次: 122
  总rollouts: 5932
  总transitions: 58729
  最终成功率: 95.0%
  最近平均奖励: -1.9373
  optimizer steps: 1317
  终止原因: time_limit
======================================================================

运行时间统计:
  热阻表: 232.115s
  RL求解: 3338.406s
  总时间: 3570.522s
  best layout发现时间: 2026-09-12T04:10:53
  best layout累计RL时间: 1791.350s
  best layout累计总时间: 2023.466s
