{
  "case": "hp11_m_bump",
  "mode": "thermal",
  "base_seed": 1,
  "status": "completed",
  "error": null,
  "legal_found": false,
  "num_legal": 0,
  "num_illegal": 1,
  "attempts": 1,
  "best_hpwl": 72805001.06752884,
  "twl_m": 72.80500106752885,
  "best_seed": 1,
  "best_legal": false,
  "best_overlaps": 2,
  "best_legalize_method": "milp",
  "best_legalize_s": 0.3539550304412842,
  "total_legalize_s": 0.3539550304412842,
  "runtime_s": 1252.0826358795166,
  "attempt_log": [
    {
      "seed": 1,
      "iterations": 100,
      "overlaps": 2,
      "overlaps_raw": 0,
      "hpwl": 72805001.06752884,
      "hpwl_raw": 72804928.0,
      "run_s": 1243.984750032425,
      "legal": false,
      "legalize_method": "milp",
      "legalize_s": 0.3539550304412842,
      "layout_dir": "/root/placement/flow_tap/baseline/ATPlace_pub/result_wlsweep/hp11_m_bump/wl17/seed1"
    }
  ],
  "layout_json": "/root/placement/flow_tap/baseline/ATPlace_pub/result_wlsweep/hp11_m_bump/wl17/layout.json",
  "layout_png": "/root/placement/flow_tap/baseline/ATPlace_pub/result_wlsweep/hp11_m_bump/wl17/layout.png",
  "layout_chiplets": 11,
  "visualized": true
}
