{
  "case": "Case7_bump",
  "mode": "thermal",
  "base_seed": 1,
  "status": "completed",
  "error": null,
  "legal_found": true,
  "num_legal": 1,
  "num_illegal": 0,
  "attempts": 1,
  "best_hpwl": 28253645.587413788,
  "twl_m": 28.25364558741379,
  "best_seed": 1,
  "best_legal": true,
  "best_overlaps": 0,
  "best_legalize_method": "milp",
  "best_legalize_s": 0.17283034324645996,
  "total_legalize_s": 0.17283034324645996,
  "runtime_s": 2130.0407004356384,
  "attempt_log": [
    {
      "seed": 1,
      "iterations": 100,
      "overlaps": 0,
      "overlaps_raw": 0,
      "hpwl": 28253645.587413788,
      "hpwl_raw": 28253594.0,
      "run_s": 2126.922300338745,
      "legal": true,
      "legalize_method": "milp",
      "legalize_s": 0.17283034324645996,
      "layout_dir": "/root/placement/flow_tap/baseline/ATPlace_pub/result_wlsweep_c7/Case7_bump/wl16/seed1"
    }
  ],
  "layout_json": "/root/placement/flow_tap/baseline/ATPlace_pub/result_wlsweep_c7/Case7_bump/wl16/layout.json",
  "layout_png": "/root/placement/flow_tap/baseline/ATPlace_pub/result_wlsweep_c7/Case7_bump/wl16/layout.png",
  "layout_chiplets": 28,
  "visualized": true
}
