{
  "case": "acend910_bump",
  "mode": "thermal",
  "base_seed": 1,
  "status": "completed",
  "error": null,
  "legal_found": true,
  "num_legal": 1,
  "num_illegal": 0,
  "attempts": 1,
  "best_hpwl": 34463915.11071205,
  "twl_m": 34.46391511071205,
  "best_seed": 1,
  "best_legal": true,
  "best_overlaps": 0,
  "best_legalize_method": "milp",
  "best_legalize_s": 0.009520530700683594,
  "total_legalize_s": 0.009520530700683594,
  "runtime_s": 541.3537893295288,
  "attempt_log": [
    {
      "seed": 1,
      "iterations": 100,
      "overlaps": 0,
      "overlaps_raw": 0,
      "hpwl": 34463915.11071205,
      "hpwl_raw": 34463916.0,
      "run_s": 540.6260223388672,
      "legal": true,
      "legalize_method": "milp",
      "legalize_s": 0.009520530700683594,
      "layout_dir": "/root/placement/flow_tap/baseline/ATPlace_pub/result_wlsweep/acend910_bump/wl26/seed1"
    }
  ],
  "layout_json": "/root/placement/flow_tap/baseline/ATPlace_pub/result_wlsweep/acend910_bump/wl26/layout.json",
  "layout_png": "/root/placement/flow_tap/baseline/ATPlace_pub/result_wlsweep/acend910_bump/wl26/layout.png",
  "layout_chiplets": 6,
  "visualized": true
}
