{
  "case": "syn4_bump",
  "mode": "thermal",
  "base_seed": 1,
  "status": "completed",
  "error": null,
  "legal_found": false,
  "num_legal": 0,
  "num_illegal": 1,
  "attempts": 1,
  "best_hpwl": 81286491.095644,
  "twl_m": 81.286491095644,
  "best_seed": 1,
  "best_legal": false,
  "best_overlaps": 1,
  "best_legalize_method": "milp",
  "best_legalize_s": 0.09504199028015137,
  "total_legalize_s": 0.09504199028015137,
  "runtime_s": 1634.0199518203735,
  "attempt_log": [
    {
      "seed": 1,
      "iterations": 100,
      "overlaps": 1,
      "overlaps_raw": 0,
      "hpwl": 81286491.095644,
      "hpwl_raw": 81286400.0,
      "run_s": 1631.5208427906036,
      "legal": false,
      "legalize_method": "milp",
      "legalize_s": 0.09504199028015137,
      "layout_dir": "/root/placement/flow_tap/baseline/ATPlace_pub/result_wlsweep/syn4_bump/wl11/seed1"
    }
  ],
  "layout_json": "/root/placement/flow_tap/baseline/ATPlace_pub/result_wlsweep/syn4_bump/wl11/layout.json",
  "layout_png": "/root/placement/flow_tap/baseline/ATPlace_pub/result_wlsweep/syn4_bump/wl11/layout.png",
  "layout_chiplets": 13,
  "visualized": true
}
