[start] acend910_bump/wl01 wl=0.000204081632653
[start] acend910_bump/wl02 wl=0.000408163265306
[start] acend910_bump/wl03 wl=0.000612244897959
[start] acend910_bump/wl00 wl=0
[start] acend910_bump/wl04 wl=0.000816326530612
[start] acend910_bump/wl05 wl=0.00102040816327
[start] acend910_bump/wl07 wl=0.00142857142857
[start] acend910_bump/wl08 wl=0.00163265306122
[start] acend910_bump/wl06 wl=0.00122448979592
[start] acend910_bump/wl11 wl=0.00224489795918
[start] acend910_bump/wl09 wl=0.00183673469388
[start] acend910_bump/wl10 wl=0.00204081632653
[done ] acend910_bump/wl01 wl=0.000204081632653 00:08:46 ("hpwl": 43368657.00145912)
[start] acend910_bump/wl12 wl=0.00244897959184
[done ] acend910_bump/wl05 wl=0.00102040816327 00:08:47 ("hpwl": 42773537.437006)
[start] acend910_bump/wl13 wl=0.00265306122449
[done ] acend910_bump/wl10 wl=0.00204081632653 00:08:49 ("hpwl": 43307366.092840195)
[start] acend910_bump/wl14 wl=0.00285714285714
[done ] acend910_bump/wl08 wl=0.00163265306122 00:08:50 ("hpwl": 43404871.830560684)
[start] acend910_bump/wl15 wl=0.0030612244898
[done ] acend910_bump/wl09 wl=0.00183673469388 00:08:50 ("hpwl": 43122841.15184975)
[start] acend910_bump/wl16 wl=0.00326530612245
[done ] acend910_bump/wl03 wl=0.000612244897959 00:08:52 ("hpwl": 43482765.41234779)
[start] acend910_bump/wl17 wl=0.0034693877551
[done ] acend910_bump/wl11 wl=0.00224489795918 00:08:54 ("hpwl": 43170380.057683945)
[start] acend910_bump/wl18 wl=0.00367346938776
[done ] acend910_bump/wl02 wl=0.000408163265306 00:08:57 ("hpwl": 24223606.017076492)
[done ] acend910_bump/wl00 wl=0 00:08:57 ("hpwl": 43413196.40795326)
[start] acend910_bump/wl19 wl=0.00387755102041
[start] acend910_bump/wl20 wl=0.00408163265306
[done ] acend910_bump/wl06 wl=0.00122448979592 00:08:57 ("hpwl": 43823951.659173965)
[start] acend910_bump/wl21 wl=0.00428571428571
[done ] acend910_bump/wl04 wl=0.000816326530612 00:08:58 ("hpwl": 24226950.083482742)
[start] acend910_bump/wl22 wl=0.00448979591837
[done ] acend910_bump/wl07 wl=0.00142857142857 00:09:00 ("hpwl": 42882183.09589195)
[start] acend910_bump/wl23 wl=0.00469387755102
[done ] acend910_bump/wl17 wl=0.0034693877551 00:08:39 ("hpwl": 42845778.20679283)
[start] acend910_bump/wl24 wl=0.00489795918367
[done ] acend910_bump/wl12 wl=0.00244897959184 00:08:47 ("hpwl": 43098645.73998451)
[start] acend910_bump/wl25 wl=0.00510204081633
[done ] acend910_bump/wl15 wl=0.0030612244898 00:08:44 ("hpwl": 42990308.75463295)
[start] acend910_bump/wl26 wl=0.00530612244898
[done ] acend910_bump/wl16 wl=0.00326530612245 00:08:45 ("hpwl": 42205595.06317711)
[start] acend910_bump/wl27 wl=0.00551020408163
[done ] acend910_bump/wl13 wl=0.00265306122449 00:08:50 ("hpwl": 42771425.18920326)
[start] acend910_bump/wl28 wl=0.00571428571429
[done ] acend910_bump/wl18 wl=0.00367346938776 00:08:46 ("hpwl": 42612672.585027695)
[start] acend910_bump/wl29 wl=0.00591836734694
[done ] acend910_bump/wl20 wl=0.00408163265306 00:08:45 ("hpwl": 38570803.693964005)
[start] acend910_bump/wl30 wl=0.00612244897959
[done ] acend910_bump/wl14 wl=0.00285714285714 00:08:53 ("hpwl": 24244480.462388992)
[start] acend910_bump/wl31 wl=0.00632653061224
[done ] acend910_bump/wl21 wl=0.00428571428571 00:08:46 ("hpwl": 36887973.838933945)
[start] acend910_bump/wl32 wl=0.0065306122449
[done ] acend910_bump/wl22 wl=0.00448979591837 00:08:48 ("hpwl": 35471913.897527695)
[start] acend910_bump/wl33 wl=0.00673469387755
[done ] acend910_bump/wl23 wl=0.00469387755102 00:08:51 ("hpwl": 34066810.39855385)
[start] acend910_bump/wl34 wl=0.0069387755102
[done ] acend910_bump/wl19 wl=0.00387755102041 00:08:54 ("hpwl": 42889154.78295326)
[start] acend910_bump/wl35 wl=0.00714285714286
[done ] acend910_bump/wl25 wl=0.00510204081633 00:08:54 ("hpwl": 34252982.213983536)
[start] acend910_bump/wl36 wl=0.00734693877551
[done ] acend910_bump/wl24 wl=0.00489795918367 00:08:59 ("hpwl": 34767043.2696476)
[start] acend910_bump/wl37 wl=0.00755102040816
[done ] acend910_bump/wl26 wl=0.00530612244898 00:09:04 ("hpwl": 34463915.11071205)
[start] acend910_bump/wl38 wl=0.00775510204082
[done ] acend910_bump/wl27 wl=0.00551020408163 00:09:08 ("hpwl": 36222197.1699276)
[start] acend910_bump/wl39 wl=0.00795918367347
[done ] acend910_bump/wl31 wl=0.00632653061224 00:09:08 ("hpwl": 32864846.65166664)
[start] acend910_bump/wl40 wl=0.00816326530612
[done ] acend910_bump/wl30 wl=0.00612244897959 00:09:09 ("hpwl": 32904449.042901993)
[start] acend910_bump/wl41 wl=0.00836734693878
[done ] acend910_bump/wl29 wl=0.00591836734694 00:09:11 ("hpwl": 17243549.115564346)
[start] acend910_bump/wl42 wl=0.00857142857143
[done ] acend910_bump/wl28 wl=0.00571428571429 00:09:15 ("hpwl": 35074802.79525185)
[start] acend910_bump/wl43 wl=0.00877551020408
[done ] acend910_bump/wl32 wl=0.0065306122449 00:09:09 ("hpwl": 33453974.968877792)
[start] acend910_bump/wl44 wl=0.00897959183673
[done ] acend910_bump/wl33 wl=0.00673469387755 00:09:11 ("hpwl": 33001135.72180748)
[start] acend910_bump/wl45 wl=0.00918367346939
[done ] acend910_bump/wl34 wl=0.0069387755102 00:09:07 ("hpwl": 31073991.095819473)
[start] acend910_bump/wl46 wl=0.00938775510204
[done ] acend910_bump/wl35 wl=0.00714285714286 00:09:08 ("hpwl": 32375776.912195206)
[start] acend910_bump/wl47 wl=0.00959183673469
[done ] acend910_bump/wl37 wl=0.00755102040816 00:09:11 ("hpwl": 30030463.260370255)
[start] acend910_bump/wl48 wl=0.00979591836735
[done ] acend910_bump/wl36 wl=0.00734693877551 00:09:20 ("hpwl": 32757959.176599503)
[start] acend910_bump/wl49 wl=0.01
[done ] acend910_bump/wl38 wl=0.00775510204082 00:09:12 ("hpwl": 29980058.490839005)
[start] hp11_m_bump/wl00 wl=0
[done ] acend910_bump/wl39 wl=0.00795918367347 00:09:09 ("hpwl": 28960049.412958145)
[start] hp11_m_bump/wl01 wl=0.000204081632653
[done ] acend910_bump/wl40 wl=0.00816326530612 00:09:09 ("hpwl": 30310915.994470596)
[start] hp11_m_bump/wl02 wl=0.000408163265306
[done ] acend910_bump/wl42 wl=0.00857142857143 00:09:10 ("hpwl": 33065166.87854576)
[start] hp11_m_bump/wl03 wl=0.000612244897959
[done ] acend910_bump/wl45 wl=0.00918367346939 00:09:05 ("hpwl": 33422037.524744034)
[start] hp11_m_bump/wl04 wl=0.000816326530612
[done ] acend910_bump/wl44 wl=0.00897959183673 00:09:11 ("hpwl": 29932440.271612167)
[start] hp11_m_bump/wl05 wl=0.00102040816327
[done ] acend910_bump/wl47 wl=0.00959183673469 00:09:04 ("hpwl": 31754761.38257408)
[start] hp11_m_bump/wl06 wl=0.00122448979592
[done ] acend910_bump/wl43 wl=0.00877551020408 00:09:12 ("hpwl": 32950710.476812363)
[start] hp11_m_bump/wl07 wl=0.00142857142857
[done ] acend910_bump/wl41 wl=0.00836734693878 00:09:13 ("hpwl": 33711605.09798622)
[start] hp11_m_bump/wl08 wl=0.00163265306122
[done ] acend910_bump/wl46 wl=0.00938775510204 00:09:08 ("hpwl": 33786531.18604088)
[start] hp11_m_bump/wl09 wl=0.00183673469388
[done ] acend910_bump/wl48 wl=0.00979591836735 00:11:51 ("hpwl": 32466436.750616074)
[start] hp11_m_bump/wl10 wl=0.00204081632653
[done ] acend910_bump/wl49 wl=0.01 00:11:47 ("hpwl": 33114758.938562393)
[start] hp11_m_bump/wl11 wl=0.00224489795918
[done ] hp11_m_bump/wl00 wl=0 00:19:37 ("hpwl": 77074466.30009222)
[start] hp11_m_bump/wl12 wl=0.00244897959184
[done ] hp11_m_bump/wl02 wl=0.000408163265306 00:20:04 ("hpwl": 83282111.2936269)
[start] hp11_m_bump/wl13 wl=0.00265306122449
[done ] hp11_m_bump/wl04 wl=0.000816326530612 00:20:07 ("hpwl": 145170633.14048433)
[start] hp11_m_bump/wl14 wl=0.00285714285714
[done ] hp11_m_bump/wl05 wl=0.00102040816327 00:20:17 ("hpwl": 88096217.72771657)
[done ] hp11_m_bump/wl08 wl=0.00163265306122 00:20:16 ("hpwl": 81691435.79844105)
[start] hp11_m_bump/wl15 wl=0.0030612244898
[start] hp11_m_bump/wl16 wl=0.00326530612245
[done ] hp11_m_bump/wl06 wl=0.00122448979592 00:20:30 ("hpwl": 82939681.14909565)
[start] hp11_m_bump/wl17 wl=0.0034693877551
[done ] hp11_m_bump/wl09 wl=0.00183673469388 00:20:35 ("hpwl": 83701001.90838635)
[start] hp11_m_bump/wl18 wl=0.00367346938776
[done ] hp11_m_bump/wl01 wl=0.000204081632653 00:20:52 ("hpwl": 75464082.9176879)
[start] hp11_m_bump/wl19 wl=0.00387755102041
[done ] hp11_m_bump/wl03 wl=0.000612244897959 00:20:46 ("hpwl": 164817483.69296086)
[start] hp11_m_bump/wl20 wl=0.00408163265306
[done ] hp11_m_bump/wl07 wl=0.00142857142857 00:20:52 ("hpwl": 135218961.39823544)
[start] hp11_m_bump/wl21 wl=0.00428571428571
[done ] hp11_m_bump/wl10 wl=0.00204081632653 00:20:40 ("hpwl": 95230198.62373877)
[start] hp11_m_bump/wl22 wl=0.00448979591837
[done ] hp11_m_bump/wl11 wl=0.00224489795918 00:21:14 ("hpwl": 98279132.51061189)
[start] hp11_m_bump/wl23 wl=0.00469387755102
[done ] hp11_m_bump/wl12 wl=0.00244897959184 00:20:14 ("hpwl": 80366353.5573368)
[start] hp11_m_bump/wl24 wl=0.00489795918367
[done ] hp11_m_bump/wl14 wl=0.00285714285714 00:21:10 ("hpwl": 96757880.26317179)
[start] hp11_m_bump/wl25 wl=0.00510204081633
[done ] hp11_m_bump/wl17 wl=0.0034693877551 00:21:07 ("hpwl": 72805001.06752884)
[start] hp11_m_bump/wl26 wl=0.00530612244898
[done ] hp11_m_bump/wl15 wl=0.0030612244898 00:21:39 ("hpwl": 86226725.37969494)
[start] hp11_m_bump/wl27 wl=0.00551020408163
[done ] hp11_m_bump/wl13 wl=0.00265306122449 00:22:10 ("hpwl": 104527785.07104349)
[start] hp11_m_bump/wl28 wl=0.00571428571429
[done ] hp11_m_bump/wl20 wl=0.00408163265306 00:22:29 ("hpwl": 71754910.50811207)
[start] hp11_m_bump/wl29 wl=0.00591836734694
[done ] hp11_m_bump/wl18 wl=0.00367346938776 00:23:11 ("hpwl": 74613766.90235806)
[start] hp11_m_bump/wl30 wl=0.00612244897959
[done ] hp11_m_bump/wl19 wl=0.00387755102041 00:23:22 ("hpwl": 74558097.63139582)
[start] hp11_m_bump/wl31 wl=0.00632653061224
[done ] hp11_m_bump/wl16 wl=0.00326530612245 00:23:57 ("hpwl": 72037410.73491871)
[start] hp11_m_bump/wl32 wl=0.0065306122449
[done ] hp11_m_bump/wl21 wl=0.00428571428571 00:23:34 ("hpwl": 74623844.98340237)
[start] hp11_m_bump/wl33 wl=0.00673469387755
[done ] hp11_m_bump/wl22 wl=0.00448979591837 00:21:37 ("hpwl": 91296868.27725887)
[start] hp11_m_bump/wl34 wl=0.0069387755102
[done ] hp11_m_bump/wl23 wl=0.00469387755102 00:22:34 ("hpwl": 77395919.02443612)
[start] hp11_m_bump/wl35 wl=0.00714285714286
[done ] hp11_m_bump/wl24 wl=0.00489795918367 00:21:33 ("hpwl": 85789413.42147589)
[start] hp11_m_bump/wl36 wl=0.00734693877551
[done ] hp11_m_bump/wl27 wl=0.00551020408163 00:21:16 ("hpwl": 77012038.12931263)
[start] hp11_m_bump/wl37 wl=0.00755102040816
[done ] hp11_m_bump/wl26 wl=0.00530612244898 00:21:36 ("hpwl": 77286107.45386708)
[start] hp11_m_bump/wl38 wl=0.00775510204082
[done ] hp11_m_bump/wl28 wl=0.00571428571429 00:21:36 ("hpwl": 77766892.61008656)
[start] hp11_m_bump/wl39 wl=0.00795918367347
[done ] hp11_m_bump/wl29 wl=0.00591836734694 00:21:43 ("hpwl": 110189199.9840461)
[start] hp11_m_bump/wl40 wl=0.00816326530612
[done ] hp11_m_bump/wl32 wl=0.0065306122449 00:22:05 ("hpwl": 73305798.54050255)
[start] hp11_m_bump/wl41 wl=0.00836734693878
[done ] hp11_m_bump/wl30 wl=0.00612244897959 00:23:32 ("hpwl": 71432373.22007954)
[start] hp11_m_bump/wl42 wl=0.00857142857143
[done ] hp11_m_bump/wl31 wl=0.00632653061224 00:23:25 ("hpwl": 71460742.62407887)
[start] hp11_m_bump/wl43 wl=0.00877551020408
[done ] hp11_m_bump/wl33 wl=0.00673469387755 00:23:26 ("hpwl": 73542686.01290417)
[start] hp11_m_bump/wl44 wl=0.00897959183673
[done ] hp11_m_bump/wl34 wl=0.0069387755102 00:20:16 ("hpwl": 78296325.19095814)
[start] hp11_m_bump/wl45 wl=0.00918367346939
[done ] hp11_m_bump/wl35 wl=0.00714285714286 00:21:11 ("hpwl": 90759193.52195132)
[start] hp11_m_bump/wl46 wl=0.00938775510204
[done ] hp11_m_bump/wl36 wl=0.00734693877551 00:19:11 ("hpwl": 73319570.4384079)
[start] hp11_m_bump/wl47 wl=0.00959183673469
[done ] hp11_m_bump/wl38 wl=0.00775510204082 00:19:15 ("hpwl": 83629779.68793344)
[start] hp11_m_bump/wl48 wl=0.00979591836735
[done ] hp11_m_bump/wl39 wl=0.00795918367347 00:18:58 ("hpwl": 72617029.37614632)
[start] hp11_m_bump/wl49 wl=0.01
[done ] hp11_m_bump/wl37 wl=0.00755102040816 00:20:18 ("hpwl": 72127552.93967164)
[done ] hp11_m_bump/wl40 wl=0.00816326530612 00:18:36 ("hpwl": 77151343.3224889)
[done ] hp11_m_bump/wl41 wl=0.00836734693878 00:18:17 ("hpwl": 75429045.3175292)
[done ] hp11_m_bump/wl42 wl=0.00857142857143 00:19:23 ("hpwl": 71605809.27958977)
[done ] hp11_m_bump/wl43 wl=0.00877551020408 00:19:31 ("hpwl": 76964245.7032156)
[done ] hp11_m_bump/wl44 wl=0.00897959183673 00:19:19 ("hpwl": 71741830.2584362)
[done ] hp11_m_bump/wl45 wl=0.00918367346939 00:16:18 ("hpwl": 73249769.2894783)
[done ] hp11_m_bump/wl46 wl=0.00938775510204 00:15:13 ("hpwl": 89221650.43827724)
[done ] hp11_m_bump/wl47 wl=0.00959183673469 00:13:00 ("hpwl": 71370838.55720425)
[done ] hp11_m_bump/wl49 wl=0.01 00:10:59 ("hpwl": 81454297.07354677)
[done ] hp11_m_bump/wl48 wl=0.00979591836735 00:11:38 ("hpwl": 71567349.63333797)
[done ] hp11_m_bump/wl25 wl=0.00510204081633 01:00:01 ("hpwl": 110289208.28872406)
