[start] multigpu_bump/wl00 wl=0
[start] multigpu_bump/wl04 wl=0.000816326530612
[start] multigpu_bump/wl02 wl=0.000408163265306
[start] multigpu_bump/wl03 wl=0.000612244897959
[start] multigpu_bump/wl01 wl=0.000204081632653
[start] multigpu_bump/wl05 wl=0.00102040816327
[start] multigpu_bump/wl06 wl=0.00122448979592
[start] multigpu_bump/wl08 wl=0.00163265306122
[start] multigpu_bump/wl07 wl=0.00142857142857
[start] multigpu_bump/wl09 wl=0.00183673469388
[start] multigpu_bump/wl10 wl=0.00204081632653
[start] multigpu_bump/wl11 wl=0.00224489795918
[done ] multigpu_bump/wl00 wl=0 00:08:24 ("hpwl": 78677247.56098938)
[start] multigpu_bump/wl12 wl=0.00244897959184
[done ] multigpu_bump/wl09 wl=0.00183673469388 00:08:25 ("hpwl": 70712156.92416382)
[start] multigpu_bump/wl13 wl=0.00265306122449
[done ] multigpu_bump/wl06 wl=0.00122448979592 00:08:25 ("hpwl": 73076505.05620575)
[start] multigpu_bump/wl14 wl=0.00285714285714
[done ] multigpu_bump/wl05 wl=0.00102040816327 00:08:26 ("hpwl": 72928071.63911438)
[done ] multigpu_bump/wl07 wl=0.00142857142857 00:08:26 ("hpwl": 73090654.05620575)
[start] multigpu_bump/wl16 wl=0.00326530612245
[start] multigpu_bump/wl15 wl=0.0030612244898
[done ] multigpu_bump/wl01 wl=0.000204081632653 00:08:26 ("hpwl": 77696631.90538025)
[start] multigpu_bump/wl17 wl=0.0034693877551
[done ] multigpu_bump/wl08 wl=0.00163265306122 00:08:26 ("hpwl": 72562073.86328888)
[start] multigpu_bump/wl18 wl=0.00367346938776
[done ] multigpu_bump/wl02 wl=0.000408163265306 00:08:26 ("hpwl": 78805682.90538025)
[start] multigpu_bump/wl19 wl=0.00387755102041
[done ] multigpu_bump/wl03 wl=0.000612244897959 00:08:27 ("hpwl": 78761877.35786438)
[start] multigpu_bump/wl20 wl=0.00408163265306
[done ] multigpu_bump/wl04 wl=0.000816326530612 00:08:27 ("hpwl": 76167562.99370575)
[start] multigpu_bump/wl21 wl=0.00428571428571
[done ] multigpu_bump/wl10 wl=0.00204081632653 00:08:27 ("hpwl": 72225395.20811462)
[start] multigpu_bump/wl22 wl=0.00448979591837
[done ] multigpu_bump/wl11 wl=0.00224489795918 00:08:27 ("hpwl": 72914480.85005188)
[start] multigpu_bump/wl23 wl=0.00469387755102
[done ] multigpu_bump/wl12 wl=0.00244897959184 00:08:11 ("hpwl": 72521647.78907013)
[start] multigpu_bump/wl24 wl=0.00489795918367
[done ] multigpu_bump/wl13 wl=0.00265306122449 00:08:17 ("hpwl": 72911146.83833313)
[start] multigpu_bump/wl25 wl=0.00510204081633
[done ] multigpu_bump/wl15 wl=0.0030612244898 00:08:19 ("hpwl": 73941294.4403305)
[start] multigpu_bump/wl26 wl=0.00530612244898
[done ] multigpu_bump/wl16 wl=0.00326530612245 00:08:20 ("hpwl": 72225467.70811462)
[done ] multigpu_bump/wl18 wl=0.00367346938776 00:08:20 ("hpwl": 68048115.17753601)
[start] multigpu_bump/wl28 wl=0.00571428571429
[done ] multigpu_bump/wl17 wl=0.0034693877551 00:08:20 ("hpwl": 67656131.00752258)
[start] multigpu_bump/wl27 wl=0.00551020408163
[start] multigpu_bump/wl29 wl=0.00591836734694
[done ] multigpu_bump/wl14 wl=0.00285714285714 00:08:21 ("hpwl": 71845862.70811462)
[start] multigpu_bump/wl30 wl=0.00612244897959
[done ] multigpu_bump/wl22 wl=0.00448979591837 00:08:19 ("hpwl": 68837686.510643)
[start] multigpu_bump/wl31 wl=0.00632653061224
[done ] multigpu_bump/wl20 wl=0.00408163265306 00:08:20 ("hpwl": 67969094.04325867)
[start] multigpu_bump/wl32 wl=0.0065306122449
[done ] multigpu_bump/wl21 wl=0.00428571428571 00:08:21 ("hpwl": 69418336.1385727)
[start] multigpu_bump/wl33 wl=0.00673469387755
[done ] multigpu_bump/wl19 wl=0.00387755102041 00:08:21 ("hpwl": 68196011.09858704)
[start] multigpu_bump/wl34 wl=0.0069387755102
[done ] multigpu_bump/wl23 wl=0.00469387755102 00:08:22 ("hpwl": 66864537.53266907)
[start] multigpu_bump/wl35 wl=0.00714285714286
[done ] multigpu_bump/wl24 wl=0.00489795918367 00:08:14 ("hpwl": 67362047.05854797)
[start] multigpu_bump/wl36 wl=0.00734693877551
[done ] multigpu_bump/wl25 wl=0.00510204081633 00:08:20 ("hpwl": 67732800.79032898)
[start] multigpu_bump/wl37 wl=0.00755102040816
[done ] multigpu_bump/wl26 wl=0.00530612244898 00:08:18 ("hpwl": 67408526.01802063)
[start] multigpu_bump/wl38 wl=0.00775510204082
[done ] multigpu_bump/wl30 wl=0.00612244897959 00:08:19 ("hpwl": 63781548.125190735)
[start] multigpu_bump/wl39 wl=0.00795918367347
[done ] multigpu_bump/wl29 wl=0.00591836734694 00:08:20 ("hpwl": 62611893.16581726)
[start] multigpu_bump/wl40 wl=0.00816326530612
[done ] multigpu_bump/wl32 wl=0.0065306122449 00:08:19 ("hpwl": 65527512.20780945)
[done ] multigpu_bump/wl27 wl=0.00551020408163 00:08:20 ("hpwl": 69860662.20214844)
[start] multigpu_bump/wl41 wl=0.00836734693878
[start] multigpu_bump/wl42 wl=0.00857142857143
[done ] multigpu_bump/wl28 wl=0.00571428571429 00:08:20 ("hpwl": 68157385.7816391)
[start] multigpu_bump/wl43 wl=0.00877551020408
[done ] multigpu_bump/wl34 wl=0.0069387755102 00:08:19 ("hpwl": 63754320.08124542)
[start] multigpu_bump/wl44 wl=0.00897959183673
[done ] multigpu_bump/wl31 wl=0.00632653061224 00:08:21 ("hpwl": 62287967.33378601)
[start] multigpu_bump/wl45 wl=0.00918367346939
[done ] multigpu_bump/wl35 wl=0.00714285714286 00:08:19 ("hpwl": 63510766.94745636)
[start] multigpu_bump/wl46 wl=0.00938775510204
[done ] multigpu_bump/wl33 wl=0.00673469387755 00:08:21 ("hpwl": 63587506.8445282)
[start] multigpu_bump/wl47 wl=0.00959183673469
[done ] multigpu_bump/wl36 wl=0.00734693877551 00:08:04 ("hpwl": 67943556.6632309)
[start] multigpu_bump/wl48 wl=0.00979591836735
[done ] multigpu_bump/wl37 wl=0.00755102040816 00:08:05 ("hpwl": 59509357.229782104)
[start] multigpu_bump/wl49 wl=0.01
[done ] multigpu_bump/wl38 wl=0.00775510204082 00:08:06 ("hpwl": 62100478.120407104)
[start] syn1_bump/wl00 wl=0
[done ] multigpu_bump/wl41 wl=0.00836734693878 00:08:05 ("hpwl": 63602162.394332886)
[start] syn1_bump/wl01 wl=0.000204081632653
[done ] multigpu_bump/wl39 wl=0.00795918367347 00:08:09 ("hpwl": 59934695.50956726)
[start] syn1_bump/wl02 wl=0.000408163265306
[done ] multigpu_bump/wl42 wl=0.00857142857143 00:08:11 ("hpwl": 60111871.4148407)
[start] syn1_bump/wl03 wl=0.000612244897959
[done ] multigpu_bump/wl40 wl=0.00816326530612 00:08:11 ("hpwl": 63690014.921676636)
[start] syn1_bump/wl04 wl=0.000816326530612
[done ] multigpu_bump/wl44 wl=0.00897959183673 00:08:11 ("hpwl": 62642777.1335907)
[start] syn1_bump/wl05 wl=0.00102040816327
[done ] multigpu_bump/wl45 wl=0.00918367346939 00:08:11 ("hpwl": 62192150.17851257)
[start] syn1_bump/wl06 wl=0.00122448979592
[done ] multigpu_bump/wl47 wl=0.00959183673469 00:08:10 ("hpwl": 62118436.67655945)
[start] syn1_bump/wl07 wl=0.00142857142857
[done ] multigpu_bump/wl43 wl=0.00877551020408 00:08:15 ("hpwl": 63333643.4464798)
[start] syn1_bump/wl08 wl=0.00163265306122
[done ] multigpu_bump/wl46 wl=0.00938775510204 00:08:14 ("hpwl": 64699034.143844604)
[start] syn1_bump/wl09 wl=0.00183673469388
[done ] multigpu_bump/wl48 wl=0.00979591836735 00:10:09 ("hpwl": 61666837.449409485)
[start] syn1_bump/wl10 wl=0.00204081632653
[done ] multigpu_bump/wl49 wl=0.01 00:10:17 ("hpwl": 62741972.753707886)
[start] syn1_bump/wl11 wl=0.00224489795918
[done ] syn1_bump/wl01 wl=0.000204081632653 00:15:05 ("hpwl": 77614329.01602936)
[start] syn1_bump/wl12 wl=0.00244897959184
[done ] syn1_bump/wl04 wl=0.000816326530612 00:15:22 ("hpwl": 78050412.67458344)
[start] syn1_bump/wl13 wl=0.00265306122449
[done ] syn1_bump/wl00 wl=0 00:15:36 ("hpwl": 93401377.57967377)
[start] syn1_bump/wl14 wl=0.00285714285714
[done ] syn1_bump/wl08 wl=0.00163265306122 00:15:29 ("hpwl": 50857874.935230255)
[start] syn1_bump/wl15 wl=0.0030612244898
[done ] syn1_bump/wl07 wl=0.00142857142857 00:15:32 ("hpwl": 69653583.50661469)
[start] syn1_bump/wl16 wl=0.00326530612245
[done ] syn1_bump/wl02 wl=0.000408163265306 00:15:39 ("hpwl": 43831013.707962036)
[start] syn1_bump/wl17 wl=0.0034693877551
[done ] syn1_bump/wl06 wl=0.00122448979592 00:15:40 ("hpwl": 43819830.750930786)
[start] syn1_bump/wl18 wl=0.00367346938776
[done ] syn1_bump/wl05 wl=0.00102040816327 00:15:43 ("hpwl": 61494085.80947113)
[start] syn1_bump/wl19 wl=0.00387755102041
[done ] syn1_bump/wl03 wl=0.000612244897959 00:15:48 ("hpwl": 43944732.651901245)
[start] syn1_bump/wl20 wl=0.00408163265306
[done ] syn1_bump/wl09 wl=0.00183673469388 00:15:57 ("hpwl": 42389749.37739563)
[start] syn1_bump/wl21 wl=0.00428571428571
[done ] syn1_bump/wl10 wl=0.00204081632653 00:14:25 ("hpwl": 58634957.70719147)
[start] syn1_bump/wl22 wl=0.00448979591837
[done ] syn1_bump/wl11 wl=0.00224489795918 00:15:03 ("hpwl": 52563171.62479019)
[start] syn1_bump/wl23 wl=0.00469387755102
[done ] syn1_bump/wl12 wl=0.00244897959184 00:15:14 ("hpwl": 50866039.05112457)
[start] syn1_bump/wl24 wl=0.00489795918367
[done ] syn1_bump/wl13 wl=0.00265306122449 00:16:11 ("hpwl": 44874242.18241882)
[start] syn1_bump/wl25 wl=0.00510204081633
[done ] syn1_bump/wl19 wl=0.00387755102041 00:15:51 ("hpwl": 40727351.65596008)
[start] syn1_bump/wl26 wl=0.00530612244898
[done ] syn1_bump/wl18 wl=0.00367346938776 00:15:56 ("hpwl": 48532870.78977585)
[start] syn1_bump/wl27 wl=0.00551020408163
[done ] syn1_bump/wl14 wl=0.00285714285714 00:16:11 ("hpwl": 44867221.940834045)
[start] syn1_bump/wl28 wl=0.00571428571429
[done ] syn1_bump/wl17 wl=0.0034693877551 00:16:02 ("hpwl": 40968990.8400116)
[start] syn1_bump/wl29 wl=0.00591836734694
[done ] syn1_bump/wl15 wl=0.0030612244898 00:16:24 ("hpwl": 41406870.30393982)
[start] syn1_bump/wl30 wl=0.00612244897959
[done ] syn1_bump/wl16 wl=0.00326530612245 00:16:30 ("hpwl": 41284870.89518738)
[start] syn1_bump/wl31 wl=0.00632653061224
[done ] syn1_bump/wl20 wl=0.00408163265306 00:16:19 ("hpwl": 40346611.9947052)
[start] syn1_bump/wl32 wl=0.0065306122449
[done ] syn1_bump/wl21 wl=0.00428571428571 00:16:25 ("hpwl": 40370239.65130997)
[start] syn1_bump/wl33 wl=0.00673469387755
[done ] syn1_bump/wl22 wl=0.00448979591837 00:15:12 ("hpwl": 51413320.89294815)
[start] syn1_bump/wl34 wl=0.0069387755102
[done ] syn1_bump/wl23 wl=0.00469387755102 00:15:14 ("hpwl": 47209406.46511841)
[start] syn1_bump/wl35 wl=0.00714285714286
[done ] syn1_bump/wl24 wl=0.00489795918367 00:15:17 ("hpwl": 42408592.4869957)
[start] syn1_bump/wl36 wl=0.00734693877551
[done ] syn1_bump/wl27 wl=0.00551020408163 00:15:36 ("hpwl": 40315708.399368286)
[start] syn1_bump/wl37 wl=0.00755102040816
[done ] syn1_bump/wl29 wl=0.00591836734694 00:15:39 ("hpwl": 39100470.14776993)
[start] syn1_bump/wl38 wl=0.00775510204082
[done ] syn1_bump/wl28 wl=0.00571428571429 00:15:51 ("hpwl": 39520922.414627075)
[start] syn1_bump/wl39 wl=0.00795918367347
[done ] syn1_bump/wl26 wl=0.00530612244898 00:16:09 ("hpwl": 45491760.126449585)
[start] syn1_bump/wl40 wl=0.00816326530612
[done ] syn1_bump/wl25 wl=0.00510204081633 00:16:25 ("hpwl": 38848182.89845276)
[start] syn1_bump/wl41 wl=0.00836734693878
[done ] syn1_bump/wl33 wl=0.00673469387755 00:15:58 ("hpwl": 44876262.523303986)
[start] syn1_bump/wl42 wl=0.00857142857143
[done ] syn1_bump/wl32 wl=0.0065306122449 00:16:20 ("hpwl": 39487620.211429596)
[start] syn1_bump/wl43 wl=0.00877551020408
[done ] syn1_bump/wl30 wl=0.00612244897959 00:16:37 ("hpwl": 40209918.378585815)
[start] syn1_bump/wl44 wl=0.00897959183673
[done ] syn1_bump/wl31 wl=0.00632653061224 00:16:34 ("hpwl": 52670283.47699356)
[start] syn1_bump/wl45 wl=0.00918367346939
[done ] syn1_bump/wl34 wl=0.0069387755102 00:15:29 ("hpwl": 38654213.23396301)
[start] syn1_bump/wl46 wl=0.00938775510204
[done ] syn1_bump/wl35 wl=0.00714285714286 00:15:21 ("hpwl": 45704402.79465103)
[start] syn1_bump/wl47 wl=0.00959183673469
[done ] syn1_bump/wl36 wl=0.00734693877551 00:16:19 ("hpwl": 44933931.25444031)
[start] syn1_bump/wl48 wl=0.00979591836735
[done ] syn1_bump/wl37 wl=0.00755102040816 00:15:31 ("hpwl": 38841192.57995224)
[start] syn1_bump/wl49 wl=0.01
[done ] syn1_bump/wl39 wl=0.00795918367347 00:15:53 ("hpwl": 39104642.53404617)
[start] syn4_bump/wl00 wl=0
[done ] syn1_bump/wl40 wl=0.00816326530612 00:16:04 ("hpwl": 39736853.91061783)
[start] syn4_bump/wl01 wl=0.000204081632653
[done ] syn1_bump/wl43 wl=0.00877551020408 00:16:16 ("hpwl": 42670707.72836685)
[start] syn4_bump/wl02 wl=0.000408163265306
[done ] syn1_bump/wl41 wl=0.00836734693878 00:16:56 ("hpwl": 42603341.9974556)
[start] syn4_bump/wl03 wl=0.000612244897959
[done ] syn1_bump/wl38 wl=0.00775510204082 00:17:53 ("hpwl": 46726958.78946304)
[start] syn4_bump/wl04 wl=0.000816326530612
[done ] syn1_bump/wl42 wl=0.00857142857143 00:16:46 ("hpwl": 45619495.68615341)
[start] syn4_bump/wl05 wl=0.00102040816327
[done ] syn1_bump/wl44 wl=0.00897959183673 00:16:48 ("hpwl": 39513227.12887955)
[done ] syn1_bump/wl45 wl=0.00918367346939 00:16:45 ("hpwl": 45566636.80342102)
[start] syn4_bump/wl06 wl=0.00122448979592
[start] syn4_bump/wl07 wl=0.00142857142857
[done ] syn1_bump/wl46 wl=0.00938775510204 00:17:43 ("hpwl": 40243704.00578308)
[start] syn4_bump/wl08 wl=0.00163265306122
[done ] syn1_bump/wl47 wl=0.00959183673469 00:17:45 ("hpwl": 40832335.289756775)
[start] syn4_bump/wl09 wl=0.00183673469388
[done ] syn1_bump/wl48 wl=0.00979591836735 00:18:40 ("hpwl": 42240695.5290184)
[start] syn4_bump/wl10 wl=0.00204081632653
[done ] syn1_bump/wl49 wl=0.01 00:20:29 ("hpwl": 42281077.59222031)
[start] syn4_bump/wl11 wl=0.00224489795918
[done ] syn4_bump/wl00 wl=0 00:23:48 ("hpwl": 99331422.1990881)
[start] syn4_bump/wl12 wl=0.00244897959184
[done ] syn4_bump/wl01 wl=0.000204081632653 00:24:02 ("hpwl": 92703188.89200425)
[start] syn4_bump/wl13 wl=0.00265306122449
[done ] syn4_bump/wl04 wl=0.000816326530612 00:23:59 ("hpwl": 90792132.05584955)
[start] syn4_bump/wl14 wl=0.00285714285714
[done ] syn4_bump/wl02 wl=0.000408163265306 00:24:47 ("hpwl": 89021568.74956465)
[start] syn4_bump/wl15 wl=0.0030612244898
[done ] syn4_bump/wl03 wl=0.000612244897959 00:25:04 ("hpwl": 90875928.63580084)
[start] syn4_bump/wl16 wl=0.00326530612245
[done ] syn4_bump/wl06 wl=0.00122448979592 00:24:48 ("hpwl": 84646600.94089341)
[start] syn4_bump/wl17 wl=0.0034693877551
[done ] syn4_bump/wl05 wl=0.00102040816327 00:25:03 ("hpwl": 82528411.08950567)
[start] syn4_bump/wl18 wl=0.00367346938776
[done ] syn4_bump/wl07 wl=0.00142857142857 00:25:24 ("hpwl": 82241553.49694586)
[start] syn4_bump/wl19 wl=0.00387755102041
[done ] syn4_bump/wl08 wl=0.00163265306122 00:25:44 ("hpwl": 83698550.97088814)
[start] syn4_bump/wl20 wl=0.00408163265306
[done ] syn4_bump/wl09 wl=0.00183673469388 00:26:10 ("hpwl": 82231486.23934126)
[start] syn4_bump/wl21 wl=0.00428571428571
[done ] syn4_bump/wl10 wl=0.00204081632653 00:26:23 ("hpwl": 75320142.88857794)
[start] syn4_bump/wl22 wl=0.00448979591837
[done ] syn4_bump/wl11 wl=0.00224489795918 00:27:21 ("hpwl": 81286491.095644)
[start] syn4_bump/wl23 wl=0.00469387755102
[done ] syn4_bump/wl12 wl=0.00244897959184 00:27:36 ("hpwl": 80496927.93543243)
[start] syn4_bump/wl24 wl=0.00489795918367
[done ] syn4_bump/wl13 wl=0.00265306122449 00:28:45 ("hpwl": 77086070.74623823)
[start] syn4_bump/wl25 wl=0.00510204081633
[done ] syn4_bump/wl14 wl=0.00285714285714 00:30:20 ("hpwl": 63004116.09234536)
[start] syn4_bump/wl26 wl=0.00530612244898
[done ] syn4_bump/wl16 wl=0.00326530612245 00:35:23 ("hpwl": 70912244.06728077)
[start] syn4_bump/wl27 wl=0.00551020408163
[done ] syn4_bump/wl15 wl=0.0030612244898 00:36:22 ("hpwl": 74308443.65593052)
[start] syn4_bump/wl28 wl=0.00571428571429
[done ] syn4_bump/wl18 wl=0.00367346938776 00:36:11 ("hpwl": 67277801.69509959)
[start] syn4_bump/wl29 wl=0.00591836734694
[done ] syn4_bump/wl17 wl=0.0034693877551 00:36:45 ("hpwl": 69641412.41843939)
[start] syn4_bump/wl30 wl=0.00612244897959
[done ] syn4_bump/wl19 wl=0.00387755102041 00:36:56 ("hpwl": 77772670.60334206)
[start] syn4_bump/wl31 wl=0.00632653061224
[done ] syn4_bump/wl20 wl=0.00408163265306 00:36:37 ("hpwl": 71594740.48137617)
[start] syn4_bump/wl32 wl=0.0065306122449
[done ] syn4_bump/wl21 wl=0.00428571428571 00:41:57 ("hpwl": 73670400.51305342)
[start] syn4_bump/wl33 wl=0.00673469387755
[done ] syn4_bump/wl22 wl=0.00448979591837 00:42:59 ("hpwl": 69122971.46997333)
[start] syn4_bump/wl34 wl=0.0069387755102
[done ] syn4_bump/wl23 wl=0.00469387755102 00:44:24 ("hpwl": 67300698.10873556)
[start] syn4_bump/wl35 wl=0.00714285714286
[done ] syn4_bump/wl24 wl=0.00489795918367 00:45:49 ("hpwl": 84669263.57070875)
[start] syn4_bump/wl36 wl=0.00734693877551
[done ] syn4_bump/wl25 wl=0.00510204081633 00:46:17 ("hpwl": 83153010.93964958)
[start] syn4_bump/wl37 wl=0.00755102040816
[done ] syn4_bump/wl26 wl=0.00530612244898 00:47:14 ("hpwl": 82140789.43981051)
[start] syn4_bump/wl38 wl=0.00775510204082
[done ] syn4_bump/wl27 wl=0.00551020408163 00:43:38 ("hpwl": 76528049.6895808)
[start] syn4_bump/wl39 wl=0.00795918367347
[done ] syn4_bump/wl28 wl=0.00571428571429 00:44:04 ("hpwl": 85219056.26963592)
[start] syn4_bump/wl40 wl=0.00816326530612
[done ] syn4_bump/wl29 wl=0.00591836734694 00:44:08 ("hpwl": 75992235.89401937)
[start] syn4_bump/wl41 wl=0.00836734693878
[done ] syn4_bump/wl30 wl=0.00612244897959 00:44:08 ("hpwl": 71340708.50497639)
[start] syn4_bump/wl42 wl=0.00857142857143
[done ] syn4_bump/wl31 wl=0.00632653061224 00:44:03 ("hpwl": 80744471.16574359)
[start] syn4_bump/wl43 wl=0.00877551020408
[done ] syn4_bump/wl32 wl=0.0065306122449 00:45:04 ("hpwl": 81451706.22533393)
[start] syn4_bump/wl44 wl=0.00897959183673
[done ] syn4_bump/wl33 wl=0.00673469387755 00:44:27 ("hpwl": 84576546.56292081)
[start] syn4_bump/wl45 wl=0.00918367346939
[done ] syn4_bump/wl34 wl=0.0069387755102 00:44:04 ("hpwl": 72036534.2834971)
[start] syn4_bump/wl46 wl=0.00938775510204
[done ] syn4_bump/wl35 wl=0.00714285714286 00:44:15 ("hpwl": 90458155.36408877)
[start] syn4_bump/wl47 wl=0.00959183673469
[done ] syn4_bump/wl36 wl=0.00734693877551 00:43:49 ("hpwl": 87610712.69379926)
[start] syn4_bump/wl48 wl=0.00979591836735
[done ] syn4_bump/wl37 wl=0.00755102040816 00:44:26 ("hpwl": 85925247.96978211)
[start] syn4_bump/wl49 wl=0.01
[done ] syn4_bump/wl38 wl=0.00775510204082 00:42:42 ("hpwl": 82929534.48601079)
[start] xerox6_m_bump/wl00 wl=0
[done ] syn4_bump/wl40 wl=0.00816326530612 00:41:02 ("hpwl": 64017637.57996702)
[start] xerox6_m_bump/wl01 wl=0.000204081632653
[done ] syn4_bump/wl39 wl=0.00795918367347 00:42:34 ("hpwl": 83845309.43131995)
[start] xerox6_m_bump/wl02 wl=0.000408163265306
[done ] syn4_bump/wl41 wl=0.00836734693878 00:41:51 ("hpwl": 71655388.70633411)
[start] xerox6_m_bump/wl03 wl=0.000612244897959
[done ] syn4_bump/wl43 wl=0.00877551020408 00:41:08 ("hpwl": 89146639.77767706)
[start] xerox6_m_bump/wl04 wl=0.000816326530612
[done ] syn4_bump/wl42 wl=0.00857142857143 00:42:06 ("hpwl": 74999910.98802662)
[start] xerox6_m_bump/wl05 wl=0.00102040816327
[done ] xerox6_m_bump/wl00 wl=0 00:10:33 ("hpwl": 74592098.09260559)
[start] xerox6_m_bump/wl06 wl=0.00122448979592
[done ] xerox6_m_bump/wl02 wl=0.000408163265306 00:10:25 ("hpwl": 74410263.68359184)
[start] xerox6_m_bump/wl07 wl=0.00142857142857
[done ] xerox6_m_bump/wl01 wl=0.000204081632653 00:11:16 ("hpwl": 71966956.50575352)
[start] xerox6_m_bump/wl08 wl=0.00163265306122
[done ] xerox6_m_bump/wl03 wl=0.000612244897959 00:10:59 ("hpwl": 76591228.93408108)
[start] xerox6_m_bump/wl09 wl=0.00183673469388
[done ] xerox6_m_bump/wl04 wl=0.000816326530612 00:10:36 ("hpwl": 69241712.85931206)
[start] xerox6_m_bump/wl10 wl=0.00204081632653
[done ] xerox6_m_bump/wl05 wl=0.00102040816327 00:10:32 ("hpwl": 74183280.84356785)
[start] xerox6_m_bump/wl11 wl=0.00224489795918
[done ] syn4_bump/wl44 wl=0.00897959183673 00:43:52 ("hpwl": 72195143.90319943)
[start] xerox6_m_bump/wl12 wl=0.00244897959184
[done ] syn4_bump/wl45 wl=0.00918367346939 00:42:37 ("hpwl": 74466474.5945096)
[start] xerox6_m_bump/wl13 wl=0.00265306122449
[done ] xerox6_m_bump/wl06 wl=0.00122448979592 00:11:15 ("hpwl": 75008679.93408108)
[start] xerox6_m_bump/wl14 wl=0.00285714285714
[done ] xerox6_m_bump/wl07 wl=0.00142857142857 00:10:02 ("hpwl": 67942018.54911804)
[start] xerox6_m_bump/wl15 wl=0.0030612244898
[done ] xerox6_m_bump/wl08 wl=0.00163265306122 00:09:55 ("hpwl": 71164993.00108433)
[start] xerox6_m_bump/wl16 wl=0.00326530612245
[done ] xerox6_m_bump/wl09 wl=0.00183673469388 00:09:35 ("hpwl": 66806030.91271782)
[start] xerox6_m_bump/wl17 wl=0.0034693877551
[done ] xerox6_m_bump/wl10 wl=0.00204081632653 00:10:15 ("hpwl": 61112972.86442566)
[start] xerox6_m_bump/wl18 wl=0.00367346938776
[done ] xerox6_m_bump/wl11 wl=0.00224489795918 00:10:26 ("hpwl": 60350135.683161736)
[start] xerox6_m_bump/wl19 wl=0.00387755102041
[done ] xerox6_m_bump/wl12 wl=0.00244897959184 00:10:23 ("hpwl": 57147652.017502785)
[start] xerox6_m_bump/wl20 wl=0.00408163265306
[done ] syn4_bump/wl46 wl=0.00938775510204 00:41:26 ("hpwl": 63545456.38544512)
[start] xerox6_m_bump/wl21 wl=0.00428571428571
[done ] xerox6_m_bump/wl13 wl=0.00265306122449 00:10:10 ("hpwl": 57521311.08782387)
[start] xerox6_m_bump/wl22 wl=0.00448979591837
[done ] syn4_bump/wl47 wl=0.00959183673469 00:40:02 ("hpwl": 81511556.49788272)
[start] xerox6_m_bump/wl23 wl=0.00469387755102
[done ] xerox6_m_bump/wl14 wl=0.00285714285714 00:08:51 ("hpwl": 55776490.36657715)
[start] xerox6_m_bump/wl24 wl=0.00489795918367
[done ] xerox6_m_bump/wl16 wl=0.00326530612245 00:08:50 ("hpwl": 51408407.76607227)
[start] xerox6_m_bump/wl25 wl=0.00510204081633
[done ] xerox6_m_bump/wl15 wl=0.0030612244898 00:10:08 ("hpwl": 63646282.68652439)
[start] xerox6_m_bump/wl26 wl=0.00530612244898
[done ] xerox6_m_bump/wl20 wl=0.00408163265306 00:08:07 ("hpwl": 56417533.646743774)
[start] xerox6_m_bump/wl27 wl=0.00551020408163
[done ] syn4_bump/wl48 wl=0.00979591836735 00:38:02 ("hpwl": 90439624.11255956)
[start] xerox6_m_bump/wl28 wl=0.00571428571429
[done ] xerox6_m_bump/wl17 wl=0.0034693877551 00:09:40 ("hpwl": 54579877.3817606)
[start] xerox6_m_bump/wl29 wl=0.00591836734694
[done ] xerox6_m_bump/wl18 wl=0.00367346938776 00:09:33 ("hpwl": 54217682.69035435)
[start] xerox6_m_bump/wl30 wl=0.00612244897959
[done ] xerox6_m_bump/wl19 wl=0.00387755102041 00:09:09 ("hpwl": 52458944.000909805)
[start] xerox6_m_bump/wl31 wl=0.00632653061224
[done ] syn4_bump/wl49 wl=0.01 00:36:23 ("hpwl": 83108278.8539908)
[start] xerox6_m_bump/wl32 wl=0.0065306122449
[done ] xerox6_m_bump/wl21 wl=0.00428571428571 00:08:33 ("hpwl": 55155203.63112831)
[start] xerox6_m_bump/wl33 wl=0.00673469387755
[done ] xerox6_m_bump/wl22 wl=0.00448979591837 00:08:54 ("hpwl": 51405159.99325085)
[start] xerox6_m_bump/wl34 wl=0.0069387755102
[done ] xerox6_m_bump/wl23 wl=0.00469387755102 00:09:12 ("hpwl": 55485986.90284729)
[start] xerox6_m_bump/wl35 wl=0.00714285714286
[done ] xerox6_m_bump/wl24 wl=0.00489795918367 00:09:02 ("hpwl": 52538064.19158363)
[start] xerox6_m_bump/wl36 wl=0.00734693877551
[done ] xerox6_m_bump/wl25 wl=0.00510204081633 00:09:02 ("hpwl": 55097660.57869911)
[start] xerox6_m_bump/wl37 wl=0.00755102040816
[done ] xerox6_m_bump/wl26 wl=0.00530612244898 00:09:09 ("hpwl": 48429096.74773598)
[start] xerox6_m_bump/wl38 wl=0.00775510204082
[done ] xerox6_m_bump/wl27 wl=0.00551020408163 00:09:01 ("hpwl": 51868387.62358093)
[start] xerox6_m_bump/wl39 wl=0.00795918367347
[done ] xerox6_m_bump/wl28 wl=0.00571428571429 00:09:02 ("hpwl": 56281818.16510582)
[start] xerox6_m_bump/wl40 wl=0.00816326530612
[done ] xerox6_m_bump/wl29 wl=0.00591836734694 00:09:02 ("hpwl": 50734378.98702526)
[start] xerox6_m_bump/wl41 wl=0.00836734693878
[done ] xerox6_m_bump/wl30 wl=0.00612244897959 00:09:02 ("hpwl": 50307955.06344128)
[start] xerox6_m_bump/wl42 wl=0.00857142857143
[done ] xerox6_m_bump/wl31 wl=0.00632653061224 00:09:04 ("hpwl": 47639947.321495056)
[start] xerox6_m_bump/wl43 wl=0.00877551020408
[done ] xerox6_m_bump/wl32 wl=0.0065306122449 00:08:50 ("hpwl": 51444752.81285095)
[start] xerox6_m_bump/wl44 wl=0.00897959183673
[done ] xerox6_m_bump/wl33 wl=0.00673469387755 00:08:54 ("hpwl": 54539121.97144127)
[start] xerox6_m_bump/wl45 wl=0.00918367346939
[done ] xerox6_m_bump/wl34 wl=0.0069387755102 00:08:48 ("hpwl": 48203875.92605591)
[start] xerox6_m_bump/wl46 wl=0.00938775510204
[done ] xerox6_m_bump/wl35 wl=0.00714285714286 00:08:47 ("hpwl": 50360908.777552605)
[start] xerox6_m_bump/wl47 wl=0.00959183673469
[done ] xerox6_m_bump/wl36 wl=0.00734693877551 00:08:24 ("hpwl": 48694035.30693054)
[start] xerox6_m_bump/wl48 wl=0.00979591836735
[done ] xerox6_m_bump/wl37 wl=0.00755102040816 00:08:38 ("hpwl": 50384616.51922035)
[start] xerox6_m_bump/wl49 wl=0.01
[done ] xerox6_m_bump/wl39 wl=0.00795918367347 00:08:35 ("hpwl": 49676695.31855869)
[start] xerox7_m_bump/wl00 wl=0
[done ] xerox6_m_bump/wl38 wl=0.00775510204082 00:08:42 ("hpwl": 47877740.419670105)
[start] xerox7_m_bump/wl01 wl=0.000204081632653
[done ] xerox6_m_bump/wl40 wl=0.00816326530612 00:08:35 ("hpwl": 46504122.59330559)
[start] xerox7_m_bump/wl02 wl=0.000408163265306
[done ] xerox6_m_bump/wl41 wl=0.00836734693878 00:08:48 ("hpwl": 54475087.239629745)
[start] xerox7_m_bump/wl03 wl=0.000612244897959
[done ] xerox6_m_bump/wl42 wl=0.00857142857143 00:08:43 ("hpwl": 47187822.15464592)
[start] xerox7_m_bump/wl04 wl=0.000816326530612
[done ] xerox6_m_bump/wl43 wl=0.00877551020408 00:08:51 ("hpwl": 49101762.72420883)
[start] xerox7_m_bump/wl05 wl=0.00102040816327
[done ] xerox6_m_bump/wl44 wl=0.00897959183673 00:08:49 ("hpwl": 50485884.1221571)
[start] xerox7_m_bump/wl06 wl=0.00122448979592
[done ] xerox6_m_bump/wl45 wl=0.00918367346939 00:08:38 ("hpwl": 49040509.86731148)
[start] xerox7_m_bump/wl07 wl=0.00142857142857
[done ] xerox6_m_bump/wl46 wl=0.00938775510204 00:09:01 ("hpwl": 55789078.686816216)
[start] xerox7_m_bump/wl08 wl=0.00163265306122
[done ] xerox6_m_bump/wl47 wl=0.00959183673469 00:08:59 ("hpwl": 50170958.82078838)
[start] xerox7_m_bump/wl09 wl=0.00183673469388
[done ] xerox6_m_bump/wl48 wl=0.00979591836735 00:08:51 ("hpwl": 50762747.04483032)
[start] xerox7_m_bump/wl10 wl=0.00204081632653
[done ] xerox6_m_bump/wl49 wl=0.01 00:08:58 ("hpwl": 55974528.998306274)
[start] xerox7_m_bump/wl11 wl=0.00224489795918
[done ] xerox7_m_bump/wl00 wl=0 00:09:32 ("hpwl": 107103813.89698064)
[start] xerox7_m_bump/wl12 wl=0.00244897959184
[done ] xerox7_m_bump/wl01 wl=0.000204081632653 00:09:38 ("hpwl": 107055769.12457716)
[start] xerox7_m_bump/wl13 wl=0.00265306122449
[done ] xerox7_m_bump/wl02 wl=0.000408163265306 00:09:33 ("hpwl": 104747496.62467921)
[start] xerox7_m_bump/wl14 wl=0.00285714285714
[done ] xerox7_m_bump/wl03 wl=0.000612244897959 00:09:41 ("hpwl": 93631723.1708771)
[start] xerox7_m_bump/wl15 wl=0.0030612244898
[done ] xerox7_m_bump/wl04 wl=0.000816326530612 00:09:43 ("hpwl": 91715272.82700503)
[start] xerox7_m_bump/wl16 wl=0.00326530612245
[done ] xerox7_m_bump/wl05 wl=0.00102040816327 00:09:40 ("hpwl": 84841734.6488415)
[start] xerox7_m_bump/wl17 wl=0.0034693877551
[done ] xerox7_m_bump/wl07 wl=0.00142857142857 00:09:42 ("hpwl": 86675217.28210962)
[start] xerox7_m_bump/wl18 wl=0.00367346938776
[done ] xerox7_m_bump/wl06 wl=0.00122448979592 00:09:57 ("hpwl": 50865057.181759596)
[start] xerox7_m_bump/wl19 wl=0.00387755102041
[done ] xerox7_m_bump/wl08 wl=0.00163265306122 00:09:49 ("hpwl": 78325095.8266195)
[start] xerox7_m_bump/wl20 wl=0.00408163265306
[done ] xerox7_m_bump/wl09 wl=0.00183673469388 00:09:56 ("hpwl": 73702869.81004679)
[start] xerox7_m_bump/wl21 wl=0.00428571428571
[done ] xerox7_m_bump/wl10 wl=0.00204081632653 00:10:01 ("hpwl": 64693384.313631654)
[start] xerox7_m_bump/wl22 wl=0.00448979591837
[done ] xerox7_m_bump/wl11 wl=0.00224489795918 00:10:10 ("hpwl": 78825514.87970197)
[start] xerox7_m_bump/wl23 wl=0.00469387755102
[done ] xerox7_m_bump/wl12 wl=0.00244897959184 00:10:18 ("hpwl": 70044193.69386518)
[start] xerox7_m_bump/wl24 wl=0.00489795918367
[done ] xerox7_m_bump/wl14 wl=0.00285714285714 00:10:14 ("hpwl": 61044916.3857435)
[start] xerox7_m_bump/wl25 wl=0.00510204081633
[done ] xerox7_m_bump/wl15 wl=0.0030612244898 00:09:46 ("hpwl": 60372766.13397944)
[start] xerox7_m_bump/wl26 wl=0.00530612244898
[done ] xerox7_m_bump/wl13 wl=0.00265306122449 00:10:17 ("hpwl": 79101044.36701238)
[start] xerox7_m_bump/wl27 wl=0.00551020408163
[done ] xerox7_m_bump/wl16 wl=0.00326530612245 00:09:53 ("hpwl": 72290464.1942631)
[start] xerox7_m_bump/wl28 wl=0.00571428571429
[done ] xerox7_m_bump/wl17 wl=0.0034693877551 00:09:46 ("hpwl": 72413806.47569239)
[start] xerox7_m_bump/wl29 wl=0.00591836734694
[done ] xerox7_m_bump/wl18 wl=0.00367346938776 00:09:45 ("hpwl": 77145259.23981416)
[start] xerox7_m_bump/wl30 wl=0.00612244897959
[done ] xerox7_m_bump/wl19 wl=0.00387755102041 00:09:57 ("hpwl": 68420591.82238042)
[start] xerox7_m_bump/wl31 wl=0.00632653061224
[done ] xerox7_m_bump/wl20 wl=0.00408163265306 00:09:52 ("hpwl": 65718805.30415571)
[start] xerox7_m_bump/wl32 wl=0.0065306122449
[done ] xerox7_m_bump/wl22 wl=0.00448979591837 00:09:25 ("hpwl": 50958456.83271861)
[start] xerox7_m_bump/wl33 wl=0.00673469387755
[done ] xerox7_m_bump/wl21 wl=0.00428571428571 00:09:41 ("hpwl": 57019839.93530524)
[start] xerox7_m_bump/wl34 wl=0.0069387755102
[done ] xerox7_m_bump/wl23 wl=0.00469387755102 00:09:33 ("hpwl": 56815632.09311712)
[start] xerox7_m_bump/wl35 wl=0.00714285714286
[done ] xerox7_m_bump/wl27 wl=0.00551020408163 00:09:35 ("hpwl": 62080684.66830981)
[start] xerox7_m_bump/wl36 wl=0.00734693877551
[done ] xerox7_m_bump/wl25 wl=0.00510204081633 00:09:41 ("hpwl": 49930236.15186381)
[start] xerox7_m_bump/wl37 wl=0.00755102040816
[done ] xerox7_m_bump/wl24 wl=0.00489795918367 00:09:49 ("hpwl": 58682506.19663656)
[start] xerox7_m_bump/wl38 wl=0.00775510204082
[done ] xerox7_m_bump/wl26 wl=0.00530612244898 00:09:44 ("hpwl": 55830077.36574209)
[start] xerox7_m_bump/wl39 wl=0.00795918367347
[done ] xerox7_m_bump/wl29 wl=0.00591836734694 00:09:26 ("hpwl": 75783856.61954093)
[start] xerox7_m_bump/wl40 wl=0.00816326530612
[done ] xerox7_m_bump/wl28 wl=0.00571428571429 00:09:41 ("hpwl": 58153586.54559648)
[start] xerox7_m_bump/wl41 wl=0.00836734693878
[done ] xerox7_m_bump/wl30 wl=0.00612244897959 00:09:28 ("hpwl": 56233250.05625594)
[start] xerox7_m_bump/wl42 wl=0.00857142857143
[done ] xerox7_m_bump/wl31 wl=0.00632653061224 00:09:48 ("hpwl": 58652980.65354574)
[start] xerox7_m_bump/wl43 wl=0.00877551020408
[done ] xerox7_m_bump/wl32 wl=0.0065306122449 00:09:58 ("hpwl": 70222738.71151412)
[start] xerox7_m_bump/wl44 wl=0.00897959183673
[done ] xerox7_m_bump/wl33 wl=0.00673469387755 00:09:31 ("hpwl": 58229393.81351888)
[start] xerox7_m_bump/wl45 wl=0.00918367346939
[done ] xerox7_m_bump/wl34 wl=0.0069387755102 00:09:30 ("hpwl": 82382211.93012619)
[start] xerox7_m_bump/wl46 wl=0.00938775510204
[done ] xerox7_m_bump/wl35 wl=0.00714285714286 00:09:20 ("hpwl": 75776551.89068985)
[start] xerox7_m_bump/wl47 wl=0.00959183673469
[done ] xerox7_m_bump/wl36 wl=0.00734693877551 00:09:08 ("hpwl": 56609997.505666375)
[start] xerox7_m_bump/wl48 wl=0.00979591836735
[done ] xerox7_m_bump/wl38 wl=0.00775510204082 00:09:17 ("hpwl": 58242865.48362541)
[start] xerox7_m_bump/wl49 wl=0.01
[done ] xerox7_m_bump/wl37 wl=0.00755102040816 00:09:26 ("hpwl": 84103408.26853526)
[done ] xerox7_m_bump/wl39 wl=0.00795918367347 00:09:33 ("hpwl": 77187117.4147942)
[done ] xerox7_m_bump/wl40 wl=0.00816326530612 00:09:49 ("hpwl": 63478202.65170956)
[done ] xerox7_m_bump/wl41 wl=0.00836734693878 00:09:39 ("hpwl": 56174781.697843194)
[done ] xerox7_m_bump/wl42 wl=0.00857142857143 00:09:36 ("hpwl": 58476515.03025472)
[done ] xerox7_m_bump/wl43 wl=0.00877551020408 00:09:09 ("hpwl": 56335846.877610564)
[done ] xerox7_m_bump/wl46 wl=0.00938775510204 00:07:56 ("hpwl": 53802350.296426415)
[done ] xerox7_m_bump/wl44 wl=0.00897959183673 00:08:08 ("hpwl": 55330766.438391685)
[done ] xerox7_m_bump/wl45 wl=0.00918367346939 00:08:02 ("hpwl": 64014762.50688839)
[done ] xerox7_m_bump/wl47 wl=0.00959183673469 00:07:20 ("hpwl": 54207517.371843934)
[done ] xerox7_m_bump/wl48 wl=0.00979591836735 00:06:28 ("hpwl": 73397151.4951446)
[done ] xerox7_m_bump/wl49 wl=0.01 00:06:32 ("hpwl": 58150202.06349027)
