[start] hp6_m_bump/wl00 wl=0
[start] hp6_m_bump/wl04 wl=0.000816326530612
[start] hp6_m_bump/wl03 wl=0.000612244897959
[start] hp6_m_bump/wl02 wl=0.000408163265306
[start] hp6_m_bump/wl01 wl=0.000204081632653
[start] hp6_m_bump/wl05 wl=0.00102040816327
[start] hp6_m_bump/wl06 wl=0.00122448979592
[start] hp6_m_bump/wl07 wl=0.00142857142857
[start] hp6_m_bump/wl08 wl=0.00163265306122
[start] hp6_m_bump/wl09 wl=0.00183673469388
[start] hp6_m_bump/wl11 wl=0.00224489795918
[start] hp6_m_bump/wl10 wl=0.00204081632653
[done ] hp6_m_bump/wl02 wl=0.000408163265306 00:09:16 ("hpwl": 27012443.724172592)
[start] hp6_m_bump/wl12 wl=0.00244897959184
[done ] hp6_m_bump/wl00 wl=0 00:09:23 ("hpwl": 19583594.51633644)
[start] hp6_m_bump/wl13 wl=0.00265306122449
[done ] hp6_m_bump/wl04 wl=0.000816326530612 00:09:24 ("hpwl": 30743893.15361595)
[start] hp6_m_bump/wl14 wl=0.00285714285714
[done ] hp6_m_bump/wl03 wl=0.000612244897959 00:09:28 ("hpwl": 19825391.422750473)
[start] hp6_m_bump/wl15 wl=0.0030612244898
[done ] hp6_m_bump/wl08 wl=0.00163265306122 00:09:35 ("hpwl": 19974292.643117905)
[start] hp6_m_bump/wl16 wl=0.00326530612245
[done ] hp6_m_bump/wl01 wl=0.000204081632653 00:09:36 ("hpwl": 29180441.64897728)
[start] hp6_m_bump/wl17 wl=0.0034693877551
[done ] hp6_m_bump/wl09 wl=0.00183673469388 00:09:37 ("hpwl": 17141533.404195786)
[start] hp6_m_bump/wl18 wl=0.00367346938776
[done ] hp6_m_bump/wl11 wl=0.00224489795918 00:09:39 ("hpwl": 17402079.54717064)
[start] hp6_m_bump/wl19 wl=0.00387755102041
[done ] hp6_m_bump/wl05 wl=0.00102040816327 00:09:42 ("hpwl": 42476007.42026329)
[start] hp6_m_bump/wl20 wl=0.00408163265306
[done ] hp6_m_bump/wl06 wl=0.00122448979592 00:09:43 ("hpwl": 18947478.682516098)
[start] hp6_m_bump/wl21 wl=0.00428571428571
[done ] hp6_m_bump/wl07 wl=0.00142857142857 00:09:45 ("hpwl": 15150432.28847313)
[start] hp6_m_bump/wl22 wl=0.00448979591837
[done ] hp6_m_bump/wl10 wl=0.00204081632653 00:09:45 ("hpwl": 16576887.816701889)
[start] hp6_m_bump/wl23 wl=0.00469387755102
[done ] hp6_m_bump/wl18 wl=0.00367346938776 00:08:39 ("hpwl": 15704201.914358139)
[start] hp6_m_bump/wl24 wl=0.00489795918367
[done ] hp6_m_bump/wl14 wl=0.00285714285714 00:08:59 ("hpwl": 15918559.040784836)
[start] hp6_m_bump/wl25 wl=0.00510204081633
[done ] hp6_m_bump/wl13 wl=0.00265306122449 00:09:01 ("hpwl": 16025932.860982895)
[start] hp6_m_bump/wl26 wl=0.00530612244898
[done ] hp6_m_bump/wl12 wl=0.00244897959184 00:09:09 ("hpwl": 16784616.15840721)
[start] hp6_m_bump/wl27 wl=0.00551020408163
[done ] hp6_m_bump/wl20 wl=0.00408163265306 00:08:48 ("hpwl": 14538112.216970444)
[start] hp6_m_bump/wl28 wl=0.00571428571429
[done ] hp6_m_bump/wl22 wl=0.00448979591837 00:08:47 ("hpwl": 14948824.362234116)
[start] hp6_m_bump/wl29 wl=0.00591836734694
[done ] hp6_m_bump/wl16 wl=0.00326530612245 00:08:59 ("hpwl": 16686892.042325974)
[start] hp6_m_bump/wl30 wl=0.00612244897959
[done ] hp6_m_bump/wl15 wl=0.0030612244898 00:09:10 ("hpwl": 14971020.66871643)
[start] hp6_m_bump/wl31 wl=0.00632653061224
[done ] hp6_m_bump/wl17 wl=0.0034693877551 00:09:08 ("hpwl": 15783131.232717514)
[start] hp6_m_bump/wl32 wl=0.0065306122449
[done ] hp6_m_bump/wl23 wl=0.00469387755102 00:09:00 ("hpwl": 14674801.824392319)
[start] hp6_m_bump/wl33 wl=0.00673469387755
[done ] hp6_m_bump/wl21 wl=0.00428571428571 00:09:02 ("hpwl": 15241727.207754135)
[start] hp6_m_bump/wl34 wl=0.0069387755102
[done ] hp6_m_bump/wl19 wl=0.00387755102041 00:09:07 ("hpwl": 15923284.763326645)
[start] hp6_m_bump/wl35 wl=0.00714285714286
[done ] hp6_m_bump/wl24 wl=0.00489795918367 00:08:55 ("hpwl": 14665107.056936264)
[start] hp6_m_bump/wl36 wl=0.00734693877551
[done ] hp6_m_bump/wl29 wl=0.00591836734694 00:08:56 ("hpwl": 15897618.562181473)
[start] hp6_m_bump/wl37 wl=0.00755102040816
[done ] hp6_m_bump/wl25 wl=0.00510204081633 00:09:06 ("hpwl": 14858488.203420639)
[start] hp6_m_bump/wl38 wl=0.00775510204082
[done ] hp6_m_bump/wl27 wl=0.00551020408163 00:09:14 ("hpwl": 13375842.957511902)
[start] hp6_m_bump/wl39 wl=0.00795918367347
[done ] hp6_m_bump/wl26 wl=0.00530612244898 00:09:16 ("hpwl": 14837489.842235565)
[start] hp6_m_bump/wl40 wl=0.00816326530612
[done ] hp6_m_bump/wl33 wl=0.00673469387755 00:08:56 ("hpwl": 14551027.434520721)
[start] hp6_m_bump/wl41 wl=0.00836734693878
[done ] hp6_m_bump/wl32 wl=0.0065306122449 00:08:59 ("hpwl": 13682212.042432785)
[start] hp6_m_bump/wl42 wl=0.00857142857143
[done ] hp6_m_bump/wl34 wl=0.0069387755102 00:08:59 ("hpwl": 14628869.356822968)
[start] hp6_m_bump/wl43 wl=0.00877551020408
[done ] hp6_m_bump/wl35 wl=0.00714285714286 00:08:59 ("hpwl": 14198446.866945267)
[start] hp6_m_bump/wl44 wl=0.00897959183673
[done ] hp6_m_bump/wl28 wl=0.00571428571429 00:09:15 ("hpwl": 14329178.756948471)
[start] hp6_m_bump/wl45 wl=0.00918367346939
[done ] hp6_m_bump/wl30 wl=0.00612244897959 00:09:14 ("hpwl": 14363460.345561981)
[start] hp6_m_bump/wl46 wl=0.00938775510204
[done ] hp6_m_bump/wl31 wl=0.00632653061224 00:09:14 ("hpwl": 15017448.404432297)
[start] hp6_m_bump/wl47 wl=0.00959183673469
[done ] hp6_m_bump/wl36 wl=0.00734693877551 00:08:56 ("hpwl": 15122691.708877563)
[start] hp6_m_bump/wl48 wl=0.00979591836735
[done ] hp6_m_bump/wl37 wl=0.00755102040816 00:09:05 ("hpwl": 13545062.865251541)
[start] hp6_m_bump/wl49 wl=0.01
[done ] hp6_m_bump/wl39 wl=0.00795918367347 00:08:57 ("hpwl": 14244508.809106827)
[start] hp8_m_bump/wl00 wl=0
[done ] hp6_m_bump/wl43 wl=0.00877551020408 00:08:59 ("hpwl": 13235574.067073822)
[start] hp8_m_bump/wl01 wl=0.000204081632653
[done ] hp6_m_bump/wl40 wl=0.00816326530612 00:09:03 ("hpwl": 13536222.916700363)
[start] hp8_m_bump/wl02 wl=0.000408163265306
[done ] hp6_m_bump/wl38 wl=0.00775510204082 00:09:15 ("hpwl": 12556130.741697311)
[start] hp8_m_bump/wl03 wl=0.000612244897959
[done ] hp6_m_bump/wl44 wl=0.00897959183673 00:08:59 ("hpwl": 14129413.89881897)
[start] hp8_m_bump/wl04 wl=0.000816326530612
[done ] hp6_m_bump/wl47 wl=0.00959183673469 00:09:00 ("hpwl": 13126560.330059052)
[start] hp8_m_bump/wl05 wl=0.00102040816327
[done ] hp6_m_bump/wl45 wl=0.00918367346939 00:09:08 ("hpwl": 13704183.956508636)
[start] hp8_m_bump/wl06 wl=0.00122448979592
[done ] hp6_m_bump/wl42 wl=0.00857142857143 00:09:11 ("hpwl": 12452073.842298508)
[start] hp8_m_bump/wl07 wl=0.00142857142857
[done ] hp6_m_bump/wl41 wl=0.00836734693878 00:09:14 ("hpwl": 12716705.615430832)
[start] hp8_m_bump/wl08 wl=0.00163265306122
[done ] hp6_m_bump/wl46 wl=0.00938775510204 00:09:15 ("hpwl": 12251604.60233879)
[start] hp8_m_bump/wl09 wl=0.00183673469388
[done ] hp6_m_bump/wl48 wl=0.00979591836735 00:09:12 ("hpwl": 13514187.73805046)
[start] hp8_m_bump/wl10 wl=0.00204081632653
[done ] hp6_m_bump/wl49 wl=0.01 00:09:41 ("hpwl": 13177058.317090988)
[start] hp8_m_bump/wl11 wl=0.00224489795918
[done ] hp8_m_bump/wl00 wl=0 00:11:01 ("hpwl": 91589954.33881664)
[start] hp8_m_bump/wl12 wl=0.00244897959184
[fail ] hp8_m_bump/wl04 wl=0.000816326530612 00:11:00 rc=1 :: Error Constant is Nan happen during placeflow!
[start] hp8_m_bump/wl13 wl=0.00265306122449
[fail ] hp8_m_bump/wl03 wl=0.000612244897959 00:11:05 rc=1 :: Error Constant is Nan happen during placeflow!
[start] hp8_m_bump/wl14 wl=0.00285714285714
[fail ] hp8_m_bump/wl02 wl=0.000408163265306 00:11:09 rc=1 :: Error Constant is Nan happen during placeflow!
[start] hp8_m_bump/wl15 wl=0.0030612244898
[fail ] hp8_m_bump/wl01 wl=0.000204081632653 00:11:12 rc=1 :: Error Constant is Nan happen during placeflow!
[start] hp8_m_bump/wl16 wl=0.00326530612245
[fail ] hp8_m_bump/wl05 wl=0.00102040816327 00:11:04 rc=1 :: Error Constant is Nan happen during placeflow!
[start] hp8_m_bump/wl17 wl=0.0034693877551
[fail ] hp8_m_bump/wl06 wl=0.00122448979592 00:11:04 rc=1 :: Error Constant is Nan happen during placeflow!
[start] hp8_m_bump/wl18 wl=0.00367346938776
[fail ] hp8_m_bump/wl07 wl=0.00142857142857 00:11:09 rc=1 :: Error Constant is Nan happen during placeflow!
[start] hp8_m_bump/wl19 wl=0.00387755102041
[fail ] hp8_m_bump/wl08 wl=0.00163265306122 00:11:09 rc=1 :: Error Constant is Nan happen during placeflow!
[start] hp8_m_bump/wl20 wl=0.00408163265306
[fail ] hp8_m_bump/wl09 wl=0.00183673469388 00:11:13 rc=1 :: Error Constant is Nan happen during placeflow!
[start] hp8_m_bump/wl21 wl=0.00428571428571
[fail ] hp8_m_bump/wl10 wl=0.00204081632653 00:11:10 rc=1 :: Error Constant is Nan happen during placeflow!
[start] hp8_m_bump/wl22 wl=0.00448979591837
[fail ] hp8_m_bump/wl11 wl=0.00224489795918 00:11:27 rc=1 :: Error Constant is Nan happen during placeflow!
[start] hp8_m_bump/wl23 wl=0.00469387755102
[fail ] hp8_m_bump/wl13 wl=0.00265306122449 00:11:15 rc=1 :: Error Constant is Nan happen during placeflow!
[start] hp8_m_bump/wl24 wl=0.00489795918367
[fail ] hp8_m_bump/wl12 wl=0.00244897959184 00:11:22 rc=1 :: Error Constant is Nan happen during placeflow!
[start] hp8_m_bump/wl25 wl=0.00510204081633
[fail ] hp8_m_bump/wl14 wl=0.00285714285714 00:11:30 rc=1 :: Error Constant is Nan happen during placeflow!
[start] hp8_m_bump/wl26 wl=0.00530612244898
[fail ] hp8_m_bump/wl15 wl=0.0030612244898 00:11:30 rc=1 :: Error Constant is Nan happen during placeflow!
[start] hp8_m_bump/wl27 wl=0.00551020408163
[fail ] hp8_m_bump/wl17 wl=0.0034693877551 00:11:30 rc=1 :: Error Constant is Nan happen during placeflow!
[start] hp8_m_bump/wl28 wl=0.00571428571429
[fail ] hp8_m_bump/wl16 wl=0.00326530612245 00:11:31 rc=1 :: Error Constant is Nan happen during placeflow!
[start] hp8_m_bump/wl29 wl=0.00591836734694
[fail ] hp8_m_bump/wl18 wl=0.00367346938776 00:11:35 rc=1 :: Error Constant is Nan happen during placeflow!
[start] hp8_m_bump/wl30 wl=0.00612244897959
[fail ] hp8_m_bump/wl20 wl=0.00408163265306 00:11:32 rc=1 :: Error Constant is Nan happen during placeflow!
[fail ] hp8_m_bump/wl21 wl=0.00428571428571 00:11:19 rc=1 :: Error Constant is Nan happen during placeflow!
[start] hp8_m_bump/wl31 wl=0.00632653061224
[start] hp8_m_bump/wl32 wl=0.0065306122449
[fail ] hp8_m_bump/wl19 wl=0.00387755102041 00:11:40 rc=1 :: Error Constant is Nan happen during placeflow!
[start] hp8_m_bump/wl33 wl=0.00673469387755
[fail ] hp8_m_bump/wl28 wl=0.00571428571429 00:05:54 rc=143 :: 无 layout.json (rc=143)
[fail ] hp8_m_bump/wl29 wl=0.00591836734694 00:05:54 rc=143 :: 无 layout.json (rc=143)
[fail ] hp8_m_bump/wl26 wl=0.00530612244898 00:06:01 rc=143 :: 无 layout.json (rc=143)
[fail ] hp8_m_bump/wl22 wl=0.00448979591837 00:08:50 rc=143 :: 无 layout.json (rc=143)
[fail ] hp8_m_bump/wl23 wl=0.00469387755102 00:07:39 rc=143 :: 无 layout.json (rc=143)
[fail ] hp8_m_bump/wl31 wl=0.00632653061224 00:05:44 rc=143 :: 无 layout.json (rc=143)
[fail ] hp8_m_bump/wl27 wl=0.00551020408163 00:05:58 rc=143 :: 无 layout.json (rc=143)
[fail ] hp8_m_bump/wl32 wl=0.0065306122449 00:05:44 rc=143 :: 无 layout.json (rc=143)
[fail ] hp8_m_bump/wl30 wl=0.00612244897959 00:05:48 rc=143 :: 无 layout.json (rc=143)
[fail ] hp8_m_bump/wl24 wl=0.00489795918367 00:06:21 rc=143 :: 无 layout.json (rc=143)
[fail ] hp8_m_bump/wl25 wl=0.00510204081633 00:06:21 rc=143 :: 无 layout.json (rc=143)
[fail ] hp8_m_bump/wl33 wl=0.00673469387755 00:05:37 rc=143 :: 无 layout.json (rc=143)
