{
  "case": "hp6_m_bump",
  "mode": "thermal",
  "base_seed": 1,
  "status": "completed",
  "error": null,
  "legal_found": true,
  "num_legal": 1,
  "num_illegal": 0,
  "attempts": 1,
  "best_hpwl": 15897618.562181473,
  "twl_m": 15.897618562181473,
  "best_seed": 1,
  "best_legal": true,
  "best_overlaps": 0,
  "best_legalize_method": "milp",
  "best_legalize_s": 0.006388664245605469,
  "total_legalize_s": 0.006388664245605469,
  "runtime_s": 533.1889827251434,
  "attempt_log": [
    {
      "seed": 1,
      "iterations": 100,
      "overlaps": 0,
      "overlaps_raw": 0,
      "hpwl": 15897618.562181473,
      "hpwl_raw": 15897573.0,
      "run_s": 532.4845941066742,
      "legal": true,
      "legalize_method": "milp",
      "legalize_s": 0.006388664245605469,
      "layout_dir": "/root/placement/flow_tap/baseline/ATPlace_pub/result_wlsweep/hp6_m_bump/wl29/seed1"
    }
  ],
  "layout_json": "/root/placement/flow_tap/baseline/ATPlace_pub/result_wlsweep/hp6_m_bump/wl29/layout.json",
  "layout_png": "/root/placement/flow_tap/baseline/ATPlace_pub/result_wlsweep/hp6_m_bump/wl29/layout.png",
  "layout_chiplets": 6,
  "visualized": true
}
