{
  "case": "multigpu_bump",
  "mode": "thermal",
  "base_seed": 2,
  "status": "completed",
  "error": null,
  "legal_found": true,
  "num_legal": 1,
  "num_illegal": 0,
  "attempts": 1,
  "best_hpwl": 78601988.09928131,
  "twl_m": 78.60198809928131,
  "best_seed": 2,
  "best_legal": true,
  "best_overlaps": 0,
  "best_legalize_method": "milp",
  "best_legalize_s": 0.009305000305175781,
  "total_legalize_s": 0.009305000305175781,
  "runtime_s": 278.69067549705505,
  "attempt_log": [
    {
      "seed": 2,
      "iterations": 100,
      "overlaps": 0,
      "overlaps_raw": 0,
      "hpwl": 78601988.09928131,
      "hpwl_raw": 78602040.0,
      "run_s": 278.167466878891,
      "legal": true,
      "legalize_method": "milp",
      "legalize_s": 0.009305000305175781,
      "layout_dir": "/root/placement/flow_tap/baseline/ATPlace_pub/result_0wl/multigpu_bump/seed2"
    }
  ],
  "layout_json": "/root/placement/flow_tap/baseline/ATPlace_pub/result_0wl/multigpu_bump/layout.json",
  "layout_png": "/root/placement/flow_tap/baseline/ATPlace_pub/result_0wl/multigpu_bump/layout.png",
  "layout_chiplets": 6,
  "visualized": true
}
