{
  "case": "acend910_bump",
  "mode": "thermal",
  "base_seed": 1,
  "status": "completed",
  "error": null,
  "legal_found": true,
  "num_legal": 1,
  "num_illegal": 0,
  "attempts": 1,
  "best_hpwl": 42845778.20679283,
  "twl_m": 42.84577820679283,
  "best_seed": 1,
  "best_legal": true,
  "best_overlaps": 0,
  "best_legalize_method": "milp",
  "best_legalize_s": 0.012016773223876953,
  "total_legalize_s": 0.012016773223876953,
  "runtime_s": 515.8386852741241,
  "attempt_log": [
    {
      "seed": 1,
      "iterations": 100,
      "overlaps": 0,
      "overlaps_raw": 0,
      "hpwl": 42845778.20679283,
      "hpwl_raw": 42845796.0,
      "run_s": 515.0456299781799,
      "legal": true,
      "legalize_method": "milp",
      "legalize_s": 0.012016773223876953,
      "layout_dir": "/root/placement/flow_tap/baseline/ATPlace_pub/result_wlsweep/acend910_bump/wl17/seed1"
    }
  ],
  "layout_json": "/root/placement/flow_tap/baseline/ATPlace_pub/result_wlsweep/acend910_bump/wl17/layout.json",
  "layout_png": "/root/placement/flow_tap/baseline/ATPlace_pub/result_wlsweep/acend910_bump/wl17/layout.png",
  "layout_chiplets": 6,
  "visualized": true
}
