{
  "case": "cpu-dram_bump",
  "mode": "thermal",
  "base_seed": 1,
  "status": "completed",
  "error": null,
  "legal_found": true,
  "num_legal": 1,
  "num_illegal": 0,
  "attempts": 1,
  "best_hpwl": 71005994.7242899,
  "twl_m": 71.00599472428989,
  "best_seed": 1,
  "best_legal": true,
  "best_overlaps": 0,
  "best_legalize_method": "milp",
  "best_legalize_s": 0.033989906311035156,
  "total_legalize_s": 0.033989906311035156,
  "runtime_s": 662.4577453136444,
  "attempt_log": [
    {
      "seed": 1,
      "iterations": 100,
      "overlaps": 0,
      "overlaps_raw": 0,
      "hpwl": 71005994.7242899,
      "hpwl_raw": 71005736.0,
      "run_s": 659.4145159721375,
      "legal": true,
      "legalize_method": "milp",
      "legalize_s": 0.033989906311035156,
      "layout_dir": "/root/placement/flow_tap/baseline/ATPlace_pub/result_wlsweep_cpudram/cpu-dram_bump/wl45/seed1"
    }
  ],
  "layout_json": "/root/placement/flow_tap/baseline/ATPlace_pub/result_wlsweep_cpudram/cpu-dram_bump/wl45/layout.json",
  "layout_png": "/root/placement/flow_tap/baseline/ATPlace_pub/result_wlsweep_cpudram/cpu-dram_bump/wl45/layout.png",
  "layout_chiplets": 8,
  "visualized": true
}
