{
  "case": "xerox7_m_bump",
  "mode": "thermal",
  "base_seed": 1,
  "status": "completed",
  "error": null,
  "legal_found": true,
  "num_legal": 1,
  "num_illegal": 0,
  "attempts": 1,
  "best_hpwl": 58242865.48362541,
  "twl_m": 58.242865483625415,
  "best_seed": 1,
  "best_legal": true,
  "best_overlaps": 0,
  "best_legalize_method": "milp",
  "best_legalize_s": 0.03548240661621094,
  "total_legalize_s": 0.03548240661621094,
  "runtime_s": 549.5840172767639,
  "attempt_log": [
    {
      "seed": 1,
      "iterations": 100,
      "overlaps": 0,
      "overlaps_raw": 0,
      "hpwl": 58242865.48362541,
      "hpwl_raw": 58242416.0,
      "run_s": 548.2583613395691,
      "legal": true,
      "legalize_method": "milp",
      "legalize_s": 0.03548240661621094,
      "layout_dir": "/root/placement/flow_tap/baseline/ATPlace_pub/result_wlsweep/xerox7_m_bump/wl38/seed1"
    }
  ],
  "layout_json": "/root/placement/flow_tap/baseline/ATPlace_pub/result_wlsweep/xerox7_m_bump/wl38/layout.json",
  "layout_png": "/root/placement/flow_tap/baseline/ATPlace_pub/result_wlsweep/xerox7_m_bump/wl38/layout.png",
  "layout_chiplets": 7,
  "visualized": true
}
