{
  "case": "syn1_bump",
  "mode": "thermal",
  "base_seed": 4,
  "status": "completed",
  "error": null,
  "legal_found": false,
  "num_legal": 0,
  "num_illegal": 1,
  "attempts": 1,
  "best_hpwl": 44249284.67486954,
  "twl_m": 44.249284674869536,
  "best_seed": 4,
  "best_legal": false,
  "best_overlaps": 1,
  "best_legalize_method": "milp",
  "best_legalize_s": 0.01727128028869629,
  "total_legalize_s": 0.01727128028869629,
  "runtime_s": 358.9024615287781,
  "attempt_log": [
    {
      "seed": 4,
      "iterations": 100,
      "overlaps": 1,
      "overlaps_raw": 0,
      "hpwl": 44249284.67486954,
      "hpwl_raw": 44249260.0,
      "run_s": 358.34037590026855,
      "legal": false,
      "legalize_method": "milp",
      "legalize_s": 0.01727128028869629,
      "layout_dir": "/root/placement/ATPlace_pub/result/syn1_bump/seed4"
    }
  ],
  "layout_json": "/root/placement/ATPlace_pub/result/syn1_bump/layout.json",
  "layout_png": "/root/placement/ATPlace_pub/result/syn1_bump/layout.png",
  "layout_chiplets": 10,
  "visualized": true
}
