command: /root/anaconda3/envs/chipdiffusion/bin/python /root/placement/flow_tap/baseline/RL/train.py --json /root/placement/flow_tap/baseline/RL/examples/xerox8_m.json --name xerox8_m_seed1 --runs-dir /root/placement/flow_tap/baseline/RL/runs/shard4 --seed 1 --time_limit_seconds 3600.0 --max_width 51.503402 --max_height 51.503402 --thermal_intp_size 51.503402 --footprint_mode json_first --save_checkpoint --log_interval 1 --force_thermal_tables
started_at: 2026-09-12T09:44:22

使用设备: cuda
Run name: xerox8_m_seed1
Run directory: /root/placement/flow_tap/baseline/RL/runs/shard4/xerox8_m_seed1
Training log: /root/placement/flow_tap/baseline/RL/runs/shard4/xerox8_m_seed1/train.log

生成/检查 fastTM 热阻表...
  热阻表阶段状态: ok
  热阻表阶段耗时: 183.005s
  热阻表日志: /root/placement/flow_tap/baseline/RL/runs/shard4/xerox8_m_seed1/thermal_tables.log
======================================================================
PPO训练 - 芯片布局优化
======================================================================

环境信息:
  芯片数量: 8
  放置顺序: ['E', 'G', 'F', 'H', 'D', 'A', 'C', 'B']
  观察维度: 10
  动作维度: 70000
  rollout batch: 480 transitions
  minibatches: 4
  PPO update epochs: 4
  随机种子: 1
  剩余总时间预算: 3417.0s

开始训练...
----------------------------------------------------------------------
BEST_COST_LAYOUT
  epoch: 1/600, rollout: 1
  rlplanner_cost: 22.4741
  reward: 15.0027
  温度: 81.3423
  CPLEX平均线长: 21.3115
BEST_LAYOUT
  epoch: 1/600, rollout: 1
  reward: 15.0027
  温度: 81.3423
  CPLEX平均线长: 21.3115
BEST_COST_LAYOUT
  epoch: 1/600, rollout: 6
  rlplanner_cost: 18.9404
  reward: 15.5551
  温度: 80.2615
  CPLEX平均线长: 18.8416
BEST_LAYOUT
  epoch: 1/600, rollout: 6
  reward: 15.5551
  温度: 80.2615
  CPLEX平均线长: 18.8416
BEST_COST_LAYOUT
  epoch: 1/600, rollout: 12
  rlplanner_cost: 18.3858
  reward: 17.8519
  温度: 81.1290
  CPLEX平均线长: 17.5010
BEST_LAYOUT
  epoch: 1/600, rollout: 12
  reward: 17.8519
  温度: 81.1290
  CPLEX平均线长: 17.5010
BEST_COST_LAYOUT
  epoch: 1/600, rollout: 35
  rlplanner_cost: 18.1279
  reward: 17.3316
  温度: 78.6620
  CPLEX平均线长: 18.1279
BEST_COST_LAYOUT
  epoch: 1/600, rollout: 57
  rlplanner_cost: 13.7339
  reward: 22.7170
  温度: 80.7651
  CPLEX平均线长: 13.2521
BEST_LAYOUT
  epoch: 1/600, rollout: 57
  reward: 22.7170
  温度: 80.7651
  CPLEX平均线长: 13.2521
Epoch 1/600
  rollouts: 60, samples: 480
  平均奖励: 10.9746, 成功率: 100.0%
  optimizer steps: 16, KL: 0.000306
  累计RL时间: 25.63s
Epoch 2/600
  rollouts: 60, samples: 480
  平均奖励: 11.0579, 成功率: 100.0%
  optimizer steps: 16, KL: 0.000832
  累计RL时间: 47.32s
Epoch 3/600
  rollouts: 61, samples: 484
  平均奖励: 11.9340, 成功率: 98.4%
  optimizer steps: 16, KL: 0.002125
  累计RL时间: 69.22s
Epoch 4/600
  rollouts: 61, samples: 480
  平均奖励: 10.7422, 成功率: 96.7%
  optimizer steps: 16, KL: 0.003302
  累计RL时间: 90.63s
Epoch 5/600
  rollouts: 61, samples: 484
  平均奖励: 11.0178, 成功率: 98.4%
  optimizer steps: 16, KL: 0.003961
  累计RL时间: 112.48s
Epoch 6/600
  rollouts: 60, samples: 480
  平均奖励: 10.8184, 成功率: 100.0%
  optimizer steps: 16, KL: 0.005766
  累计RL时间: 134.40s
Epoch 7/600
  rollouts: 61, samples: 480
  平均奖励: 10.6831, 成功率: 96.7%
  optimizer steps: 14, KL: 0.004606
  累计RL时间: 155.73s
Epoch 8/600
  rollouts: 60, samples: 480
  平均奖励: 10.3184, 成功率: 100.0%
  optimizer steps: 16, KL: 0.005512
  累计RL时间: 177.29s
Epoch 9/600
  rollouts: 61, samples: 484
  平均奖励: 10.0217, 成功率: 98.4%
  optimizer steps: 16, KL: 0.005437
  累计RL时间: 198.87s
Epoch 10/600
  rollouts: 60, samples: 480
  平均奖励: 10.7579, 成功率: 100.0%
  optimizer steps: 16, KL: 0.005635
  累计RL时间: 220.84s
Epoch 11/600
  rollouts: 60, samples: 480
  平均奖励: 11.0903, 成功率: 100.0%
  optimizer steps: 15, KL: 0.004861
  累计RL时间: 242.95s
Epoch 12/600
  rollouts: 61, samples: 484
  平均奖励: 10.9128, 成功率: 98.4%
  optimizer steps: 13, KL: 0.004643
  累计RL时间: 264.75s
BEST_LAYOUT
  epoch: 13/600, rollout: 737
  reward: 23.0521
  温度: 79.6701
  CPLEX平均线长: 17.6345
Epoch 13/600
  rollouts: 61, samples: 484
  平均奖励: 11.2244, 成功率: 98.4%
  optimizer steps: 14, KL: 0.005468
  累计RL时间: 287.14s
Epoch 14/600
  rollouts: 61, samples: 484
  平均奖励: 11.5736, 成功率: 98.4%
  optimizer steps: 16, KL: 0.005616
  累计RL时间: 309.31s
Epoch 15/600
  rollouts: 61, samples: 484
  平均奖励: 10.6182, 成功率: 98.4%
  optimizer steps: 16, KL: 0.006053
  累计RL时间: 331.59s
Epoch 16/600
  rollouts: 60, samples: 480
  平均奖励: 11.0801, 成功率: 100.0%
  optimizer steps: 13, KL: 0.005425
  累计RL时间: 353.71s
Epoch 17/600
  rollouts: 60, samples: 480
  平均奖励: 11.7066, 成功率: 100.0%
  optimizer steps: 13, KL: 0.004902
  累计RL时间: 375.33s
Epoch 18/600
  rollouts: 60, samples: 480
  平均奖励: 12.0120, 成功率: 100.0%
  optimizer steps: 13, KL: 0.005472
  累计RL时间: 397.44s
Epoch 19/600
  rollouts: 60, samples: 480
  平均奖励: 10.2702, 成功率: 100.0%
  optimizer steps: 14, KL: 0.004861
  累计RL时间: 420.12s
Epoch 20/600
  rollouts: 61, samples: 480
  平均奖励: 11.3471, 成功率: 96.7%
  optimizer steps: 14, KL: 0.004975
  累计RL时间: 441.72s
Epoch 21/600
  rollouts: 61, samples: 484
  平均奖励: 11.1432, 成功率: 98.4%
  optimizer steps: 14, KL: 0.005306
  累计RL时间: 463.23s
Epoch 22/600
  rollouts: 61, samples: 484
  平均奖励: 11.5236, 成功率: 98.4%
  optimizer steps: 12, KL: 0.004631
  累计RL时间: 485.02s
Epoch 23/600
  rollouts: 60, samples: 480
  平均奖励: 10.8912, 成功率: 100.0%
  optimizer steps: 12, KL: 0.005057
  累计RL时间: 506.49s
Epoch 24/600
  rollouts: 60, samples: 480
  平均奖励: 10.6312, 成功率: 100.0%
  optimizer steps: 12, KL: 0.005262
  累计RL时间: 528.12s
Epoch 25/600
  rollouts: 60, samples: 480
  平均奖励: 11.2678, 成功率: 100.0%
  optimizer steps: 12, KL: 0.004898
  累计RL时间: 550.05s
Epoch 26/600
  rollouts: 60, samples: 480
  平均奖励: 10.8457, 成功率: 100.0%
  optimizer steps: 12, KL: 0.005946
  累计RL时间: 571.61s
Epoch 27/600
  rollouts: 60, samples: 480
  平均奖励: 11.9434, 成功率: 100.0%
  optimizer steps: 13, KL: 0.005085
  累计RL时间: 593.63s
Epoch 28/600
  rollouts: 61, samples: 484
  平均奖励: 10.7254, 成功率: 98.4%
  optimizer steps: 12, KL: 0.004490
  累计RL时间: 616.43s
Epoch 29/600
  rollouts: 60, samples: 480
  平均奖励: 10.7732, 成功率: 100.0%
  optimizer steps: 12, KL: 0.005105
  累计RL时间: 638.42s
Epoch 30/600
  rollouts: 60, samples: 480
  平均奖励: 10.9565, 成功率: 100.0%
  optimizer steps: 11, KL: 0.005307
  累计RL时间: 660.42s
Epoch 31/600
  rollouts: 60, samples: 480
  平均奖励: 11.1079, 成功率: 100.0%
  optimizer steps: 11, KL: 0.004995
  累计RL时间: 682.20s
Epoch 32/600
  rollouts: 60, samples: 480
  平均奖励: 11.7344, 成功率: 100.0%
  optimizer steps: 11, KL: 0.004848
  累计RL时间: 704.30s
Epoch 33/600
  rollouts: 60, samples: 480
  平均奖励: 11.9052, 成功率: 100.0%
  optimizer steps: 11, KL: 0.005192
  累计RL时间: 726.05s
Epoch 34/600
  rollouts: 60, samples: 480
  平均奖励: 12.3280, 成功率: 100.0%
  optimizer steps: 11, KL: 0.004597
  累计RL时间: 747.46s
Epoch 35/600
  rollouts: 60, samples: 480
  平均奖励: 12.5508, 成功率: 100.0%
  optimizer steps: 11, KL: 0.004882
  累计RL时间: 769.07s
Epoch 36/600
  rollouts: 61, samples: 484
  平均奖励: 11.8588, 成功率: 98.4%
  optimizer steps: 12, KL: 0.004975
  累计RL时间: 790.71s
Epoch 37/600
  rollouts: 61, samples: 484
  平均奖励: 11.6245, 成功率: 98.4%
  optimizer steps: 11, KL: 0.004583
  累计RL时间: 812.23s
Epoch 38/600
  rollouts: 60, samples: 480
  平均奖励: 11.4925, 成功率: 100.0%
  optimizer steps: 12, KL: 0.005320
  累计RL时间: 833.92s
Epoch 39/600
  rollouts: 60, samples: 480
  平均奖励: 12.2977, 成功率: 100.0%
  optimizer steps: 13, KL: 0.005520
  累计RL时间: 855.40s
Epoch 40/600
  rollouts: 60, samples: 480
  平均奖励: 11.6475, 成功率: 100.0%
  optimizer steps: 11, KL: 0.005544
  累计RL时间: 876.95s
Epoch 41/600
  rollouts: 60, samples: 480
  平均奖励: 11.9780, 成功率: 100.0%
  optimizer steps: 11, KL: 0.004590
  累计RL时间: 898.44s
Epoch 42/600
  rollouts: 60, samples: 480
  平均奖励: 12.1601, 成功率: 100.0%
  optimizer steps: 11, KL: 0.005596
  累计RL时间: 920.46s
Epoch 43/600
  rollouts: 61, samples: 484
  平均奖励: 11.6269, 成功率: 98.4%
  optimizer steps: 13, KL: 0.004984
  累计RL时间: 942.06s
Epoch 44/600
  rollouts: 60, samples: 480
  平均奖励: 11.8888, 成功率: 100.0%
  optimizer steps: 13, KL: 0.004783
  累计RL时间: 963.77s
Epoch 45/600
  rollouts: 61, samples: 480
  平均奖励: 12.2327, 成功率: 96.7%
  optimizer steps: 12, KL: 0.005187
  累计RL时间: 985.13s
Epoch 46/600
  rollouts: 60, samples: 480
  平均奖励: 11.3432, 成功率: 100.0%
  optimizer steps: 13, KL: 0.005265
  累计RL时间: 1006.84s
Epoch 47/600
  rollouts: 60, samples: 480
  平均奖励: 11.6253, 成功率: 100.0%
  optimizer steps: 12, KL: 0.005450
  累计RL时间: 1028.25s
Epoch 48/600
  rollouts: 61, samples: 484
  平均奖励: 12.1189, 成功率: 98.4%
  optimizer steps: 11, KL: 0.005515
  累计RL时间: 1050.20s
Epoch 49/600
  rollouts: 61, samples: 480
  平均奖励: 12.3814, 成功率: 96.7%
  optimizer steps: 11, KL: 0.005005
  累计RL时间: 1072.80s
Epoch 50/600
  rollouts: 60, samples: 480
  平均奖励: 12.2287, 成功率: 100.0%
  optimizer steps: 12, KL: 0.005526
  累计RL时间: 1094.30s
Epoch 51/600
  rollouts: 60, samples: 480
  平均奖励: 11.3106, 成功率: 100.0%
  optimizer steps: 12, KL: 0.005465
  累计RL时间: 1115.61s
Epoch 52/600
  rollouts: 60, samples: 480
  平均奖励: 11.6516, 成功率: 100.0%
  optimizer steps: 11, KL: 0.005519
  累计RL时间: 1137.22s
Epoch 53/600
  rollouts: 60, samples: 480
  平均奖励: 11.8173, 成功率: 100.0%
  optimizer steps: 11, KL: 0.005216
  累计RL时间: 1158.60s
Epoch 54/600
  rollouts: 60, samples: 480
  平均奖励: 11.9671, 成功率: 100.0%
  optimizer steps: 12, KL: 0.005492
  累计RL时间: 1179.63s
BEST_LAYOUT
  epoch: 55/600, rollout: 3317
  reward: 23.8360
  温度: 78.9830
  CPLEX平均线长: 15.3620
Epoch 55/600
  rollouts: 61, samples: 480
  平均奖励: 12.9518, 成功率: 96.7%
  optimizer steps: 13, KL: 0.005089
  累计RL时间: 1201.56s
Epoch 56/600
  rollouts: 61, samples: 484
  平均奖励: 12.4275, 成功率: 98.4%
  optimizer steps: 11, KL: 0.004703
  累计RL时间: 1223.05s
Epoch 57/600
  rollouts: 61, samples: 484
  平均奖励: 11.7152, 成功率: 98.4%
  optimizer steps: 11, KL: 0.004426
  累计RL时间: 1244.28s
Epoch 58/600
  rollouts: 61, samples: 484
  平均奖励: 12.3884, 成功率: 98.4%
  optimizer steps: 13, KL: 0.006167
  累计RL时间: 1265.97s
Epoch 59/600
  rollouts: 60, samples: 480
  平均奖励: 12.8899, 成功率: 100.0%
  optimizer steps: 12, KL: 0.005782
  累计RL时间: 1287.25s
Epoch 60/600
  rollouts: 61, samples: 484
  平均奖励: 12.2648, 成功率: 98.4%
  optimizer steps: 12, KL: 0.005674
  累计RL时间: 1308.59s
Epoch 61/600
  rollouts: 60, samples: 480
  平均奖励: 12.5620, 成功率: 100.0%
  optimizer steps: 11, KL: 0.005252
  累计RL时间: 1330.14s
Epoch 62/600
  rollouts: 61, samples: 484
  平均奖励: 12.6070, 成功率: 98.4%
  optimizer steps: 12, KL: 0.005834
  累计RL时间: 1351.68s
Epoch 63/600
  rollouts: 60, samples: 480
  平均奖励: 12.8592, 成功率: 100.0%
  optimizer steps: 12, KL: 0.005506
  累计RL时间: 1373.25s
Epoch 64/600
  rollouts: 60, samples: 480
  平均奖励: 13.1872, 成功率: 100.0%
  optimizer steps: 10, KL: 0.004572
  累计RL时间: 1394.94s
Epoch 65/600
  rollouts: 61, samples: 480
  平均奖励: 12.5902, 成功率: 96.7%
  optimizer steps: 11, KL: 0.005095
  累计RL时间: 1415.99s
Epoch 66/600
  rollouts: 60, samples: 480
  平均奖励: 11.4215, 成功率: 100.0%
  optimizer steps: 13, KL: 0.004512
  累计RL时间: 1437.98s
Epoch 67/600
  rollouts: 61, samples: 484
  平均奖励: 12.0257, 成功率: 98.4%
  optimizer steps: 13, KL: 0.005056
  累计RL时间: 1459.43s
Epoch 68/600
  rollouts: 61, samples: 480
  平均奖励: 12.0245, 成功率: 96.7%
  optimizer steps: 11, KL: 0.005562
  累计RL时间: 1480.79s
Epoch 69/600
  rollouts: 60, samples: 480
  平均奖励: 12.9329, 成功率: 100.0%
  optimizer steps: 12, KL: 0.005540
  累计RL时间: 1502.25s
Epoch 70/600
  rollouts: 61, samples: 484
  平均奖励: 12.2668, 成功率: 98.4%
  optimizer steps: 12, KL: 0.004873
  累计RL时间: 1523.82s
Epoch 71/600
  rollouts: 60, samples: 480
  平均奖励: 11.9124, 成功率: 100.0%
  optimizer steps: 10, KL: 0.005086
  累计RL时间: 1545.26s
Epoch 72/600
  rollouts: 60, samples: 480
  平均奖励: 10.3524, 成功率: 100.0%
  optimizer steps: 11, KL: 0.004615
  累计RL时间: 1566.71s
Epoch 73/600
  rollouts: 60, samples: 480
  平均奖励: 12.1264, 成功率: 100.0%
  optimizer steps: 13, KL: 0.004341
  累计RL时间: 1588.46s
Epoch 74/600
  rollouts: 60, samples: 480
  平均奖励: 12.3558, 成功率: 100.0%
  optimizer steps: 10, KL: 0.005018
  累计RL时间: 1609.74s
Epoch 75/600
  rollouts: 60, samples: 480
  平均奖励: 12.0943, 成功率: 100.0%
  optimizer steps: 10, KL: 0.005314
  累计RL时间: 1631.06s
Epoch 76/600
  rollouts: 60, samples: 480
  平均奖励: 11.6845, 成功率: 100.0%
  optimizer steps: 11, KL: 0.004845
  累计RL时间: 1652.53s
Epoch 77/600
  rollouts: 61, samples: 484
  平均奖励: 12.2975, 成功率: 98.4%
  optimizer steps: 11, KL: 0.004594
  累计RL时间: 1674.14s
Epoch 78/600
  rollouts: 60, samples: 480
  平均奖励: 11.9083, 成功率: 100.0%
  optimizer steps: 13, KL: 0.005787
  累计RL时间: 1695.56s
Epoch 79/600
  rollouts: 61, samples: 480
  平均奖励: 11.6427, 成功率: 96.7%
  optimizer steps: 11, KL: 0.005833
  累计RL时间: 1716.94s
Epoch 80/600
  rollouts: 60, samples: 480
  平均奖励: 12.6054, 成功率: 100.0%
  optimizer steps: 11, KL: 0.005152
  累计RL时间: 1739.12s
Epoch 81/600
  rollouts: 60, samples: 480
  平均奖励: 12.0501, 成功率: 100.0%
  optimizer steps: 11, KL: 0.004271
  累计RL时间: 1760.36s
Epoch 82/600
  rollouts: 60, samples: 480
  平均奖励: 11.9737, 成功率: 100.0%
  optimizer steps: 11, KL: 0.004557
  累计RL时间: 1781.95s
Epoch 83/600
  rollouts: 60, samples: 480
  平均奖励: 12.4538, 成功率: 100.0%
  optimizer steps: 11, KL: 0.005221
  累计RL时间: 1803.49s
Epoch 84/600
  rollouts: 60, samples: 480
  平均奖励: 12.0836, 成功率: 100.0%
  optimizer steps: 11, KL: 0.006506
  累计RL时间: 1825.39s
Epoch 85/600
  rollouts: 60, samples: 480
  平均奖励: 12.2936, 成功率: 100.0%
  optimizer steps: 13, KL: 0.005767
  累计RL时间: 1847.41s
Epoch 86/600
  rollouts: 60, samples: 480
  平均奖励: 12.2413, 成功率: 100.0%
  optimizer steps: 10, KL: 0.005358
  累计RL时间: 1868.39s
Epoch 87/600
  rollouts: 60, samples: 480
  平均奖励: 12.4299, 成功率: 100.0%
  optimizer steps: 10, KL: 0.004680
  累计RL时间: 1889.60s
Epoch 88/600
  rollouts: 61, samples: 484
  平均奖励: 11.9350, 成功率: 98.4%
  optimizer steps: 10, KL: 0.004479
  累计RL时间: 1910.97s
Epoch 89/600
  rollouts: 60, samples: 480
  平均奖励: 12.4526, 成功率: 100.0%
  optimizer steps: 12, KL: 0.005333
  累计RL时间: 1932.32s
Epoch 90/600
  rollouts: 60, samples: 480
  平均奖励: 11.7525, 成功率: 100.0%
  optimizer steps: 11, KL: 0.005041
  累计RL时间: 1953.76s
Epoch 91/600
  rollouts: 60, samples: 480
  平均奖励: 12.7183, 成功率: 100.0%
  optimizer steps: 11, KL: 0.004531
  累计RL时间: 1975.08s
Epoch 92/600
  rollouts: 60, samples: 480
  平均奖励: 12.1407, 成功率: 100.0%
  optimizer steps: 12, KL: 0.005940
  累计RL时间: 1996.53s
Epoch 93/600
  rollouts: 60, samples: 480
  平均奖励: 12.9278, 成功率: 100.0%
  optimizer steps: 13, KL: 0.005317
  累计RL时间: 2018.09s
Epoch 94/600
  rollouts: 60, samples: 480
  平均奖励: 11.4404, 成功率: 100.0%
  optimizer steps: 13, KL: 0.004166
  累计RL时间: 2039.45s
BEST_LAYOUT
  epoch: 95/600, rollout: 5692
  reward: 24.6296
  温度: 80.9345
  CPLEX平均线长: 16.8896
Epoch 95/600
  rollouts: 60, samples: 480
  平均奖励: 12.6679, 成功率: 100.0%
  optimizer steps: 14, KL: 0.004881
  累计RL时间: 2061.26s
Epoch 96/600
  rollouts: 61, samples: 484
  平均奖励: 12.0347, 成功率: 98.4%
  optimizer steps: 13, KL: 0.005120
  累计RL时间: 2082.63s
Epoch 97/600
  rollouts: 60, samples: 480
  平均奖励: 11.9355, 成功率: 100.0%
  optimizer steps: 10, KL: 0.004862
  累计RL时间: 2104.15s
Epoch 98/600
  rollouts: 60, samples: 480
  平均奖励: 12.5385, 成功率: 100.0%
  optimizer steps: 11, KL: 0.005232
  累计RL时间: 2126.14s
Epoch 99/600
  rollouts: 60, samples: 480
  平均奖励: 13.4378, 成功率: 100.0%
  optimizer steps: 13, KL: 0.005784
  累计RL时间: 2147.94s
Epoch 100/600
  rollouts: 60, samples: 480
  平均奖励: 11.9026, 成功率: 100.0%
  optimizer steps: 14, KL: 0.005067
  累计RL时间: 2169.44s
Epoch 101/600
  rollouts: 60, samples: 480
  平均奖励: 13.3702, 成功率: 100.0%
  optimizer steps: 13, KL: 0.004186
  累计RL时间: 2190.81s
Epoch 102/600
  rollouts: 61, samples: 484
  平均奖励: 11.9908, 成功率: 98.4%
  optimizer steps: 15, KL: 0.004536
  累计RL时间: 2212.35s
Epoch 103/600
  rollouts: 60, samples: 480
  平均奖励: 12.7596, 成功率: 100.0%
  optimizer steps: 15, KL: 0.005286
  累计RL时间: 2234.05s
Epoch 104/600
  rollouts: 60, samples: 480
  平均奖励: 11.9044, 成功率: 100.0%
  optimizer steps: 11, KL: 0.004070
  累计RL时间: 2255.36s
Epoch 105/600
  rollouts: 60, samples: 480
  平均奖励: 12.9485, 成功率: 100.0%
  optimizer steps: 16, KL: 0.004824
  累计RL时间: 2276.85s
Epoch 106/600
  rollouts: 60, samples: 480
  平均奖励: 12.5971, 成功率: 100.0%
  optimizer steps: 12, KL: 0.004786
  累计RL时间: 2298.34s
Epoch 107/600
  rollouts: 61, samples: 484
  平均奖励: 13.6143, 成功率: 98.4%
  optimizer steps: 14, KL: 0.005050
  累计RL时间: 2319.86s
Epoch 108/600
  rollouts: 60, samples: 480
  平均奖励: 12.7849, 成功率: 100.0%
  optimizer steps: 13, KL: 0.004986
  累计RL时间: 2340.99s
Epoch 109/600
  rollouts: 60, samples: 480
  平均奖励: 12.6033, 成功率: 100.0%
  optimizer steps: 12, KL: 0.005426
  累计RL时间: 2362.43s
Epoch 110/600
  rollouts: 60, samples: 480
  平均奖励: 12.9459, 成功率: 100.0%
  optimizer steps: 10, KL: 0.005211
  累计RL时间: 2383.94s
Epoch 111/600
  rollouts: 60, samples: 480
  平均奖励: 11.3575, 成功率: 100.0%
  optimizer steps: 13, KL: 0.005466
  累计RL时间: 2405.06s
Epoch 112/600
  rollouts: 60, samples: 480
  平均奖励: 12.4394, 成功率: 100.0%
  optimizer steps: 12, KL: 0.004685
  累计RL时间: 2426.66s
Epoch 113/600
  rollouts: 60, samples: 480
  平均奖励: 13.3275, 成功率: 100.0%
  optimizer steps: 9, KL: 0.005685
  累计RL时间: 2447.91s
Epoch 114/600
  rollouts: 60, samples: 480
  平均奖励: 12.5390, 成功率: 100.0%
  optimizer steps: 11, KL: 0.004817
  累计RL时间: 2469.02s
BEST_LAYOUT
  epoch: 115/600, rollout: 6931
  reward: 25.2920
  温度: 80.3032
  CPLEX平均线长: 16.7037
Epoch 115/600
  rollouts: 60, samples: 480
  平均奖励: 12.0848, 成功率: 100.0%
  optimizer steps: 10, KL: 0.004853
  累计RL时间: 2490.87s
Epoch 116/600
  rollouts: 60, samples: 480
  平均奖励: 13.0505, 成功率: 100.0%
  optimizer steps: 11, KL: 0.004849
  累计RL时间: 2512.22s
Epoch 117/600
  rollouts: 60, samples: 480
  平均奖励: 13.1246, 成功率: 100.0%
  optimizer steps: 11, KL: 0.006611
  累计RL时间: 2533.64s
Epoch 118/600
  rollouts: 61, samples: 484
  平均奖励: 12.6862, 成功率: 98.4%
  optimizer steps: 11, KL: 0.005882
  累计RL时间: 2554.99s
Epoch 119/600
  rollouts: 61, samples: 484
  平均奖励: 11.8099, 成功率: 98.4%
  optimizer steps: 11, KL: 0.004965
  累计RL时间: 2576.55s
Epoch 120/600
  rollouts: 61, samples: 484
  平均奖励: 13.3713, 成功率: 98.4%
  optimizer steps: 12, KL: 0.004597
  累计RL时间: 2598.07s
Epoch 121/600
  rollouts: 60, samples: 480
  平均奖励: 12.8071, 成功率: 100.0%
  optimizer steps: 13, KL: 0.005530
  累计RL时间: 2620.28s
Epoch 122/600
  rollouts: 60, samples: 480
  平均奖励: 13.3316, 成功率: 100.0%
  optimizer steps: 12, KL: 0.005001
  累计RL时间: 2642.12s
Epoch 123/600
  rollouts: 61, samples: 484
  平均奖励: 13.4717, 成功率: 98.4%
  optimizer steps: 9, KL: 0.004427
  累计RL时间: 2664.01s
Epoch 124/600
  rollouts: 60, samples: 480
  平均奖励: 12.6310, 成功率: 100.0%
  optimizer steps: 10, KL: 0.005549
  累计RL时间: 2686.15s
Epoch 125/600
  rollouts: 60, samples: 480
  平均奖励: 12.3351, 成功率: 100.0%
  optimizer steps: 10, KL: 0.005850
  累计RL时间: 2707.79s
Epoch 126/600
  rollouts: 60, samples: 480
  平均奖励: 12.6316, 成功率: 100.0%
  optimizer steps: 9, KL: 0.005044
  累计RL时间: 2729.89s
Epoch 127/600
  rollouts: 61, samples: 484
  平均奖励: 12.6497, 成功率: 98.4%
  optimizer steps: 10, KL: 0.005330
  累计RL时间: 2751.53s
Epoch 128/600
  rollouts: 61, samples: 484
  平均奖励: 12.5464, 成功率: 98.4%
  optimizer steps: 11, KL: 0.005553
  累计RL时间: 2773.21s
Epoch 129/600
  rollouts: 60, samples: 480
  平均奖励: 13.2431, 成功率: 100.0%
  optimizer steps: 11, KL: 0.004791
  累计RL时间: 2795.05s
Epoch 130/600
  rollouts: 60, samples: 480
  平均奖励: 12.5558, 成功率: 100.0%
  optimizer steps: 10, KL: 0.004223
  累计RL时间: 2817.03s
Epoch 131/600
  rollouts: 61, samples: 484
  平均奖励: 13.2029, 成功率: 98.4%
  optimizer steps: 14, KL: 0.005845
  累计RL时间: 2840.13s
Epoch 132/600
  rollouts: 62, samples: 484
  平均奖励: 13.3703, 成功率: 95.2%
  optimizer steps: 11, KL: 0.005395
  累计RL时间: 2861.53s
Epoch 133/600
  rollouts: 61, samples: 480
  平均奖励: 13.6062, 成功率: 96.7%
  optimizer steps: 11, KL: 0.005741
  累计RL时间: 2883.50s
Epoch 134/600
  rollouts: 60, samples: 480
  平均奖励: 13.1770, 成功率: 100.0%
  optimizer steps: 9, KL: 0.004293
  累计RL时间: 2905.31s
Epoch 135/600
  rollouts: 60, samples: 480
  平均奖励: 13.1752, 成功率: 100.0%
  optimizer steps: 9, KL: 0.006442
  累计RL时间: 2926.86s
Epoch 136/600
  rollouts: 61, samples: 484
  平均奖励: 14.1097, 成功率: 98.4%
  optimizer steps: 12, KL: 0.005779
  累计RL时间: 2948.67s
Epoch 137/600
  rollouts: 60, samples: 480
  平均奖励: 13.2432, 成功率: 100.0%
  optimizer steps: 11, KL: 0.004997
  累计RL时间: 2970.20s
Epoch 138/600
  rollouts: 60, samples: 480
  平均奖励: 13.0453, 成功率: 100.0%
  optimizer steps: 10, KL: 0.004833
  累计RL时间: 2991.61s
Epoch 139/600
  rollouts: 60, samples: 480
  平均奖励: 12.7707, 成功率: 100.0%
  optimizer steps: 12, KL: 0.007251
  累计RL时间: 3013.24s
Epoch 140/600
  rollouts: 60, samples: 480
  平均奖励: 13.3928, 成功率: 100.0%
  optimizer steps: 11, KL: 0.005302
  累计RL时间: 3034.73s
Epoch 141/600
  rollouts: 60, samples: 480
  平均奖励: 13.3139, 成功率: 100.0%
  optimizer steps: 11, KL: 0.005398
  累计RL时间: 3056.26s
Epoch 142/600
  rollouts: 60, samples: 480
  平均奖励: 13.6459, 成功率: 100.0%
  optimizer steps: 9, KL: 0.005344
  累计RL时间: 3078.79s
Epoch 143/600
  rollouts: 61, samples: 480
  平均奖励: 13.1167, 成功率: 96.7%
  optimizer steps: 11, KL: 0.004758
  累计RL时间: 3100.25s
Epoch 144/600
  rollouts: 60, samples: 480
  平均奖励: 12.6622, 成功率: 100.0%
  optimizer steps: 10, KL: 0.005068
  累计RL时间: 3121.75s
Epoch 145/600
  rollouts: 60, samples: 480
  平均奖励: 13.5609, 成功率: 100.0%
  optimizer steps: 12, KL: 0.005952
  累计RL时间: 3143.19s
Epoch 146/600
  rollouts: 61, samples: 484
  平均奖励: 13.6548, 成功率: 98.4%
  optimizer steps: 12, KL: 0.005006
  累计RL时间: 3164.78s
Epoch 147/600
  rollouts: 60, samples: 480
  平均奖励: 13.0584, 成功率: 100.0%
  optimizer steps: 9, KL: 0.004436
  累计RL时间: 3186.17s
Epoch 148/600
  rollouts: 61, samples: 484
  平均奖励: 13.1738, 成功率: 98.4%
  optimizer steps: 12, KL: 0.006688
  累计RL时间: 3207.93s
Epoch 149/600
  rollouts: 60, samples: 480
  平均奖励: 13.4125, 成功率: 100.0%
  optimizer steps: 10, KL: 0.005237
  累计RL时间: 3229.34s
Epoch 150/600
  rollouts: 60, samples: 480
  平均奖励: 12.2063, 成功率: 100.0%
  optimizer steps: 11, KL: 0.004067
  累计RL时间: 3250.48s
Epoch 151/600
  rollouts: 60, samples: 480
  平均奖励: 13.8488, 成功率: 100.0%
  optimizer steps: 15, KL: 0.005783
  累计RL时间: 3272.30s
Epoch 152/600
  rollouts: 60, samples: 480
  平均奖励: 13.8786, 成功率: 100.0%
  optimizer steps: 11, KL: 0.004840
  累计RL时间: 3293.59s
Epoch 153/600
  rollouts: 61, samples: 484
  平均奖励: 12.3320, 成功率: 98.4%
  optimizer steps: 11, KL: 0.005620
  累计RL时间: 3314.92s
Epoch 154/600
  rollouts: 60, samples: 480
  平均奖励: 13.6389, 成功率: 100.0%
  optimizer steps: 12, KL: 0.005235
  累计RL时间: 3336.28s
Epoch 155/600
  rollouts: 60, samples: 480
  平均奖励: 13.2968, 成功率: 100.0%
  optimizer steps: 11, KL: 0.005946
  累计RL时间: 3357.95s
Epoch 156/600
  rollouts: 60, samples: 480
  平均奖励: 14.1248, 成功率: 100.0%
  optimizer steps: 11, KL: 0.004696
  累计RL时间: 3379.19s
Epoch 157/600
  rollouts: 22, samples: 176
  平均奖励: 12.6703, 成功率: 100.0%
  optimizer steps: 10, KL: 0.004728
  累计RL时间: 3387.13s
模型已保存到 /root/placement/flow_tap/baseline/RL/runs/shard4/xerox8_m_seed1/checkpoints/ppo_best.pt
模型已保存到 /root/placement/flow_tap/baseline/RL/runs/shard4/xerox8_m_seed1/checkpoints/ppo_best_cost.pt

======================================================================
训练完成！
  请求epochs: 600
  完整epochs: 156
  已执行epoch轮次: 157
  总rollouts: 9432
  总transitions: 75208
  最终成功率: 99.3%
  最近平均奖励: 12.6661
  optimizer steps: 1879
  终止原因: time_limit
======================================================================

运行时间统计:
  热阻表: 183.005s
  RL求解: 3387.431s
  总时间: 3570.437s
  best layout发现时间: 2026-09-12T10:30:45
  best layout累计RL时间: 2488.997s
  best layout累计总时间: 2672.003s

Model saved to /root/placement/flow_tap/baseline/RL/runs/shard4/xerox8_m_seed1/checkpoints/ppo_best.pt
