{
  "case": "hp6_m_bump",
  "mode": "thermal",
  "base_seed": 1,
  "status": "completed",
  "error": null,
  "legal_found": true,
  "num_legal": 1,
  "num_illegal": 0,
  "attempts": 1,
  "best_hpwl": 15783131.232717514,
  "twl_m": 15.783131232717514,
  "best_seed": 1,
  "best_legal": true,
  "best_overlaps": 0,
  "best_legalize_method": "milp",
  "best_legalize_s": 0.011111259460449219,
  "total_legalize_s": 0.011111259460449219,
  "runtime_s": 545.4307918548584,
  "attempt_log": [
    {
      "seed": 1,
      "iterations": 100,
      "overlaps": 0,
      "overlaps_raw": 0,
      "hpwl": 15783131.232717514,
      "hpwl_raw": 15783168.0,
      "run_s": 544.6941888332367,
      "legal": true,
      "legalize_method": "milp",
      "legalize_s": 0.011111259460449219,
      "layout_dir": "/root/placement/flow_tap/baseline/ATPlace_pub/result_wlsweep/hp6_m_bump/wl17/seed1"
    }
  ],
  "layout_json": "/root/placement/flow_tap/baseline/ATPlace_pub/result_wlsweep/hp6_m_bump/wl17/layout.json",
  "layout_png": "/root/placement/flow_tap/baseline/ATPlace_pub/result_wlsweep/hp6_m_bump/wl17/layout.png",
  "layout_chiplets": 6,
  "visualized": true
}
