{
  "case": "syn4_bump",
  "mode": "thermal",
  "base_seed": 1,
  "status": "completed",
  "error": null,
  "legal_found": true,
  "num_legal": 1,
  "num_illegal": 0,
  "attempts": 1,
  "best_hpwl": 67277801.69509959,
  "twl_m": 67.2778016950996,
  "best_seed": 1,
  "best_legal": true,
  "best_overlaps": 0,
  "best_legalize_method": "milp",
  "best_legalize_s": 0.36498355865478516,
  "total_legalize_s": 0.36498355865478516,
  "runtime_s": 2146.3476004600525,
  "attempt_log": [
    {
      "seed": 1,
      "iterations": 100,
      "overlaps": 0,
      "overlaps_raw": 0,
      "hpwl": 67277801.69509959,
      "hpwl_raw": 67277264.0,
      "run_s": 2136.7850863933563,
      "legal": true,
      "legalize_method": "milp",
      "legalize_s": 0.36498355865478516,
      "layout_dir": "/root/placement/flow_tap/baseline/ATPlace_pub/result_wlsweep/syn4_bump/wl18/seed1"
    }
  ],
  "layout_json": "/root/placement/flow_tap/baseline/ATPlace_pub/result_wlsweep/syn4_bump/wl18/layout.json",
  "layout_png": "/root/placement/flow_tap/baseline/ATPlace_pub/result_wlsweep/syn4_bump/wl18/layout.png",
  "layout_chiplets": 13,
  "visualized": true
}
