{
  "case": "cpu-dram_bump",
  "mode": "thermal",
  "base_seed": 3,
  "status": "completed",
  "error": null,
  "legal_found": true,
  "num_legal": 1,
  "num_illegal": 0,
  "attempts": 1,
  "best_hpwl": 59657137.44686556,
  "twl_m": 59.65713744686556,
  "best_seed": 3,
  "best_legal": true,
  "best_overlaps": 0,
  "best_legalize_method": "milp",
  "best_legalize_s": 0.022531986236572266,
  "total_legalize_s": 0.022531986236572266,
  "runtime_s": 316.0251657962799,
  "attempt_log": [
    {
      "seed": 3,
      "iterations": 100,
      "overlaps": 0,
      "overlaps_raw": 0,
      "hpwl": 59657137.44686556,
      "hpwl_raw": 59657064.0,
      "run_s": 315.31616401672363,
      "legal": true,
      "legalize_method": "milp",
      "legalize_s": 0.022531986236572266,
      "layout_dir": "/root/placement/ATPlace_pub/result/cpu-dram_bump/seed3"
    }
  ],
  "layout_json": "/root/placement/ATPlace_pub/result/cpu-dram_bump/layout.json",
  "layout_png": "/root/placement/ATPlace_pub/result/cpu-dram_bump/layout.png",
  "layout_chiplets": 8,
  "visualized": true
}
