{
  "case": "cpu-dram_bump",
  "mode": "thermal",
  "base_seed": 2,
  "status": "completed",
  "error": null,
  "legal_found": true,
  "num_legal": 1,
  "num_illegal": 0,
  "attempts": 1,
  "best_hpwl": 63511417.54732323,
  "twl_m": 63.51141754732323,
  "best_seed": 2,
  "best_legal": true,
  "best_overlaps": 0,
  "best_legalize_method": "milp",
  "best_legalize_s": 0.01760101318359375,
  "total_legalize_s": 0.01760101318359375,
  "runtime_s": 310.28756761550903,
  "attempt_log": [
    {
      "seed": 2,
      "iterations": 100,
      "overlaps": 0,
      "overlaps_raw": 0,
      "hpwl": 63511417.54732323,
      "hpwl_raw": 63511388.0,
      "run_s": 309.57876563072205,
      "legal": true,
      "legalize_method": "milp",
      "legalize_s": 0.01760101318359375,
      "layout_dir": "/root/placement/ATPlace_pub/result/cpu-dram_bump/seed2"
    }
  ],
  "layout_json": "/root/placement/ATPlace_pub/result/cpu-dram_bump/layout.json",
  "layout_png": "/root/placement/ATPlace_pub/result/cpu-dram_bump/layout.png",
  "layout_chiplets": 8,
  "visualized": true
}
