experiment=rl_3cases_5seeds_1h_par5_20260918_120058
started_at=2026-09-18 12:00:58
python=/root/anaconda3/envs/chipdiffusion/bin/python3
cases=hp6_m xerox6_m xerox7_m
seeds=3
time_limit_seconds=3600 (includes forced thermal tables, RL, and checkpoint)
max_epochs=600
rollout_batch_size=480
num_minibatches=4
ppo_update_epochs=4
grid_resolution=auto
max_auto_grid_resolution=100
exact_action_slots=50000
thermal_intp_size=50
placement_area_weight=1.0
placement_pin_weight=1.0
thermal_reuse_across_seeds=disabled (--force_thermal_tables)
checkpoint=best policy only (no optimizer state)
batch_dir=/root/placement/flow_tap/baseline/RL/runs/rl_3cases_5seeds_1h_par5_20260918_120058

Checking PyTorch and CPLEX...
Checking PyTorch and CPLEX...
torch=2.11.0+cu130, cplex=22.1.0.0
torch=2.11.0+cu130, cplex=22.1.0.0
torch=2.11.0+cu130, cplex=22.1.0.0
torch=2.11.0+cu130, cplex=22.1.0.0
torch=2.11.0+cu130, cplex=22.1.0.0
======================================================================
Starting complete round for seed=4
----------------------------------------------------------------------
run=1, seed=4, case=hp6_m
command: /root/anaconda3/envs/chipdiffusion/bin/python3 train.py --name rl_3cases_5seeds_1h_par5_20260918_120058_seed4_hp6_m --json examples/hp6_m.json --num_epochs 600 --rollout_batch_size 480 --num_minibatches 4 --ppo_update_epochs 4 --log_interval 1 --grid_resolution auto --max_auto_grid_resolution 100 --exact_action_slots 50000 --thermal_intp_size 50 --placement_area_weight 1.0 --placement_pin_weight 1.0 --seed 4 --time_limit_seconds 3600 --force_thermal_tables --save_checkpoint
======================================================================
Starting complete round for seed=3
----------------------------------------------------------------------
run=1, seed=3, case=hp6_m
command: /root/anaconda3/envs/chipdiffusion/bin/python3 train.py --name rl_3cases_5seeds_1h_par5_20260918_120058_seed3_hp6_m --json examples/hp6_m.json --num_epochs 600 --rollout_batch_size 480 --num_minibatches 4 --ppo_update_epochs 4 --log_interval 1 --grid_resolution auto --max_auto_grid_resolution 100 --exact_action_slots 50000 --thermal_intp_size 50 --placement_area_weight 1.0 --placement_pin_weight 1.0 --seed 3 --time_limit_seconds 3600 --force_thermal_tables --save_checkpoint
======================================================================
Starting complete round for seed=0
----------------------------------------------------------------------
run=1, seed=0, case=hp6_m
command: /root/anaconda3/envs/chipdiffusion/bin/python3 train.py --name rl_3cases_5seeds_1h_par5_20260918_120058_seed0_hp6_m --json examples/hp6_m.json --num_epochs 600 --rollout_batch_size 480 --num_minibatches 4 --ppo_update_epochs 4 --log_interval 1 --grid_resolution auto --max_auto_grid_resolution 100 --exact_action_slots 50000 --thermal_intp_size 50 --placement_area_weight 1.0 --placement_pin_weight 1.0 --seed 0 --time_limit_seconds 3600 --force_thermal_tables --save_checkpoint
======================================================================
Starting complete round for seed=1
----------------------------------------------------------------------
run=1, seed=1, case=hp6_m
command: /root/anaconda3/envs/chipdiffusion/bin/python3 train.py --name rl_3cases_5seeds_1h_par5_20260918_120058_seed1_hp6_m --json examples/hp6_m.json --num_epochs 600 --rollout_batch_size 480 --num_minibatches 4 --ppo_update_epochs 4 --log_interval 1 --grid_resolution auto --max_auto_grid_resolution 100 --exact_action_slots 50000 --thermal_intp_size 50 --placement_area_weight 1.0 --placement_pin_weight 1.0 --seed 1 --time_limit_seconds 3600 --force_thermal_tables --save_checkpoint
======================================================================
Starting complete round for seed=2
----------------------------------------------------------------------
run=1, seed=2, case=hp6_m
command: /root/anaconda3/envs/chipdiffusion/bin/python3 train.py --name rl_3cases_5seeds_1h_par5_20260918_120058_seed2_hp6_m --json examples/hp6_m.json --num_epochs 600 --rollout_batch_size 480 --num_minibatches 4 --ppo_update_epochs 4 --log_interval 1 --grid_resolution auto --max_auto_grid_resolution 100 --exact_action_slots 50000 --thermal_intp_size 50 --placement_area_weight 1.0 --placement_pin_weight 1.0 --seed 2 --time_limit_seconds 3600 --force_thermal_tables --save_checkpoint
使用设备: cuda
Run name: rl_3cases_5seeds_1h_par5_20260918_120058_seed0_hp6_m
Run directory: /root/placement/flow_tap/baseline/RL/runs/rl_3cases_5seeds_1h_par5_20260918_120058_seed0_hp6_m
Training log: /root/placement/flow_tap/baseline/RL/runs/rl_3cases_5seeds_1h_par5_20260918_120058_seed0_hp6_m/train.log
Default RL canvas aligned to fastTM interposer: 50.0 x 50.0

生成/检查 fastTM 热阻表...
使用设备: cuda
Run name: rl_3cases_5seeds_1h_par5_20260918_120058_seed4_hp6_m使用设备: cuda
Run name: rl_3cases_5seeds_1h_par5_20260918_120058_seed1_hp6_m
Run directory: /root/placement/flow_tap/baseline/RL/runs/rl_3cases_5seeds_1h_par5_20260918_120058_seed1_hp6_m
Training log: /root/placement/flow_tap/baseline/RL/runs/rl_3cases_5seeds_1h_par5_20260918_120058_seed1_hp6_m/train.log
Default RL canvas aligned to fastTM interposer: 50.0 x 50.0

生成/检查 fastTM 热阻表...

Run directory: /root/placement/flow_tap/baseline/RL/runs/rl_3cases_5seeds_1h_par5_20260918_120058_seed4_hp6_m
Training log: /root/placement/flow_tap/baseline/RL/runs/rl_3cases_5seeds_1h_par5_20260918_120058_seed4_hp6_m/train.log
Default RL canvas aligned to fastTM interposer: 50.0 x 50.0

生成/检查 fastTM 热阻表...
使用设备: cuda
Run name: rl_3cases_5seeds_1h_par5_20260918_120058_seed2_hp6_m
Run directory: /root/placement/flow_tap/baseline/RL/runs/rl_3cases_5seeds_1h_par5_20260918_120058_seed2_hp6_m
Training log: /root/placement/flow_tap/baseline/RL/runs/rl_3cases_5seeds_1h_par5_20260918_120058_seed2_hp6_m/train.log
Default RL canvas aligned to fastTM interposer: 50.0 x 50.0

生成/检查 fastTM 热阻表...
使用设备: cuda
Run name: rl_3cases_5seeds_1h_par5_20260918_120058_seed3_hp6_m
Run directory: /root/placement/flow_tap/baseline/RL/runs/rl_3cases_5seeds_1h_par5_20260918_120058_seed3_hp6_m
Training log: /root/placement/flow_tap/baseline/RL/runs/rl_3cases_5seeds_1h_par5_20260918_120058_seed3_hp6_m/train.log
Default RL canvas aligned to fastTM interposer: 50.0 x 50.0

生成/检查 fastTM 热阻表...
  热阻表阶段状态: failed
  热阻表阶段耗时: 114.422s
  热阻表日志: /root/placement/flow_tap/baseline/RL/runs/rl_3cases_5seeds_1h_par5_20260918_120058_seed3_hp6_m/thermal_tables.log
Traceback (most recent call last):
  File "/root/placement/flow_tap/baseline/RL/train.py", line 1278, in <module>
    trained_model = train(
  File "/root/placement/flow_tap/baseline/RL/train.py", line 808, in train
    raise RuntimeError(f"FastTM thermal-table stage failed: {thermal_info['status']}")
RuntimeError: FastTM thermal-table stage failed: failed
status=failed, wall_seconds=127, checkpoint=/root/placement/flow_tap/baseline/RL/runs/rl_3cases_5seeds_1h_par5_20260918_120058_seed3_hp6_m/checkpoints/ppo_best.pt
----------------------------------------------------------------------
run=2, seed=3, case=xerox6_m
command: /root/anaconda3/envs/chipdiffusion/bin/python3 train.py --name rl_3cases_5seeds_1h_par5_20260918_120058_seed3_xerox6_m --json examples/xerox6_m.json --num_epochs 600 --rollout_batch_size 480 --num_minibatches 4 --ppo_update_epochs 4 --log_interval 1 --grid_resolution auto --max_auto_grid_resolution 100 --exact_action_slots 50000 --thermal_intp_size 50 --placement_area_weight 1.0 --placement_pin_weight 1.0 --seed 3 --time_limit_seconds 3600 --force_thermal_tables --save_checkpoint
使用设备: cuda
Run name: rl_3cases_5seeds_1h_par5_20260918_120058_seed3_xerox6_m
Run directory: /root/placement/flow_tap/baseline/RL/runs/rl_3cases_5seeds_1h_par5_20260918_120058_seed3_xerox6_m
Training log: /root/placement/flow_tap/baseline/RL/runs/rl_3cases_5seeds_1h_par5_20260918_120058_seed3_xerox6_m/train.log
Default RL canvas aligned to fastTM interposer: 50.0 x 50.0

生成/检查 fastTM 热阻表...
  热阻表阶段状态: failed
  热阻表阶段耗时: 151.966s
  热阻表日志: /root/placement/flow_tap/baseline/RL/runs/rl_3cases_5seeds_1h_par5_20260918_120058_seed1_hp6_m/thermal_tables.log
Traceback (most recent call last):
  File "/root/placement/flow_tap/baseline/RL/train.py", line 1278, in <module>
    trained_model = train(
  File "/root/placement/flow_tap/baseline/RL/train.py", line 808, in train
    raise RuntimeError(f"FastTM thermal-table stage failed: {thermal_info['status']}")
RuntimeError: FastTM thermal-table stage failed: failed
status=failed, wall_seconds=165, checkpoint=/root/placement/flow_tap/baseline/RL/runs/rl_3cases_5seeds_1h_par5_20260918_120058_seed1_hp6_m/checkpoints/ppo_best.pt
----------------------------------------------------------------------
run=2, seed=1, case=xerox6_m
command: /root/anaconda3/envs/chipdiffusion/bin/python3 train.py --name rl_3cases_5seeds_1h_par5_20260918_120058_seed1_xerox6_m --json examples/xerox6_m.json --num_epochs 600 --rollout_batch_size 480 --num_minibatches 4 --ppo_update_epochs 4 --log_interval 1 --grid_resolution auto --max_auto_grid_resolution 100 --exact_action_slots 50000 --thermal_intp_size 50 --placement_area_weight 1.0 --placement_pin_weight 1.0 --seed 1 --time_limit_seconds 3600 --force_thermal_tables --save_checkpoint
使用设备: cuda
Run name: rl_3cases_5seeds_1h_par5_20260918_120058_seed1_xerox6_m
Run directory: /root/placement/flow_tap/baseline/RL/runs/rl_3cases_5seeds_1h_par5_20260918_120058_seed1_xerox6_m
Training log: /root/placement/flow_tap/baseline/RL/runs/rl_3cases_5seeds_1h_par5_20260918_120058_seed1_xerox6_m/train.log
Default RL canvas aligned to fastTM interposer: 50.0 x 50.0

生成/检查 fastTM 热阻表...
  热阻表阶段状态: ok
  热阻表阶段耗时: 191.582s
  热阻表日志: /root/placement/flow_tap/baseline/RL/runs/rl_3cases_5seeds_1h_par5_20260918_120058_seed4_hp6_m/thermal_tables.log
======================================================================
PPO训练 - 芯片布局优化
======================================================================
  热阻表阶段状态: ok
  热阻表阶段耗时: 191.679s
  热阻表日志: /root/placement/flow_tap/baseline/RL/runs/rl_3cases_5seeds_1h_par5_20260918_120058_seed0_hp6_m/thermal_tables.log
======================================================================
PPO训练 - 芯片布局优化
======================================================================
  热阻表阶段状态: ok
  热阻表阶段耗时: 191.930s
  热阻表日志: /root/placement/flow_tap/baseline/RL/runs/rl_3cases_5seeds_1h_par5_20260918_120058_seed2_hp6_m/thermal_tables.log
======================================================================
PPO训练 - 芯片布局优化
======================================================================

环境信息:
  芯片数量: 6
  放置顺序: ['A', 'C', 'F', 'B', 'D', 'E']
  观察维度: 10
  动作维度: 70000
  rollout batch: 480 transitions
  minibatches: 4
  PPO update epochs: 4
  随机种子: 4
  剩余总时间预算: 3408.4s

开始训练...
----------------------------------------------------------------------

环境信息:
  芯片数量: 6
  放置顺序: ['A', 'C', 'F', 'B', 'D', 'E']
  观察维度: 10
  动作维度: 70000
  rollout batch: 480 transitions
  minibatches: 4
  PPO update epochs: 4
  随机种子: 0
  剩余总时间预算: 3408.3s

开始训练...
----------------------------------------------------------------------

环境信息:
  芯片数量: 6
  放置顺序: ['A', 'C', 'F', 'B', 'D', 'E']
  观察维度: 10
  动作维度: 70000
  rollout batch: 480 transitions
  minibatches: 4
  PPO update epochs: 4
  随机种子: 2
  剩余总时间预算: 3408.1s

开始训练...
----------------------------------------------------------------------
BEST_COST_LAYOUT
  epoch: 1/600, rollout: 1
  rlplanner_cost: 35.2788
  reward: -9.3449
  温度: 81.1203
  CPLEX平均线长: 34.4048
BEST_COST_LAYOUT
  epoch: 1/600, rollout: 1
  rlplanner_cost: 32.4575
  reward: -11.7405
  温度: 80.0804
  CPLEX平均线长: 32.4379
BEST_COST_LAYOUT
  epoch: 1/600, rollout: 1
  rlplanner_cost: 31.7626
  reward: -9.2482
  温度: 83.2016
  CPLEX平均线长: 27.4009
BEST_LAYOUT
  epoch: 1/600, rollout: 1
  reward: -9.3449
  温度: 81.1203
  CPLEX平均线长: 34.4048
BEST_LAYOUT
  epoch: 1/600, rollout: 1
  reward: -11.7405
  温度: 80.0804
  CPLEX平均线长: 32.4379
BEST_LAYOUT
  epoch: 1/600, rollout: 1
  reward: -9.2482
  温度: 83.2016
  CPLEX平均线长: 27.4009
BEST_COST_LAYOUT
  epoch: 1/600, rollout: 2
  rlplanner_cost: 33.8323
  reward: -8.1461
  温度: 88.1074
  CPLEX平均线长: 18.6473
BEST_COST_LAYOUT
  epoch: 1/600, rollout: 2
  rlplanner_cost: 26.0991
  reward: -5.3077
  温度: 82.0281
  CPLEX平均线长: 23.8834
BEST_COST_LAYOUT
  epoch: 1/600, rollout: 2
  rlplanner_cost: 30.9270
  reward: -10.8034
  温度: 77.6709
  CPLEX平均线长: 30.9270
BEST_LAYOUT
  epoch: 1/600, rollout: 2
  reward: -8.1461
  温度: 88.1074
  CPLEX平均线长: 18.6473
BEST_LAYOUT
  epoch: 1/600, rollout: 2
  reward: -5.3077
  温度: 82.0281
  CPLEX平均线长: 23.8834
BEST_COST_LAYOUT
  epoch: 1/600, rollout: 3
  rlplanner_cost: 20.0241
  reward: 2.0863
  温度: 81.3443
  CPLEX平均线长: 18.8587
BEST_LAYOUT
  epoch: 1/600, rollout: 3
  reward: -4.8114
  温度: 82.8560
  CPLEX平均线长: 22.5342
BEST_COST_LAYOUT
  epoch: 1/600, rollout: 3
  rlplanner_cost: 29.3288
  reward: -8.6617
  温度: 81.1779
  CPLEX平均线长: 28.3829
BEST_LAYOUT
  epoch: 1/600, rollout: 3
  reward: 2.0863
  温度: 81.3443
  CPLEX平均线长: 18.8587
BEST_COST_LAYOUT
  epoch: 1/600, rollout: 5
  rlplanner_cost: 22.0171
  reward: -0.8220
  温度: 80.8011
  CPLEX平均线长: 21.4998
BEST_COST_LAYOUT
  epoch: 1/600, rollout: 4
  rlplanner_cost: 18.4548
  reward: 5.5794
  温度: 82.0573
  CPLEX平均线长: 16.1899
BEST_COST_LAYOUT
  epoch: 1/600, rollout: 7
  rlplanner_cost: 22.0128
  reward: 1.1838
  温度: 79.4280
  CPLEX平均线长: 22.0128
BEST_LAYOUT
  epoch: 1/600, rollout: 5
  reward: -0.8220
  温度: 80.8011
  CPLEX平均线长: 21.4998
BEST_LAYOUT
  epoch: 1/600, rollout: 4
  reward: 5.5794
  温度: 82.0573
  CPLEX平均线长: 16.1899
BEST_LAYOUT
  epoch: 1/600, rollout: 7
  reward: 1.1838
  温度: 79.4280
  CPLEX平均线长: 22.0128
BEST_COST_LAYOUT
  epoch: 1/600, rollout: 11
  rlplanner_cost: 17.4335
  reward: 4.6014
  温度: 80.1473
  CPLEX平均线长: 17.3890
BEST_COST_LAYOUT
  epoch: 1/600, rollout: 10
  rlplanner_cost: 17.6679
  reward: 4.0484
  温度: 82.9080
  CPLEX平均线长: 13.8696
BEST_LAYOUT
  epoch: 1/600, rollout: 11
  reward: 4.6014
  温度: 80.1473
  CPLEX平均线长: 17.3890
BEST_COST_LAYOUT
  epoch: 1/600, rollout: 19
  rlplanner_cost: 15.9188
  reward: 5.1858
  温度: 81.7397
  CPLEX平均线长: 14.1715
BEST_LAYOUT
  epoch: 1/600, rollout: 19
  reward: 5.1858
  温度: 81.7397
  CPLEX平均线长: 14.1715
BEST_COST_LAYOUT
  epoch: 1/600, rollout: 29
  rlplanner_cost: 16.9817
  reward: 4.3012
  温度: 80.5410
  CPLEX平均线长: 16.6974
Epoch 1/600
  rollouts: 80, samples: 480
  平均奖励: -9.4500, 成功率: 100.0%
  optimizer steps: 16, KL: 0.000211
  累计RL时间: 49.90s
Epoch 1/600
  rollouts: 80, samples: 480
  平均奖励: -8.3100, 成功率: 100.0%
  optimizer steps: 16, KL: 0.000196
  累计RL时间: 51.38s
Epoch 1/600
  rollouts: 80, samples: 480
  平均奖励: -8.7796, 成功率: 100.0%
  optimizer steps: 16, KL: 0.000356
  累计RL时间: 51.54s
