{
  "case": "xerox8_m_bump",
  "mode": "thermal",
  "base_seed": 4,
  "status": "completed",
  "error": null,
  "legal_found": false,
  "num_legal": 0,
  "num_illegal": 1,
  "attempts": 1,
  "best_hpwl": 96966241.58713555,
  "twl_m": 96.96624158713556,
  "best_seed": 4,
  "best_legal": false,
  "best_overlaps": 2,
  "best_legalize_method": "milp",
  "best_legalize_s": 0.020201921463012695,
  "total_legalize_s": 0.020201921463012695,
  "runtime_s": 372.6102170944214,
  "attempt_log": [
    {
      "seed": 4,
      "iterations": 100,
      "overlaps": 2,
      "overlaps_raw": 0,
      "hpwl": 96966241.58713555,
      "hpwl_raw": 96966256.0,
      "run_s": 371.89753437042236,
      "legal": false,
      "legalize_method": "milp",
      "legalize_s": 0.020201921463012695,
      "layout_dir": "/root/placement/ATPlace_pub/result/xerox8_m_bump/seed4"
    }
  ],
  "layout_json": "/root/placement/ATPlace_pub/result/xerox8_m_bump/layout.json",
  "layout_png": "/root/placement/ATPlace_pub/result/xerox8_m_bump/layout.png",
  "layout_chiplets": 8,
  "visualized": true
}
