{
  "case": "xerox8_m_bump",
  "mode": "thermal",
  "base_seed": 3,
  "status": "completed",
  "error": null,
  "legal_found": false,
  "num_legal": 0,
  "num_illegal": 1,
  "attempts": 1,
  "best_hpwl": 101962424.12083495,
  "twl_m": 101.96242412083495,
  "best_seed": 3,
  "best_legal": false,
  "best_overlaps": 2,
  "best_legalize_method": "milp",
  "best_legalize_s": 0.014976024627685547,
  "total_legalize_s": 0.014976024627685547,
  "runtime_s": 384.1280155181885,
  "attempt_log": [
    {
      "seed": 3,
      "iterations": 100,
      "overlaps": 2,
      "overlaps_raw": 0,
      "hpwl": 101962424.12083495,
      "hpwl_raw": 101962328.0,
      "run_s": 383.41436553001404,
      "legal": false,
      "legalize_method": "milp",
      "legalize_s": 0.014976024627685547,
      "layout_dir": "/root/placement/ATPlace_pub/result/xerox8_m_bump/seed3"
    }
  ],
  "layout_json": "/root/placement/ATPlace_pub/result/xerox8_m_bump/layout.json",
  "layout_png": "/root/placement/ATPlace_pub/result/xerox8_m_bump/layout.png",
  "layout_chiplets": 8,
  "visualized": true
}
