{
  "case": "hp6_m_bump",
  "mode": "thermal",
  "base_seed": 1,
  "status": "completed",
  "error": null,
  "legal_found": true,
  "num_legal": 1,
  "num_illegal": 0,
  "attempts": 1,
  "best_hpwl": 14948824.362234116,
  "twl_m": 14.948824362234115,
  "best_seed": 1,
  "best_legal": true,
  "best_overlaps": 0,
  "best_legalize_method": "milp",
  "best_legalize_s": 0.013157367706298828,
  "total_legalize_s": 0.013157367706298828,
  "runtime_s": 523.7400894165039,
  "attempt_log": [
    {
      "seed": 1,
      "iterations": 100,
      "overlaps": 0,
      "overlaps_raw": 0,
      "hpwl": 14948824.362234116,
      "hpwl_raw": 14948824.0,
      "run_s": 523.009468793869,
      "legal": true,
      "legalize_method": "milp",
      "legalize_s": 0.013157367706298828,
      "layout_dir": "/root/placement/flow_tap/baseline/ATPlace_pub/result_wlsweep/hp6_m_bump/wl22/seed1"
    }
  ],
  "layout_json": "/root/placement/flow_tap/baseline/ATPlace_pub/result_wlsweep/hp6_m_bump/wl22/layout.json",
  "layout_png": "/root/placement/flow_tap/baseline/ATPlace_pub/result_wlsweep/hp6_m_bump/wl22/layout.png",
  "layout_chiplets": 6,
  "visualized": true
}
