{
  "case": "syn1_bump",
  "mode": "thermal",
  "base_seed": 1,
  "status": "completed",
  "error": null,
  "legal_found": true,
  "num_legal": 1,
  "num_illegal": 0,
  "attempts": 1,
  "best_hpwl": 42603341.9974556,
  "twl_m": 42.603341997455594,
  "best_seed": 1,
  "best_legal": true,
  "best_overlaps": 0,
  "best_legalize_method": "milp",
  "best_legalize_s": 0.21578240394592285,
  "total_legalize_s": 0.21578240394592285,
  "runtime_s": 1002.8090558052063,
  "attempt_log": [
    {
      "seed": 1,
      "iterations": 100,
      "overlaps": 0,
      "overlaps_raw": 0,
      "hpwl": 42603341.9974556,
      "hpwl_raw": 42603348.0,
      "run_s": 997.732724905014,
      "legal": true,
      "legalize_method": "milp",
      "legalize_s": 0.21578240394592285,
      "layout_dir": "/root/placement/flow_tap/baseline/ATPlace_pub/result_wlsweep/syn1_bump/wl41/seed1"
    }
  ],
  "layout_json": "/root/placement/flow_tap/baseline/ATPlace_pub/result_wlsweep/syn1_bump/wl41/layout.json",
  "layout_png": "/root/placement/flow_tap/baseline/ATPlace_pub/result_wlsweep/syn1_bump/wl41/layout.png",
  "layout_chiplets": 10,
  "visualized": true
}
