{
  "case": "xerox6_m_bump",
  "mode": "thermal",
  "base_seed": 1,
  "status": "completed",
  "error": null,
  "legal_found": true,
  "num_legal": 1,
  "num_illegal": 0,
  "attempts": 1,
  "best_hpwl": 67942018.54911804,
  "twl_m": 67.94201854911805,
  "best_seed": 1,
  "best_legal": true,
  "best_overlaps": 0,
  "best_legalize_method": "milp",
  "best_legalize_s": 0.05574345588684082,
  "total_legalize_s": 0.05574345588684082,
  "runtime_s": 586.9415256977081,
  "attempt_log": [
    {
      "seed": 1,
      "iterations": 100,
      "overlaps": 0,
      "overlaps_raw": 0,
      "hpwl": 67942018.54911804,
      "hpwl_raw": 67942072.0,
      "run_s": 578.3007571697235,
      "legal": true,
      "legalize_method": "milp",
      "legalize_s": 0.05574345588684082,
      "layout_dir": "/root/placement/flow_tap/baseline/ATPlace_pub/result_wlsweep/xerox6_m_bump/wl07/seed1"
    }
  ],
  "layout_json": "/root/placement/flow_tap/baseline/ATPlace_pub/result_wlsweep/xerox6_m_bump/wl07/layout.json",
  "layout_png": "/root/placement/flow_tap/baseline/ATPlace_pub/result_wlsweep/xerox6_m_bump/wl07/layout.png",
  "layout_chiplets": 6,
  "visualized": true
}
