{
  "case": "Case6_bump",
  "mode": "thermal",
  "base_seed": 4,
  "status": "completed",
  "error": null,
  "legal_found": true,
  "num_legal": 1,
  "num_illegal": 0,
  "attempts": 1,
  "best_hpwl": 45457627.03190994,
  "twl_m": 45.457627031909944,
  "best_seed": 4,
  "best_legal": true,
  "best_overlaps": 0,
  "best_legalize_method": "milp",
  "best_legalize_s": 0.03637361526489258,
  "total_legalize_s": 0.03637361526489258,
  "runtime_s": 494.8706748485565,
  "attempt_log": [
    {
      "seed": 4,
      "iterations": 100,
      "overlaps": 0,
      "overlaps_raw": 0,
      "hpwl": 45457627.03190994,
      "hpwl_raw": 45457596.0,
      "run_s": 494.08450984954834,
      "legal": true,
      "legalize_method": "milp",
      "legalize_s": 0.03637361526489258,
      "layout_dir": "/root/placement/ATPlace_pub/result/Case6_bump/seed4"
    }
  ],
  "layout_json": "/root/placement/ATPlace_pub/result/Case6_bump/layout.json",
  "layout_png": "/root/placement/ATPlace_pub/result/Case6_bump/layout.png",
  "layout_chiplets": 20,
  "visualized": true
}
