{
  "case": "syn1_bump",
  "mode": "thermal",
  "base_seed": 1,
  "status": "completed",
  "error": null,
  "legal_found": true,
  "num_legal": 1,
  "num_illegal": 0,
  "attempts": 1,
  "best_hpwl": 77614329.01602936,
  "twl_m": 77.61432901602936,
  "best_seed": 1,
  "best_legal": true,
  "best_overlaps": 0,
  "best_legalize_method": "milp",
  "best_legalize_s": 0.05722975730895996,
  "total_legalize_s": 0.05722975730895996,
  "runtime_s": 899.3581941127777,
  "attempt_log": [
    {
      "seed": 1,
      "iterations": 100,
      "overlaps": 0,
      "overlaps_raw": 0,
      "hpwl": 77614329.01602936,
      "hpwl_raw": 77614248.0,
      "run_s": 897.553368806839,
      "legal": true,
      "legalize_method": "milp",
      "legalize_s": 0.05722975730895996,
      "layout_dir": "/root/placement/flow_tap/baseline/ATPlace_pub/result_wlsweep/syn1_bump/wl01/seed1"
    }
  ],
  "layout_json": "/root/placement/flow_tap/baseline/ATPlace_pub/result_wlsweep/syn1_bump/wl01/layout.json",
  "layout_png": "/root/placement/flow_tap/baseline/ATPlace_pub/result_wlsweep/syn1_bump/wl01/layout.png",
  "layout_chiplets": 10,
  "visualized": true
}
