{
  "case": "xerox7_m_bump",
  "mode": "thermal",
  "base_seed": 1,
  "status": "completed",
  "error": null,
  "legal_found": true,
  "num_legal": 1,
  "num_illegal": 0,
  "attempts": 1,
  "best_hpwl": 53802350.296426415,
  "twl_m": 53.80235029642642,
  "best_seed": 1,
  "best_legal": true,
  "best_overlaps": 0,
  "best_legalize_method": "milp",
  "best_legalize_s": 0.029117584228515625,
  "total_legalize_s": 0.029117584228515625,
  "runtime_s": 470.54772329330444,
  "attempt_log": [
    {
      "seed": 1,
      "iterations": 100,
      "overlaps": 0,
      "overlaps_raw": 0,
      "hpwl": 53802350.296426415,
      "hpwl_raw": 53801884.0,
      "run_s": 469.56315660476685,
      "legal": true,
      "legalize_method": "milp",
      "legalize_s": 0.029117584228515625,
      "layout_dir": "/root/placement/flow_tap/baseline/ATPlace_pub/result_wlsweep/xerox7_m_bump/wl46/seed1"
    }
  ],
  "layout_json": "/root/placement/flow_tap/baseline/ATPlace_pub/result_wlsweep/xerox7_m_bump/wl46/layout.json",
  "layout_png": "/root/placement/flow_tap/baseline/ATPlace_pub/result_wlsweep/xerox7_m_bump/wl46/layout.png",
  "layout_chiplets": 7,
  "visualized": true
}
