{
  "case": "acend910_bump",
  "mode": "thermal",
  "base_seed": 1,
  "status": "completed",
  "error": null,
  "legal_found": true,
  "num_legal": 1,
  "num_illegal": 0,
  "attempts": 1,
  "best_hpwl": 17243549.115564346,
  "twl_m": 17.243549115564345,
  "best_seed": 1,
  "best_legal": true,
  "best_overlaps": 0,
  "best_legalize_method": "milp",
  "best_legalize_s": 0.017873287200927734,
  "total_legalize_s": 0.017873287200927734,
  "runtime_s": 548.4607036113739,
  "attempt_log": [
    {
      "seed": 1,
      "iterations": 100,
      "overlaps": 0,
      "overlaps_raw": 0,
      "hpwl": 17243549.115564346,
      "hpwl_raw": 17243494.0,
      "run_s": 547.7169454097748,
      "legal": true,
      "legalize_method": "milp",
      "legalize_s": 0.017873287200927734,
      "layout_dir": "/root/placement/flow_tap/baseline/ATPlace_pub/result_wlsweep/acend910_bump/wl29/seed1"
    }
  ],
  "layout_json": "/root/placement/flow_tap/baseline/ATPlace_pub/result_wlsweep/acend910_bump/wl29/layout.json",
  "layout_png": "/root/placement/flow_tap/baseline/ATPlace_pub/result_wlsweep/acend910_bump/wl29/layout.png",
  "layout_chiplets": 6,
  "visualized": true
}
