{
  "case": "xerox6_m_bump",
  "mode": "thermal",
  "base_seed": 1,
  "status": "completed",
  "error": null,
  "legal_found": true,
  "num_legal": 1,
  "num_illegal": 0,
  "attempts": 1,
  "best_hpwl": 71966956.50575352,
  "twl_m": 71.96695650575352,
  "best_seed": 1,
  "best_legal": true,
  "best_overlaps": 0,
  "best_legalize_method": "milp",
  "best_legalize_s": 0.0634303092956543,
  "total_legalize_s": 0.0634303092956543,
  "runtime_s": 656.3472938537598,
  "attempt_log": [
    {
      "seed": 1,
      "iterations": 100,
      "overlaps": 0,
      "overlaps_raw": 0,
      "hpwl": 71966956.50575352,
      "hpwl_raw": 71966960.0,
      "run_s": 653.3215146064758,
      "legal": true,
      "legalize_method": "milp",
      "legalize_s": 0.0634303092956543,
      "layout_dir": "/root/placement/flow_tap/baseline/ATPlace_pub/result_wlsweep/xerox6_m_bump/wl01/seed1"
    }
  ],
  "layout_json": "/root/placement/flow_tap/baseline/ATPlace_pub/result_wlsweep/xerox6_m_bump/wl01/layout.json",
  "layout_png": "/root/placement/flow_tap/baseline/ATPlace_pub/result_wlsweep/xerox6_m_bump/wl01/layout.png",
  "layout_chiplets": 6,
  "visualized": true
}
