command: /root/anaconda3/envs/chipdiffusion/bin/python /root/placement/flow_tap/baseline/RL/generate_thermal_tables.py /root/placement/flow_tap/baseline/RL/examples/multigpu.json --intp-size 47.292496 --overwrite-config --force
cwd: /root/placement/flow_tap/baseline/RL/fastTM
hotspot: /root/placement/flow_tap/baseline/RL/fastTM/util/hotspot
started_at: 2026-09-12T09:44:24

Config: /root/placement/flow_tap/baseline/RL/fastTM/configs/benchmark_multigpu.cfg
Output: /root/placement/flow_tap/baseline/RL/fastTM/outputs/benchmark_multigpu
#info# Characterizing R_self for Chiplet0 at [ 6.1 , 6.1 ] [mm]
#info# Characterizing R_self for Chiplet0 at [ 23.569785519999996 , 6.1 ] [mm]
#info# Characterizing R_self for Chiplet0 at [ 6.1 , 23.569785519999996 ] [mm]
#info# Characterizing R_self for Chiplet0 at [ 23.569785519999996 , 23.569785519999996 ] [mm]
#info# R_self characterization done for: Chiplet0 . Saved to file: /root/placement/flow_tap/baseline/RL/fastTM/outputs/benchmark_multigpu/Chiplet0.rself
#info# Characterizing R_mutu for Chiplet0 at [ 6.1 , 6.1 ] [mm]
#info# R_mutual characterization done for: Chiplet0 Saved to file: /root/placement/flow_tap/baseline/RL/fastTM/outputs/benchmark_multigpu/Chiplet0.rmutu
#info# Characterizing R_self for Chiplet1 at [ 9.2 , 9.2 ] [mm]
#info# Characterizing R_self for Chiplet1 at [ 23.600785520000002 , 9.2 ] [mm]
#info# Characterizing R_self for Chiplet1 at [ 9.2 , 23.600785520000002 ] [mm]
#info# Characterizing R_self for Chiplet1 at [ 23.600785520000002 , 23.600785520000002 ] [mm]
#info# R_self characterization done for: Chiplet1 . Saved to file: /root/placement/flow_tap/baseline/RL/fastTM/outputs/benchmark_multigpu/Chiplet1.rself
#info# Characterizing R_mutu for Chiplet1 at [ 9.2 , 9.2 ] [mm]
#info# R_mutual characterization done for: Chiplet1 Saved to file: /root/placement/flow_tap/baseline/RL/fastTM/outputs/benchmark_multigpu/Chiplet1.rmutu
#info# Characterizing R_self for Chiplet2 at [ 3.975 , 6.034999999999999 ] [mm]
#info# Characterizing R_self for Chiplet2 at [ 23.54853552 , 6.034999999999999 ] [mm]
#info# Characterizing R_self for Chiplet2 at [ 3.975 , 23.56913552 ] [mm]
#info# Characterizing R_self for Chiplet2 at [ 23.54853552 , 23.56913552 ] [mm]
#info# R_self characterization done for: Chiplet2 . Saved to file: /root/placement/flow_tap/baseline/RL/fastTM/outputs/benchmark_multigpu/Chiplet2.rself
#info# Characterizing R_mutu for Chiplet2 at [ 3.975 , 6.034999999999999 ] [mm]
#info# R_mutual characterization done for: Chiplet2 Saved to file: /root/placement/flow_tap/baseline/RL/fastTM/outputs/benchmark_multigpu/Chiplet2.rmutu
Thermal tables generated.
