{
  "case": "multigpu_bump",
  "mode": "thermal",
  "base_seed": 1,
  "status": "completed",
  "error": null,
  "legal_found": true,
  "num_legal": 1,
  "num_illegal": 0,
  "attempts": 1,
  "best_hpwl": 68157385.7816391,
  "twl_m": 68.15738578163909,
  "best_seed": 1,
  "best_legal": true,
  "best_overlaps": 0,
  "best_legalize_method": "milp",
  "best_legalize_s": 0.04560351371765137,
  "total_legalize_s": 0.04560351371765137,
  "runtime_s": 497.9364514350891,
  "attempt_log": [
    {
      "seed": 1,
      "iterations": 100,
      "overlaps": 0,
      "overlaps_raw": 0,
      "hpwl": 68157385.7816391,
      "hpwl_raw": 68157032.0,
      "run_s": 496.8814778327942,
      "legal": true,
      "legalize_method": "milp",
      "legalize_s": 0.04560351371765137,
      "layout_dir": "/root/placement/flow_tap/baseline/ATPlace_pub/result_wlsweep/multigpu_bump/wl28/seed1"
    }
  ],
  "layout_json": "/root/placement/flow_tap/baseline/ATPlace_pub/result_wlsweep/multigpu_bump/wl28/layout.json",
  "layout_png": "/root/placement/flow_tap/baseline/ATPlace_pub/result_wlsweep/multigpu_bump/wl28/layout.png",
  "layout_chiplets": 6,
  "visualized": true
}
