{
  "case": "multigpu_bump",
  "mode": "thermal",
  "base_seed": 1,
  "status": "completed",
  "error": null,
  "legal_found": true,
  "num_legal": 1,
  "num_illegal": 0,
  "attempts": 1,
  "best_hpwl": 62100478.120407104,
  "twl_m": 62.100478120407104,
  "best_seed": 1,
  "best_legal": true,
  "best_overlaps": 0,
  "best_legalize_method": "milp",
  "best_legalize_s": 0.023174524307250977,
  "total_legalize_s": 0.023174524307250977,
  "runtime_s": 482.3098108768463,
  "attempt_log": [
    {
      "seed": 1,
      "iterations": 100,
      "overlaps": 0,
      "overlaps_raw": 0,
      "hpwl": 62100478.120407104,
      "hpwl_raw": 62100104.0,
      "run_s": 481.33418107032776,
      "legal": true,
      "legalize_method": "milp",
      "legalize_s": 0.023174524307250977,
      "layout_dir": "/root/placement/flow_tap/baseline/ATPlace_pub/result_wlsweep/multigpu_bump/wl38/seed1"
    }
  ],
  "layout_json": "/root/placement/flow_tap/baseline/ATPlace_pub/result_wlsweep/multigpu_bump/wl38/layout.json",
  "layout_png": "/root/placement/flow_tap/baseline/ATPlace_pub/result_wlsweep/multigpu_bump/wl38/layout.png",
  "layout_chiplets": 6,
  "visualized": true
}
