{
  "case": "Case6_bump",
  "mode": "thermal",
  "base_seed": 3,
  "status": "completed",
  "error": null,
  "legal_found": false,
  "num_legal": 0,
  "num_illegal": 1,
  "attempts": 1,
  "best_hpwl": 34620417.896850586,
  "twl_m": 34.62041789685058,
  "best_seed": 3,
  "best_legal": false,
  "best_overlaps": 7,
  "best_legalize_method": "milp",
  "best_legalize_s": 0.031374454498291016,
  "total_legalize_s": 0.031374454498291016,
  "runtime_s": 1007.2642779350281,
  "attempt_log": [
    {
      "seed": 3,
      "iterations": 100,
      "overlaps": 7,
      "overlaps_raw": 0,
      "hpwl": 34620417.896850586,
      "hpwl_raw": 34620384.0,
      "run_s": 1006.3674302101135,
      "legal": false,
      "legalize_method": "milp",
      "legalize_s": 0.031374454498291016,
      "layout_dir": "/root/placement/flow_tap/baseline/ATPlace_pub/result_0wl/Case6_bump/seed3"
    }
  ],
  "layout_json": "/root/placement/flow_tap/baseline/ATPlace_pub/result_0wl/Case6_bump/layout.json",
  "layout_png": "/root/placement/flow_tap/baseline/ATPlace_pub/result_0wl/Case6_bump/layout.png",
  "layout_chiplets": 20,
  "visualized": true
}
