{
  "case": "Case10_bump",
  "mode": "thermal",
  "base_seed": 5,
  "status": "completed",
  "error": null,
  "legal_found": true,
  "num_legal": 1,
  "num_illegal": 0,
  "attempts": 1,
  "best_hpwl": 82574428.1123352,
  "twl_m": 82.5744281123352,
  "best_seed": 5,
  "best_legal": true,
  "best_overlaps": 0,
  "best_legalize_method": "milp",
  "best_legalize_s": 0.31221866607666016,
  "total_legalize_s": 0.31221866607666016,
  "runtime_s": 5257.7344579696655,
  "attempt_log": [
    {
      "seed": 5,
      "iterations": 100,
      "overlaps": 0,
      "overlaps_raw": 0,
      "hpwl": 82574428.1123352,
      "hpwl_raw": 82573728.0,
      "run_s": 5256.542448282242,
      "legal": true,
      "legalize_method": "milp",
      "legalize_s": 0.31221866607666016,
      "layout_dir": "/root/placement/flow_tap/baseline/ATPlace_pub/result_0wl/Case10_bump/seed5"
    }
  ],
  "layout_json": "/root/placement/flow_tap/baseline/ATPlace_pub/result_0wl/Case10_bump/layout.json",
  "layout_png": "/root/placement/flow_tap/baseline/ATPlace_pub/result_0wl/Case10_bump/layout.png",
  "layout_chiplets": 61,
  "visualized": true
}
