{
  "case": "Case10_bump",
  "mode": "thermal",
  "base_seed": 2,
  "status": "completed",
  "error": null,
  "legal_found": false,
  "num_legal": 0,
  "num_illegal": 1,
  "attempts": 1,
  "best_hpwl": 74716885.44353485,
  "twl_m": 74.71688544353485,
  "best_seed": 2,
  "best_legal": false,
  "best_overlaps": 3,
  "best_legalize_method": "milp",
  "best_legalize_s": 0.24273204803466797,
  "total_legalize_s": 0.24273204803466797,
  "runtime_s": 4953.475433349609,
  "attempt_log": [
    {
      "seed": 2,
      "iterations": 100,
      "overlaps": 3,
      "overlaps_raw": 0,
      "hpwl": 74716885.44353485,
      "hpwl_raw": 74716800.0,
      "run_s": 4952.513829708099,
      "legal": false,
      "legalize_method": "milp",
      "legalize_s": 0.24273204803466797,
      "layout_dir": "/root/placement/flow_tap/baseline/ATPlace_pub/result_0wl/Case10_bump/seed2"
    }
  ],
  "layout_json": "/root/placement/flow_tap/baseline/ATPlace_pub/result_0wl/Case10_bump/layout.json",
  "layout_png": "/root/placement/flow_tap/baseline/ATPlace_pub/result_0wl/Case10_bump/layout.png",
  "layout_chiplets": 61,
  "visualized": true
}
