{
  "case": "multigpu_bump",
  "mode": "thermal",
  "base_seed": 1,
  "status": "completed",
  "error": null,
  "legal_found": true,
  "num_legal": 1,
  "num_illegal": 0,
  "attempts": 1,
  "best_hpwl": 69418336.1385727,
  "twl_m": 69.4183361385727,
  "best_seed": 1,
  "best_legal": true,
  "best_overlaps": 0,
  "best_legalize_method": "milp",
  "best_legalize_s": 0.023688077926635742,
  "total_legalize_s": 0.023688077926635742,
  "runtime_s": 497.77112007141113,
  "attempt_log": [
    {
      "seed": 1,
      "iterations": 100,
      "overlaps": 0,
      "overlaps_raw": 0,
      "hpwl": 69418336.1385727,
      "hpwl_raw": 69418000.0,
      "run_s": 496.71719670295715,
      "legal": true,
      "legalize_method": "milp",
      "legalize_s": 0.023688077926635742,
      "layout_dir": "/root/placement/flow_tap/baseline/ATPlace_pub/result_wlsweep/multigpu_bump/wl21/seed1"
    }
  ],
  "layout_json": "/root/placement/flow_tap/baseline/ATPlace_pub/result_wlsweep/multigpu_bump/wl21/layout.json",
  "layout_png": "/root/placement/flow_tap/baseline/ATPlace_pub/result_wlsweep/multigpu_bump/wl21/layout.png",
  "layout_chiplets": 6,
  "visualized": true
}
