{
  "case": "Case7_bump",
  "mode": "thermal",
  "base_seed": 1,
  "status": "completed",
  "error": null,
  "legal_found": false,
  "num_legal": 0,
  "num_illegal": 1,
  "attempts": 1,
  "best_hpwl": 21053531.41601181,
  "twl_m": 21.05353141601181,
  "best_seed": 1,
  "best_legal": false,
  "best_overlaps": 1,
  "best_legalize_method": "milp",
  "best_legalize_s": 0.16091537475585938,
  "total_legalize_s": 0.16091537475585938,
  "runtime_s": 2339.9855365753174,
  "attempt_log": [
    {
      "seed": 1,
      "iterations": 100,
      "overlaps": 1,
      "overlaps_raw": 0,
      "hpwl": 21053531.41601181,
      "hpwl_raw": 21053530.0,
      "run_s": 2337.439423084259,
      "legal": false,
      "legalize_method": "milp",
      "legalize_s": 0.16091537475585938,
      "layout_dir": "/root/placement/flow_tap/baseline/ATPlace_pub/result_wlsweep_c7/Case7_bump/wl30/seed1"
    }
  ],
  "layout_json": "/root/placement/flow_tap/baseline/ATPlace_pub/result_wlsweep_c7/Case7_bump/wl30/layout.json",
  "layout_png": "/root/placement/flow_tap/baseline/ATPlace_pub/result_wlsweep_c7/Case7_bump/wl30/layout.png",
  "layout_chiplets": 28,
  "visualized": true
}
