{
  "case": "multigpu_bump",
  "mode": "thermal",
  "base_seed": 1,
  "status": "completed",
  "error": null,
  "legal_found": true,
  "num_legal": 1,
  "num_illegal": 0,
  "attempts": 1,
  "best_hpwl": 78805682.90538025,
  "twl_m": 78.80568290538025,
  "best_seed": 1,
  "best_legal": true,
  "best_overlaps": 0,
  "best_legalize_method": "milp",
  "best_legalize_s": 0.0395352840423584,
  "total_legalize_s": 0.0395352840423584,
  "runtime_s": 503.43982338905334,
  "attempt_log": [
    {
      "seed": 1,
      "iterations": 100,
      "overlaps": 0,
      "overlaps_raw": 0,
      "hpwl": 78805682.90538025,
      "hpwl_raw": 78805480.0,
      "run_s": 502.56951904296875,
      "legal": true,
      "legalize_method": "milp",
      "legalize_s": 0.0395352840423584,
      "layout_dir": "/root/placement/flow_tap/baseline/ATPlace_pub/result_wlsweep/multigpu_bump/wl02/seed1"
    }
  ],
  "layout_json": "/root/placement/flow_tap/baseline/ATPlace_pub/result_wlsweep/multigpu_bump/wl02/layout.json",
  "layout_png": "/root/placement/flow_tap/baseline/ATPlace_pub/result_wlsweep/multigpu_bump/wl02/layout.png",
  "layout_chiplets": 6,
  "visualized": true
}
