{
  "case": "multigpu_bump",
  "mode": "thermal",
  "base_seed": 1,
  "status": "completed",
  "error": null,
  "legal_found": true,
  "num_legal": 1,
  "num_illegal": 0,
  "attempts": 1,
  "best_hpwl": 73076505.05620575,
  "twl_m": 73.07650505620575,
  "best_seed": 1,
  "best_legal": true,
  "best_overlaps": 0,
  "best_legalize_method": "milp",
  "best_legalize_s": 0.03053140640258789,
  "total_legalize_s": 0.03053140640258789,
  "runtime_s": 502.214067697525,
  "attempt_log": [
    {
      "seed": 1,
      "iterations": 100,
      "overlaps": 0,
      "overlaps_raw": 0,
      "hpwl": 73076505.05620575,
      "hpwl_raw": 73076280.0,
      "run_s": 501.3618323802948,
      "legal": true,
      "legalize_method": "milp",
      "legalize_s": 0.03053140640258789,
      "layout_dir": "/root/placement/flow_tap/baseline/ATPlace_pub/result_wlsweep/multigpu_bump/wl06/seed1"
    }
  ],
  "layout_json": "/root/placement/flow_tap/baseline/ATPlace_pub/result_wlsweep/multigpu_bump/wl06/layout.json",
  "layout_png": "/root/placement/flow_tap/baseline/ATPlace_pub/result_wlsweep/multigpu_bump/wl06/layout.png",
  "layout_chiplets": 6,
  "visualized": true
}
