{
  "case": "syn1_bump",
  "mode": "thermal",
  "base_seed": 1,
  "status": "completed",
  "error": null,
  "legal_found": false,
  "num_legal": 0,
  "num_illegal": 1,
  "attempts": 1,
  "best_hpwl": 40832335.289756775,
  "twl_m": 40.83233528975678,
  "best_seed": 1,
  "best_legal": false,
  "best_overlaps": 4,
  "best_legalize_method": "milp",
  "best_legalize_s": 0.03795886039733887,
  "total_legalize_s": 0.03795886039733887,
  "runtime_s": 1059.583090543747,
  "attempt_log": [
    {
      "seed": 1,
      "iterations": 100,
      "overlaps": 4,
      "overlaps_raw": 0,
      "hpwl": 40832335.289756775,
      "hpwl_raw": 40832332.0,
      "run_s": 1057.853624343872,
      "legal": false,
      "legalize_method": "milp",
      "legalize_s": 0.03795886039733887,
      "layout_dir": "/root/placement/flow_tap/baseline/ATPlace_pub/result_wlsweep/syn1_bump/wl47/seed1"
    }
  ],
  "layout_json": "/root/placement/flow_tap/baseline/ATPlace_pub/result_wlsweep/syn1_bump/wl47/layout.json",
  "layout_png": "/root/placement/flow_tap/baseline/ATPlace_pub/result_wlsweep/syn1_bump/wl47/layout.png",
  "layout_chiplets": 10,
  "visualized": true
}
