command: /root/anaconda3/envs/chipdiffusion/bin/python /root/placement/flow_tap/baseline/RL/generate_thermal_tables.py /root/placement/flow_tap/baseline/RL/examples/Case7.json --intp-size 27.549672 --overwrite-config --force
cwd: /root/placement/flow_tap/baseline/RL/fastTM
hotspot: /root/placement/flow_tap/baseline/RL/fastTM/util/hotspot
started_at: 2026-09-12T07:41:06

Config: /root/placement/flow_tap/baseline/RL/fastTM/configs/benchmark_Case7.cfg
Output: /root/placement/flow_tap/baseline/RL/fastTM/outputs/benchmark_Case7
#info# Characterizing R_self for Chiplet0 at [ 1.35 , 1.85 ] [mm]
#info# Characterizing R_self for Chiplet0 at [ 13.74958764 , 1.85 ] [mm]
#info# Characterizing R_self for Chiplet0 at [ 1.35 , 13.75458764 ] [mm]
#info# Characterizing R_self for Chiplet0 at [ 13.74958764 , 13.75458764 ] [mm]
#info# R_self characterization done for: Chiplet0 . Saved to file: /root/placement/flow_tap/baseline/RL/fastTM/outputs/benchmark_Case7/Chiplet0.rself
#info# Characterizing R_mutu for Chiplet0 at [ 1.35 , 1.85 ] [mm]
#info# R_mutual characterization done for: Chiplet0 Saved to file: /root/placement/flow_tap/baseline/RL/fastTM/outputs/benchmark_Case7/Chiplet0.rmutu
#info# Characterizing R_self for Chiplet1 at [ 2.6 , 2.6 ] [mm]
#info# Characterizing R_self for Chiplet1 at [ 13.76208764 , 2.6 ] [mm]
#info# Characterizing R_self for Chiplet1 at [ 2.6 , 13.76208764 ] [mm]
#info# Characterizing R_self for Chiplet1 at [ 13.76208764 , 13.76208764 ] [mm]
#info# R_self characterization done for: Chiplet1 . Saved to file: /root/placement/flow_tap/baseline/RL/fastTM/outputs/benchmark_Case7/Chiplet1.rself
#info# Characterizing R_mutu for Chiplet1 at [ 2.6 , 2.6 ] [mm]
#info# R_mutual characterization done for: Chiplet1 Saved to file: /root/placement/flow_tap/baseline/RL/fastTM/outputs/benchmark_Case7/Chiplet1.rmutu
#info# Characterizing R_self for Chiplet2 at [ 4.6 , 4.6 ] [mm]
#info# Characterizing R_self for Chiplet2 at [ 13.78208764 , 4.6 ] [mm]
#info# Characterizing R_self for Chiplet2 at [ 4.6 , 13.78208764 ] [mm]
#info# Characterizing R_self for Chiplet2 at [ 13.78208764 , 13.78208764 ] [mm]
#info# R_self characterization done for: Chiplet2 . Saved to file: /root/placement/flow_tap/baseline/RL/fastTM/outputs/benchmark_Case7/Chiplet2.rself
#info# Characterizing R_mutu for Chiplet2 at [ 4.6 , 4.6 ] [mm]
#info# R_mutual characterization done for: Chiplet2 Saved to file: /root/placement/flow_tap/baseline/RL/fastTM/outputs/benchmark_Case7/Chiplet2.rmutu
#info# Characterizing R_self for Chiplet3 at [ 1.6 , 1.1 ] [mm]
#info# Characterizing R_self for Chiplet3 at [ 13.75208764 , 1.1 ] [mm]
#info# Characterizing R_self for Chiplet3 at [ 1.6 , 13.74708764 ] [mm]
#info# Characterizing R_self for Chiplet3 at [ 13.75208764 , 13.74708764 ] [mm]
#info# R_self characterization done for: Chiplet3 . Saved to file: /root/placement/flow_tap/baseline/RL/fastTM/outputs/benchmark_Case7/Chiplet3.rself
#info# Characterizing R_mutu for Chiplet3 at [ 1.6 , 1.1 ] [mm]
#info# R_mutual characterization done for: Chiplet3 Saved to file: /root/placement/flow_tap/baseline/RL/fastTM/outputs/benchmark_Case7/Chiplet3.rmutu
#info# Characterizing R_self for Chiplet4 at [ 1.1 , 0.7 ] [mm]
#info# Characterizing R_self for Chiplet4 at [ 13.74708764 , 0.7 ] [mm]
#info# Characterizing R_self for Chiplet4 at [ 1.1 , 13.74308764 ] [mm]
#info# Characterizing R_self for Chiplet4 at [ 13.74708764 , 13.74308764 ] [mm]
#info# R_self characterization done for: Chiplet4 . Saved to file: /root/placement/flow_tap/baseline/RL/fastTM/outputs/benchmark_Case7/Chiplet4.rself
#info# Characterizing R_mutu for Chiplet4 at [ 1.1 , 0.7 ] [mm]
#info# R_mutual characterization done for: Chiplet4 Saved to file: /root/placement/flow_tap/baseline/RL/fastTM/outputs/benchmark_Case7/Chiplet4.rmutu
Thermal tables generated.
