{
  "case": "hp11_m_bump",
  "mode": "thermal",
  "base_seed": 1,
  "status": "completed",
  "error": null,
  "legal_found": false,
  "num_legal": 0,
  "num_illegal": 1,
  "attempts": 1,
  "best_hpwl": 83701001.90838635,
  "twl_m": 83.70100190838635,
  "best_seed": 1,
  "best_legal": false,
  "best_overlaps": 3,
  "best_legalize_method": "milp",
  "best_legalize_s": 0.34644246101379395,
  "total_legalize_s": 0.34644246101379395,
  "runtime_s": 1221.1072335243225,
  "attempt_log": [
    {
      "seed": 1,
      "iterations": 100,
      "overlaps": 3,
      "overlaps_raw": 0,
      "hpwl": 83701001.90838635,
      "hpwl_raw": 83700920.0,
      "run_s": 1215.9786896705627,
      "legal": false,
      "legalize_method": "milp",
      "legalize_s": 0.34644246101379395,
      "layout_dir": "/root/placement/flow_tap/baseline/ATPlace_pub/result_wlsweep/hp11_m_bump/wl09/seed1"
    }
  ],
  "layout_json": "/root/placement/flow_tap/baseline/ATPlace_pub/result_wlsweep/hp11_m_bump/wl09/layout.json",
  "layout_png": "/root/placement/flow_tap/baseline/ATPlace_pub/result_wlsweep/hp11_m_bump/wl09/layout.png",
  "layout_chiplets": 11,
  "visualized": true
}
