{
  "case": "syn1_bump",
  "mode": "thermal",
  "base_seed": 1,
  "status": "completed",
  "error": null,
  "legal_found": true,
  "num_legal": 1,
  "num_illegal": 0,
  "attempts": 1,
  "best_hpwl": 69653583.50661469,
  "twl_m": 69.65358350661468,
  "best_seed": 1,
  "best_legal": true,
  "best_overlaps": 0,
  "best_legalize_method": "milp",
  "best_legalize_s": 0.18654823303222656,
  "total_legalize_s": 0.18654823303222656,
  "runtime_s": 924.8276109695435,
  "attempt_log": [
    {
      "seed": 1,
      "iterations": 100,
      "overlaps": 0,
      "overlaps_raw": 0,
      "hpwl": 69653583.50661469,
      "hpwl_raw": 69653520.0,
      "run_s": 921.57927942276,
      "legal": true,
      "legalize_method": "milp",
      "legalize_s": 0.18654823303222656,
      "layout_dir": "/root/placement/flow_tap/baseline/ATPlace_pub/result_wlsweep/syn1_bump/wl07/seed1"
    }
  ],
  "layout_json": "/root/placement/flow_tap/baseline/ATPlace_pub/result_wlsweep/syn1_bump/wl07/layout.json",
  "layout_png": "/root/placement/flow_tap/baseline/ATPlace_pub/result_wlsweep/syn1_bump/wl07/layout.png",
  "layout_chiplets": 10,
  "visualized": true
}
