{
  "case": "hp11_m_bump",
  "mode": "thermal",
  "base_seed": 4,
  "status": "completed",
  "error": null,
  "legal_found": true,
  "num_legal": 1,
  "num_illegal": 0,
  "attempts": 1,
  "best_hpwl": 91952529.46776354,
  "twl_m": 91.95252946776354,
  "best_seed": 4,
  "best_legal": true,
  "best_overlaps": 0,
  "best_legalize_method": "milp",
  "best_legalize_s": 0.026547670364379883,
  "total_legalize_s": 0.026547670364379883,
  "runtime_s": 436.6795313358307,
  "attempt_log": [
    {
      "seed": 4,
      "iterations": 100,
      "overlaps": 0,
      "overlaps_raw": 0,
      "hpwl": 91952529.46776354,
      "hpwl_raw": 91952920.0,
      "run_s": 435.87339878082275,
      "legal": true,
      "legalize_method": "milp",
      "legalize_s": 0.026547670364379883,
      "layout_dir": "/root/placement/ATPlace_pub/result/hp11_m_bump/seed4"
    }
  ],
  "layout_json": "/root/placement/ATPlace_pub/result/hp11_m_bump/layout.json",
  "layout_png": "/root/placement/ATPlace_pub/result/hp11_m_bump/layout.png",
  "layout_chiplets": 11,
  "visualized": true
}
