{
  "case": "xerox6_m_bump",
  "mode": "thermal",
  "base_seed": 1,
  "status": "completed",
  "error": null,
  "legal_found": true,
  "num_legal": 1,
  "num_illegal": 0,
  "attempts": 1,
  "best_hpwl": 55097660.57869911,
  "twl_m": 55.09766057869911,
  "best_seed": 1,
  "best_legal": true,
  "best_overlaps": 0,
  "best_legalize_method": "milp",
  "best_legalize_s": 0.02239394187927246,
  "total_legalize_s": 0.02239394187927246,
  "runtime_s": 532.6761329174042,
  "attempt_log": [
    {
      "seed": 1,
      "iterations": 100,
      "overlaps": 0,
      "overlaps_raw": 0,
      "hpwl": 55097660.57869911,
      "hpwl_raw": 55097240.0,
      "run_s": 531.4697043895721,
      "legal": true,
      "legalize_method": "milp",
      "legalize_s": 0.02239394187927246,
      "layout_dir": "/root/placement/flow_tap/baseline/ATPlace_pub/result_wlsweep/xerox6_m_bump/wl25/seed1"
    }
  ],
  "layout_json": "/root/placement/flow_tap/baseline/ATPlace_pub/result_wlsweep/xerox6_m_bump/wl25/layout.json",
  "layout_png": "/root/placement/flow_tap/baseline/ATPlace_pub/result_wlsweep/xerox6_m_bump/wl25/layout.png",
  "layout_chiplets": 6,
  "visualized": true
}
