{
  "case": "hp11_m_bump",
  "mode": "thermal",
  "base_seed": 1,
  "status": "completed",
  "error": null,
  "legal_found": true,
  "num_legal": 1,
  "num_illegal": 0,
  "attempts": 1,
  "best_hpwl": 86226725.37969494,
  "twl_m": 86.22672537969494,
  "best_seed": 1,
  "best_legal": true,
  "best_overlaps": 0,
  "best_legalize_method": "milp",
  "best_legalize_s": 0.1530146598815918,
  "total_legalize_s": 0.1530146598815918,
  "runtime_s": 1277.7277252674103,
  "attempt_log": [
    {
      "seed": 1,
      "iterations": 100,
      "overlaps": 0,
      "overlaps_raw": 0,
      "hpwl": 86226725.37969494,
      "hpwl_raw": 86225992.0,
      "run_s": 1271.0388906002045,
      "legal": true,
      "legalize_method": "milp",
      "legalize_s": 0.1530146598815918,
      "layout_dir": "/root/placement/flow_tap/baseline/ATPlace_pub/result_wlsweep/hp11_m_bump/wl15/seed1"
    }
  ],
  "layout_json": "/root/placement/flow_tap/baseline/ATPlace_pub/result_wlsweep/hp11_m_bump/wl15/layout.json",
  "layout_png": "/root/placement/flow_tap/baseline/ATPlace_pub/result_wlsweep/hp11_m_bump/wl15/layout.png",
  "layout_chiplets": 11,
  "visualized": true
}
