command: /root/anaconda3/envs/chipdiffusion/bin/python /root/placement/flow_tap/baseline/RL/generate_thermal_tables.py /root/placement/flow_tap/baseline/RL/examples/xerox8_m.json --intp-size 51.503402 --overwrite-config --force
cwd: /root/placement/flow_tap/baseline/RL/fastTM
hotspot: /root/placement/flow_tap/baseline/RL/fastTM/util/hotspot
started_at: 2026-09-12T10:46:22

Config: /root/placement/flow_tap/baseline/RL/fastTM/configs/benchmark_xerox8_m.cfg
Output: /root/placement/flow_tap/baseline/RL/fastTM/outputs/benchmark_xerox8_m
#info# Characterizing R_self for Chiplet0 at [ 3.18 , 6.574999999999999 ] [mm]
#info# Characterizing R_self for Chiplet0 at [ 25.62498399 , 6.574999999999999 ] [mm]
#info# Characterizing R_self for Chiplet0 at [ 3.18 , 25.65893399 ] [mm]
#info# Characterizing R_self for Chiplet0 at [ 25.62498399 , 25.65893399 ] [mm]
#info# R_self characterization done for: Chiplet0 . Saved to file: /root/placement/flow_tap/baseline/RL/fastTM/outputs/benchmark_xerox8_m/Chiplet0.rself
#info# Characterizing R_mutu for Chiplet0 at [ 3.18 , 6.574999999999999 ] [mm]
#info# R_mutual characterization done for: Chiplet0 Saved to file: /root/placement/flow_tap/baseline/RL/fastTM/outputs/benchmark_xerox8_m/Chiplet0.rmutu
#info# Characterizing R_self for Chiplet1 at [ 2.5500000000000003 , 6.574999999999999 ] [mm]
#info# Characterizing R_self for Chiplet1 at [ 25.61868399 , 6.574999999999999 ] [mm]
#info# Characterizing R_self for Chiplet1 at [ 2.5500000000000003 , 25.65893399 ] [mm]
#info# Characterizing R_self for Chiplet1 at [ 25.61868399 , 25.65893399 ] [mm]
#info# R_self characterization done for: Chiplet1 . Saved to file: /root/placement/flow_tap/baseline/RL/fastTM/outputs/benchmark_xerox8_m/Chiplet1.rself
#info# Characterizing R_mutu for Chiplet1 at [ 2.5500000000000003 , 6.574999999999999 ] [mm]
#info# R_mutual characterization done for: Chiplet1 Saved to file: /root/placement/flow_tap/baseline/RL/fastTM/outputs/benchmark_xerox8_m/Chiplet1.rmutu
#info# Characterizing R_self for Chiplet2 at [ 4.3 , 3.88 ] [mm]
#info# Characterizing R_self for Chiplet2 at [ 25.636183990000003 , 3.88 ] [mm]
#info# Characterizing R_self for Chiplet2 at [ 4.3 , 25.631983990000002 ] [mm]
#info# Characterizing R_self for Chiplet2 at [ 25.636183990000003 , 25.631983990000002 ] [mm]
#info# R_self characterization done for: Chiplet2 . Saved to file: /root/placement/flow_tap/baseline/RL/fastTM/outputs/benchmark_xerox8_m/Chiplet2.rself
#info# Characterizing R_mutu for Chiplet2 at [ 4.3 , 3.88 ] [mm]
#info# R_mutual characterization done for: Chiplet2 Saved to file: /root/placement/flow_tap/baseline/RL/fastTM/outputs/benchmark_xerox8_m/Chiplet2.rmutu
#info# Characterizing R_self for Chiplet3 at [ 5.909999999999999 , 9.795 ] [mm]
#info# Characterizing R_self for Chiplet3 at [ 25.65228399 , 9.795 ] [mm]
#info# Characterizing R_self for Chiplet3 at [ 5.909999999999999 , 25.691133990000004 ] [mm]
#info# Characterizing R_self for Chiplet3 at [ 25.65228399 , 25.691133990000004 ] [mm]
#info# R_self characterization done for: Chiplet3 . Saved to file: /root/placement/flow_tap/baseline/RL/fastTM/outputs/benchmark_xerox8_m/Chiplet3.rself
#info# Characterizing R_mutu for Chiplet3 at [ 5.909999999999999 , 9.795 ] [mm]
#info# R_mutual characterization done for: Chiplet3 Saved to file: /root/placement/flow_tap/baseline/RL/fastTM/outputs/benchmark_xerox8_m/Chiplet3.rmutu
#info# Characterizing R_self for Chiplet4 at [ 6.1899999999999995 , 8.36 ] [mm]
#info# Characterizing R_self for Chiplet4 at [ 25.65508399 , 8.36 ] [mm]
#info# Characterizing R_self for Chiplet4 at [ 6.1899999999999995 , 25.67678399 ] [mm]
#info# Characterizing R_self for Chiplet4 at [ 25.65508399 , 25.67678399 ] [mm]
#info# R_self characterization done for: Chiplet4 . Saved to file: /root/placement/flow_tap/baseline/RL/fastTM/outputs/benchmark_xerox8_m/Chiplet4.rself
#info# Characterizing R_mutu for Chiplet4 at [ 6.1899999999999995 , 8.36 ] [mm]
#info# R_mutual characterization done for: Chiplet4 Saved to file: /root/placement/flow_tap/baseline/RL/fastTM/outputs/benchmark_xerox8_m/Chiplet4.rmutu
#info# Characterizing R_self for Chiplet5 at [ 4.51 , 6.68 ] [mm]
#info# Characterizing R_self for Chiplet5 at [ 25.638283989999998 , 6.68 ] [mm]
#info# Characterizing R_self for Chiplet5 at [ 4.51 , 25.65998399 ] [mm]
#info# Characterizing R_self for Chiplet5 at [ 25.638283989999998 , 25.65998399 ] [mm]
#info# R_self characterization done for: Chiplet5 . Saved to file: /root/placement/flow_tap/baseline/RL/fastTM/outputs/benchmark_xerox8_m/Chiplet5.rself
#info# Characterizing R_mutu for Chiplet5 at [ 4.51 , 6.68 ] [mm]
#info# R_mutual characterization done for: Chiplet5 Saved to file: /root/placement/flow_tap/baseline/RL/fastTM/outputs/benchmark_xerox8_m/Chiplet5.rmutu
#info# Characterizing R_self for Chiplet6 at [ 10.67 , 6.574999999999999 ] [mm]
#info# Characterizing R_self for Chiplet6 at [ 25.699883990000004 , 6.574999999999999 ] [mm]
#info# Characterizing R_self for Chiplet6 at [ 10.67 , 25.65893399 ] [mm]
#info# Characterizing R_self for Chiplet6 at [ 25.699883990000004 , 25.65893399 ] [mm]
#info# R_self characterization done for: Chiplet6 . Saved to file: /root/placement/flow_tap/baseline/RL/fastTM/outputs/benchmark_xerox8_m/Chiplet6.rself
#info# Characterizing R_mutu for Chiplet6 at [ 10.67 , 6.574999999999999 ] [mm]
#info# R_mutual characterization done for: Chiplet6 Saved to file: /root/placement/flow_tap/baseline/RL/fastTM/outputs/benchmark_xerox8_m/Chiplet6.rmutu
#info# Characterizing R_self for Chiplet7 at [ 9.795 , 6.574999999999999 ] [mm]
#info# Characterizing R_self for Chiplet7 at [ 25.691133990000004 , 6.574999999999999 ] [mm]
#info# Characterizing R_self for Chiplet7 at [ 9.795 , 25.65893399 ] [mm]
#info# Characterizing R_self for Chiplet7 at [ 25.691133990000004 , 25.65893399 ] [mm]
#info# R_self characterization done for: Chiplet7 . Saved to file: /root/placement/flow_tap/baseline/RL/fastTM/outputs/benchmark_xerox8_m/Chiplet7.rself
#info# Characterizing R_mutu for Chiplet7 at [ 9.795 , 6.574999999999999 ] [mm]
#info# R_mutual characterization done for: Chiplet7 Saved to file: /root/placement/flow_tap/baseline/RL/fastTM/outputs/benchmark_xerox8_m/Chiplet7.rmutu
Thermal tables generated.
