{
  "case": "hp11_m_bump",
  "mode": "thermal",
  "base_seed": 1,
  "status": "completed",
  "error": null,
  "legal_found": false,
  "num_legal": 0,
  "num_illegal": 1,
  "attempts": 1,
  "best_hpwl": 75464082.9176879,
  "twl_m": 75.46408291768789,
  "best_seed": 1,
  "best_legal": false,
  "best_overlaps": 3,
  "best_legalize_method": "milp",
  "best_legalize_s": 0.23125386238098145,
  "total_legalize_s": 0.23125386238098145,
  "runtime_s": 1244.4767107963562,
  "attempt_log": [
    {
      "seed": 1,
      "iterations": 100,
      "overlaps": 3,
      "overlaps_raw": 0,
      "hpwl": 75464082.9176879,
      "hpwl_raw": 75464088.0,
      "run_s": 1238.9865503311157,
      "legal": false,
      "legalize_method": "milp",
      "legalize_s": 0.23125386238098145,
      "layout_dir": "/root/placement/flow_tap/baseline/ATPlace_pub/result_wlsweep/hp11_m_bump/wl01/seed1"
    }
  ],
  "layout_json": "/root/placement/flow_tap/baseline/ATPlace_pub/result_wlsweep/hp11_m_bump/wl01/layout.json",
  "layout_png": "/root/placement/flow_tap/baseline/ATPlace_pub/result_wlsweep/hp11_m_bump/wl01/layout.png",
  "layout_chiplets": 11,
  "visualized": true
}
