{
  "case": "multigpu_bump",
  "mode": "thermal",
  "base_seed": 1,
  "status": "completed",
  "error": null,
  "legal_found": true,
  "num_legal": 1,
  "num_illegal": 0,
  "attempts": 1,
  "best_hpwl": 63587506.8445282,
  "twl_m": 63.5875068445282,
  "best_seed": 1,
  "best_legal": true,
  "best_overlaps": 0,
  "best_legalize_method": "milp",
  "best_legalize_s": 0.032744407653808594,
  "total_legalize_s": 0.032744407653808594,
  "runtime_s": 498.5784914493561,
  "attempt_log": [
    {
      "seed": 1,
      "iterations": 100,
      "overlaps": 0,
      "overlaps_raw": 0,
      "hpwl": 63587506.8445282,
      "hpwl_raw": 63587312.0,
      "run_s": 497.39844489097595,
      "legal": true,
      "legalize_method": "milp",
      "legalize_s": 0.032744407653808594,
      "layout_dir": "/root/placement/flow_tap/baseline/ATPlace_pub/result_wlsweep/multigpu_bump/wl33/seed1"
    }
  ],
  "layout_json": "/root/placement/flow_tap/baseline/ATPlace_pub/result_wlsweep/multigpu_bump/wl33/layout.json",
  "layout_png": "/root/placement/flow_tap/baseline/ATPlace_pub/result_wlsweep/multigpu_bump/wl33/layout.png",
  "layout_chiplets": 6,
  "visualized": true
}
