{
  "case": "syn1_bump",
  "mode": "thermal",
  "base_seed": 1,
  "status": "completed",
  "error": null,
  "legal_found": true,
  "num_legal": 1,
  "num_illegal": 0,
  "attempts": 1,
  "best_hpwl": 44933931.25444031,
  "twl_m": 44.93393125444031,
  "best_seed": 1,
  "best_legal": true,
  "best_overlaps": 0,
  "best_legalize_method": "milp",
  "best_legalize_s": 0.03216719627380371,
  "total_legalize_s": 0.03216719627380371,
  "runtime_s": 973.8891191482544,
  "attempt_log": [
    {
      "seed": 1,
      "iterations": 100,
      "overlaps": 0,
      "overlaps_raw": 0,
      "hpwl": 44933931.25444031,
      "hpwl_raw": 44933416.0,
      "run_s": 972.4579513072968,
      "legal": true,
      "legalize_method": "milp",
      "legalize_s": 0.03216719627380371,
      "layout_dir": "/root/placement/flow_tap/baseline/ATPlace_pub/result_wlsweep/syn1_bump/wl36/seed1"
    }
  ],
  "layout_json": "/root/placement/flow_tap/baseline/ATPlace_pub/result_wlsweep/syn1_bump/wl36/layout.json",
  "layout_png": "/root/placement/flow_tap/baseline/ATPlace_pub/result_wlsweep/syn1_bump/wl36/layout.png",
  "layout_chiplets": 10,
  "visualized": true
}
