[23:35:51] ======================================================================================================================
[23:35:51] RL chiplet placement - all cases x seeds, time-boxed PPO training
[23:35:51]   cases     : Case9,Case10,acend910   seeds: [1, 2, 3, 4, 5]
[23:35:51]   per run   : 3600s TOTAL budget (thermal tables inside the run, regenerated per run)
[23:35:51]   canvas    : footprint area / canvas area = 50.00%  side = sqrt(footprint_area / ratio)
[23:35:51]   runs dir  : /root/placement/flow_tap/baseline/RL/runs/shard2
[23:35:51]   driver log: /root/placement/flow_tap/baseline/RL/runs/shard2/driver_20260911_233551.log
[23:35:51] ======================================================================================================================
[23:35:51] 
[23:35:51] case        chiplets   footprint       body  side(mm) body/canvas fastTM cfg
[23:35:51] Case9             44      2090.5     2011.0     64.66       0.481      False
[23:35:51] Case10            61      1178.9     1121.9     48.56       0.476      False
[23:35:51] acend910           6      1009.1      991.3     44.92       0.491      False
[23:35:52] interpreter : /root/anaconda3/envs/chipdiffusion/bin/python (python 3.10.20)
[23:35:52]   numpy   : 2.2.5
[23:35:52]   torch   : 2.11.0+cu130
[23:35:52]   scipy   : 1.15.3
[23:35:52]   cplex   : 22.1.0.0
[23:35:52]   pandas  : MISSING (optional)
[23:35:52]   cuda     : True NVIDIA GeForce RTX 5090
[23:35:52]   note: pandas is absent, which is fine - compute_temp.py never calls it and
[23:35:52]         env.py/generate_thermal_tables.py already install a stub module.
[23:35:52] 
[23:35:52] ### Case9: side=64.6614mm chiplets=44 footprint=2090.5mm2
[23:35:52]   seeds: [1, 2, 3, 4, 5]
[23:35:52]   seed 1: /root/anaconda3/envs/chipdiffusion/bin/python /root/placement/flow_tap/baseline/RL/train.py --json /root/placement/flow_tap/baseline/RL/examples/Case9.json --name Case9_seed1 ... budget 3600s
[00:35:29]     -> rc=0 wall=3576.7s termination=time_limit rl=3471.9927087989636
[00:35:29]     thermal stage 102.3s (forced=True), RL 3471.9927087989636
[00:35:29]   seed 2: /root/anaconda3/envs/chipdiffusion/bin/python /root/placement/flow_tap/baseline/RL/train.py --json /root/placement/flow_tap/baseline/RL/examples/Case9.json --name Case9_seed2 ... budget 3600s
[01:35:22]     -> rc=0 wall=3588.6s termination=time_limit rl=3484.293511304015
[01:35:22]     thermal stage 102.1s (forced=True), RL 3484.293511304015
[01:35:22]   seed 3: /root/anaconda3/envs/chipdiffusion/bin/python /root/placement/flow_tap/baseline/RL/train.py --json /root/placement/flow_tap/baseline/RL/examples/Case9.json --name Case9_seed3 ... budget 3600s
[02:35:57]     -> rc=0 wall=3573.7s termination=time_limit rl=3469.978666409035
[02:35:57]     thermal stage 101.5s (forced=True), RL 3469.978666409035
[02:35:57]   seed 4: /root/anaconda3/envs/chipdiffusion/bin/python /root/placement/flow_tap/baseline/RL/train.py --json /root/placement/flow_tap/baseline/RL/examples/Case9.json --name Case9_seed4 ... budget 3600s
[03:37:02]     -> rc=0 wall=3593.4s termination=time_limit rl=3490.8247907689656
[03:37:02]     thermal stage 100.3s (forced=True), RL 3490.8247907689656
[03:37:02]   seed 5: /root/anaconda3/envs/chipdiffusion/bin/python /root/placement/flow_tap/baseline/RL/train.py --json /root/placement/flow_tap/baseline/RL/examples/Case9.json --name Case9_seed5 ... budget 3600s
[04:37:58]     -> rc=0 wall=3572.8s termination=time_limit rl=3469.990172939957
[04:37:58]     thermal stage 100.6s (forced=True), RL 3469.990172939957
[04:37:58]   best seed 2: cost=125.7053 T=111.21881398520033 avg_wl=38.05744509356844 canvas_util=0.5
[04:37:58] 
[04:37:58] ### Case10: side=48.5566mm chiplets=61 footprint=1178.9mm2
[04:37:58]   seeds: [1, 2, 3, 4, 5]
[04:37:58]   seed 1: /root/anaconda3/envs/chipdiffusion/bin/python /root/placement/flow_tap/baseline/RL/train.py --json /root/placement/flow_tap/baseline/RL/examples/Case10.json --name Case10_seed1 ... budget 3600s
[05:39:04]     -> rc=0 wall=3574.2s termination=time_limit rl=3458.493833196
[05:39:04]     thermal stage 113.4s (forced=True), RL 3458.493833196
[05:39:04]   seed 2: /root/anaconda3/envs/chipdiffusion/bin/python /root/placement/flow_tap/baseline/RL/train.py --json /root/placement/flow_tap/baseline/RL/examples/Case10.json --name Case10_seed2 ... budget 3600s
[06:41:11]     -> rc=0 wall=3634.3s termination=time_limit rl=3518.9163994169794
[06:41:11]     thermal stage 113.2s (forced=True), RL 3518.9163994169794
[06:41:11]   seed 3: /root/anaconda3/envs/chipdiffusion/bin/python /root/placement/flow_tap/baseline/RL/train.py --json /root/placement/flow_tap/baseline/RL/examples/Case10.json --name Case10_seed3 ... budget 3600s
[07:42:41]     -> rc=0 wall=3579.5s termination=time_limit rl=3465.110269378987
[07:42:41]     thermal stage 112.0s (forced=True), RL 3465.110269378987
[07:42:41]   seed 4: /root/anaconda3/envs/chipdiffusion/bin/python /root/placement/flow_tap/baseline/RL/train.py --json /root/placement/flow_tap/baseline/RL/examples/Case10.json --name Case10_seed4 ... budget 3600s
[08:45:51]     -> rc=0 wall=3658.0s termination=time_limit rl=3543.163826499018
[08:45:51]     thermal stage 112.7s (forced=True), RL 3543.163826499018
[08:45:51]   seed 5: /root/anaconda3/envs/chipdiffusion/bin/python /root/placement/flow_tap/baseline/RL/train.py --json /root/placement/flow_tap/baseline/RL/examples/Case10.json --name Case10_seed5 ... budget 3600s
[09:47:47]     -> rc=0 wall=3578.4s termination=time_limit rl=3463.3796882770257
[09:47:47]     thermal stage 112.9s (forced=True), RL 3463.3796882770257
[09:47:47]   best seed 2: cost=84.6086 T=104.01298694974949 avg_wl=22.295393605034093 canvas_util=0.5
[09:47:47] 
[09:47:47] ### acend910: side=44.9233mm chiplets=6 footprint=1009.1mm2
[09:47:47]   seeds: [1, 2, 3, 4, 5]
[09:47:47]   seed 1: /root/anaconda3/envs/chipdiffusion/bin/python /root/placement/flow_tap/baseline/RL/train.py --json /root/placement/flow_tap/baseline/RL/examples/acend910.json --name acend910_seed1 ... budget 3600s
[10:49:47]     -> rc=0 wall=3572.9s termination=time_limit rl=3494.686308405013
[10:49:47]     thermal stage 76.0s (forced=True), RL 3494.686308405013
[10:49:47]   seed 2: /root/anaconda3/envs/chipdiffusion/bin/python /root/placement/flow_tap/baseline/RL/train.py --json /root/placement/flow_tap/baseline/RL/examples/acend910.json --name acend910_seed2 ... budget 3600s
[11:28:53]     -> rc=0 wall=2249.8s termination=epochs_complete rl=2171.837903756008
[11:28:53]     thermal stage 75.7s (forced=True), RL 2171.837903756008
[11:28:53]   seed 3: /root/anaconda3/envs/chipdiffusion/bin/python /root/placement/flow_tap/baseline/RL/train.py --json /root/placement/flow_tap/baseline/RL/examples/acend910.json --name acend910_seed3 ... budget 3600s
[12:31:05]     -> rc=0 wall=3572.7s termination=time_limit rl=3494.3285188259906
[12:31:05]     thermal stage 76.2s (forced=True), RL 3494.3285188259906
[12:31:05]   seed 4: /root/anaconda3/envs/chipdiffusion/bin/python /root/placement/flow_tap/baseline/RL/train.py --json /root/placement/flow_tap/baseline/RL/examples/acend910.json --name acend910_seed4 ... budget 3600s
[13:10:15]     -> rc=0 wall=2244.8s termination=epochs_complete rl=2165.6833480920177
[13:10:15]     thermal stage 77.0s (forced=True), RL 2165.6833480920177
[13:10:15]   seed 5: /root/anaconda3/envs/chipdiffusion/bin/python /root/placement/flow_tap/baseline/RL/train.py --json /root/placement/flow_tap/baseline/RL/examples/acend910.json --name acend910_seed5 ... budget 3600s
[14:12:39]     -> rc=0 wall=3572.6s termination=time_limit rl=3493.9962181299925
[14:12:39]     thermal stage 76.5s (forced=True), RL 3493.9962181299925
[14:12:39]   best seed 3: cost=7.2275 T=75.83764330992564 avg_wl=7.227476100890524 canvas_util=0.5
[14:12:39] 
[14:12:39] ======================================================================================================================
[14:12:39] case           side seed        cost     avg_wl     T(C)  canvas_u  success          stop
[14:12:39] ----------------------------------------------------------------------------------------------------------------------
[14:12:39] Case9         64.66    2    125.7053      38.06   111.22    0.5000    0.949    time_limit
[14:12:39] Case10        48.56    2     84.6086      22.30   104.01    0.5000    0.394    time_limit
[14:12:39] acend910      44.92    3      7.2275       7.23    75.84    0.5000    1.000    time_limit
[14:12:39] ======================================================================================================================
[14:12:39] summary.json: /root/placement/flow_tap/baseline/RL/runs/shard2/summary.json
[14:12:39] summary.csv : /root/placement/flow_tap/baseline/RL/runs/shard2/summary.csv
[14:12:39] 
[14:12:39] done: 3/3 case(s) produced a cost-ranked best solution, 51144s total
