{
  "case": "xerox6_m_bump",
  "mode": "thermal",
  "base_seed": 1,
  "status": "completed",
  "error": null,
  "legal_found": true,
  "num_legal": 1,
  "num_illegal": 0,
  "attempts": 1,
  "best_hpwl": 76591228.93408108,
  "twl_m": 76.59122893408107,
  "best_seed": 1,
  "best_legal": true,
  "best_overlaps": 0,
  "best_legalize_method": "milp",
  "best_legalize_s": 0.22034001350402832,
  "total_legalize_s": 0.22034001350402832,
  "runtime_s": 639.8320047855377,
  "attempt_log": [
    {
      "seed": 1,
      "iterations": 100,
      "overlaps": 0,
      "overlaps_raw": 0,
      "hpwl": 76591228.93408108,
      "hpwl_raw": 76591224.0,
      "run_s": 636.4132401943207,
      "legal": true,
      "legalize_method": "milp",
      "legalize_s": 0.22034001350402832,
      "layout_dir": "/root/placement/flow_tap/baseline/ATPlace_pub/result_wlsweep/xerox6_m_bump/wl03/seed1"
    }
  ],
  "layout_json": "/root/placement/flow_tap/baseline/ATPlace_pub/result_wlsweep/xerox6_m_bump/wl03/layout.json",
  "layout_png": "/root/placement/flow_tap/baseline/ATPlace_pub/result_wlsweep/xerox6_m_bump/wl03/layout.png",
  "layout_chiplets": 6,
  "visualized": true
}
