{
  "case": "hp6_m_bump",
  "mode": "thermal",
  "base_seed": 1,
  "status": "completed",
  "error": null,
  "legal_found": true,
  "num_legal": 1,
  "num_illegal": 0,
  "attempts": 1,
  "best_hpwl": 13126560.330059052,
  "twl_m": 13.126560330059052,
  "best_seed": 1,
  "best_legal": true,
  "best_overlaps": 0,
  "best_legalize_method": "milp",
  "best_legalize_s": 0.04430890083312988,
  "total_legalize_s": 0.04430890083312988,
  "runtime_s": 535.2518105506897,
  "attempt_log": [
    {
      "seed": 1,
      "iterations": 100,
      "overlaps": 0,
      "overlaps_raw": 0,
      "hpwl": 13126560.330059052,
      "hpwl_raw": 13126506.0,
      "run_s": 533.1414666175842,
      "legal": true,
      "legalize_method": "milp",
      "legalize_s": 0.04430890083312988,
      "layout_dir": "/root/placement/flow_tap/baseline/ATPlace_pub/result_wlsweep/hp6_m_bump/wl47/seed1"
    }
  ],
  "layout_json": "/root/placement/flow_tap/baseline/ATPlace_pub/result_wlsweep/hp6_m_bump/wl47/layout.json",
  "layout_png": "/root/placement/flow_tap/baseline/ATPlace_pub/result_wlsweep/hp6_m_bump/wl47/layout.png",
  "layout_chiplets": 6,
  "visualized": true
}
