{
  "case": "xerox8_m_bump",
  "mode": "thermal",
  "base_seed": 2,
  "status": "completed",
  "error": null,
  "legal_found": true,
  "num_legal": 1,
  "num_illegal": 0,
  "attempts": 1,
  "best_hpwl": 154227940.54026735,
  "twl_m": 154.22794054026735,
  "best_seed": 2,
  "best_legal": true,
  "best_overlaps": 0,
  "best_legalize_method": "milp",
  "best_legalize_s": 0.014023780822753906,
  "total_legalize_s": 0.014023780822753906,
  "runtime_s": 360.62108993530273,
  "attempt_log": [
    {
      "seed": 2,
      "iterations": 100,
      "overlaps": 0,
      "overlaps_raw": 0,
      "hpwl": 154227940.54026735,
      "hpwl_raw": 154227904.0,
      "run_s": 359.92061400413513,
      "legal": true,
      "legalize_method": "milp",
      "legalize_s": 0.014023780822753906,
      "layout_dir": "/root/placement/flow_tap/baseline/ATPlace_pub/result_0wl/xerox8_m_bump/seed2"
    }
  ],
  "layout_json": "/root/placement/flow_tap/baseline/ATPlace_pub/result_0wl/xerox8_m_bump/layout.json",
  "layout_png": "/root/placement/flow_tap/baseline/ATPlace_pub/result_0wl/xerox8_m_bump/layout.png",
  "layout_chiplets": 8,
  "visualized": true
}
